
####
#### Compilation
####
mkdir -p obj
gcc -o obj/fonctionsMatricesHash.o -c src/fonctionsMatricesHash.c -O3 -pipe -march=native -mtune=native -Wall -Wextra -Werror -g  -I./include
mkdir -p obj
gcc -o obj/readFunctions.o -c src/readFunctions.c -O3 -pipe -march=native -mtune=native -Wall -Wextra -Werror -g  -I./include
mkdir -p obj
gcc -o obj/argsParser.o -c src/argsParser.c -O3 -pipe -march=native -mtune=native -Wall -Wextra -Werror -g  -I./include
mkdir -p obj
gcc -o obj/io-utils.o -c src/io-utils.c -O3 -pipe -march=native -mtune=native -Wall -Wextra -Werror -g  -I./include
mkdir -p obj
gcc -o obj/searchingFunctions.o -c src/searchingFunctions.c -O3 -pipe -march=native -mtune=native -Wall -Wextra -Werror -g  -I./include
mkdir -p obj
gcc -o obj/program.o -c src/program.c -O3 -pipe -march=native -mtune=native -Wall -Wextra -Werror -g  -I./include
mkdir -p obj
gcc -o obj/baseParser.o -c src/baseParser.c -O3 -pipe -march=native -mtune=native -Wall -Wextra -Werror -g  -I./include
mkdir -p obj
gcc -o obj/fonctionsMatrice.o -c src/fonctionsMatrice.c -O3 -pipe -march=native -mtune=native -Wall -Wextra -Werror -g  -I./include
mkdir -p bin
gcc -o bin/program obj/fonctionsMatricesHash.o obj/readFunctions.o obj/argsParser.o obj/io-utils.o obj/searchingFunctions.o obj/program.o obj/baseParser.o obj/fonctionsMatrice.o -O3 -pipe -march=native -mtune=native -Wall -Wextra -Werror -g  
Linking complete!

####
#### Erreur pas d'arguments
####
Action is missing !

usage: ./bin/program OPTIONS
options:
	-i FICHIER               indicate the xml to read
	-o FICHIER               indicate the binary to write
	-x                       generate the binary file from the xml database
	-r                       read and print the binary structure for each document
	-m                       make the adjacence list from the binary file
	-a AUTHOR                show all the titles of the document where the author has participated
	-l WORD                  show all the authors containing WORD in their name
	-p AUTHOR1 -p AUTHOR2    make the graph of the shortest way between these authors
	-a AUTHOR -n N           show all the authors at the distance N of the author given
	-h                       show this help


Examples:
./bin/program -i database/dblp.xml -o database/dblp.bin -a "Quentin Bramas"

####
#### Execution parsing base sample
####
[0;32mDatabase parsing ok ! [0m

####
#### Execution parse base sample1ref et affichage structure
####
===DIFF===

####
#### Erreur entrée non XML
####
Action is missing !

usage: ./bin/program OPTIONS
options:
	-i FICHIER               indicate the xml to read
	-o FICHIER               indicate the binary to write
	-x                       generate the binary file from the xml database
	-r                       read and print the binary structure for each document
	-m                       make the adjacence list from the binary file
	-a AUTHOR                show all the titles of the document where the author has participated
	-l WORD                  show all the authors containing WORD in their name
	-p AUTHOR1 -p AUTHOR2    make the graph of the shortest way between these authors
	-a AUTHOR -n N           show all the authors at the distance N of the author given
	-h                       show this help


Examples:
./bin/program -i database/dblp.xml -o database/dblp.bin -a "Quentin Bramas"

####
#### Execution graphe sample
####

*************************************Debut de la fonction graphe*************************************

[?25l[[0;35m#[0m[0;35m#[0m[0;35m#[0m[0;35m#[0m[0;35m#[0m[0;35m#[0m[0;35m#[0m[0;35m#[0m[0;35m#[0m[0;35m#[0m[0;35m#[0m[0;35m#[0m[0;35m#[0m[0;35m#[0m[0;35m#[0m[0;35m#[0m[0;35m#[0m[0;35m#[0m[0;35m#[0m[0;35m#[0m[0;35m#[0m[0;35m#[0m[0;35m#[0m[0;35m#[0m[0;35m#[0m[0;35m#[0m[0;35m#[0m[0;35m#[0m[0;35m#[0m[0;35m#[0m[0;35m#[0m[0;35m#[0m[0;35m#[0m[0;35m#[0m[0;35m#[0m[0;35m#[0m[0;35m#[0m[0;35m#[0m[0;35m#[0m[0;35m#[0m[0;35m#[0m[0;35m#[0m[0;35m#[0m[0;35m#[0m[0;35m#[0m[0;35m#[0m[0;35m#[0m[0;35m#[0m[0;35m#[0m[0;35m#[0m[0;35m#[0m[0;35m#[0m[0;35m#[0m[0;35m#[0m[0;35m#[0m[0;35m#[0m[0;35m#[0m[0;35m#[0m[0;35m#[0m[0;35m#[0m[0;35m#[0m[0;35m#[0m[0;35m#[0m[0;35m#[0m[0;35m#[0m[0;35m#[0m[0;35m#[0m[0;35m#[0m[0;35m#[0m[0;35m#[0m[0;35m#[0m[0;35m#[0m[0;35m#[0m[0;35m#[0m[0;35m#[0m[0;35m#[0m[0;35m#[0m[0;35m#[0m[0;35m#[0m[0;35m#[0m[0;35m#[0m[0;35m#[0m[0;35m#[0m[0;35m#[0m[0;35m#[0m[0;35m#[0m[0;35m#[0m[0;35m#[0m[0;35m#[0m[0;35m#[0m[0;35m#[0m[0;35m#[0m[0;35m#[0m[0;35m#[0m[0;35m#[0m[0;35m#[0m[0;35m#[0m[0;35m#[0m[0;35m#[0m[0;35m#[0m][?25h

**************************************Fin de la fonction graphe**************************************


####
#### Execution recherche articles (et auteurs)
####

*************************************Debut de la fonction graphe*************************************

[?25l[[0;35m#[0m[0;35m#[0m[0;35m#[0m[0;35m#[0m[0;35m#[0m[0;35m#[0m[0;35m#[0m[0;35m#[0m[0;35m#[0m[0;35m#[0m[0;35m#[0m[0;35m#[0m[0;35m#[0m[0;35m#[0m[0;35m#[0m[0;35m#[0m[0;35m#[0m[0;35m#[0m[0;35m#[0m[0;35m#[0m[0;35m#[0m[0;35m#[0m[0;35m#[0m[0;35m#[0m[0;35m#[0m[0;35m#[0m[0;35m#[0m[0;35m#[0m[0;35m#[0m[0;35m#[0m[0;35m#[0m[0;35m#[0m[0;35m#[0m[0;35m#[0m[0;35m#[0m[0;35m#[0m[0;35m#[0m[0;35m#[0m[0;35m#[0m[0;35m#[0m[0;35m#[0m[0;35m#[0m[0;35m#[0m[0;35m#[0m[0;35m#[0m[0;35m#[0m[0;35m#[0m[0;35m#[0m[0;35m#[0m[0;35m#[0m[0;35m#[0m[0;35m#[0m[0;35m#[0m[0;35m#[0m[0;35m#[0m[0;35m#[0m[0;35m#[0m[0;35m#[0m[0;35m#[0m[0;35m#[0m[0;35m#[0m[0;35m#[0m[0;35m#[0m[0;35m#[0m[0;35m#[0m[0;35m#[0m[0;35m#[0m[0;35m#[0m[0;35m#[0m[0;35m#[0m[0;35m#[0m[0;35m#[0m[0;35m#[0m[0;35m#[0m[0;35m#[0m[0;35m#[0m[0;35m#[0m[0;35m#[0m[0;35m#[0m[0;35m#[0m[0;35m#[0m[0;35m#[0m[0;35m#[0m[0;35m#[0m[0;35m#[0m[0;35m#[0m[0;35m#[0m[0;35m#[0m[0;35m#[0m[0;35m#[0m[0;35m#[0m[0;35m#[0m[0;35m#[0m[0;35m#[0m[0;35m#[0m[0;35m#[0m[0;35m#[0m[0;35m#[0m[0;35m#[0m[0;35m#[0m][?25h

**************************************Fin de la fonction graphe**************************************

Searching...

Authors containing "Russell Turpin" in their name : 
 - Russell Turpin



Articles of Russell Turpin : 
 - Programming Data Structures in Logic.


[0;32mComplete ! [0m

####
#### Execution tests.c + cov
####
rm -f obj/*.o
rm -f obj/*.gcda
rm -f obj/*.gcno
rm -f /tests
rm -rf rapport/
rm -f rapport.info
mkdir -p obj
gcc -o obj/fonctionsMatricesHash.o -c ../src/fonctionsMatricesHash.c -O3 -pipe -march=native -mtune=native -Wall -Wextra -Werror -g -fprofile-arcs -ftest-coverage -I../include
mkdir -p obj
gcc -o obj/readFunctions.o -c ../src/readFunctions.c -O3 -pipe -march=native -mtune=native -Wall -Wextra -Werror -g -fprofile-arcs -ftest-coverage -I../include
mkdir -p obj
gcc -o obj/argsParser.o -c ../src/argsParser.c -O3 -pipe -march=native -mtune=native -Wall -Wextra -Werror -g -fprofile-arcs -ftest-coverage -I../include
mkdir -p obj
gcc -o obj/io-utils.o -c ../src/io-utils.c -O3 -pipe -march=native -mtune=native -Wall -Wextra -Werror -g -fprofile-arcs -ftest-coverage -I../include
mkdir -p obj
gcc -o obj/searchingFunctions.o -c ../src/searchingFunctions.c -O3 -pipe -march=native -mtune=native -Wall -Wextra -Werror -g -fprofile-arcs -ftest-coverage -I../include
mkdir -p obj
gcc -o obj/baseParser.o -c ../src/baseParser.c -O3 -pipe -march=native -mtune=native -Wall -Wextra -Werror -g -fprofile-arcs -ftest-coverage -I../include
mkdir -p obj
gcc -o obj/fonctionsMatrice.o -c ../src/fonctionsMatrice.c -O3 -pipe -march=native -mtune=native -Wall -Wextra -Werror -g -fprofile-arcs -ftest-coverage -I../include
gcc -o obj/tests.o -c tests.c -O3 -pipe -march=native -mtune=native -Wall -Wextra -Werror -g -fprofile-arcs -ftest-coverage -I../include
gcc -o tests obj/fonctionsMatricesHash.o obj/readFunctions.o obj/argsParser.o obj/io-utils.o obj/searchingFunctions.o obj/baseParser.o obj/fonctionsMatrice.o obj/tests.o -O3 -pipe -march=native -mtune=native -Wall -Wextra -Werror -g -fprofile-arcs -ftest-coverage -lm
Linking complete!
valgrind --leak-check=full -q ./tests
testParse
Done
title : Programming Data Structures in Logic.
year : 1992
author 0 : Russell Turpin

title : Random Sampling from Databases
year : 1993
author 0 : Frank Olken

title : Using open source software to develop E-business applications for medium- and small-sized enterprises.
year : 2009
author 0 : Guido Frisch

title : Pattern extraction from data with application to image processing.
year : 2012
author 0 : Alessia Amelio

title : Aggregation and adaptation of web services: a semi-automated methodology for the aggregation and adaption of web services.
year : 2008
author 0 : Razvan Andrei Popescu

title : Space and Time-Efficient Data Structures for Massive Datasets.
year : 2018
author 0 : Giulio Ermanno Pibiri

title : A new Nested Graph Model for Data Integration
year : 2018
author 0 : Giacomo Bergami

title : Clustering and ranking for web information retrieval: methodologies for searching the web.
year : 2008
author 0 : Antonio Gull&igrave;

title : Computational Prediction of Gene Functions through Machine Learning methods and Multiple Validation Procedures
year : 2014
author 0 : Davide Chicco

title : Optimizing and Parallelizing Loops in Object-Oriented Database Programming Languages.
year : 1992
author 0 : Daniel F. Lieuwen

title : Software product line engineering for consumer electronics: Keeping up with the speed of innovation.
year : 2015
author 0 : Herman Hartmann

title : Grid-enabling a software product: integration of grid resources in the RCE environment.
year : 2008
author 0 : Kenneth Rohde Christiansen

title : Verifying OCL specifications of UML models: tool support and compositionakity.
year : 2006
author 0 : Marcel Kyas

title : A Pattern Language of Firefighting Frontline Practice to Inform the Design of Ubiquitous Computing.
year : 2011
author 0 : Sebastian Denef

title : Revealing the skeleton from imperfect point clouds.
year : 2011
author 0 : Alexander Bucksch

title : An executable theory of multi-agent systems refinement
year : 2011
author 0 : Lacramioara Astefanoaei

title : Team Automata: A Formal Approach to the Modeling of Collaboration Between System Components.
year : 2003
author 0 : Maurice H. ter Beek

title : Compositional design and verification of component-based information systems.
year : 2011
author 0 : Jan Martijn E. M. van der Werf

title : Testing Object Interactions.
year : 2010
author 0 : Andreas G&uuml;ner

title : Quantum query: complexity and distributed computing.
year : 2003
author 0 : Hein Philipp R&ouml;hrig

title : Performance Analysis of Data Sharing Environments
year : 1990
author 0 : Asit Dan

title : On the Foundations of Query Evaluation in Deductive Databases
year : 1992
author 0 : David B. Kemp

title : Request-Prediction and Hyperlink-Proposals
year : 2001
author 0 : Ernst Georg Haffner

title : Hardness of Approximation Between P and NP.
year : 2017
author 0 : Aviad Rubinstein

title : Web-Pr&auml;senz-Management im Unternehmen: Entwicklung und Einsatz eines Java-basierten Online-Redaktionssystems.
year : 2002
author 0 : Andreas Heuer 0002

title : High-level Methods for OBDD-based Sequential Verification
year : 2002
author 0 : Christian Stangier

title : Parsing and Quering XML Documents in SML.
year : 2000
author 0 : Andreas Neumann 0001

title : Self-Describing Database Systems - Formalization and Realization
year : 1985
author 0 : Leo Mark

title : Communication with an Automatic Computer
year : 1959
author 0 : Edsger W. Dijkstra

title : Persistence in Distributed Object Systems: ORB/ODBMS Integration.
year : 1996
author 0 : Francisco Reverbel

title : Trie Methods for Text and Spatial Data on Secondary Storage.
year : 1994
author 0 : Heping Shang

title : Systems of Logic Based on Ordinals.
year : 1938
author 0 : Alan M. Turing

title : Improving the Power of Ordered Binary Decision Diagrams by Integrating Parity Nodes
year : 2002
author 0 : Harald Sack

title : Decomposition in Database and Knowledge-Base Systems.
year : 1989
author 0 : Dietmar Seipel

title : The Design and Implementation of the SELF Compiler, an Optimizing Compilet for Object-Oriented Programming Languages
year : 1992
author 0 : Craig Chambers

title : Query Optimization in Deductive and Relational Databases
year : 1991
author 0 : Inderpal Singh Mumick

title : Source-to-Source Transformationen zur Erkl&auml;rung des Programmverhaltens bei deduktiven Datenbanken.
year : 1992
author 0 : G&uuml;nther Specht

title : A High Performance Architecture For Prolog
year : 1987
author 0 : Tep P. Dobry

title : Can Logic Programming Execute as Fast as Imperative Programming?
year : 1990
author 0 : Peter Van Roy

title : Entwicklung von Algorithmen und Programmen f&uuml;r ein Archivierungs- und Kommunikationssystem zur internetbasierten Verwaltung medizinischer Bilder
year : 2000
author 0 : Sergey Khludov

title : Parallel Evaluation of Deductive Database Queries.
year : 1992
author 0 : Sumit Ganguly

title : Shadow Paging Is Feasible.
year : 1994
author 0 : Tatu Yl&ouml;nen

title : A Prolog Compiler for the PLM.
year : 1984
author 0 : Peter Van Roy

title : Management of Sequence Data
year : 1996
author 0 : Praveen Seshadri

title : Register Allocation and Data Conversion in Machine Independent Code Generators
year : 1984
author 0 : Marshall K. McKusick

title : File System Performance and Transaction Support.
year : 1992
author 0 : Margo I. Seltzer

title : Logic Programming over Polymorphically Order-Sorted Types.
year : 1989
author 0 : Gert Smolka

title : Code Generation Techniques.
year : 1992
author 0 : Todd A. Proebsting

title : New Features for Relational Database Systems to Support CAD Applications
year : 1984
author 0 : Antonin Guttman

title : Analysis and Transformation of Logic Programs.
year : 1994
author 0 : Kjell Post

title : Pointer Swizzling Techniques for Object-Oriented Database Systems
year : 1994
author 0 : Seth J. White

title : Rough set theory based automatic text categorization and the handling of semantic heterogeneity.
year : 2006
author 0 : Xueying Zhang

title : A Characterization of Prolog Execution
year : 1992
author 0 : Mark A. Friedman

title : K&auml;uferverhalten bei legalen Musikdownloads: Auswahlverfahren, Qualit&auml;tsbeurteilung und Kundenbindung.
year : 2006
author 0 : Ferdinand Emanuel Schwenkert

title : Der riechende Computer: Geruch als altes/neues Medium.
year : 2010
author 0 : Bernadette Emsenhuber

title : Defining web scheme transformers by-example.
year : 2005
author 0 : Stephan Lechner

title : From mining to mapping and roundtrip transformations: a systematic approach to model-based tool integration.
year : 2010
author 0 : Manuel Wimmer

title : Recent developments in digital libraries: how Web 2.0 changes our libraries.
year : 2008
author 0 : Josef Kolbitsch

title : Efficient SMT solving for bit vectors and the extensional theory of arrays.
year : 2010
author 0 : Robert Brummayer

title : Designing and scaling proactive, self-organizing video servers: a formal and a simulation model.
year : 2008
author 0 : P&eacute;ter K&aacute;rp&aacute;ti

title : Spatial awareness of autonomous embedded systems.
year : 2009
author 0 : Clemens Holzmann

title : Die Einbeziehung von AGB beim Vertragsabschluss im Internet: Grundlagen f&uuml;r den &ouml;sterreichisch-deutschen Online-Rechtsverkehr.
year : 2007
author 0 : Fabian H&ouml;ss

title : Probabilistic models in building automation: recognizing scenarios with statistical methods.
year : 2008
author 0 : Dietmar Bruckner

title : Interoperability of DRM systems: exchanging and processing XML based rights expressions.
year : 2006
author 0 : Susanne Guth

title : Patterns for person centered e-learning.
year : 2006
author 0 : Michael Derntl

title : Diagnosis and maintenance in an integrated time triggered architecture: tackling the trouble identified phenomenon.
year : 2008
author 0 : Philipp Peti

title : Datenschutz im Internet unter besonderer Ber&uuml;cksichtigung von Datensicherheitsaspekten: der "gl&auml;serne" Internetuser?; rechtliche und technische M&ouml;glichkeiten der Gefahrenabwehr.
year : 2002
author 0 : Klaus M&uuml;hlmann

title : Qualit&auml;t von Prozessmodellen: Kennzahlen zur analytischen Qualit&auml;tssicherung bei der Prozessmodellierung.
year : 2010
author 0 : Maximilian Kobler

title : Model driven security for the realization of dynamic security requirements in collaborative systems.
year : 2008
author 0 : Masoom Alam

title : Testing, tracing und debugging bei embedded systems.
year : 2008
author 0 : Josef Langer

title : Business and the grid: economic and transparent utilization of virtual resources.
year : 2006
author 0 : Thomas Weish&auml;upl

title : Zum Bildungsbedarf f&uuml;r Datensicherheit: Konzeption und Entwicklung einer Lernumgebung mit Moodle und Flash.
year : 2008
author 0 : Frank Spie&szlig;

title : Trusted computing auf dem Pr&uuml;fstand des kartellrechtlichen Missbrauchsverbotes.
year : 2006
author 0 : Ralf Blaha

title : Hyperlinks: Haftung f&uuml;r fremde Inhalte.
year : 2004
author 0 : Dieter Altenburger

title : Data access in workflow management systems.
year : 2006
author 0 : Marek Lehmann

title : Application integration patterns and their compositions.
year : 2019
author 0 : Daniel Ritter 0001

title : Die strafrechtliche Verantwortlichkeit der Internet-Provider.
year : 2003
author 0 : Richard J. Fuchs

title : Design k&uuml;nstlicher neuronaler Netze: ein Leitfaden zur effizienten Handhabung mehrschichtiger Perzeptrone.
year : 2005
author 0 : Janette F. Walde

title : DIY HCI: do-it-yourself human computer interaction.
year : 2008
author 0 : Marianna Obrist

title : Untersuchung von fehlertoleranten Prozessorarchitekturen f&uuml;r sicherheitsrelevante Automobilanwendungen.
year : 2006
author 0 : Thomas Kottke

title : The Non-trivial Effects of Trivial Errors in Scientific Communication and Evaluation.
year : 2016
author 0 : Terje T&uuml;&uuml;r-Fr&ouml;hlich

title : Brain computer communication: the motivation, aim, and impact of virtual feedback.
year : 2009
author 0 : Robert Leeb

title : Semantische Metadaten: ein Modell f&uuml;r den Bereich zwischen Metadaten und Ontologien.
year : 2008
author 0 : Mathias Lux

title : Process mapping and simulation for software projects: bridging the project management and software development gap.
year : 2008
author 0 : Sonja Koppensteiner

title : Learning ontology relations by combining corpus-based techniques and reasoning on data from semantic web sources.
year : 2011
author 0 : Gerhard Wohlgenannt

title : Geschichte(n) im Netzwerk: Hypertext und dessen Potenziale f&uuml;r die Produktion, Repr&auml;sentation und Rezeption der historischen Erz&auml;hlung.
year : 2007
author 0 : Jakob Krameritsch

title : Brain computer interfaces: feature selection of spatially filtered data and phase synchronization.
year : 2007
author 0 : Clemens Brunner 0001

title : Spatio-temporal decomposition of bioelectrical brain signals.
year : 2008
author 0 : Muhammad Naeem 0003

title : The structurally optimal dual graph pyramid and its application in image partitioning.
year : 2007
author 0 : Yll Haxhimusa

title : Modellierung und Bewertung von IT-Kosten: empirische Analyse mit Hilfe multivariater mathematischer Methoden.
year : 2004
author 0 : Tilo Wendler

title : Cooperative Situation Awareness in Transportation.
year : 2010
author 0 : Matthias R&ouml;ckl

title : Integrationskonzepte zur Einbindung externer Informationsquellen des WWW in Data Warehouses.
year : 2002
author 0 : Uwe Heck

title : Runtime data race detection in multi-threaded programs: methods and tools.
year : 2008
author 0 : Arndt M&uuml;hlenfeld

title : Towards Middleware Support for Mobile and Cellular Networks: core problems and illustrated approaches.
year : 2002
author 0 : Steffen Rothkugel

title : Multi-layered Browsing
year : 2007
author 0 : Alexander Weber 0001

title : LOG(F): An Optimal Combination of Logic Programming, Rewriting and Lazy Evaluation.
year : 1988
author 0 : Sanjai Narain

title : Eine erweiterbare Speicher- und Zugriffskomponente f&uuml;r geowissenschaftliche Datenbanksysteme.
year : 1991
author 0 : Walter Waterfeld

title : Extensible Query Processing in an Object-Oriented Database.
year : 1993
author 0 : Gail Mitchell

title : The Modified Object Buffer: A Storage Management Technique for Object-Oriented Databases
year : 1995
author 0 : Sanjay Ghemawat

title : Recursive program schemes: semantics and proof theory.
year : 1976
author 0 : Willem P. de Roever

title : Inter- und Intratransaktionsparallelit&auml;t in Datenbanksystemen: Entwurf, Implementierung und Evaluation eines Datenbanksystems mit Inter- und Intratransaktionsparallelit&auml;t
year : 1995
author 0 : Christof Hasse

title : The Optimization of Queries in Relational Databases.
year : 1980
author 0 : Robert Kooi

title : Spatial Queues.
year : 2000
author 0 : Lothar Breuer

title : Implementierungskonzepte f&uuml;r Non-Standard-Datenbanksysteme.
year : 1989
author 0 : Andra Sikeler

title : Modeling and Evaluation of Database Concurrency Control Algorithms
year : 1983
author 0 : Michael J. Carey 0001

title : Semantic web technologies for enterprise 2.0.
year : 2011
author 0 : Alexandre Passant

title : R&eacute;seaux de neurones cellulaires et traitement d'images: une approche analytique de la conception d'op&eacute;rateurs.
year : 2004
author 0 : David Monnin

title : Traitement automatique du dialecte tunisien &agrave; l'aide d'outils et de ressources de l'arabe standard : application &agrave; l'&eacute;tiquetage morphosyntaxique
year : 2015
author 0 : Ahmed Hamdi

title : Unsupervised detection based on spatial relationships : Application for object detection and recognition of colored business document structures.
year : 2018
author 0 : Louisa Kessi

title : FIESTA: a framework for schema evolution in multidimensional databases.
year : 2000
author 0 : Markus Blaschka

title : Eine Benutzerschnittstelle f&uuml;r die Durchf&uuml;hrung von Simulationsexperimenten: Entwurf und Implementierung der Experimentierumgebung f&uuml;r das Simulationssystem SIMPLEX II.
year : 1993
author 0 : Jochen Wittmann

title : Beitrag zur objektiven Zustandsbewertung massiver Eisenbahngew&ouml;lbebr&uuml;cken durch messtechnische Verfahren.
year : 1985
author 0 : Gerhard Setzpfandt

title : Enhancing User Support Process in Federated E-Science.
year : 2015
author 0 : Hashim Iqbal Chunpir

title : Prediction and filtering.
year : 1999
author 0 : Wolfram Ebert

title : Ein Beitrag zum Aufbau eines Mehrrechnersystems: programmtechnische Implementierung und technologisch-organisatorische Bedingungen.
year : 1988
author 0 : Gerald Hartung

title : Die Zeitstruktur neuronaler Repr&auml;sentation: Modellierung und Identifikation neuronaler assemblies als kollektive Erregungszust&auml;nde des visuellen Systems.
year : 1994
author 0 : Josef Deppisch

title : Entwurfsmethodik und automatisierte Verteilung f&uuml;r Steuerungssoftware in einem verteiltem Rechnersystem in der Automobilelektronik.
year : 1999
author 0 : Axel M&uuml;ller 0002

title : Hybrid languages.
year : 1999
author 0 : Miroslava Tzakova

title : New geometric data structures for collision detection.
year : 2012
author 0 : Ren&eacute; Weller

title : Adaption offener Systeme durch die Trennung von Daten- und Kontrollfluss.
year : 2015
author 0 : Christian Gierds

title : Intervallbasierte Echtzeit&uuml;bertragungssteuerung.
year : 1997
author 0 : Christian D&uuml;nkel

title : Multi-aspect full-system server model and optimization concept as a simulation-based approach (MFSMOS).
year : 2018
author 0 : Diana Riemer

title : Specification and Analysis of Availability for Software-Intensive Systems.
year : 2016
author 0 : Maximilian Junker

title : Privacy aware social information retrieval and spam filtering using folksonomies.
year : 2015
author 0 : Beate Navarro Bullock

title : Behavioural profiles: a relational approach to behaviour consistency.
year : 2011
author 0 : Matthias Weidlich

title : Machine Learning Tool for Transmission Capacity Forecasting of Overhead Lines based on Distributed Weather Data.
year : 2020
author 0 : Gabriela Alejandra Molinar Torres

title : Eine Software-Umgebung f&uuml;r die kooperative Erstellung von Hypertexten.
year : 1995
author 0 : Stefan Eherer

title : Wirtschaftlichkeit von B&uuml;rokommunikationssystemen: Entwicklung e. method. gest&uuml;tzten Instrumentes f&uuml;r d. Wirtschaftlichkeitsbeurteilung von B&uuml;rokommunikationssystemen.
year : 1987
author 0 : Lutz Kredel

title : Towards a synthetic world.
year : 2017
author 0 : Christopher Haccius

title : Effiziente Konstruktion und Manipulation von bin&auml;ren Entscheidungsgraphen.
year : 1999
author 0 : Stefan H&ouml;reth

title : Algorithmen und Architekturen der diskreten Fouriertransformation zur schnellen Faltung reeller Signale.
year : 1989
author 0 : Rainer Storn

title : Verfahren zur rechnergest&uuml;tzten Modellerzeugung von Makromolek&uuml;len und seine Anwendung auf die Strukturuntersuchung bakterieller Lipopolysaccharide.
year : 1983
author 0 : Gerhard Barnickel

title : Entwicklung eines Verfahrens zur Nutzenbewertung von PPS-Systemen auf der Basis der Theorie unscharfer Mengen.
year : 1995
author 0 : Harald Nicolai

title : Zeitabh&auml;ngiger Ersatzprozess als Modell f&uuml;r die Fehlerh&auml;ufigkeit bei menschlicher T&auml;tigkeit: e. Beitr. zur quantitativen Beschreibung d. Zuverl&auml;ssigkeit in Mensch-Maschine-Systemen.
year : 1987
author 0 : Stephan Albers

title : DSL - eine Sprache zur Spezifikation und Implementation von Dialogen.
year : 1988
author 0 : Thomas Zachmann

title : Schadensersatzanspr&uuml;che bei Verletzung des Arbeitnehmerpers&ouml;nlichkeitsrechts durch Einsatz computergest&uuml;tzter Personaldatenbanken.
year : 1982
author 0 : Axel Kollatschny

title : Objektzentrierte Visualisierung mehrdimensionaler Daten als Erweiterung konventioneller Datenbankmodelle.
year : 1996
author 0 : Leo Pfefferer

title : Fehleranalyse und digitale Signalgenerierung f&uuml;r die computergest&uuml;tzte Frequenzgangmessung nachrichtentechnischer Baugruppen.
year : 1987
author 0 : Akil Saeed Thabet

title : Engineering publish/subscribe systems and event-driven applications.
year : 2012
author 0 : Helge Parzyjegla

title : Causality Checking of Safety-Critical Software and Systems.
year : 2015
author 0 : Florian Leitner-Fischer

title : Messung, Modellierung und Bewertung von verteilten, multimedialen Systemen.
year : 2000
author 0 : Andreas Cramer

title : Globale Optimierung: Verfahrensvergleiche und Fehlerabsch&auml;tzungen.
year : 1988
author 0 : Andrean Goede

title : Towards Practical Predicate Analysis.
year : 2017
author 0 : Philipp Wendler

title : Entwurf von Fuzzy-Reglern mit genetischen Algorithmen.
year : 1997
author 0 : Frank Hoffmann 0001

title : Entwicklung eines CAD-Modells mit integriertem Optimierungsansatz f&uuml;r die kurzfristige Abbauplanung als Teil eines Gesamtsystems f&uuml;r die Planung von Festgesteinstagebauen.
year : 1993
author 0 : Clemens Mann

title : Beitr&auml;ge zur rechnergest&uuml;tzten Modellbildung dynamischer Prozesse.
year : 1992
author 0 : Andreas Schumann

title : Zustands- und Parametersch&auml;tzung in &ouml;konometrischen Modellen mit Hilfe von linearen Filter-Methoden.
year : 1983
author 0 : Peter Haas 0002

title : Planning and analysis of two- and three-arm non-inferiority trials.
year : 2013
author 0 : Kathrin Stucke

title : Bildverarbeitung und Computersimulation zum Studium der Dynamik von mikroskopischen Modellkolloiden in d&uuml;nnen Suspensionsschichten.
year : 1992
author 0 : Wolfgang Sch&auml;rtl

title : Echtzeitsimulation aktiver Mehrk&ouml;rpersysteme auf Transputernetzen.
year : 1994
author 0 : Peter Sch&auml;fer

title : Untersuchung von Steuerproblemen nebenl&auml;ufiger Systeme auf der Basis abstrakter Steuersprachen.
year : 1985
author 0 : Hans-Dieter Burkhard

title : Mobile Business: Gesch&auml;ftsmodelle und Kooperationen.
year : 2003
author 0 : Karoline Simonitsch

title : Inline-Charakterisierung von Kunststoffen im Spritzgie&szlig;prozess und ihre Potentiale im Kontext selbstlernender Maschinen.
year : 2020
author 0 : Alexander Geyer

title : Dynamik und Strategie in &ouml;konomischen Konfliktsituationen.
year : 1982
author 0 : Paul Gromball

title : Messungen der Leistungsf&auml;higkeit des Multiprozessorsystems einer Datenbankmaschine.
year : 1988
author 0 : Peter Mertinatsch

title : Wissensaufbereitung f&uuml;r ein Diagnosesystem bei flexiblen Fertigungseinrichtungen.
year : 1992
author 0 : Knut Glockmann

title : Zielgerichtete Softwaresynthese f&uuml;r den Entwurf von datenfluss-orientierten Signalverarbeitungssystemen.
year : 1994
author 0 : Sebastian Ritz

title : Die rechnerinterne Darstellung von Mikroskopen.
year : 1991
author 0 : Gisbert Bl&uuml;mel

title : Compositional partial order semantics of Petri boxes.
year : 1994
author 0 : Hans-G&uuml;nther Linde-G&ouml;ers

title : Probabilistic Safety Analysis of Executable Models.
year : 2018
author 0 : Johannes Leupolz

title : Interaktive und nutzerzentrierte Visualisierung von ergonomischen Daten f&uuml;r die intuitive Evaluierung komplexer Arbeitsprozesse.
year : 2019
author 0 : Walentin Heft

title : Management of traffic information networks.
year : 1994
author 0 : Rolf Hager

title : Studies in Continuous Black-box Optimization.
year : 2011
author 0 : Tom Schaul

title : Visualisierungsmethoden f&uuml;r Freiformfl&auml;chen.
year : 1994
author 0 : Matthias Boldt

title : Planspieltechnik und Computer-based-Training zur Schulung von Eink&auml;ufern im Handel.
year : 1989
author 0 : Michael A. Curth

title : Dynamic Models of Human Perception and Action and Their Application in Telepresence.
year : 2012
author 0 : Markus Rank

title : PAMOCAT: Kombination von qualitativen und quantitativen Methoden zur automatischen Analyse von menschlichen Verhaltensweisen in der Kommunikation basierend auf Bewegungsdaten.
year : 2015
author 0 : Bernhard Andreas Br&uuml;ning

title : Entwicklung einer Expertensystemumgebung zur Verarbeitung sich h&auml;ufig &auml;ndernder Vorschriften: dargestellt an Beispielen aus den Wohnungsbauf&ouml;rderungsbestimmungen des Landes Nordrhein-Westfalen.
year : 1989
author 0 : Klaus Witulski

title : Quantum communication under channel uncertainty.
year : 2012
author 0 : Janis N&ouml;tzel

title : Cluster-Konzepte f&uuml;r den optimalen Zugriff auf grosse und datenbankresidente Wissensbasen.
year : 1990
author 0 : Christos Garidis

title : Semantic Trajectories and Predicting Future Semantic Locations.
year : 2019
author 0 : Antonios Karatzoglou

title : Benefit from unobtrusive contexts: towards the recognition of short and non-periodic activities.
year : 2018
author 0 : Andreas Jahn 0002

title : Entwicklung von branchenspezifischen integrierten B&uuml;rokommunikationssystemen - dargestellt am Beispiel der Wirtschaftsverb&auml;nde.
year : 1986
author 0 : Hans-J&uuml;rgen Walbr&uuml;ck

title : Gew&auml;hrleistung f&uuml;r Standardsoftware.
year : 1993
author 0 : Beate Schaub

title : Schriftspracherwerb funktionaler Analphabeten: Lernprozesse Erwachsener unter Ber&uuml;cksichtigung des Computereinsatzes.
year : 1994
author 0 : Ulrike Tymister

title : One-class classification in the presence of point, collective, and contextual anomalies.
year : 2019
author 0 : Nico G&ouml;rnitz

title : Termination proofs and derivation lengths in term rewriting systems.
year : 1992
author 0 : Dieter Hofbauer

title : Conceptual motorics: generation and evaluation of communicative robot gesture.
year : 2012
author 0 : Maha Salem

title : Computer aided industry: Konzeption und arbeitsstrukturelle Untersuchung administrativer T&auml;tigkeiten ; Fallstudie zum integrierten EDV-Einsatz in einer Unternehmensverwaltung.
year : 1991
author 0 : Norbert Gesing

title : Ein zeitdiskreter Zweischritt-Adaptionsalgorithmus f&uuml;r Kaskadenregelkreise.
year : 1984
author 0 : Helmut Sch&uuml;tze

title : Ein plattformunabh&auml;ngiger Client mit multikontext-adaptiver Benutzungsschnittstelle f&uuml;r ein heterogenes verteiltes CAx-Komponentensystem auf Basis von CORBA und STEP.
year : 2001
author 0 : Florian Arnold

title : Compression of visual data into symbol-like descriptors in terms of a cognitive real-time vision system.
year : 2012
author 0 : Alexey Abramov

title : Statistische Ein-Klassen-Signalbewertung mit akustischen Datenbasen selbstbeschreibender Daten.
year : 2012
author 0 : S&ouml;ren Wittenberg

title : Ein mittelstandstaugliches finanzwirtschaftliches Planungssystem: d. Entwurf e. computergest&uuml;tzten integrierten Systems d. Finanz-, Ergebnis- u. Steuerplanung f&uuml;r gr&ouml;ssere mittelst&auml;nd. Unternehmen.
year : 1985
author 0 : L&uuml;der Tecklenburg

title : Raumkomplexit&auml;t von Wortproblemen endlicher Gruppenpr&auml;sentationen.
year : 1983
author 0 : Stephan Waack

title : Parallelisierte Algorithmen zur Berechnung viskoplastischer Rotationsschalen nach der Methode der Finiten Elemente und zur Parameteridentifikation viskoplastischer Werkstoffmodelle.
year : 1996
author 0 : Andreas Lassota

title : Exact design of digital microfluidic biochips.
year : 2017
author 0 : Oliver Kesz&ouml;cze

title : &Uuml;ber die Argumentkomplexit&auml;t Boolescher Funktionen.
year : 1985
author 0 : Ulrich Hedtst&uuml;ck

title : Zur Strukturierung von einsprachigen und kontrastiven elektronischen W&ouml;rterb&uuml;chern.
year : 1997
author 0 : Ulrich Heid

title : Wettbewerbsvorteile durch Informationstechnologie.
year : 1988
author 0 : Jochen Overlack

title : Hardware-oriented Krylov methods for high-performance computing.
year : 2021
author 0 : Nils-Arne Dreier

title : Similarity Simulation: wie man den Code von Globalurteilen knackt.
year : 2001
author 0 : Sandra Daub

title : Zur Bedeutung des algorithmischen K&ouml;nnens f&uuml;r die mathematische Allgemeinbildung.
year : 1985
author 0 : Barbara Tschada

title : Ans&auml;tze f&uuml;r ein Controlling zur Sicherung einer erfolgreichen Standardsoftwareeinf&uuml;hrung.
year : 1995
author 0 : Karsten Scholz

title : Netzwerke aus Inszenierung und &Ouml;ffentlichkeit - Protest, Kunst und Theater auf YouTube.
year : 2018
author 0 : Iris Cseke

title : Konzept zur computergest&uuml;tzten Erfassung, Bearbeitung und Auswertung von ausgew&auml;hlten Daten im Berufskrankheitenverfahren: &Uuml;berlegung zur Steigerung der Effizienz gewerbe&auml;rztlichen Handelns.
year : 1993
author 0 : Lothar Wins

title : Hierarchische Bildcodierung mit Quadtrees unter Ber&uuml;cksichtigung der Industrierobotertechnik.
year : 1986
author 0 : Henryk Dobrowolski

title : Datenbankgest&uuml;tztes Kosten- und Erl&ouml;scontrolling: Konzept und Realisierung einer entscheidungsorienerten Erfolgsrechnung.
year : 1991
author 0 : Regina Fischer 0001
author 1 : Marlies Rogalski

title : Untersuchungen zum Entwurf von Auditory Displays = Investigations into the design of auditory displays.
year : 2001
author 0 : Bernd D&uuml;rrer

title : Computergest&uuml;tzte Syntheseplanung durch Erkennung synthetisch nutzbarer &Auml;hnlichkeit von Molek&uuml;len.
year : 1991
author 0 : Wolf-Dietrich Ihlenfeld

title : Informationsmanagement in der Organisationsplanung.
year : 1988
author 0 : Eberhard E. Wedekind

title : Prozessnahe Informations&uuml;bertragung f&uuml;r Mikrorechner-Automatisierungsanlagen unter dem Aspekt der Generierung neuer ger&auml;tetechnischer L&ouml;sungen.
year : 1988
author 0 : Peter Gibas

title : Anwendungsorientierte Variation von Geometriemodellen f&uuml;r CAD-Systeme.
year : 1985
author 0 : Reinhard Dassler

title : Wearable Haptic Technology for 3D Selection and Guidance.
year : 2020
author 0 : Oscar Javier Ariza N&uacute;&ntilde;ez

title : Partial parsing for corpus annotation and text processing.
year : 1999
author 0 : Wojciech Skut

title : Compositional and effectful recursive specification formats: distributive laws and the semantics of recursion.
year : 2014
author 0 : Daniel Schwencke

title : Completing behaviour driven development for testing and verification: bringing agile to hardware development.
year : 2015
author 0 : Melanie Diepenbeck

title : Zur linearen Optimierung mit unscharfen Daten.
year : 1985
author 0 : Christian Jansson

title : Aspekte der Spezifikation von Hardware-Software-Systemen.
year : 2002
author 0 : Lars H. Hahn

title : Data Protection Assurance by Design: Support for Conflict Detection, Requirements Traceability and Fairness Analysis.
year : 2020
author 0 : Qusai Ramadan

title : Erfassung stochastischer Operationsprofile zur Fehlererkennung ergodischer Prozesse.
year : 1993
author 0 : Winfried B&uuml;cken

title : Model-driven development methodology applied to real-time MEG signal pre-processing system design.
year : 2019
author 0 : Tao Chen

title : Entwicklung und Erprobung eines Neuronalen Netzwerkmodells zur Trenddetektion im Elektroenzephalogramm und zur Unterscheidung kognitiver ereigniskorrelierter Potentiale.
year : 1994
author 0 : Michael Wunder

title : Effiziente Mehrkernarchitektur f&uuml;r eingebettete Java-Bytecode-Prozessoren.
year : 2011
author 0 : Martin Zabel

title : Low-level image processing with the structure multivector.
year : 2002
author 0 : Michael Felsberg

title : Eine einheitliche CAM/CAP-Entwicklungstechnologie - die Voraussetzung zur dezentralen Nutzung der Mikrorechentechnik in der Seeverkehrswirtschaft.
year : 1987
author 0 : G&uuml;nther Krause

title : Exploiting MARTE/CCSL in modern design flows.
year : 2015
author 0 : Judith Peters

title : Modularisierung attributierter Grammatiken: ein &Uuml;berblick.
year : 1998
author 0 : Beate Baum

title : Ein Mehrphasenalgorithmus f&uuml;r Parallelrechner zur Bestimmung von Schnittkurven zweier Fl&auml;chen.
year : 1992
author 0 : Heiko B&uuml;rger

title : Bodenschutz zwischen Datenschwemme und Informationsdefizit: polit.-administrative L&ouml;sungsans&auml;tze.
year : 1986
author 0 : Bernhard R. Scholz

title : Mathematisches Modell f&uuml;r die Direktreduktion von Eisenerzen mittels Kohle im Drehrohrofen.
year : 1983
author 0 : Rolf H. Graue

title : Ein Massenspeicher mit h&ouml;herer logischer Schnittstelle: Entwurf und Analyse.
year : 1998
author 0 : Jens-Peter Akelbein

title : Keyword search across distributed heterogenous structured data sources.
year : 2012
author 0 : Ingolf Geist

title : Design of a TMN-based inter-domain management environment for the open service market: an ODP-based modelling approach.
year : 1996
author 0 : Michael Tschichholz

title : Hardware-oriented SPN block ciphers: fault injection countermeasures and low-latency designs.
year : 2021
author 0 : Shahram Rasoolzadeh

title : Vorprozessoren: ein Beitrag zur stochastisch-ergodischen Messtechnik.
year : 1988
author 0 : J&uuml;rgen Langhans

title : Massively parallel distributed processing of logical operations.
year : 1994
author 0 : Mikhail Makhaniok

title : Einsatz genetischer Algorithmen als Optimierungsmethode bei der Synthese elektronischer Schaltungen.
year : 1999
author 0 : Andreas Falkenberg

title : Spherical visibility sampling: preprocessed visibility for occlusion culling in complex 3D scenes.
year : 2013
author 0 : Benjamin Eikel

title : Computersimulation von 18-Krone-6.
year : 1990
author 0 : Edmund Nickel 0002

title : Integrated georeferencing for precise depth map generation exploiting multi-camera image sequences from mobile mapping.
year : 2020
author 0 : Stefan Cavegn

title : Unsupervised learning: model-based clustering and learned compression.
year : 2019
author 0 : Michael Tschannen

title : Generierung neuer Syntaxanalyseverfahren f&uuml;r Graphgrammatiken.
year : 1993
author 0 : Ulrich Vollath

title : Erarbeitung einer Datenbank f&uuml;r urologische Erkrankungen.
year : 1987
author 0 : Guido Karl Schlegel

title : Haptisches Rendern zum Einpassen von hochaufgel&ouml;sten Molek&uuml;lstrukturdaten in niedrigaufgel&ouml;ste Elektronenmikroskopie-Dichteverteilungen.
year : 2003
author 0 : Stefan Birmanns

title : Aufbau eines integrierten Informations-, Kommunikations- und Datenbanksystems zur Unterst&uuml;tzung verteilter Forschungseinrichtungen.
year : 1995
author 0 : Werner Rottler

title : Verteilte Generierung von Objektmodellen.
year : 1998
author 0 : Dietrich B&uuml;sching

title : Concurrency in model-based statistical testing of embedded systems in the automotive domain = Nebenl&auml;ufige Aspekte beim modellbasierten, statistischen Test eingebetteter Systeme aus dem Automobilbereich.
year : 2017
author 0 : Daniel Homm

title : Towards Complex Question Answering over Knowledge Graphs.
year : 2021
author 0 : Mohnish Dubey

title : Die "Modale Logik der Prozeduren": e. Erweiterung der Hoare-Logik, die es erm&ouml;glicht, Korrektheitsbeweise im Sinne des "stepwise refinement" zu f&uuml;hren.
year : 1984
author 0 : Kurt Sieber

title : Graphgrammatikalische Hilfsmittel zur Beschreibung verteilter Systeme.
year : 1991
author 0 : Klaus Barthelmann

title : Intelligentes, flexibel konfigurierbares Steuerungssystem f&uuml;r mobile Serviceroboter.
year : 1997
author 0 : Ralf Hoelper

title : Modelle f&uuml;r Benutzergruppen zur Beschreibung von Datenverkehrsfl&uuml;ssen in Kommunikationssystemen.
year : 1986
author 0 : Hans-Dieter S&uuml;dhofen

title : Effects and opportunities of native code extensions for computationally demanding web applications.
year : 2011
author 0 : Dennis Jarosch

title : Konzept f&uuml;r ein objektorientiertes, bereichs&uuml;bergreifendes Dokumenteninformations- und -verwaltungssystem.
year : 1999
author 0 : Frank Lobeck

title : Einige Verfahren zur Bestimmung von Versuchsparametern aus Messkurven, demonstriert am Beispiel der Bestimmung des axialen Dispersionskoeffizienten aus einer Serie von Impulskurven im System Wasserstoff/Methan.
year : 1981
author 0 : Kurt Wiedemann

title : Der Wirkungszusammenhang zwischen dem Leitungssystem und dem Informationssystem in sozialistischen Wirtschaftseinheiten bei Anwendung h&ouml;herer Nutzungsformen der Datenverarbeitungsorganisation.
year : 1983
author 0 : Heinz Teubner

title : Mining and Analyzing User Rationale in Software Engineering.
year : 2018
author 0 : Zijad Kurtanovic

title : Facettenbasierte Indexierung multipler Artefakte - Ein Framework f&uuml;r vage Anfragen in der Produktentwicklung.
year : 2011
author 0 : Nadine Weber

title : Entwurf eines PPS-Systems zur Losgr&ouml;&szlig;en- und Terminplanung unter Einsatz exakter Verfahren.
year : 1997
author 0 : Olaf Jacobsen

title : Model-Driven-Configuration-Management: ein modellgetriebener Ansatz f&uuml;r das Konfigurationsmanagement von IT-Systemlandschaften.
year : 2013
author 0 : Sebastian Herden

title : Optimale Kontrolle von biologischen Populationen.
year : 1983
author 0 : Willibald Doeringer

title : Petrinetzmodelle verteilter Algorithmen: Beweistechnik und Intuition.
year : 1995
author 0 : Rolf Walter

title : Planung optimaler Roboter-Trajektoren in Echtzeit.
year : 1997
author 0 : Maximilian Schlemmer

title : Multiresolution-Verfahren zur Fusion dynamischer Bildfolgen.
year : 1999
author 0 : Oliver Rockinger

title : Optische Sensorsysteme zur On-line-F&uuml;hrung von Industrierobotern.
year : 1989
author 0 : Wolfgang Ruoff

title : Rechnerunterst&uuml;tzte Analyse und Synthese von Regelungsproblemen mit Mikrorechnern.
year : 1985
author 0 : Friedrich Haase

title : Linear Tree Transducers: From Equivalence to Balancedness.
year : 2020
author 0 : Raphaela L&ouml;bel

title : Formalisierung visueller Modellierungssprachen objektorientierter Methoden.
year : 2001
author 0 : Roger S&uuml;ttenbach

title : Autonome Quadrokopter zur Innenraumerkundung: AQopterI8, Forschung und Entwicklung.
year : 2015
author 0 : Nils Gageik

title : Computing the Adaptive Cycle.
year : 2021
author 0 : Hannah Schrenk

title : Qualit&auml;tssteigernde Ma&szlig;nahmen bei der Entwicklung von Software-Systemen im Bauwesen durch Objektrelationen.
year : 1997
author 0 : Udo Kolender

title : User modeling in the social semantic web.
year : 2015
author 0 : Till Plumbaum

title : Fast volume rendering and deformation algorithms / by Haixin Chen.
year : 2001
author 0 : Haixin Chen

title : &Uuml;ber direkte L&ouml;sungsverfahren der nichtlinearen Optimierung.
year : 1975
author 0 : Gerhard Donath

title : Beobachterbasierte Fehlerdiagnose von Robotern in Fertigungseinrichtungen.
year : 1995
author 0 : Henning Schneider

title : Terminologiemanagement: Aspekte einer effizienten Kommunikation in der computerunterst&uuml;tzten Informationsverarbeitung.
year : 1997
author 0 : Thomas W. Hellmuth

title : Ein Beitrag zur Entwicklung von digitalen Differentialanalysatoren f&uuml;r den Einsatz in Hybridrechnern.
year : 1980
author 0 : Helmut Hoyer

title : Visualisierung in einer verteilten Rechenumgebung.
year : 1991
author 0 : J&ouml;rg Winckler

title : Struktur und Verteilung von Programmpaketen in heterogenen Netzwerken.
year : 1995
author 0 : Stefan Turowski

title : Using volunteered geographic information for an automated provision of indoor location based services.
year : 2012
author 0 : Marcus G&ouml;tz

title : Optimierung kennfeldbasierender Reglerstrukturen mit Hilfe von verallgemeinerten Genetischen Algorithmen.
year : 1997
author 0 : Markus Schr&ouml;der

title : Modellrechnungen zur Bestimmung von Erw&auml;rmungsraten aufgrund langwelliger Strahlungsflussdichten in dreidimensional inhomogenen Stadt-Umland-Atmosph&auml;ren.
year : 1983
author 0 : Friedrich Dieter Burkat

title : Modulorientiertes Produktlinien-Engineering f&uuml;r den modellbasierten Elektrik-Elektronik-Architekturentwurf.
year : 2012
author 0 : Martin Jaensch

title : A joint translation model with integrated reordering.
year : 2012
author 0 : Nadir Durrani

title : Posturerkennung starrer und nichtstarrer Objekte.
year : 2000
author 0 : Matthias Wolf 0001

title : System Level Periodic Thermal Management for Hard Real-Time Systems.
year : 2018
author 0 : Long Cheng 0007

title : Ein evidenztheoratischer Ansatz zur Planerkennung.
year : 1996
author 0 : Mathias Bauer

title : Heuristiken f&uuml;r kombinatorische Optimierung und semantische Bildinhaltserkennung mit Techniken der k&uuml;nstlichen Intelligenz.
year : 1995
author 0 : Andreas Rogger

title : Sicherheitsverfahren f&uuml;r Girokonten beim Massenverkehr im Internet-Banking: Sicherheit vs. Bedienerfreundlichkeit, ein Widerspruch?
year : 2012
author 0 : Salim G&uuml;ler

title : Accurate low-dose iterative CT reconstruction from few projections using sparse and non-local regularization functions.
year : 2016
author 0 : Maurice Debatin

title : Komplexit&auml;t von Sortierproblemen und Anwendungen der Kolmogoroff-Komplexit&auml;t.
year : 1982
author 0 : Stefan Reisch

title : Improving statistical machine translation with linguistic information.
year : 2011
author 0 : Hieu Hoang

title : Entwicklung simulatorunabh&auml;ngiger Modelle f&uuml;r Halbleiter-Bauelemente mit objekt-orientierten Methoden.
year : 1999
author 0 : Thomas Leitner

title : Key Enablers for User-Centric Advertising across Next Generation Networks.
year : 2012
author 0 : Jose Miguel de Oliveira Simoes

title : Multiple criteria routing algorithms in mesh overlay networks.
year : 2012
author 0 : Lada-On Lertsuwanakul

title : One Computer Scientist's (Deep) Superior Colliculus: Modeling, understanding, and learning from a multisensory midbrain structure.
year : 2015
author 0 : Johannes Bauer 0002

title : Growing Surface Structures: an Iterative Refinement Surface Reconstruction Approach Deduced from Artificial Neural Networks.
year : 2014
author 0 : Hendrik Annuth

title : Willenserkl&auml;rungen im Internet: Rechtssicherheit durch elektronische Signaturen sowie Anpassung der Formvorschriften und des Beweisrechts.
year : 2003
author 0 : Mario Hoffmann

title : Interaction of hardware transactional memory and microprocessor microarchitecture.
year : 2019
author 0 : Stephan Diestelhorst

title : Knowledge-based automatic generation of linear algebra algorithms and code.
year : 2013
author 0 : Diego Fabregat-Traver

title : Integration kooperierender Systeme: Architektur und Dienstplattform f&uuml;r offene verteilte Anwendungen.
year : 1994
author 0 : Volker Tschammer

title : Design of Scenario-based Application-optimized Data Replication Strategies through Genetic Programming.
year : 2021
author 0 : Syed Mohtashim Abbas Bokhari

title : Automation in Software Performance Engineering Based on a Declarative Specification of Concerns.
year : 2019
author 0 : J&uuml;rgen Walter

title : Process-based schema matching: from manual design to adaptive process construction.
year : 2013
author 0 : Eric Peukert

title : Verfahren zur Kostenoptimierung von Topologien eingebetteter Kommunikationsnetze.
year : 2011
author 0 : J&ouml;rg Sommer

title : Resistance to IT-induced Change - Theoretical Foundation and Empirical Evidence.
year : 2012
author 0 : Sven Laumer

title : Bringing zero-knowledge proofs of knowledge to practice.
year : 2012
author 0 : Stephan Krenn

title : Development and Validation of a Mobile Gait Analysis System Providing Clinically Relevant Target Parameters in Parkinson's Disease.
year : 2017
author 0 : Jens Barth

title : Virtualisierung und Software-Parallelisierung f&uuml;r Fail-Operational Multicore-Dom&auml;nensteuerger&auml;te in der Automobilindustrie.
year : 2017
author 0 : Andr&eacute; Kohn

title : Lageregelung von Industrierobotern mit Fuzzy-Logik.
year : 1999
author 0 : J&uuml;rgen Karner

title : The Adaptive Particle Representation (APR) for Simple and Efficient Adaptive Resolution Processing, Storage and Simulations.
year : 2018
author 0 : Bevan Cheeseman

title : A machine-checked, type-safe model of Java concurrency: language, virtual machine, memory model, and verified compiler.
year : 2012
author 0 : Andreas Lochbihler

title : W&auml;rme&uuml;bergang und Str&ouml;mungsformen beim Sieden in Minikan&auml;len.
year : 2014
author 0 : Gunar Boye

title : Ein Ansatz zur L&ouml;sung gro&szlig;er Netzwerkprobleme mit fixed charge Kanten.
year : 1997
author 0 : Xihe Lin

title : Die Implementation von Berechnungsprogrammen "Maschinenelemente".
year : 1991
author 0 : Joachim Pfeiffer

title : Hybrid-hierarchische Simulationsmodelle zur Koordination teilautonomer Produktionsstrukturen.
year : 1999
author 0 : Werner E. Lulay

title : Technisierte Beh&ouml;rden: Verwaltungsinformatisierung und -forschung im Zeitalter der Computernetze.
year : 1999
author 0 : Martin Wind

title : Numerische Methoden f&uuml;r Shape from Shading.
year : 1997
author 0 : Gabriele Ulich

title : Ein Organisationsmodell zur Steuerung und Regelung der Digitalisierung von Unternehmen in der Bauwirtschaft.
year : 2018
author 0 : Hannes Schwarzw&auml;lder

title : Entwicklung eines Systems zur Parallelsimulation komplexer Anlagenmodelle in heterogener Rechnerumgebung.
year : 1995
author 0 : Peter Dellwig

title : Blockchain Signaling System.
year : 2021
author 0 : Bruno Rodrigues 0001

title : Adaptive Cognitive Interaction Systems.
year : 2014
author 0 : Felix Putze

title : Zur statistischen Thermodynamik von Vielteilchensystemen mit Coulombwechselwirkung.
year : 1982
author 0 : Waldemar Richert

title : Pr&auml;dikative Selektion als Grundlage f&uuml;r Transaktionssynchronisation und Datenintegrit&auml;t.
year : 1989
author 0 : Stefan B&ouml;ttcher

title : Klassifikation von Daten in der HTK-Umgebung mit Relevance Vector Machines.
year : 2008
author 0 : Andre Holzapfel

title : Der Einsatz des Computers an der Schule f&uuml;r K&ouml;rperbehinderte.
year : 1993
author 0 : Thomas St&ouml;rmer

title : Exploratory relation extraction in large multilingual data.
year : 2016
author 0 : Alan Akbik

title : Die Haftung der Domainvergabestelle.
year : 2003
author 0 : Alexander Schieferdecker

title : Classifying, evaluating and advancing big data benchmarks.
year : 2019
author 0 : Todor Ivanov

title : Einsatz von kooperativen Lernformen in eLearning-Szenarien und deren Auswirkung auf Motivation und Akzeptanz.
year : 2010
author 0 : Birgit K&uuml;fner

title : Gesch&uuml;tzte Objektreferenzen und dynamische Typisierng in verteilten heterogenen Systemen.
year : 1996
author 0 : Reinhard Heite

title : Entwicklung von Verfahren f&uuml;r die Verarbeitung und Analyse von R&ouml;ntgenbildsequenzen auf der Basis von Modellen der beobachteten Vorg&auml;nge.
year : 1985
author 0 : Michael B&ouml;hm

title : Werkzeuge f&uuml;r den Entwurf und die Analyse von Algorithmen in der Kollektiven Robotik.
year : 2012
author 0 : Alexander Kettler

title : Syntax for German in the user specialty languages system.
year : 1984
author 0 : Magdalena Zoeppritz

title : Theoretische und methodische Begr&uuml;ndung einer nutzerbezogenen Bewertung automatisierter Informationssysteme: (dargest. am Beisp. d. Kombinats VEB Narva "Rosa Luxemburg" - Berliner Gl&uuml;hlampenwerk).
year : 1987
author 0 : G&uuml;nter Klatt

title : Aufzeichnung und Wiedergabe von Internet-Videokonferenzen.
year : 1998
author 0 : Wieland Holfelder

title : Stereoskopische Korrespondenzbestimmung mit impliziter Detektion von Okklusionen.
year : 1998
author 0 : Ralph Trapp

title : Konzepte zur effizienten Implementierung von Langzahl-Modulo-Arithmetik f&uuml;r kryptographische Verfahren.
year : 1993
author 0 : J&ouml;rg Sauerbrey

title : Computersimulation von Abst&uuml;rzen mittels biomechanischer Ganzk&ouml;rpermodelle.
year : 1993
author 0 : Frank Hospach

title : Software components and formal methods from a computational viewpoint.
year : 2012
author 0 : Christian Lambertz

title : Eine Welt im Datenrausch: Computeranlagen und Datenmengen als gesellschaftliche Herausforderung in der Bundesrepublik Deutschland (1965-1975).
year : 2016
author 0 : Julia Fleischhack

title : Der Einsatz von Social Media in der betrieblichen Ausbildung: Entwicklung eines ganzheitlichen didaktischen Lernkonzepts zur F&ouml;rderung der Handlungs- und Medienkopetenz von Auszubildenden.
year : 2015
author 0 : Simone Weissenbach

title : Investigation of 3D-imaging systems based on modulated light and optical RF-interferometry (ORFI).
year : 1999
author 0 : Zhanping Xu

title : Ein Grandienten-Sch&auml;tzverfahren zur block&uuml;bergreifenden Walsh-Hadamard-Transformationskodierung.
year : 1989
author 0 : Hans-J&uuml;rgen Kirchhoff

title : Fehlervermeidende Codegenerierung f&uuml;r verteilte, responsive Systeme.
year : 1994
author 0 : Karl Waedt

title : Generelle Prozesse bei mehrkanaliger Informationsverarbeitung.
year : 1982
author 0 : Jens Ortscheid

title : Slope methods for sharper interval inclusions and their applications to global optimization.
year : 1996
author 0 : Jo&atilde;o Batista Souza de Oliveira

title : Toward a Better Understanding of Evolving Social Networks.
year : 2013
author 0 : Bobo Nick

title : Wissensrepr&auml;sentation f&uuml;r Entwurfssysteme: die Behandlung von Klassifikation und Taxonomie.
year : 1989
author 0 : Christof Peltason

title : Round-trip engineering for Anwendungen der Virtuellen und Erweiterten Realit&auml;t.
year : 2017
author 0 : Matthias Lenk

title : Reverse engineering of biological signaling networks via integration of data and knowledge using probabilistic graphical models.
year : 2014
author 0 : Paurush Praveen

title : Does it have to be trees?: data-driven dependency parsing with incomplete and noisy training data.
year : 2011
author 0 : Kathrin Spreyer

title : Abstraktionstechniken f&uuml;r automatische Verifikationsmethoden.
year : 1996
author 0 : Peter Kelb

title : Abstract sensor event processing to achieve dynamic composition of cyber-physical systems.
year : 2018
author 0 : Christoph Steup

title : Bildbasierte Beleuchtung in 3D-Photo-Collections.
year : 2014
author 0 : Konrad K&ouml;lzer

title : Frame-orientierte Darstellung und Benutzung von Fachwissen in einem Software-Informationssystem.
year : 1988
author 0 : Norbert Greif

title : PeTpaC: persistente Bearbeitung partieller Constraintprobleme ; ein Konfigurationsansatz f&uuml;r die Vertriebsunterst&uuml;tzung.
year : 1995
author 0 : Uwe Drouven

title : Ein Beitrag zur Wissensverarbeitung am Beispiel des Computerschachs.
year : 1989
author 0 : Hans-J&uuml;rgen Schumann

title : Efficient Data Management and Policy Composition for Software-defined Networking.
year : 2019
author 0 : Osamah L. Barakat

title : Verteiltes Steuerungskonzept f&uuml;r komplexe inhomogene Robotersysteme.
year : 1997
author 0 : Thomas L&auml;ngle

title : Computergest&uuml;tzte Informationsbeschaffung und -verwaltung aus wissenschaftlichen Dokumenten = Computer-aided information retrieval and management system from scientific documents.
year : 2020
author 0 : Thanh Cam An Nguyen

title : Beschreibung, Verarbeitung und &Uuml;berpr&uuml;fung clientseitiger Policies f&uuml;r vertrauensw&uuml;rdige Cloud-Anwendungen.
year : 2018
author 0 : J&ouml;rg Kebbedies

title : Integration medizinischer Modelle in elektronische Gesundheitsakten.
year : 2013
author 0 : Axel Helmer

title : Planning and exploration in stochastic relational worlds.
year : 2011
author 0 : Tobias Johannes Lang

title : Ein Konzept zur Mustererkennung auf der Basis automatisch selektierter bin&auml;rer Merkmale.
year : 1982
author 0 : Bohdan Kontrymowicz

title : Magic-Set-Transformation in deduktiven objektorientierten Datenbanksprachen.
year : 1998
author 0 : J&uuml;rgen Frohn

title : Aufgaben- und nutzerorientierte Unterst&uuml;tzung kartographischer Kommunikationsprozesse durch Arbeitsgraphik: Konzeptionen, Modellbildung und experimentelle Untersuchungen.
year : 1999
author 0 : Frank Heidmann

title : Der Einfluss von Zuverl&auml;ssigkeitskenngr&ouml;ssen bei der Begr&uuml;ndung einer aufwandsoptimalen Zuverl&auml;ssigkeit von Produktionsprozessen.
year : 1983
author 0 : Jacek Robak

title : DAS - Datenbank-Kernsystem f&uuml;r Standard- und Nicht-Standard-Anwendungen: Architektur, Implementierung, Anwendungen.
year : 1988
author 0 : Heinz-Bernhard Paul

title : Digitale parameteradaptive Regelung mit Mikrorechner.
year : 1983
author 0 : Siegfried Bergmann

title : Generieren von XML-Editoren in XForms aus XML-Schema.
year : 2014
author 0 : Mustapha Maalej

title : Efficient Processing of Plant Life in Computer Graphics.
year : 2013
author 0 : S&ouml;ren Pirk

title : Memory-efficient algorithms for solving subset sum and related problems with cryptanalytic applications.
year : 2020
author 0 : Andre Esser

title : Learning Based Techniques for Intercell Interference Coordination in LTE-Advanced Heterogeneous Networks.
year : 2013
author 0 : Meryem Simsek

title : Nutzung der Digitalsimulation bei der Entwicklung von Regelstrukturen f&uuml;r Drehstromantriebssysteme.
year : 1989
author 0 : Thomas Eulitz

title : Event detection in active databases.
year : 1997
author 0 : Ulrike Jaeger

title : Zur L&ouml;sung komplexer job-shop Probleme in flexiblen Fertigungssystemen mittels Matroid-Zugang der diskreten Optimierung.
year : 1990
author 0 : Veronika Hoppe

title : Mittelalter-Computer-Spiele: zur Darstellung und Modellierung von Geschichte im popul&auml;ren Computerspiel.
year : 2012
author 0 : Carl Heinze

title : Musterbasierte Parallelisierung sequenzieller Anwendungen: Konzept und Implementierung eines Verfahrens zur Softwaretransformation.
year : 2016
author 0 : Korbinian Molitorisz

title : Funktionale Proze&szlig;sprachen h&ouml;herer Ordnung.
year : 1997
author 0 : Thomas Frauenstein

title : Control of Outdoor Robots at Higher Speeds on Challenging Terrain.
year : 2018
author 0 : Goran Huskic

title : High Quality Graph Partitioning.
year : 2013
author 0 : Christian Schulz 0003

title : Beitrag zum aufgabenbezogenen Einsatz von Farbbildschirmsystemen in Kraftwerkswarten.
year : 1985
author 0 : Manfred Harrer

title : Rechnergest&uuml;tzte Auswertung gastrointestinaler Motilit&auml;tsparameter: &Ouml;sophagus - Magen - Kolon.
year : 1985
author 0 : Peter C. H. Lederer

title : Technische Konzeption von Wandlern f&uuml;r den elektronischen Handel von Dokumenten.
year : 2001
author 0 : Sebastian Pulkowski

title : Photorealistic Visualization Techniques for Using Spatial Augmented Reality in the Design Process.
year : 2012
author 0 : Christoffer Menk

title : Fehleruntersuchungen zur L&ouml;sung des inhomogenen nat&uuml;rlichen Randwertproblems durch einen Ritzschen Ansatz mit standardisierten Koordinatenfunktionen.
year : 1970
author 0 : Karl Hantzschmann

title : Geocoding user queries.
year : 2020
author 0 : Konstantin Clemens

title : Airborne Navigation by Fusing Inertial and Camera Data.
year : 2018
author 0 : Daniel Bender

title : Emotionale Agenten: Darstellung der emotionstheoretischen Grundlagen und Entwicklung eines Referenzmodells auf Basis einer petrinetz-basierten Modellierungstechnik.
year : 2012
author 0 : Julia Fix

title : Ein Beitrag zu Entwurf und Realisierung paralleler digitaler Signalprozessoren.
year : 1996
author 0 : Steffen Zimmermann

title : Erweiterung des Datenmodells eines 2D-CAD-Systems f&uuml;r die Programmierung von Mehrkoordinatenmessger&auml;ten.
year : 1992
author 0 : Anton Herzog

title : Spracherkennung mit rekurrenten neuronalen Netzwerken.
year : 2000
author 0 : Klaus Kasper

title : Modellierung kognitiver Prozesse f&uuml;r ein numerisches Fahrerverhaltensmodell.
year : 2020
author 0 : Philipp Ring

title : Erfassung von Strassenverkehrsdaten mit elektro-optischem Sensor und automatischer Bildauswertung.
year : 1989
author 0 : Thomas V&ouml;gtle

title : Entscheidungsorientierte Adaptionsstrategie f&uuml;r Berichte einer Softwarebibliothek.
year : 1997
author 0 : Eva Wedlich

title : Rechnerunterst&uuml;tzung f&uuml;r das Projektieren mit Hilfe eines wissensbasierten Systems.
year : 1989
author 0 : Peter F. Tropschuh

title : Concept and implementation of an efficient communication network for commodity supercomputing.
year : 2000
author 0 : Martin Lienhard

title : Objekte der Gruppenarbeit: ein Konzept f&uuml;r das Computer aided Team.
year : 1995
author 0 : Gerhard Schwabe

title : Entwickeln eines Expertensystems zum Absch&auml;tzen der Stabilit&auml;t chemischer Strukturen.
year : 1991
author 0 : Anna Margarete Schubert

title : Ein monet&auml;res &ouml;konometrisches Modell f&uuml;r die Bundesrepublik Deutschland: Entwurf und empirische Untersuchung f&uuml;r ein Finanzierungsrechnungsmodell.
year : 1982
author 0 : Eva von Below

title : Wissenschaftsintegration und informationsverarbeitende Technik: weltanschaulich-philosophische Betrachtung zu Fragen der technischen Unterst&uuml;tzung von Integrationsprozessen der Wissenschaft.
year : 1989
author 0 : Karen Richter

title : Ein Beitrag zur L&ouml;sung von linear verkoppelten Multistromproblemen mit linearer Zielfunktion.
year : 1985
author 0 : Dietrich M&ouml;nch

title : Application of machine learning enhanced agent-based techniques in hydrology and water resource management.
year : 2019
author 0 : Benjamin Mewes

title : Ein Tool-Kit zur Definition und Realisierung der Mensch-Maschine-Kommunikation.
year : 1989
author 0 : Thomas Brennig

title : Robust monocular camera-based localization under challenging perceptual conditions.
year : 2017
author 0 : Tayyab Naseer

title : Kontinuit&auml;tsmethoden zur L&ouml;sung einparametrischer semi-infiniter Optimierungsprobleme.
year : 1988
author 0 : Thomas Rupp

title : Data distribution for fog-based IoT applications.
year : 2021
author 0 : Jonathan Hasenburg

title : Zur Methodik der Erfassung und Beobachtung von Patienten mit bestimmten Krankheiten in geographisch definierten Bev&ouml;lkerungsarealen mit speziellem Bezug zum WHO-Herzinfarktregister Heidelberg.
year : 1980
author 0 : Wolfgang Tischer 0001

title : Toward a Greener Internet - Design and evaluation of green IP and content routing for sustainable communication networks.
year : 2021
author 0 : Seng-Kyoun Jo

title : Prozessorientierte Informations- und Organisationsstrategie: Analyse, Konzeption, Realisierung.
year : 1993
author 0 : Peter Mattheis

title : Darstellung und Reflektometrie der retinalen Nervenfaserschicht mit dem Scanning Laser Ophthalmoskop und digitaler Bildverarbeitung.
year : 1995
author 0 : Oliver Ehrt

title : Leveraging the User's Face as a Known Object in Handheld Augmented Reality.
year : 2017
author 0 : Sebastian B. Knorr

title : Parametersch&auml;tzung und digitale adaptive Regelung eines Industrieroboters.
year : 1989
author 0 : Rolf Specht

title : Neural networks in photofinishing.
year : 1997
author 0 : Michael Kocheisen

title : Situation Interpretation for Knowledge- and Model Based Laparoscopic Surgery.
year : 2016
author 0 : Darko Katic

title : Speaker Recognition in Unconstrained Environments.
year : 2019
author 0 : Andreas Nautsch

title : Vergleich zweier Theorien nebenl&auml;ufiger Prozesse.
year : 1993
author 0 : Matthias Spanier

title : Notstandsalgorithmen: Dilemmata im automatisierten Stra&szlig;enverkehr.
year : 2018
author 0 : Jochen Feldle

title : Zur Quasikonvexit&auml;t in der diskreten Optimierung.
year : 1989
author 0 : Dieter Muchow

title : Optimierende Steuerung paralleler Transportprozesse mit Methoden der Wissensverarbeitung.
year : 1994
author 0 : Peter Fischer 0007

title : Ein Ansatz zur Modellierung von Unsicherheit in wissensbasierten Systemen.
year : 1991
author 0 : Erhard Schwecke

title : Ganzheitlicher integrierter Modellansatz f&uuml;r DV-gest&uuml;tzte Informationssysteme am Beispiel Umweltschutz.
year : 1994
author 0 : J&uuml;rgen Seggelke

title : Modellierung und Ablaufplanung adaptiver Multimedia-Dokumente.
year : 2003
author 0 : Stefan Wirag

title : BRENDA - Modellierung und Implementierung eines objektorientierten Informationssystems &uuml;ber Enzyme mit besonderer Ber&uuml;cksichtigung des Metabolismus-Engineerings.
year : 1997
author 0 : Karl Teille

title : Analysable instruction memories for hard real-time systems.
year : 2012
author 0 : Stefan Metzlaff

title : Ein Beitrag zur Entwicklung komponentenbasierter Softwarearchitekturen.
year : 2000
author 0 : Peter Bo&szlig;e
author 1 : Markus Iwig

title : Structuring process models.
year : 2012
author 0 : Artem Polyvyanyy

title : Untersuchungen zur Parameterauswahl f&uuml;r den Algorithmus einer k&uuml;nstlichen B-Zelle bei diabetischen Hunden.
year : 1983
author 0 : Elke Wierick
author 1 : Heinz Hoffmeister

title : A mechanization of sorted higher-order logic based on the resolution principle.
year : 1994
author 0 : Michael Kohlhase

title : Advanced visualization techniques for flow simulations : from higher-order polynomial data to time-dependent topology.
year : 2014
author 0 : Markus &Uuml;ffinger

title : Optimierungsverfahren f&uuml;r materielle Infrastruktursysteme.
year : 1981
author 0 : Harry B&ouml;ttcher

title : Methoden zur computerunterst&uuml;tzten Untersuchung selektiver Oberfl&auml;cheneigenschaften von Proteinen.
year : 1993
author 0 : Wolfgang Heiden

title : Rationalisierungstendenzen in der zahn&auml;rztlichen Praxisf&uuml;hrung - eine Analyse der Computeranwendungen.
year : 1987
author 0 : Gilbert Lagache

title : Optimizing the detection of corticomuscular coherence (CMC) with the use of EEG and EMG recordings: application for normal subjects and patients.
year : 2016
author 0 : Katherina von Carlowitz-Ghori

title : Predictive Resource Management for Scientific Workflows.
year : 2020
author 0 : Carl Witt

title : Konzepte f&uuml;r eine virtuelle Integration von AUTOSAR-konformer Fahrzeug-Software in fr&uuml;hen Entwicklungsphasen.
year : 2012
author 0 : Alexander Michailidis

title : Untersuchung der Temperaturverteilung an Werkzeugmaschinen unter Nutzung der elektronischen Datenverarbeitung.
year : 1983
author 0 : Horst Lewy

title : Environmental system-of-systems engineering for integrated Nexus design: developing participatory approaches to design decision making processes in complex human-nature-technology systems.
year : 2020
author 0 : Fabian Heitmann

title : Reinforcement Learning for Machine Translation: from Simulations to Real-World Applications.
year : 2020
author 0 : Julia Kreutzer

title : Efficient Capture of Multispectral Reflectance of Complex Surfaces.
year : 2020
author 0 : Martin Rump

title : Ein Beitrag zur Mikrorechnersteuerung des Kennzeichenaustausches zwischen Vermittlungseinrichtungen.
year : 1984
author 0 : Ralf Tosse

title : Konstruktion mehrlagiger Perzeptrons mit diskreter Transferfunktion f&uuml;r den Bereich der Prozessdatenverarbeitung.
year : 1993
author 0 : Berthold Dickhaus

title : Beitrag zu einigen Aspekten der Theorie und Technik von Softwareinterpretern f&uuml;r eine rechnergest&uuml;tzte Pr&uuml;ftechnik.
year : 1984
author 0 : Thomas-Manfred Fricke

title : Produktions-Controlling f&uuml;r Fertigungsinseln.
year : 1993
author 0 : Siegbert Kern

title : Sensorfehlererkennung in Flugzeugen mit Beobachter und Polynomklassifikator.
year : 1991
author 0 : J&ouml;rg J. Buchholz

title : Konzept f&uuml;r Bildanalysen in Hochdurchsatz-Systemen am Beispiel des Zebrab&auml;rblings.
year : 2016
author 0 : R&uuml;diger Alshut

title : Multilayered security and privacy protection in Car-to-X networks: solutions from application down to physical layer.
year : 2013
author 0 : Hagen St&uuml;bing

title : Bilderkennung mit assoziativen Speichern und deren massiv-parallele, optoelektronische Realisierung.
year : 1997
author 0 : Peter Ott

title : Kontexteinbezug in Texterkennungssystemen.
year : 1996
author 0 : Ren&eacute; Sennhauser

title : Fast algorithms for decomposable graphs.
year : 2013
author 0 : Alexander Langer

title : A temporal logic approach to iInformation-flow control.
year : 2016
author 0 : Markus N. Rabe

title : Complete Primitives for Information-Theoretically Secure Two-Party Computation.
year : 2013
author 0 : Daniel Kraschewski

title : Simulation von Vergleichm&auml;ssigungsprozessen auf stirnseitig abgebauten Massensch&uuml;ttgut-Kreislagerpl&auml;tzen mit Hilfe eines elektrischen Analogiemodells und eines gleichwertigen digitalen Modells.
year : 1983
author 0 : Sax Kreutz

title : Modellierung und Integration wissenschaftlich-technischer Anwendungen mit Step.
year : 1999
author 0 : Markus Pilz

title : Supporting communication in spatially distributed groups: privacy as a service for ambient intelligence.
year : 2016
author 0 : Jasper van de Ven

title : Architektur erweiterbarer Workflow-Management-Systeme.
year : 2000
author 0 : Jeanine Wei&szlig;enfels

title : Designing AI-Based Systems for Qualitative Data Collection and Analysis.
year : 2021
author 0 : Tim Rietz

title : "Free Software, Free Society"?: &uuml;ber die Reproduktion von Differenz in der Praxis von Free, Libre Open Source Software-Communities.
year : 2011
author 0 : Silke Meyer

title : Contribution to combinatorics on words.
year : 1985
author 0 : Do Long Van

title : Zentrale und dezentrale Informationsverarbeitung in der Distributionslogistik: Vergleich von Beispielsystemen.
year : 1995
author 0 : Stefan Spieck

title : Beitrag zur CIM-orientierten industriellen Softwareerstellung.
year : 1989
author 0 : Hartmut Barthelme&szlig;

title : Ein Beitrag zur Verhaltensantizipation und -regelung kognitiver mechatronischer Systeme bei langfristiger Planung und Ausf&uuml;hrung.
year : 2013
author 0 : Philip Hartmann

title : Optimal Sequence-Based Control of Networked Linear Systems.
year : 2015
author 0 : J&ouml;rg Fischer 0001

title : Computer im Sozialamt: die elektronische Verwaltung der Armut.
year : 1990
author 0 : Heinz-Dieter Kantel

title : Provably Secure Networks: Methodology and Toolset for Configuration Management.
year : 2017
author 0 : Cornelius Diekmann

title : Type systems for computer algebra.
year : 1993
author 0 : Andreas Weber 0004

title : Evolution of head structures in Coleoptera with special emphasis on the feeding apparatus and miniaturized forms.
year : 2018
author 0 : Margarita Yavorskaya

title : Measuring and improving code quality in highly configurable software systems.
year : 2020
author 0 : Wolfram Fenske

title : Dialogentwicklung f&uuml;r objektorientierte, graphische Benutzerschnittstellen.
year : 1996
author 0 : Christian Janssen

title : Agiles Projektmanagement f&uuml;r analytische Informationssysteme: Konstruktion und Evaluation einer situativen Methode.
year : 2012
author 0 : Philipp Gubler

title : Hypermodelling: next level software engineering with data warehouses.
year : 2013
author 0 : Tim Frey

title : Modellierung und Simulation software-intensiver eingebetteter Systeme.
year : 2001
author 0 : Stefan Scherber

title : Die Gesetzgebungsgeschichte des Internet: die Reaktion des Gesetzgebers auf das Internet unter Ber&uuml;cksichtigung der Entwicklung in den U.S.A. und unter Einbeziehung gemeinschaftsrechtlicher Vorgaben.
year : 2003
author 0 : Vanessa G&eacute;czy-Sparwasser

title : Effiziente Verfahren zur Regularisierung dynamischer inverser Probleme.
year : 2001
author 0 : Uwe Schmitt

title : Ein Beitrag zur numerischen Berechnung von nichtlinearen kurzen Flachwasserwellen mit verbesserten Differenzverfahren.
year : 1985
author 0 : Hartwig Schaper

title : Split Analysis Methods and Parametric Bootstrapping in Molecular Phylogenetics: Taking a closer look at model adequacy.
year : 2015
author 0 : Sandra A. Meid

title : Automatisches Programmieren von Wartungswerkzeugen f&uuml;r Wissensbasen.
year : 1993
author 0 : Rainer Gastner

title : Interactive Spaces for Supporting Embodied Collaborative Design Practices.
year : 2013
author 0 : Florian Geyer

title : Gekoppelte Register Insertion-Ringe in Mehrrechner-Verbindungsnetzen.
year : 1993
author 0 : Bernd Franke

title : Avoiding Unintended Flows of Personally Identifiable Information - Enterprise Identity Management and Online Social Networks.
year : 2013
author 0 : Sebastian Labitzke

title : Organisation und Informationstechnologie: Grundlagen f&uuml;r ein Konzept zur Organisationssystemgestaltung.
year : 1992
author 0 : Dirk Hoppen

title : Grenz&uuml;berschreitender Datenverkehr und Datenschutz in Europa.
year : 1995
author 0 : J&uuml;rgen Taeger

title : Die Wertigkeit des Diagnoseunterst&uuml;tzungssystems Ada DX in der Diagnosestellung seltener Erkrankungen.
year : 2019
author 0 : Simon Ronicke

title : Effective decision support for Semantic Web Service selection.
year : 2012
author 0 : Friederike Klan

title : OFS - ein objektorientiertes Entwicklungssystem f&uuml;r graphische Benutzungsschnittstellen.
year : 1993
author 0 : Michael Castner

title : Faktorenanalyse: ein Mythos?: Histor. u. konzeptionelle Unters. d. Faktorenanalyse u. Intelligenzforschung.
year : 1983
author 0 : Wolfgang Lenk

title : VLSI implementation of a calcium-based plasticity learning model.
year : 2018
author 0 : Frank L. Maldonado Huayaney

title : Mastering Variability Challenges in Linux and Related Highly-Configurable System Software.
year : 2013
author 0 : Reinhard Tartler

title : Framework-level resource awareness in robotics and intelligent systems. Improving dependability by exploiting knowledge about system resources.
year : 2018
author 0 : Johannes Wienke

title : Strukturierung von grossen Werkst&uuml;ckspektren mit Verfahren der klassifikatorischen und unscharfen Datenanalyse.
year : 1996
author 0 : Roland K&uuml;nzel

title : Ein Verfahren zur Entwurfszentrierung elektrischer Schaltungen.
year : 1982
author 0 : Rudolf Koblitz

title : Understanding and controlling leakage in machine learning.
year : 2020
author 0 : Tribhuvanesh Orekondy

title : Artificial Skin in Robotics: a comprehensive interface for system-environment interaction.
year : 2012
author 0 : Michael Strohmayr

title : Verteilte adaptive numerische Simulation auf der Basis der Finite-Elemente-Methode.
year : 1995
author 0 : Michael Schneider 0010

title : Methods for engineering symbolic human behaviour models for activity recognition.
year : 2014
author 0 : Kristina Y. Yordanova

title : Steuerung dynamischer Systeme aufgrund bildhafter Informationen.
year : 1982
author 0 : Hans-Georg Mei&szlig;ner

title : Der Dominoeffekt in der Fehlerbehandlung von Prozesssystemen.
year : 1986
author 0 : Peter Bathelt

title : Approximate Distributed Set Reconciliation with Defined Accuracy.
year : 2020
author 0 : Nico Kruber

title : Bewertung inhomogener fraktaler Strukturen und Skalenanalyse von Texturen.
year : 1992
author 0 : Uwe M&uuml;ssigmann

title : Lernsoftware im Geschichtsunterricht - eine empirische Untersuchung zu den Voraussetzungen und Anwendungsstandards einer Verwendung digitaler Lernmittler.
year : 2020
author 0 : Kathleen Cordelia Seidel

title : Entwurf und Erprobung eines PC-basierten Systems zur Diagnose und Therapie von St&ouml;rungen der lexikalischen Sprachverarbeitung und des r&auml;umlichen H&ouml;rens.
year : 2000
author 0 : Frank Artinger

title : Wissensbasierte Analyse von Fliesslinien: ein Expertensystem zur Beurteilung von verketteten Prozessen.
year : 1990
author 0 : J&uuml;rgen Foldenauer

title : Optimierung der Erfassung von Gel&auml;ndedaten f&uuml;r Umweltinformationssysteme.
year : 1997
author 0 : Matthias Bluhm

title : Belastungsgerechte Gestaltung standardisierter Standausr&uuml;stungen der Rinderhaltung.
year : 1981
author 0 : Ulrich Runge

title : Continuous Test-Based Certification of Cloud Services.
year : 2018
author 0 : Philipp Stephanow-Gierach

title : Context-aware semantic analysis of video metadata.
year : 2014
author 0 : Nadine Steinmetz

title : Analysis of Network Ensembles.
year : 2013
author 0 : Uwe Nagel 0002

title : Die Ver&auml;nderung der Fachsprache des Schriftsetzers durch den Einfluss der elektronischen Datenverarbeitung.
year : 1988
author 0 : Hans A. K&uuml;hn

title : Mehrfach-Literalfehler in logischen Funktionen und Verfahren zur Testerzeugung f&uuml;r Schaltnetze.
year : 1984
author 0 : Yongzhang Chen

title : Learning navigation policies with deep reinforcement learning.
year : 2021
author 0 : Jingwei Zhang 0001

title : Automatische Detektion menschlichen Kopfnickens und Wege zur Interpretation.
year : 2021
author 0 : Eduard Wall

title : Multiscale annealing for grouping, sementation and image quantization.
year : 1999
author 0 : Jan Puzicha

title : Manual interaction: multimodality, decomposition, recognition.
year : 2013
author 0 : Alexandra Barchunova

title : What, where, and when? Mechanisms of learning biological motion representations.
year : 2019
author 0 : Georg Layher

title : Methoden zur Realisierung einheitlicher Schnittstellen f&uuml;r offene Steuerungssysteme.
year : 2003
author 0 : Jens Br&uuml;hl

title : Layoutgestaltung grafischer Benutzungsoberfl&auml;chen: Generierung aus OOA-Modellen.
year : 1999
author 0 : Volker Kruschinski

title : Vergleichende Untersuchung &uuml;ber Computer- und Handauswertung von Fernr&ouml;ntgenseitenbildern nach der Freiburger Methode.
year : 1983
author 0 : Wolfgang Trips

title : Parallele Algorithmen zur L&ouml;sung schwachbesetzter polynominaler Gleichungssysteme.
year : 1996
author 0 : J&uuml;rgen Koch

title : Ermittlung und Beeinflussung der Betriebszuverl&auml;ssigkeit elektroenergetischer Schutzsysteme.
year : 1981
author 0 : Klaus Rothe

title : Zur Bewertung der Qualit&auml;t von Anwendersoftware mittels Software-Metriken in den Phasen des Lebenszyklus unter Nutzung von Werkzeugen.
year : 1991
author 0 : Helen Jannasch

title : Ein System f&uuml;r den modularen Entwurf und die Simulation von K-CIMOSA-Unternehmensmodellen.
year : 1997
author 0 : Walter Reithofer

title : Anwendungsspezifisches Transaktionsmanagement in Datenbanken: Konzepte und Realisierungsm&ouml;glichkeiten.
year : 1995
author 0 : Harm Knolle

title : Transparent security services for an infrastructure-as-a-service cloud.
year : 2014
author 0 : Sebastian Biedermann

title : Methoden zur Effizienzsteigerung betrieblicher CAD-Prozesse.
year : 1990
author 0 : Franz-Henning Schr&ouml;der

title : M&ouml;glichkeiten zur Realisierung von Kommunikationsrechnern auf der Basis von Mikrorechner/Mikroprozessorsystemen [Mikrorechner-Mikroprozessorsystemen].
year : 1981
author 0 : Jordan Kissjov

title : GPU data structures for graphics and vision.
year : 2011
author 0 : Gernot Ziegler

title : Automatische Analyse von Chromosomenaberrationen mit einem Multiprozessorsystem.
year : 1989
author 0 : Carl Wittler

title : Graphentheoretisches Verfahren zur koordinierten Signalisierung von Knotenpunkten.
year : 1991
author 0 : Martin Fellendorf

title : Position sharing for location privacy in non-trusted systems.
year : 2015
author 0 : Pavel Skvortsov

title : Robust learning in wireless networks: efficacy of models and prior knowledge in learning from small sample sets.
year : 2021
author 0 : Daniyal Amir Awan

title : Synchronisation und Kollisionsvermeidung der Arme in Mehr-Arm-Robotersystemen.
year : 1989
author 0 : Mingqi Li

title : Optimierung von Netzlisten kombinatorischer Schaltungen.
year : 1997
author 0 : Bernhard Rohfleisch

title : Zur hierarchischen Parameter-Extraktion beim Entwurf integrierter Schaltkreise.
year : 1988
author 0 : Volker Henkel

title : Entwicklung eines computergest&uuml;tzten Testverfahrens f&uuml;r rechtshemisph&auml;rische Verarbeitungsvorteile bei der Erkennung von Gesichtern.
year : 1997
author 0 : Soraya Seyyedi

title : Digitale Filter: Anwendung in der Spektroskopie und Derivativspektroskopie.
year : 1986
author 0 : Marion Weyandt

title : Die F&ouml;rderung von nachhaltigem Mobilit&auml;tsverhalten durch erh&ouml;hte User-Experience und den Einsatz von Informationssystemen.
year : 2017
author 0 : Carolin Ebermann

title : Computergest&uuml;tzte Modellrechnungen zum Dehnungsverhalten des Lig. cruciatum anterius und der Retinacula patellae.
year : 1994
author 0 : R&uuml;diger Fock

title : Speicherprogrammierbare stochastische Rechner.
year : 1982
author 0 : Georg Kinnemann

title : Eine Internet-Architektur mit Trennung von Locator und Identifier.
year : 2012
author 0 : Christoph Splei&szlig;

title : PC-gest&uuml;tzte Systeme der Erfolgslenkung: Anwendungsm&ouml;glichkeiten u. Ausgestaltung f&uuml;r e. qualifizierte Unternehmensf&uuml;hrng in Klein- u. Mittelbetrieben.
year : 1989
author 0 : Helmut Ammann

title : Polarized higher-order subtyping.
year : 1999
author 0 : Martin Steffen

title : SUE 1, ein geburtshilfliches Programmpaket f&uuml;r IBM-kompatible Personalcomputer im Vergleich mit anderen im Routinebetrieb eingesetzten Systemen.
year : 1990
author 0 : Andreas Istel

title : Visualization Algorithms for Maps and Diagrams.
year : 2014
author 0 : Andreas Gemsa

title : Optimierung neuronaler Netze mit der Bayes'schen Methode.
year : 1999
author 0 : Steffen Gutjahr

title : Invariant image object recognition using Gaussian mixture densities.
year : 2001
author 0 : J&ouml;rg Dahmen

title : Schedulability-oriented code optimization of hard real-time multitasking systems.
year : 2020
author 0 : Arno Luppold

title : New techniques for abstraction refinement.
year : 2018
author 0 : Marius Greitschus

title : Modellierung der Energienachfrage unter Ber&uuml;cksichtigung urbaner Formen und individueller Zeitverwendung.
year : 2012
author 0 : Stephan Braun

title : Speech-related brain responses as a basis for auditory brain-computer interfaces.
year : 2019
author 0 : Carlos Filipe da Silva Souto

title : Rechnergest&uuml;tzte Vermessung von dreidimensionalen Mikrostrukturen.
year : 1994
author 0 : Karl-Uwe Stucky

title : On public goods and location conflicts.
year : 1984
author 0 : G&ouml;tz Huttel

title : Verkehrsstrommessung mittels eines prozessnahen Bildverarbeitungsverfahrens auf der Basis von eindimensionalen Algorithmen.
year : 1992
author 0 : J&uuml;rgen Buchelt

title : Konsistenz-Algorithmen f&uuml;r Markov-Netzwerke.
year : 1995
author 0 : Hermann von Hasseln

title : Abstrakte inversive Voronoidiagramme.
year : 1994
author 0 : Ronald Rasch

title : Aspekte der Schiffsmaschinenraum-Automatisierung mit Mikrorechentechnik aus der Sicht der kubanischen Schiffahrt.
year : 1986
author 0 : C&aacute;ndido Barros Olivera

title : Interactive Visualization of Large 3D Line Sets.
year : 2020
author 0 : Mathias Kanzler

title : Exploiting BSP Abstractions for Compiler Based Optimizations of GPU Applications on multi-GPU Systems.
year : 2020
author 0 : Alexander Matz

title : Der Aspekt der Dezentralisierung bei der Analyse komplexer Systeme f&uuml;r mehrkriteriale Entscheidungsfindung.
year : 1985
author 0 : Achim Sydow

title : Attacking and defending code-based cryptosystems: towards secure efficient cryptographic applications based on error-correcting codes.
year : 2012
author 0 : Robert Niebuhr

title : Informationstheoretische Untersuchungen zur Rationalisierung des gestalterischen Entwicklungsprozesses durch faktografische Informationssysteme und der daraus resultierende rechnerunterst&uuml;tzte Ergonomie-Sachverhaltsspeicher ERGOFAKT.
year : 1989
author 0 : Falk H&ouml;hn

title : Context modelling for IT security in selected application scenarios.
year : 2015
author 0 : Kun Qian 0001

title : Einige technologische Aspekte der Steuerung von Prozessabh&auml;ngigkeiten in einem System verteilter Verarbeitung zur Unterst&uuml;tzung des betrieblichen Reproduktionsprozesses.
year : 1989
author 0 : Christian Schmidt 0008

title : Diskrete Geometrie f&uuml;r die digitale Bildverarbeitung.
year : 1989
author 0 : Albrecht H&uuml;bler

title : &Uuml;berwachung verfahrenstechnischer Prozesse unter Verwendung eines qualitativen Modellierungsverfahrens.
year : 1997
author 0 : Peter Fr&ouml;hlich 0002

title : Qualit&auml;tsgerechte Auslegung flexibler Produktionssysteme mit Hilfe von Simulation.
year : 1996
author 0 : Egbert Englert

title : Heuristische Routingverfahren f&uuml;r unstrukturierte P2P Netzwerke.
year : 2012
author 0 : Miguel Angel Rojas Gonz&aacute;lez

title : Coupling of Shallow and Non-Shallow Flow Solvers - An Open Source Framework.
year : 2018
author 0 : G&ouml;ran Florian Mintgen

title : A computational approach to decipher chromatosome structure determinants.
year : 2018
author 0 : Mehmet Ali &Ouml;zt&uuml;rk

title : Multiplicative complexity, convolution, and the DFT.
year : 1988
author 0 : Michael T. Heideman

title : Konstruktive Layoutgenerierung mit automatischer Neugenerierung unter ge&auml;nderten Randbedingungen.
year : 1999
author 0 : Markus Wolf 0001

title : Modellierung diskreter Bodenlagersysteme mit digitaler Simulation.
year : 1991
author 0 : Thorsten Pawletta

title : Aufgaben und L&ouml;sungswege beim &Uuml;bergang vom rechnergest&uuml;tzten zum rechnerintegrierten, automatisierten Werkzeugmaschinenbaubetrieb aus betriebswirtschaftlicher Sicht.
year : 1988
author 0 : Eberhard Ziegler

title : Optimierung der Werkzeugbereitstellung durch rechnergest&uuml;tzte Arbeitsfolgenbestimmung.
year : 1991
author 0 : Herbert Reichel

title : Ein Beitrag zum Entwurf leistungsstarker Kommunikationsrechner auf der Basis der Mikroprozessoren 80286 und 80386.
year : 1990
author 0 : Karsten K&uuml;nne

title : Privatheit und Datenschutz: eine soziologische Analyse aktueller Regelungen zum Schutz privater Bereiche auf dem Hintergrund einer Soziologie der Privatheit.
year : 1993
author 0 : Lorenz Gr&auml;f

title : Reflective-Physically Unclonable Function based System for Anti-Counterfeiting.
year : 2013
author 0 : Harsha Umesh Babu

title : Topics in fractal image compression and near lossless image coding.
year : 1998
author 0 : Hannes Hartenstein

title : Eine Methode zur Analyse und Optimierung des Zeitverhaltens von grossen Programmen.
year : 1986
author 0 : Stanimir Stojanow

title : Modeling interaction and causality: a two-level declarative approach.
year : 1998
author 0 : Karsten Bohlmann

title : Supporting Take-over Situations in Highly Automated Driving.
year : 2019
author 0 : Shadan Sadeghian Borojeni

title : Fehlerquellen in raumbezogenen Informationssystemen: Quantifizierung und Minimierung am Beispiel des nieders&auml;chsischen Informationssystems ; mit 7 Tabellen.
year : 1997
author 0 : Jan Sbresny

title : CAM-Beitrag zum technologischen Teil der rechnergest&uuml;tzten Jahresplanung auf der Grundlage von Erzeugnisvektoren, dargestellt am Beispiel tiefbautypischer Erzeugnisse und unter Verwendung der B&uuml;ro-, Personal- und Arbeitsplatzcomputertechnik.
year : 1989
author 0 : Uwe Markgraf

title : Managing Complex IT Projects in the Digitalization Era.
year : 2018
author 0 : Anna Neumeier

title : Die Entwicklung der Informationstechnologien in der Kernforschung unter den Bedingungen der wissenschaftlich-technischen Revolution.
year : 1987
author 0 : Klaus Friedrich 0001

title : Supporting Researchers: Analyzing the Scholarly Publication Life Cycle and Social Bookmarking Systems.
year : 2017
author 0 : Stephan Doerfel

title : Implementation of a primal-dual path following method for solving large linear programs.
year : 1991
author 0 : J&ouml;rg Mennicken

title : A high-performance computational steering framework for engineering applications.
year : 2013
author 0 : Jovana Knezevic

title : Understanding &amp; controlling user privacy in social media via exposure.
year : 2017
author 0 : Mainack Mondal

title : Modelladaptive Methoden zur Verbesserung der Robustheit von wortorientierten Spracherkennungssystemen.
year : 2000
author 0 : Marcus M. Pr&auml;tzas

title : Protein-Design in machina: k&uuml;nstliche neuronale Netze und simulierte molekulare Evolution.
year : 1994
author 0 : Gisbert Schneider

title : The Knowledge-Based Search for Water-Related Information System for the Mekong Delta, Vietnam.
year : 2014
author 0 : Thai Binh Tran

title : Anti-Aliasing f&uuml;r objektorientierte Display-Prozessoren.
year : 1994
author 0 : Claudia Romanova

title : Parallel computing with emphasis on distributed systems.
year : 2000
author 0 : Josef Sch&uuml;le

title : Spannungsberechnung an einer Welle-Nabe-Passfederverbindung mittels Finiter Elemente.
year : 1985
author 0 : Dirk Brandes

title : Modular model-based development of safety-critical flight control software.
year : 2020
author 0 : Markus Hochstrasser

title : Filterung bilinearer Systeme.
year : 1987
author 0 : Elsayed Sallam

title : Graphical models beyond standard settings: lifted decimation, labeling, and counting.
year : 2016
author 0 : Fabian Hadiji

title : Beitrag zur Gestaltung von interaktiven Systemen des Musterentwurfes und der Mustervorbereitung in der Textilindustrie.
year : 1987
author 0 : Wolfgang Oehme

title : Image-Based 3D Reconstruction of Dynamic Objects Using Instance-Aware Multibody Structure from Motion.
year : 2019
author 0 : Sebastian Bullinger

title : Using the Human Daily Routine for Optimizing Search Processes using a Service Robot in Elderly Care Applications.
year : 2014
author 0 : Syed Atif Mehdi

title : Mathematische Modellierung und Simulierung der Gef&uuml;gebildungsvorg&auml;nge beim Warmwalzen in Kalibern, vorzugsweise beim Walzen von Stabstahl und Draht.
year : 1991
author 0 : Nguyen Duc Cuong

title : Ontology visualization and analysis.
year : 2013
author 0 : Olaf Noppens

title : Holoscopy.
year : 2014
author 0 : Dierck Hillmann

title : Parallel evaluation of algebraic circuits.
year : 2017
author 0 : Daniel K&ouml;nig

title : Ans&auml;tze zur Reduktion der Berechnungskomplexit&auml;t f&uuml;r die Darstellung dynamischer Szenen in der Computergraphik.
year : 2001
author 0 : Franz Duckstein

title : Action research and learning analytics in higher education.
year : 2014
author 0 : Anna Lea Dyckhoff

title : Foundations of Regular Languages for Processing RDF and XML.
year : 2015
author 0 : Katja Losemann

title : Automatische Sensibilisierung unabh&auml;ngiger Bitpfade f&uuml;r den Modultest in synchronen Schaltwerken.
year : 1993
author 0 : Konstantin Keutner

title : Topics in dynamic semantics.
year : 1996
author 0 : Gerhard J&auml;ger

title : Eine Klasse von Modellen zur optimalen Steuerung von Produktions- und Transportprozessen im Bauwesen.
year : 1985
author 0 : Wolfgang Holland-Merten

title : Two-Agent Scheduling: Efficient Algorithms for Multiple Machine Problems.
year : 2012
author 0 : Donatas Elvikis

title : Grundlagen und Methoden zur computerunterst&uuml;tzten Auswertung von Simulationsergebnissen im VLSI-Design.
year : 1990
author 0 : Rainer Buschke

title : Scalable unsupervised learning for deep discrete generative models: novel variational algorithms and their software realizations.
year : 2020
author 0 : Enrico Guiraud

title : Test-sets und Termersetzungen f&uuml;r die Generierung rekursiv definierter Algorithmen aus Existenzaussagen.
year : 2000
author 0 : Idriss Bengeloune

title : Grundbegriffe f&uuml;r eine Logik &uuml;ber Ereignisse und Normen: ein semantischer Ansatz auf der Basis von Petrinetzen.
year : 1991
author 0 : Reinhard Linz

title : Koordination von Prozessoren mit Hilfe von Assoziativspeicherfunktionen.
year : 1981
author 0 : Christoph Steigner

title : Konstruktion und Implementierung eines neuen Verfahrens zur Kompression von Bilddaten.
year : 1999
author 0 : J&ouml;rg Haber

title : Prozessdatensicherung mit Mikrorechnern.
year : 1985
author 0 : Helmut Bresch

title : The presentation of formal proofs.
year : 1997
author 0 : Martin Simons 0001

title : Eine lernf&auml;hige Architektur zur Organisation der Verhalten eines autonomen Roboters.
year : 2001
author 0 : Thomas Bergener

title : A reconfiguration method for energy-efficient operation of multi-layer core networks.
year : 2016
author 0 : Frank Feller

title : Ein Beitrag zur Rationalisierung der Konstruktionsarbeit in der Prinzipphase mit Hilfe der Bildschirmtechnik.
year : 1983
author 0 : Eva Schumann

title : Numerische Algorithmen zur Echtzeit-Farbbildverarbeitung mit Anwendungen in der industriellen Qualit&auml;tssicherung.
year : 1999
author 0 : Jochen Biedermann

title : Untersuchungen zur Spezifikation und Implementierung eines relationalen Datenbasismechanismus.
year : 1987
author 0 : Thomas Lohse

title : On the cost of concurrency in transactional memory.
year : 2015
author 0 : Srivatsan Ravi

title : Datenschutzrechtliches Ungleichgewicht bei der Kontrolle privatwirtschaftlicher Unternehmen und &ouml;ffentlicher Wettbewerbsunternehmen?
year : 1997
author 0 : Uwe M. Seidel

title : Rechnerunterst&uuml;tzte Anpassungskonstruktion.
year : 1982
author 0 : S&aacute;ndor Vajna

title : Computer-assisted learning: toward the development and use of quality courseware.
year : 1989
author 0 : Urs Karrer

title : Untersuchung eines wissensbasierten Potentials zur Bewertung von Protein-Protein-Docking-Studien.
year : 2003
author 0 : Vera Grimm

title : Erkennung und Korrektur von &Uuml;bertragungsfehlern in transformationscodierten Bilddaten durch Ausnutzung statistischer Bindungen.
year : 1986
author 0 : Lam Tang

title : Die exakte L&ouml;sung der Zuordnungsaufgabe f&uuml;r chemische Reaktionen.
year : 1985
author 0 : Micaela Wochner

title : Datenermittlungsverfahren zur Unterst&uuml;tzung von Wirtschaftlichkeitsberechnungen beim Ersatz von Software.
year : 1987
author 0 : Alexander Pocsay

title : Wissensbasierte Systeme zur Durchf&uuml;hrung statistischer Analysen: Konzeption u. Implementation e. Prototypen.
year : 1988
author 0 : Hermann Locarek-Junge

title : Simulation des Herstellungsprozesses pr&auml;zisionsgeschmiedeter Zahnr&auml;der mit der Finite-Elemente-Methode.
year : 1995
author 0 : Hubert N&auml;gele

title : Planung, Beeinflussung und Erkennen von Auswirkungen komplexer DV-Vorhaben der Verwaltungsautomation.
year : 1985
author 0 : Hinrich E. G. Bonin

title : 3D reconstruction using generalized perspective photometric stereo.
year : 2019
author 0 : Maryam Khanian

title : Optimierungskriterien des un&uuml;berwachten Lernens in neuronaler Architektur.
year : 1998
author 0 : Claudius Schn&ouml;rr

title : Electronic Banking: die elektronische Schnittstelle zwischen Banken und Kunden.
year : 1990
author 0 : Eduard Straub

title : Zur automatischen Identifizierung einfacher Objekte aus einer Bildfolge.
year : 1992
author 0 : Christoph Geiselmann

title : Zielgr&ouml;&szlig;enadaptierte Netzdiagnose und -generierung zur Anwendung der Finite-Element-Methode in der Umformtechnik.
year : 1999
author 0 : Martin Franzke

title : Das papierarme B&uuml;ro auf der Basis internationaler Standards: Entwurfs-, Entwicklungs- u. Integrationsaspekte.
year : 1987
author 0 : J&ouml;rg Hahn

title : Dynamic resource allocation for distributed dataflows.
year : 2018
author 0 : Lauritz Thamsen

title : Ein mi&szlig;brauchfreies anonymes elektronisches Zahlungssystem.
year : 2002
author 0 : Dennis K&uuml;gler

title : Ein Vorgehensmodell zur automatischen Kopplung von Services am Beispiel der Integration von Standardsoftwaresystemen / von &#350;eref Erkayhan.
year : 2011
author 0 : Seref Erkayhan

title : Identification of nodes and Networks: robustness, immunization, and explosive synchronization.
year : 2021
author 0 : Yang Liu 0144

title : Memory and interface architectures for invasive tightly coupled processor arrays = Speicher- und Schnittstellenarchitekturen f&uuml;r invasive eng gekoppelte Prozessorfelder.
year : 2018
author 0 : &Eacute;ricles Sousa

title : Code and Data Integrity of Modern Operating Systems.
year : 2017
author 0 : Thomas Kittel 0001

title : Modeling and Solution of Continuous Set Covering Problems by Means of semi-infinite Optimization.
year : 2020
author 0 : Helene Krieg

title : Software architectures in computer graphics.
year : 1996
author 0 : Martin Fischer 0005

title : Reliability Assessment for Cloud Applications.
year : 2017
author 0 : Xiaowei Wang

title : Dynamic Simulation of Extravehicular Activities.
year : 2017
author 0 : Claas Olthoff

title : Model-Based Cross-Design for Wireless Networked Control Systems with Limited Resources: Modellgest&uuml;tztes Cross-Design f&uuml;r funkbasierte Regelungssysteme mit beschr&auml;nkten Ressourcen.
year : 2013
author 0 : Alain Tierry Chamaken Kamde

title : Computerunterst&uuml;tzte Baustellenf&uuml;hrung.
year : 1992
author 0 : Markus Gehri

title : Multi-layer conditional random fields for revealing unobserved entities.
year : 2018
author 0 : Sergey Kosov

title : Reasoning about processes and continuous change: analysis and implementation.
year : 1999
author 0 : Chunping Li

title : Trust &amp; reputation models for human sensor observations.
year : 2011
author 0 : Mohamed Bishr

title : Online density estimates: a probabilistic condensed representation of data for knowledge discovery.
year : 2017
author 0 : Michael Geilke

title : Ein Beitrag zur Verifikation von Steueralgorithmen f&uuml;r Batchprozesse auf der Basis von Petri-Netzen.
year : 1995
author 0 : Ciwan Gouma

title : Ausgew&auml;hlte Grundlagen f&uuml;r die rechnergest&uuml;tzte Technische Modellierung im Maschinenbau.
year : 1987
author 0 : Rolf Zimmermann 0001

title : On reliable undervolting in wireless sensor networks.
year : 2016
author 0 : Ulf Kulau

title : On deadlocks in concurrent systems: a Petri net based approach for deadlock prediction and avoidance.
year : 1994
author 0 : Ndombe Cacutalua

title : Extended algebraic graph transformation.
year : 1991
author 0 : Michael L&ouml;we

title : SIMEX: eine offene Simulationsumgebung zum rechnergest&uuml;tzten Entwurf mechatronischer Systeme.
year : 1996
author 0 : Ulrich Lefarth

title : Medizinische Wissensbasen: vom Wissensmodell zur Repr&auml;sentation ; ein medizintheoretischer Ansatz zur Modellierung und objektorientierten Repr&auml;sentation diagnosebezogenen Dom&auml;newissens f&uuml;r Expertensysteme in der Medizin.
year : 1995
author 0 : Norbert Paul

title : Computerbasiertes Lernen in 3D-graphischen Szenen: Entwurf, Realisierung und Evaluation einer Anwendung f&uuml;r die kardiologische Ultraschalldiagnostik.
year : 1997
author 0 : Klaus-J&uuml;rgen Quast

title : Ein objektorientiertes Rahmenwerk zur Erstellung individueller, verteilter Fertigungslenkungssysteme.
year : 1999
author 0 : Ralf Holtkamp

title : Revealing the webs: insights from the exploitation of complementary information from various magnetic resonance imaging related connectivity methods.
year : 2011
author 0 : B&aacute;lint V&aacute;rkuti

title : Zur Konzeption eines geographischen Informationssystems.
year : 1992
author 0 : Reiner Grasberger

title : Calculation and propagation of model changes based on user-level edit operations: a foundation for version and variant management in model-driven engineering.
year : 2015
author 0 : Timo Kehrer

title : Konstruktionssystem WISKON: ein Beitrag zur Weiterentwicklung von CAD-Systemen.
year : 1990
author 0 : Dieter Eulenbach

title : Polyhedral combinatorics and the acyclic subdigraph problem.
year : 1985
author 0 : Michael J&uuml;nger

title : Brain-computer interfaces (BCIs) based on sensorimotor rhythms - Evaluating practical interventions to improve their performance and reduce BCI inefficiency.
year : 2018
author 0 : Lo&iuml;c Botrel

title : Anwendung neuronaler Beschreibungsformen in der digitalen Bildquantisierung.
year : 1997
author 0 : Thomas Tuttass

title : Entwurf betrieblicher Datenelemente: e. Weg zur Integration von Informationssystemen.
year : 1988
author 0 : Walter Brenner

title : Gridification and workflow scheduling for the German D-grid.
year : 2013
author 0 : Dietmar Sommerfeld

title : Secure information exchange in organisations: an approach for solving the information misuse problem.
year : 1996
author 0 : Ralph Holbein

title : Ein Beitrag zur Modellierung des Temperaturverlaufes im Fleischbr&auml;t beim Garen.
year : 1981
author 0 : Klaus-J&uuml;rgen Jentzsch

title : Eine &uuml;berlappende Gebietszerlegungsmethode zur Parallelisierung der L&ouml;sung von parabolischen Differentialgleichungen.
year : 1994
author 0 : J&uuml;rgen J&auml;ger

title : Standard Diffusion in Networks: A Set of Models to Analyze IT Infrastructure Path Dependence.
year : 2014
author 0 : Daniel F&uuml;rstenau

title : St&ouml;rungsmanagement in der Einzel- und Kleinserienmontage: ein Beitrag zur EDV-gest&uuml;tzten Montagesteuerung.
year : 1992
author 0 : Frank Lehmann

title : Form vs. function: theory and models for neuronal substrates.
year : 2015
author 0 : Mihai A. Petrovici

title : Rechnergest&uuml;tzte Ausbildung zur Effektivierung des Lehrprozesses: dargestellt am Beispiel des Lehrgebietes Maschinentechnik.
year : 1989
author 0 : Ingrid Schneider

title : Visual Prototyping of Cloth.
year : 2015
author 0 : Kai Schr&ouml;der

title : Ein Verfahren zur kontextabh&auml;ngigen Behandlung von Ausnahmesituationen bei mobilen Servicerobotern.
year : 1999
author 0 : Detlev Gl&uuml;er

title : InstRO: a component-based toolbox for performance instrumentation = InstRO: eine Komponenten-basierte Werkzeugplattform f&uuml;r Performance Instrumentierungen.
year : 2016
author 0 : Christian Iwainsky

title : Methode und Technologie zur modellbasierten Automatisierung von Tests kontextsensitiver mobiler Anwendungen.
year : 2017
author 0 : Tobias Griebe

title : Mathematisch-statistische Modelle f&uuml;r die Kontrolle der mikrobiologischen Belastung von Gew&auml;ssern.
year : 1984
author 0 : Matthias Nagel 0004

title : Multimedia-Metacomputing in Web-basierten multimedialen Informationssystemen.
year : 2003
author 0 : Ulrich Marder

title : Entwurf linearer optischer Prozessoren mit Anwendungen in der Informationstechnik.
year : 1996
author 0 : Stephan Teiwes

title : Semi-dense filter-based visual odometry for automotive augmented reality applications.
year : 2019
author 0 : Stephan Schmid 0003

title : Retrieval-Methoden und Prototypen-Architekturen des Case-Based-Reasoning f&uuml;r medizinische Expertensysteme.
year : 1999
author 0 : Rainer Schmidt 0010

title : Untersuchungen zum Mikrorechnereinsatz f&uuml;r den Nachweis von Drifterscheinungen unter Verwendung ausgew&auml;hlter statistischer Analyseverfahren.
year : 1982
author 0 : Alexander Rothe

title : Flussgraphgrammatiken.
year : 1990
author 0 : Ulrike Lichtblau

title : Eignung von Social-Tagging-Systemen f&uuml;r die Informationssuche im Internet.
year : 2013
author 0 : Diana Jurjevic

title : Estimating Dependency, Monitoring and Knowledge Discovery in High-Dimensional Data Streams.
year : 2020
author 0 : Edouard Fouch&eacute;

title : EDV-Beratungsvertr&auml;ge.
year : 1993
author 0 : Andr&aacute;s A. Gurovits

title : Ein System zur Online-Qualit&auml;tssicherung in der Strahlentherapie.
year : 2003
author 0 : R&uuml;diger Hofmann

title : Rechnergef&uuml;hrte Gewinnung von Verf&uuml;gbarkeitsdaten zur Nutzungssteigerung automatisierter Grossanlagen.
year : 1982
author 0 : Ewald Matull

title : Beitrag zur technologischen Ablaufplanung im G&uuml;terkraftverkehr.
year : 1982
author 0 : Gerhard Schwenzer

title : Rechnerunterst&uuml;tztes Kalibrieren.
year : 1983
author 0 : Paul Josef Mauk

title : Controlling the success of official development assistance (ODA) projects: the impact monitoring system ; a computer based approach to monitoring and evaluation.
year : 1999
author 0 : Michael Willy Hoeppel

title : Untersuchungen zur numerischen Realisierung einer Dekompositionsmethode zum L&ouml;sen linearer Optimierungsaufgaben.
year : 1980
author 0 : Karla Michler

title : Privacy-preserving spatiotemporal multicast for mobile information services.
year : 2017
author 0 : Sander Wozniak

title : SCTP as an Universal Multiplexing Layer.
year : 2021
author 0 : Felix Weinrank

title : Recycling-Informationssysteme: Integration von Produktion und Recycling.
year : 1999
author 0 : Bernd Schneider

title : New public-key cryptosystems with fast decryption.
year : 2001
author 0 : Tsuyoshi Takagi

title : Flexible Roboterprogrammierung durch Training.
year : 1995
author 0 : Michael Nicolaou

title : Abtasttest von Mikroprozessoren und Mikroprozessorsystemen.
year : 1983
author 0 : Martin Simons 0002

title : F&uuml;hrungsinformationssysteme f&uuml;r die internationale Management-Holding.
year : 1999
author 0 : J&ouml;rg H. Mayer

title : Der gl&auml;serne Mensch im Internet: ethische Reflexionen zur Sichtbarkeit, Leiblichkeit und Personalit&auml;t in der Online-Kommunikation.
year : 2013
author 0 : Anne-Kathrin L&uuml;ck

title : A parametric sound object model for sound texture synthesis.
year : 2011
author 0 : Daniel M&ouml;hlmann

title : M&ouml;glichkeiten und Aspekte des Arbeitens mit Elementen der Computergrafik im Geometrieunterricht der Abiturstufe in der Deutschen Demokratischen Republik.
year : 1990
author 0 : Michael Gieding

title : Ein Beitrag zur Implementation graphischer Nutzerinterfaces in modernen Betriebssystem-Umgebungen.
year : 1990
author 0 : Mathias Wendler

title : Strategische Kooperationen in der Multimediaindustrie: Entstehung, Evolution und Management.
year : 1999
author 0 : Dirk Markus

title : Computational Analysis of Task-Related Mental Representation Structures for User-Adaptive Cognitive Assistance Systems.
year : 2021
author 0 : Benjamin Strenge

title : Quantitative Methods for Similarity in Description Logics.
year : 2017
author 0 : Andreas Ecke

title : From sprites to global motion temporal filtering.
year : 2010
author 0 : Andreas Krutz

title : Spezielles rechnerunterst&uuml;tztes Projektierungsverfahren f&uuml;r hydraulische Antriebe.
year : 1988
author 0 : Paul Gr&uuml;nler

title : Programmierung, Simulation und Steuerung der Bewegung von Industrierobotern.
year : 1986
author 0 : Andreas Karguth

title : Strukturadaptierte neuronale Netze zur reaktiven Erzeugung kollisionsvermeidender Robotertrajektorien in zeitabh&auml;ngigen Umwelten.
year : 1994
author 0 : Gerald Fahner

title : Ein Verfahren zur Konfiguration von Mehrprozessorsystemen.
year : 1981
author 0 : Rainer Hesse

title : M&ouml;glichkeiten der Anwendung der virtuellen Realit&auml;t im Sport: dargestellt am Beispiel der Sportart Karate-Kumite unter besonderer Ber&uuml;cksichtigung von Reaktionsf&auml;higkeit und Antizipation.
year : 2019
author 0 : Katharina Petri

title : R&uuml;ckw&auml;rtserholung in verteilten fehlertoleranten Realzeitsystemen.
year : 1988
author 0 : Mathilde Maurer

title : Parameteridentifikation unter Anwendung der Empfindlichkeitstheorie und stochastischer Optimierungsalgorithmen.
year : 1987
author 0 : Hassan Dadoura

title : Analyse und Simulation limbischer Charaktere in Minorit&auml;tenspielen und Rechnernetzen.
year : 2012
author 0 : Coskun Akinalp

title : Entwurfsstrukturen f&uuml;r Application Sharing Systeme auf einer heterogenen Plattform.
year : 1999
author 0 : Klaus Heinrich Wolf

title : Untersuchungen zu Parallelprozessorstrukturen an konkreten 8-bit/16-bit-Multiprozessorsystemen.
year : 1987
author 0 : Wolf-Dietrich Harz

title : Ein interaktives Fragen-Antwort-Programm f&uuml;r Gef&auml;sschirurgie mit einer neu entwickelten EDV-Anwendung.
year : 1995
author 0 : Susanne Engel

title : Signal and image processing methods for imaging mass spectrometry data.
year : 2014
author 0 : Jan Hendrik Kobarg

title : Adaptiver Fehlerschutz in drahtlosen lokalen Netzen zur optimierten &Uuml;bertragung skalierbar codierter Videodaten.
year : 2012
author 0 : Mike Heidrich

title : Anwendung von Reanalyseverfahren bei der Eigenschwingungsberechnung mit der Methode der finiten Elemente.
year : 1988
author 0 : Uwe Schramm

title : On combinatorial optimization problems arising in computer system design.
year : 1994
author 0 : Carlos E. Ferreira

title : Rekonfigurierbare Gruppenantennen f&uuml;r die bakengest&uuml;tzte Datenkommunikation.
year : 1996
author 0 : Felix Dobias

title : Probabilistic tracking with database systems.
year : 2014
author 0 : Gereon Sch&uuml;ller

title : Semantische Datenmodellierung in Theorie und Praxis.
year : 1992
author 0 : Egon Kaiser

title : Entwicklungs- und Laufzeitunterst&uuml;tzung f&uuml;r verteilte multimediale Anwendungen.
year : 1993
author 0 : Gerold Blakowski

title : Aufbau eines computerunterst&uuml;tzten Dokumentationssystems in der Psychiatrie.
year : 1983
author 0 : Bernhard Pollwein

title : Kombinatorische Algorithmen f&uuml;r Flussprobleme und submodulare Flussprobleme.
year : 1992
author 0 : Claus Wallacher

title : Preference learning for machine translation.
year : 2018
author 0 : Patrick Simianer

title : Representation learning on complex data.
year : 2021
author 0 : Julian Busch

title : Ein Programmsystem zur Kleinrechner-gesteuerten Auswertung morphometrischer Daten und die Durchf&uuml;hrung am Beispiel menschlicher Leberzellpr&auml;parate.
year : 1987
author 0 : Maren Schoon

title : Automatic design error correction of combinational circuits.
year : 2001
author 0 : Dirk W. Hoffmann

title : Modellbasierter evolution&auml;rer Funktionstest.
year : 2012
author 0 : Felix F. Lindlar

title : Architectural refinement in Hets.
year : 2012
author 0 : Mihai Codescu

title : Synchronisierte Oszillationen im visuellen Cortex: ein synergetisches Modell.
year : 1993
author 0 : Peter Alexander Tass

title : Der Reproduktionsprozess des territorialen Arbeitsverm&ouml;gens: seine Systematisierung, komplexe modellhafte Erfassung und rechnergest&uuml;tzte Simulation.
year : 1988
author 0 : Axel Nicolaus

title : Entwurf optimaler Zustands- und Ausgangsr&uuml;ckf&uuml;hrungen mittels Poleempfindlichkeiten.
year : 1988
author 0 : Horst G&uuml;lich

title : Wissensbasierte Systeme zur Methodenentwicklung und zur Analyse von Kalibrationen in der Flie&szlig;injektionsanalyse.
year : 1997
author 0 : Axel L&ouml;hn

title : Serielle versus parallele Verarbeitung visueller Information: eine experimentelle Untersuchung am Beispiel eines Konzentrationstests.
year : 1994
author 0 : Matthias Meyer 0003

title : Hochdynamische Bildgewinnung, Fahrzeugerkennung bei Nacht und Regensensorik: Beitr&auml;ge zu kamerabasierten Fahrerassistenzsystemen.
year : 2011
author 0 : Steffen Michael G&ouml;rmer

title : Neuronale Regelung am Beispiel der autonomen Fahrzeugf&uuml;hrung.
year : 1995
author 0 : Hans Fritz

title : Data Revocation on the Internet.
year : 2018
author 0 : Olga Kieselmann

title : Software in der Zwangsvollstreckung.
year : 1994
author 0 : Styliani Bleta

title : Analoge Schaltungstechnik f&uuml;r die Emulation biologieorientierter Neuronenmodelle.
year : 1999
author 0 : Martin Ehlert

title : Camera Calibration with Non-Central Local Camera Models.
year : 2021
author 0 : Johannes Beck

title : New Data Based Matching Strategies for Visual Motion Estimation.
year : 2020
author 0 : Christian Bailer

title : Informations- und Kommunikationssysteme als Wettbewerbsfaktor: Strategien und operative Umsetzung.
year : 1989
author 0 : Petra Strauch

title : Untersuchungen zum methodischen Vorgehen der Lehrkr&auml;fte in der Ingenieurausbildung bei Anwendung moderner Rechentechnik in &Uuml;bungen des Lehrgebiets "Technologische Prozessgestaltung".
year : 1989
author 0 : Horst Harwarth

title : Virtuelle Realit&auml;t im neuroanatomischen Unterricht: ein Vergleich mit konventionellen Lehrmethoden.
year : 2012
author 0 : Christina Amaxopoulou

title : Prosodic event detection for speech understanding using neural networks.
year : 2020
author 0 : Sabrina Stehwien

title : Orthogonale Visualisierungstechniken f&uuml;r Graphen.
year : 1997
author 0 : Ulrich F&ouml;&szlig;meier

title : Entwicklung numerischer und graphischer Methoden zur Analyse von Molek&uuml;ldynamik-Simulationen.
year : 1991
author 0 : Michael Krug

title : Design and implementation of an adaptive error control protocol.
year : 1999
author 0 : Christian Schuler

title : Beitrag zur rechnergest&uuml;tzten Analyse leistungselektronischer Schaltungen.
year : 1986
author 0 : Helfried Richter

title : Navigating in complex process model collections.
year : 2015
author 0 : Markus Hipp

title : Datenerfassung und rechnergesteuertes "peak matching" am Massenspektrometer LKB 9000 A.
year : 1985
author 0 : Norbert Stoll

title : Entwicklung einer Reportingplattform als entscheidungsunterst&uuml;tzendes System: ein komponentenbasierter Ansatz.
year : 2001
author 0 : J&ouml;rg Rieckmann

title : Konnektionistische Modelle in der Sprachverarbeitung.
year : 2000
author 0 : Christel Kemke

title : Bewertungsoptimales Routen von Schiffen.
year : 1979
author 0 : Hubertus Zunker

title : Adaptive user interface of industrial automation systems.
year : 2015
author 0 : Farzan Yazdi Motlagh

title : Zum rechnergest&uuml;tzten Entwurf quasilinearer Systeme.
year : 1981
author 0 : Waldemar Hauk

title : Bruchhafte Verformung von Sedimenten w&auml;hrend der Taphrogenese: Massstabsmodelle und rechnergest&uuml;tzte Simulation mit Hilfe der FEM (finite element method).
year : 1987
author 0 : Thomas Gundlach

title : Zuverl&auml;ssigkeitsuntersuchungen von Spezialbauwerken der Energie- und Lagerwirtschaft.
year : 1982
author 0 : Werner Burzel

title : Natural language processing and information retrieval methods for intellectual property analysis.
year : 2014
author 0 : Charles Jochim

title : Texturanalyse und maschinelles Lernen in der onkologischen Bildgebung - klinische und technische Anwendungen.
year : 2019
author 0 : Tobias Hepp

title : Interdisziplin&auml;re Werkstoffauswahl durch Aufbau eines Material Data Mart.
year : 2001
author 0 : Andreas Gro&szlig;e

title : Operative Portr&auml;ts: eine Bildgeschichte der Identifizierbarkeit von Lavater bis Facebook.
year : 2019
author 0 : Roland Meyer 0003

title : TUFT - T&uuml;binger Fehlertoleranz f&uuml;r Nachrichtenaustauschsysteme.
year : 1998
author 0 : Lavrentios Servissoglou

title : Biometrische Methodik zur Auswertung von L&auml;ngsschnittdaten am Beispiel der kindlichen Entwicklung.
year : 1984
author 0 : Gottfried Kern

title : Beitrag zur Betrachtung von Safety-Intrusion bei Systemen mit funktionaler Sicherheit.
year : 2012
author 0 : Evzudin Ugljesa

title : Modulkonzepte und Berechnungen im polymorphen &#955;-Kalk&uuml;l h&ouml;herer Ordnung.
year : 1991
author 0 : Joachim Philippi

title : Implementation of turbo-decoders on programmable architectures.
year : 2002
author 0 : Heiko Michel

title : Performance Analysis of Multi-Core Multi-Mode Systems with Shared Resources - Principles and Application to AUTOSAR -.
year : 2015
author 0 : Mircea Negrean

title : Entwurf adaptiver lernender Roboter.
year : 1999
author 0 : Mohamed Salah Hamdi

title : HYDE: Konsistente Bewertung von Protein-Ligand-Komplexen auf der Basis von Wasserstoffbr&uuml;cken- und Dehydratationsenergie; von der Theorie zur Anwendung.
year : 2012
author 0 : Nadine Schneider

title : Easy instances for model checking.
year : 2001
author 0 : Markus Frick

title : Ein funktionales Modellspeichersystem f&uuml;r parallel zu verarbeitende CAD-Objekte.
year : 1993
author 0 : Michael M&uuml;nke

title : VC dimension and learnability of sparse polynomials.
year : 1991
author 0 : Thorsten Werther

title : A parameter-optimizing model-based approach to the analysis of low-SNR image sequences for biological virus detection.
year : 2016
author 0 : Dominic Siedhoff

title : Informationsverarbeitungs-Controlling in Dienstleistungsunternehmungen: zielorientierte Steuerung der betrieblichen Informationsverarbeitung.
year : 1993
author 0 : Uwe Wolfgang Botschatzke

title : Information based universal feature extraction and object recognition.
year : 2017
author 0 : Mohammad Amiri

title : Zur Parallelisierung des SSS*-Algorithmus.
year : 1990
author 0 : Hans-Joachim Kraas

title : A verification environment for I-O-automata based on formalized meta-theory.
year : 1998
author 0 : Olaf M&uuml;ller

title : Enhancing Cloud Security with Trusted Execution.
year : 2021
author 0 : Stefan Brenner

title : Pfadplanung f&uuml;r Manipulatoren in komplexen Umgebungen mittels generalisierender Pfadspeicherung in Ellipsoidkarten.
year : 1995
author 0 : Margit Kinder

title : Motion optimization and control for multiple mobile robots using artificial intelligence approach.
year : 2016
author 0 : Bashra Kadhim Chabor Alwawi

title : Effective and Efficient Process Engine Evaluation.
year : 2017
author 0 : Simon Harrer

title : Ein netztheoretisches Modell zur quantitativen Analyse von Systemen (Q-Modell).
year : 1984
author 0 : Maurizio Tazza

title : Technologische Aspekte der mathematisch-programm&auml;ssigen Versorgung automatisierter (rechnerunterst&uuml;tzter) Prozesse der Planung.
year : 1981
author 0 : Hans-Joachim Burghardt

title : Bemassen und Tolerieren in CAD-Systemen mit Volumenmodellierern.
year : 1987
author 0 : Ruxin Ning

title : Modal sound synthesis for interactive virtual environments.
year : 2017
author 0 : Dominik Rausch

title : Psychologische Beitr&auml;ge zur Gestaltung von Benutzerschulungen.
year : 1989
author 0 : Raimund Schindler

title : Multi-class brain-computer-interface for communication &amp; assistive devices / vorgelegt 2018 von Alexander Knorr.
year : 2020
author 0 : Alexander Knorr

title : Untersuchung der Einbindung wissensbasierter Systeme in die Planung von Tagebauen, am Beispiel der Direktversturzkombination.
year : 1992
author 0 : Uwe Labude

title : PROMISE: modeling and predicting user behavior for online analytical processing applications.
year : 2001
author 0 : Carsten Sapia

title : Hierarchischer Programmentwurf in der Algebra binaerer Relationen.
year : 1981
author 0 : Hans Oskar Gerstmann

title : Untersuchung und Evaluierung von Bildqualit&auml;tsverlusten nach verlustbehafteter Bilddatenkompression.
year : 1999
author 0 : Oliver Kalthoff

title : Robuste Regelung nichtlinearer Prozesse nach der &#956;-Analyse und -Synthese.
year : 1997
author 0 : Frank Wienand

title : Temporale Pr&uuml;fung von Software-Funktionen.
year : 2011
author 0 : Andreas Schulze

title : Datenbank-orientiertes Rechnungswesen: Grundz&uuml;ge e. EDV-gest&uuml;tzten Realisierung d. Einzelkosten- u. Deckungsbeitragsrechnung.
year : 1983
author 0 : Werner Sinzig

title : Generierung von Dokumentverarbeitungssystemen aus formalen Spezifikationen von Dokumentarchitekturen.
year : 1996
author 0 : Werner Schreiber

title : glueTK: A Framework for Multi-modal, Multi-display Interaction.
year : 2014
author 0 : Florian van de Camp

title : Zur Anwendung heuristischer Methoden in der nichtlinearen ganzzahligen Optimierung.
year : 1981
author 0 : R&uuml;diger Armann

title : Logistikgerechte PPS-Systeme: Konzeption, Aufbau, Umsetzung.
year : 1990
author 0 : Detlef F. Pape

title : Trigeminale Innervation des olfaktorischen Systems: Anatomie und Funktion.
year : 2014
author 0 : Melanie Anne S&ouml;chtig

title : Aspekte der Automatisierbarkeit und Automatisierungsw&uuml;rdigkeit von Informationsverarbeitungsprozessen der Dispensairebetreuung.
year : 1984
author 0 : Henning Thoelke

title : Computergest&uuml;tzte interaktive Methodenauswahl.
year : 1980
author 0 : Paul Alpar

title : A Secure and Reliable Communication Platform for the Smart Grid.
year : 2017
author 0 : Kubilay Demir 0001

title : Ein Ansatz f&uuml;r die Problemklassenstrukturierung im Dialog.
year : 1980
author 0 : Eberhard Hegewald

title : Lagrangian-Lagrangian fluid-solid coupling in a generalized finite difference framework.
year : 2021
author 0 : Jens Bender

title : Resolving Representation Heterogeneity in Real-World Knowledge Graphs.
year : 2021
author 0 : Jan-Christoph Kalo

title : Datenschutz bei der Daten&uuml;bermittlung im Zivilverfahren.
year : 1994
author 0 : Brigitta Liebscher

title : Dynamic maintenance of convex polytopes and related structures.
year : 1992
author 0 : Otfried Schwarzkopf

title : Zur Quasikonvexit&auml;t spezieller Permutationsprobleme.
year : 1985
author 0 : Eberhard Bl&uuml;mel

title : Evaluation eines computergest&uuml;tzten Planspiels.
year : 1995
author 0 : Guido H&ouml;sch

title : Automatische Echtzeitbeurteilung der Zuverl&auml;ssigkeit von Bewegungsvektoren in Fernsehbildern.
year : 1997
author 0 : Christian Stredicke

title : Improved security proofs and constructions for public-key cryptography.
year : 2016
author 0 : Jiaxin Pan

title : Learning Multilingual Semantic Parsers for Question Answering over Linked Data. A comparison of neural and probabilistic graphical model architectures.
year : 2019
author 0 : Sherzod Hakimov

title : Objektsensitive Verfolgung und Klassifikation von Fu&szlig;g&auml;ngern mit verteilten Multi-Sensor-Tr&auml;gern.
year : 2016
author 0 : Johannes Pallauf

title : 1 pass top down update schemes for search trees: design, analysis and application.
year : 1984
author 0 : Michael Schrapp

title : Die Bedeutung der Wahrscheinlichkeitsrechnung f&uuml;r die Gefahrenbeurteilung im technischen Sicherheitsrecht: e. Beitr. zur Verfeinerung des rechtlichen Gefahrenbegriffs unter besonderer Ber&uuml;cksichtigung der Problematik im Atomrecht.
year : 1985
author 0 : Ehrenfried Mathiak

title : Rechnerunterst&uuml;tzte technologische Vorbereitung flexibler Montageprozesse in der Serienfertigung des Maschinenbaus.
year : 1986
author 0 : G&uuml;nter Binger

title : Zur L&ouml;sung kombinatorischer Optimierungsaufgaben und bestimmter Reihenfolgeprobleme.
year : 1981
author 0 : G&uuml;nter Kuscher

title : An object-oriented version model for context-aware data management.
year : 2014
author 0 : Michael Grossniklaus

title : On confluence and semantic full abstraction of lambda calculus languages.
year : 2016
author 0 : Fritz M&uuml;ller 0001

title : Scheduling of flow shops with synchronous movement.
year : 2015
author 0 : Stefan Waldherr

title : Dynamische Schutzsicherheit unter Ber&uuml;cksichtigung elektromechanischer Ausgleichsvorg&auml;nge in Hochspannungsnetzen.
year : 2017
author 0 : Christian Romeis

title : Gestures for Human-Machine Interaction. Design Aspects, User Experience and Impact on Driving Safety.
year : 2020
author 0 : Lisa Graichen

title : Performance-Modellierung und Simulation eines SAP-Netweaver-Portal-Systems.
year : 2013
author 0 : Manuel Mayer

title : Virtualization system for life science automation laboratory.
year : 2014
author 0 : Yanfei Li

title : Untersuchungen zur Migration und Emulation von Architekturmodellen eingebetteter Hardware-Software-Systeme.
year : 1999
author 0 : Gerd vom B&ouml;gel

title : Die Schnittstelle des Menschen zu seiner Umwelt.
year : 1982
author 0 : Claus R. R&ouml;hling

title : Zur Entwicklung von Romberg-Quadraturverfahren f&uuml;r Produktintegrale mit Hilfe von Formelmanipulationssystemen.
year : 1981
author 0 : Siegfried Schipke

title : Consistency management for object databases.
year : 2000
author 0 : Hussien Oakasha

title : Unterst&uuml;tzung der T&auml;tigkeit des Konstrukteurs in der Gestaltungsphase des konstruktiven Entwicklungsprozesses unter Einbeziehung des CAD-Systems IGM/3D.
year : 1987
author 0 : Gudrun Webel

title : Beitrag zur On-line-Diagnose elektromechanischer Vermittlungseinrichtungen unter besonderer Ber&uuml;cksichtigung des Mensch-Rechner-Dialogs.
year : 1987
author 0 : Wolfgang Frohberg

title : PDE-based image compression based on edges and optimal data.
year : 2015
author 0 : Markus Mainberger

title : Treiber, Auswirkungen und Erfolgsfaktoren der Integration von Informationssystemen.
year : 2013
author 0 : Maximilian Chowanetz

title : Zur kommunikationsseitigen Beschreibung und Dimensionierung von Mikrorechner-Automatisierungsanlagen.
year : 1985
author 0 : J&ouml;rg Sawatzky

title : Neuronale Modellierung mehrdimensionaler nichtlinearer Systeme: Lernverfahren und Anwendungen.
year : 2000
author 0 : Frank Puffer

title : Anwendung neuer Technologien zur Erfassung des Verkehrsablaufs.
year : 2003
author 0 : Gerhard Listl

title : Konstruktive Lernverfahren neuronaler Klassifikatoren.
year : 2000
author 0 : Robert Eigenmann

title : Beitr&auml;ge zur Anwendung der digitalen Bildverarbeitung in der Nahphotogrammetrie.
year : 1988
author 0 : Ibrahim F. M. Shaker Ali

title : Strukturierung von Entscheidungsnetzen zur Konfigurierung der Bildverarbeitungskomponenten f&uuml;r die Detailanalyse in Aufkl&auml;rungsbilddaten.
year : 1996
author 0 : Edmond Henri Mauer

title : Fault-Tolerance and Deaggregation Security of Aggregate Signatures.
year : 2020
author 0 : Bj&ouml;rn Kaidel

title : A Formal View on Training of Weighted Tree Automata by Likelihood-Driven State Splitting and Merging.
year : 2018
author 0 : Toni Dietze

title : Brustkrebs im Internet.
year : 2003
author 0 : Sinje Jonassen

title : Betriebliche Informatik-Ausbildung.
year : 1989
author 0 : Thomas J&uuml;rg Gulisch

title : Kundenorientierter B&uuml;rosystem-Einsatz.
year : 1994
author 0 : Edda Pulst

title : Charakterisierung faseroptischer &Uuml;bertragungsstrecken: Multimodefasern und ihr Einsatz in Kommunikationssystemen.
year : 1987
author 0 : Peter Heinzmann

title : Supporting Software Development by an Integrated Documentation Model for Decisions.
year : 2020
author 0 : Tom-Michael Hesse

title : Accelerating mono and multi-column selection predicates in modern main-memory database systems.
year : 2019
author 0 : David Broneske

title : Das Konzept einer Maschinenkontrollschicht f&uuml;r Betriebssysteme.
year : 1996
author 0 : Wolfgang Stukenbrock

title : CAD-Verarbeitung zur Simulation von Molek&uuml;lspektren.
year : 1989
author 0 : Annemarie Herrmann

title : Untersuchung zum Anwendungspotential von Spot- und TM-Daten f&uuml;r die digitale land- und forstwirtschaftliche Landnutzungsklassifikation anhand von Simulations- und Originalaufnahmen.
year : 1988
author 0 : Hans J&uuml;rgen Stibig

title : Corporate prediction markets: a multi-agent simulation based on laboratory experiments.
year : 2013
author 0 : Frank M. A. Klingert

title : Zur Terminplanung schriftlicher und m&uuml;ndlicher Pr&uuml;fungen unter Anwendung exakter und heuristischer Methoden der Graphenf&auml;rbung.
year : 1991
author 0 : Martin J&uuml;nke

title : Integration von analytischem und heuristischem Wissen in ein System zur experimentellen Modellbildung.
year : 1993
author 0 : Klaus Mindel

title : Ein paralleler APL-Rechner.
year : 1989
author 0 : J&uuml;rgen Sauermann

title : Beitr&auml;ge zur Entwicklung digitaler Video-Systeme f&uuml;r den Einsatz in radiografischen Arbeitspl&auml;tzen.
year : 1989
author 0 : Peter Schneider

title : Channel-SLAM: multipath assisted positioning.
year : 2018
author 0 : Christian Gentner

title : Verteilte Prozessdatenverarbeitung mit multimedialen Informationsnetzen.
year : 2003
author 0 : Martin K&ouml;llmann

title : Sprecherspezifische Parametrisierung von Sprachgrundfrequenzverl&auml;ufen: Analyse, Synthese und Evaluation.
year : 2001
author 0 : Joachim Mersdorf

title : The analysis of the German-Taiwanese trade and the European Economic Community (EEC): Taiwanese trade, theory and econometric analysis.
year : 1983
author 0 : Hak Choi

title : Tree description grammars and underspecified representations.
year : 1999
author 0 : Laura Kallmeyer

title : Die Tits-Alternative f&uuml;r eine relevante Klasse endlich pr&auml;sentierter Gruppen unter besonderer Ber&uuml;cksichtigung computeralgebraischer Aspekte.
year : 2015
author 0 : Kristina Rosenthal

title : A formal object specification technique using rule-based transformation of partial algebras.
year : 1997
author 0 : Annika Wagner

title : Image-based approaches to hair modeling.
year : 2013
author 0 : Tom&aacute;s Lay Herrera

title : End-to-End Neural Speech Translation.
year : 2019
author 0 : Matthias Sperber

title : Zur Entwicklung eines mathematischen Modells f&uuml;r ein praxisgerechtes Halmbruchwarnsystem in Winterweizen.
year : 1982
author 0 : Gerhard Siebrasse

title : Representation and parallelization techniques for classical planning.
year : 2012
author 0 : Tim-Christian Schmidt

title : Optimale pr&auml;diktive Entw&uuml;rfe f&uuml;r zeitdiskrete Eingr&ouml;ssensysteme.
year : 1992
author 0 : Bert Taube

title : CFEM - ein Integrationsbaustein f&uuml;r die CIM-Komponenten CAD und FEM.
year : 1991
author 0 : Henning Hallmann

title : Ein objektorientiertes Framework f&uuml;r strukturierte Grafik.
year : 1997
author 0 : Ulrich K&ouml;rber

title : Single-column data profiling.
year : 2020
author 0 : Hazar Harmouch

title : Graphenorientierte Methoden zur Durchf&uuml;hrung des verketteten Ablaufs automatisierter Schaltungsentw&uuml;rfe.
year : 1995
author 0 : Otmar von Steuber

title : Charakterisierung von monomialen Funktionen und L&ouml;sung von Funktionalgleichungen mit Computern.
year : 1995
author 0 : Attila Gil&aacute;nyi

title : A portable and flexible framework for cscw systems.
year : 2000
author 0 : Dirk Sturzebecher

title : On discovering and incrementally updating inclusion dependencies.
year : 2020
author 0 : Nuhad Shaabani

title : Robust Localization for Mobile Robots in Forest Environments.
year : 2017
author 0 : Thomas Pfister

title : Schneller Entwurf interaktiver dreidimensionaler Computeranimationen: Beitr&auml;ge zur wissensbasierten Modellierung und Illustration komplexer technischer Systeme.
year : 1999
author 0 : Christian Geiger

title : Towards Socially Interactive Robots - Designing an Emotion-based Control Architecture.
year : 2012
author 0 : Jochen Hirth

title : Model-driven engineering of self-adaptive user interfaces.
year : 2019
author 0 : Enes Yigitbas

title : Attraktivit&auml;tsgesteuerte dynamische Alternativenwahlmodelle: Analysen u. Simulationen in drei Anwendungsbereichen.
year : 1984
author 0 : Bernhard G&uuml;ldner

title : Anwendung der digitalen Systemsimulation zur Untersuchung des Mengen- und Zeitverhaltens von Fertigungsprozessen mit Grossserienfertigung.
year : 1981
author 0 : Wilfried Mascolus

title : Objektorientierte Methode zur Entwicklung von Produktmodellen als Basis integrierter Ingenieursysteme.
year : 1995
author 0 : Martin Genderka

title : Ein analytisches Modell zur Bestimmung des Kommunikationsbereichs induktiver Identifikationssysteme.
year : 1999
author 0 : Peter Fery

title : Modellbildung und Simulation in einem Expertensystem zur Konfigurierung hydrostatischer Mobilantriebe.
year : 1995
author 0 : Ralf Ebner 0002

title : Nonlocal evolutions in image processing.
year : 2018
author 0 : Giovanno Marcelo C&aacute;rdenas

title : Robuste 3D-Objekterkennung und Lagebestimmung durch Auswertung von 2D-Bildfolgen.
year : 1995
author 0 : Rainer Otterbach

title : Ordnung im Raum - Molek&uuml;lstruktur und Kristallpackung.
year : 1999
author 0 : Stefan Reichling

title : Das unscharfe Paradigma in der modernen Bildcodierung.
year : 1998
author 0 : Alexander Steudel

title : Privacy-preserving E-ticketing Systems for Public Transport Based on RFID/NFC Technologies.
year : 2015
author 0 : Ivan Gudymenko

title : Systemtheoretische Beschreibung optischer Nachrichten&uuml;bertragungssysteme.
year : 1983
author 0 : Erich Lutz

title : Sozialkulturelle Determinanten der Berufsfindung kaufm&auml;nnischer Auszubildender.
year : 1982
author 0 : Werner Wehmeier
author 1 : Hans-Hermann Riedel

title : Optimalit&auml;tsbedingungen zweiter Ordnung f&uuml;r optimale Steuerprobleme bei semilinearen parabolischen Anfangsrandwertaufgaben mit Steuer- und Zustandsbeschr&auml;nkung.
year : 1991
author 0 : Helmuth Goldberg

title : Ein Beitrag zur mathematischen Modellierung von Systemen der verteilten Verarbeitung in lokalen Rechnernetzen.
year : 1990
author 0 : Wolfgang H&ouml;lzer

title : Zur Optimierung der Vorratsh&ouml;he in hierarchisch organisierten Lagersystemen.
year : 1984
author 0 : Siegfried Kurzhals

title : Exploiting the Social Structure of Human Mobility for Opportunistic Networks.
year : 2013
author 0 : Theus Hossmann

title : Hafenprojektplanung, Entwicklung eines rechnergest&uuml;tzten Planungsmodells f&uuml;r Seeh&auml;fen.
year : 1984
author 0 : Hans-Herbert Wagschal

title : Compileroptimierung und parallele Code-Generierung f&uuml;r zeitkritische eingebettete Multiprozessorsysteme.
year : 2020
author 0 : Simon Reder

title : Superposition modulo theory.
year : 2013
author 0 : Evgeny Kruglov

title : Active multispectral SWIR imaging for reliable skin detection and face verification.
year : 2017
author 0 : Holger Steiner

title : Efficient integration of query algebra modules into an extensible database framework.
year : 2001
author 0 : Stefan Dieker

title : Modulare Parallelisierung von Algorithmen der digitalen Bildverarbeitung.
year : 1999
author 0 : Gerald Schreiber

title : Informationsmodellierung f&uuml;r die integrierte Arbeitsplanerstellung im Bereich der zerspanenden Fertigung.
year : 1992
author 0 : Ralf Cremer

title : Quality assessment of compressed and impaired monochrome still pictures.
year : 1997
author 0 : Wen Xu

title : Resource Management for Multicores to Optimize Performance under Temperature and Aging Constraints.
year : 2019
author 0 : Heba Khdr

title : Behavior understanding in non-crowded and crowded scenes.
year : 2012
author 0 : Saira Saleem Pathan

title : Beitrag zum optimalen Codebuchentwurf in der Vektorquantisierung.
year : 2001
author 0 : Volker Delport

title : Lernen der Struktur nichtlinearer Abh&auml;ngigkeiten mit graphischen Modellen.
year : 2000
author 0 : Reimar Hofmann

title : ["Immer online?"] ; Immer online?: das Smartphone zwischen Begrenzung und Begehren in der psychonalytischen Behandlung Adoleszenter.
year : 2021
author 0 : Anna G&auml;tjen-Rund

title : Semantikerstellung in der Softwareentwicklung: Qualit&auml;tszirkel als Hilfsmittel bei der Anwendungsentwicklung.
year : 1994
author 0 : Ulrich Piepenburg

title : Studie zum Tragverhalten eines Pfahles im radial vorgespannten Boden: experimentelle Unters. in Sand u. Berechnungen nach d. Methode d. finiten Elemente.
year : 1984
author 0 : Peter Ripper

title : Verschachtelung figureller Teile: ein Beitrag zur L&ouml;sung des rechnergest&uuml;tzten zweidimensionalen Zuschnittproblems unter der Bedingung des Kontur- und Winkelschnitts.
year : 1990
author 0 : Frank Weckend

title : Optimal control of piecewise continous stochastic processes.
year : 1990
author 0 : Hui Huang 0015

title : Ein Beitrag zur Messdatenverarbeitung in der Koordinatenmesstechnik: mit 5 Tabellen.
year : 1991
author 0 : Thomas Garbrecht

title : Rechnerunterst&uuml;tzte Arbeitsplanerstellung f&uuml;r komplexe prismatische Grosswerkst&uuml;cke.
year : 1988
author 0 : Henrique Rozenfeld

title : Architektur f&uuml;r flexible Paketverarbeitung in Hochgeschwindigkeitskommunikationsnetzen.
year : 2011
author 0 : Simon Hauger

title : A formal foundation for concurrent object oriented programming.
year : 1995
author 0 : Radu Grosu

title : Einsatz und Bewertung rechnergest&uuml;tzter Methoden f&uuml;r die technische Auslegung mechanischer Herzklappenprothesen.
year : 1997
author 0 : Rolf Eilers

title : Spielbaumsuche mit massiv parallelen Systemen.
year : 1993
author 0 : Rainer Feldmaus

title : Ein hierarchisch strukturiertes Identifikations- und Klassifikationsverfahren zur Schwingungs&uuml;berwachung von Reaktorkomponenten.
year : 1981
author 0 : Ernst St&auml;dtler

title : Computergest&uuml;tzte Dokumentation und Datenverarbeitung in der Zahnerhaltungskunde mit einer einfachen, teilrelationalen Datenbank.
year : 1995
author 0 : Martin Gleissner

title : Kopplung von Kommunikationsnetzen: Architekturen, Leistungsuntersuchungen und eine Beispielrealisierung.
year : 1992
author 0 : Martin Bosch

title : Feature-Based Localization Methods for Autonomous Vehicles.
year : 2017
author 0 : Xiuyan Guo

title : Systematische Planung komplexer Produktionssysteme.
year : 1991
author 0 : Andreas J&auml;ger

title : Designing for empowerment: an exploration and critical reflection.
year : 2018
author 0 : Hanna Schneider

title : Ein verteiltes wissensbasiertes Leitstandsystem f&uuml;r die Werkstattsteuerung.
year : 1992
author 0 : Nina Vojdani

title : Maize Marketing in Kenya: an assessment of interregional commodity flow pattern.
year : 1982
author 0 : Henry Kimurei Maritim

title : Data challenges in variational optical flow.
year : 2020
author 0 : Michael Stoll

title : User modelling in the hypertext-based medical tutoring system ANATOM-TUTOR.
year : 1996
author 0 : Ian H. Beaumont

title : Methoden der Leistungsbeschreibung, der &Uuml;berwachung und des Schutzes von DV-Prozessen: Wege zur geistigen Integration e. kulturell noch nicht bew&auml;ltigten Technologie.
year : 1984
author 0 : Thomas Hoffbauer

title : Graphmetriken und Charakterisierung von Graphenklassen.
year : 1985
author 0 : Fred Sobik

title : Ein Beitrag zur grafischen Modellierung fachgebietsorientierter Simulationsmodelle.
year : 1993
author 0 : Thomas Wiedemann 0001

title : COMMA - eine Entwicklungsmethode f&uuml;r interaktive kooperative Anwendungen.
year : 2003
author 0 : Cornelia Boles

title : Minimierung von Entscheidungsdiagrammen und Anwendungen im Schaltkreisentwurf.
year : 2001
author 0 : Wolfgang G&uuml;nther 0001

title : Ein mathematisches Modell zur Simulation isostatischer Ausgleichsbewegungen.
year : 1983
author 0 : Peter Lachmann

title : Untersuchungen zum selektiven Backtracking in zielorientierten Kalk&uuml;len des automatischen Theorembeweisens.
year : 1997
author 0 : Wilfried Neitz

title : Continuous, seamless integration of users into the software design of interactive systems.
year : 2012
author 0 : Patrick Nepper

title : Autonomous framework for supporting energy efficiency and communication reliability for periodic data flows in wireless sensor networks.
year : 2014
author 0 : Osama Khader

title : Kollaborative Softwareentwicklung auf Basis serviceorientierter Architekturen.
year : 2012
author 0 : Thomas Karle

title : Konzepte f&uuml;r Agile Qualit&auml;tssicherung und -bewertung in Wartungs- und Weiterentwicklungs-Projekten.
year : 2013
author 0 : Andr&eacute; Janus 0001

title : Technologieabh&auml;ngige Entwurfsverfahren f&uuml;r spezielle Strukturen integrierter Schaltungen.
year : 1996
author 0 : Oliver Rettig

title : Pattern recognition, classification and diagnosis of acoustic emission signals in applications for mining.
year : 2016
author 0 : Kenny Garate-Penaranda

title : Lernf&auml;hige, rechnergest&uuml;tzte Entscheidungsunterst&uuml;tzungssysteme.
year : 1994
author 0 : Bernhard Mechler

title : Anwendung und Parallelisierung von Verfahren zur Leistungsoptimierung von Rechensystemen.
year : 1998
author 0 : Thomas Hahn

title : Automated composition of adaptive pervasive applications in heterogeneous environments.
year : 2013
author 0 : Stephan Schuhmann

title : Zur Optimierung der Fertigungsausbeute elektrischer Schaltungen unter Ber&uuml;cksichtigung der Parametertoleranzen.
year : 1982
author 0 : Jean Armaos

title : Agile Prozessplanung im Produktentstehungsprozess am Beispiel der Motorenproduktion.
year : 2015
author 0 : Stephan Schneider 0003

title : Ein interaktives, multitaskf&auml;higes Betriebssystem f&uuml;r Steuerungsanwendungen.
year : 1985
author 0 : Gy&ouml;rgy Varga

title : Aktivit&auml;tsanalyse und Planung, eine produktionstheoretische Untersuchung auf der Grundlage des Dualit&auml;tsprinzips.
year : 1981
author 0 : G&uuml;nter Turetschek

title : Eine Architektur zur Echtzeitvisualisierung von Volumendaten.
year : 1999
author 0 : Jan Lichtermann

title : Bewertung von Aufforstungsprojekten und Aufbau einer Datenbank f&uuml;r Holzgew&auml;chse: Beitr. zur Frage d. Evaluierung von Projekten d. Entwicklungszusammenarbeit.
year : 1982
author 0 : Laslo Pancel

title : Elektrische Frequenzselektion mit aktiven Funktionsbl&ouml;cken: e. Bilanz unter systemtheoret. u. anwendungsorientierten Aspekten.
year : 1984
author 0 : Peter Spiegel

title : Large model visualization: techniques and applications.
year : 2001
author 0 : Dirk Bartz

title : Sprachmittel und Werkzeuge zur Unterst&uuml;tzung paralleler und verteilter Programmierung.
year : 1992
author 0 : Michael Friedrich 0001

title : Zur Aggregation heterogener Abnutzungsprozesse in Gefechtssimulationsmodellen.
year : 1991
author 0 : Thomas Schaub

title : Funktion und Nutzung technischer Kommunikationsmedien in Verkaufsorganisationen.
year : 1983
author 0 : Utho Creusen

title : Optimale Ausbaureihenfolgen f&uuml;r Systeme von Hochwasserr&uuml;ckhaltebecken.
year : 1979
author 0 : J&aacute;nos Bog&aacute;rdi

title : A personalized emotional intelligent tutoring system based on AI planning.
year : 2012
author 0 : Heba Elbeh

title : Mechanistic models of reward based learning and decision making for clinically motivated problems.
year : 2018
author 0 : Meltem Sevgi

title : Zum Informationsbegriff der Allgemeinen Technologie.
year : 1987
author 0 : Hartwig Mackeprang

title : Choosing the right thing: cooperative trade-off enhanced skyline queries.
year : 2011
author 0 : Christoph Lofi

title : Systematik zum Entwurf eines Versuchsfeldes im Kontext der virtuellen Kraftfahrzeugentwicklung.
year : 2017
author 0 : Kay B&uuml;ttner

title : Zur Technologie der Modellierung und Simulation von Kommunikationssystemen auf der Basis von Petri-Netzen.
year : 1998
author 0 : Ren&eacute; Braune

title : Prototypische Realisierung eines hypertextbasierten Workflow-Management-Systems auf Basis des Konstanzer Hypertextsystems KHS.
year : 2000
author 0 : Mohsen Shafaei

title : Integrierte betriebliche Produktdokumentation auf der Grundlage von Hypermedia-Dokumentmodellen.
year : 1994
author 0 : Wolfgang Wehebrink

title : Zur Projektierung informationsverarbeitender Systeme.
year : 1984
author 0 : Mieczyslaw Bazewicz

title : Gleichungen mit regul&auml;ren Randbedingungen &uuml;ber freien Gruppen.
year : 2000
author 0 : Christian Hagenah

title : Automatisches Indexieren als Erkennen abstrakter Objekte.
year : 1983
author 0 : Gerhard Knorz

title : Prototyping tools for hybrid interactions.
year : 2012
author 0 : Alexander Wiethoff

title : Implementation and characterization of mixed-signal neuromorphic ASICs.
year : 2016
author 0 : Andreas Hartel

title : Datenbanksysteme und Dateisysteme als Alternativen der Datenorganisation kommerzieller Anwendungen: e. Beitr. zur Wirtschaftlichkeitsanalyse.
year : 1984
author 0 : Roland Metzger

title : Verfahren zur Bestimmung der Posegenauigkeit und zur Fehlerkompensation off-line programmierter Industrieroboter.
year : 1993
author 0 : Gerald Thater

title : Reproducting biologically realsitic regimes on a highly-accelerated neuromorphic hardware system.
year : 2013
author 0 : Marc-Olivier Schwartz

title : Technology acceptance and diabetes: user centered design of small screen devices for diabetes patients.
year : 2014
author 0 : Andr&eacute; Calero Valdez

title : Learning attribute representations with deep convolutional neural networks for word spotting.
year : 2018
author 0 : Sebastian Sudholt

title : Parallele Logiksimulation - effiziente Methoden f&uuml;r Multicomputer.
year : 1995
author 0 : Philipp Lanch&egrave;s

title : Zeichenerkennung mit nichtredundanten Korrelationsmessungen.
year : 1980
author 0 : Richard Hauck

title : Knowledge-based product and service composition for IP multimedia subsystems.
year : 2013
author 0 : Eugen Freiter

title : Wartedauern in einem Koppelnetz mit &Uuml;bermittlung im hybriden Transfermodus.
year : 1995
author 0 : Bertin Onfouenene

title : Methodische Produktmodellierung f&uuml;r den rechnerunterst&uuml;tzten Entwurf.
year : 1991
author 0 : Frank Bauert

title : Encoding high dynamic range and wide color gamut imagery.
year : 2017
author 0 : Jan Fr&ouml;hlich

title : Arbeitswissenschaftliche Aspekte der betrieblichen Einf&uuml;hrung neuer Technologien am Beispiel von Computer Aided Design (CAD): Felduntersuchung zur Ermittlung arbeitswissenschaftlicher Empfehlungen f&uuml;r die Einf&uuml;hrung neuer Technologien.
year : 1990
author 0 : J&uuml;rgen Joseph

title : Untersuchungen, Aufbau und Anwendung eines 16-Bit-Mikrorechnerreglers f&uuml;r integrierte Zweikoordinatenantriebe der Ger&auml;tetechnik.
year : 1988
author 0 : Roland S&uuml;sskind

title : Graph Pattern Matching on Symmetric Multiprocessor Systems.
year : 2020
author 0 : Alexander Krause

title : Das Affektive Diktion&auml;r: zur Funktion von Verben in der computerunterst&uuml;tzten Analyse des affektiven Vokabulars.
year : 1995
author 0 : Michael Kratz

title : Key Generation for Mobile Devices based on Acceleration Data.
year : 2010
author 0 : Daniel Bichler

title : Entwicklung und Erprobung von Algorithmen zur komplexen on-line-Steuerung der Wachstumsfaktoren bei Gew&auml;chshausgurke unter Verwendung pflanzenphysiologischer Modelle und Einsatz einer Rechnerhierarchie.
year : 1990
author 0 : Marianne Schmeil

title : CDL - ein Rationalisierungsmittel f&uuml;r die Systemprogrammierung.
year : 1980
author 0 : Thomas Haenel

title : Verification of hypervisor subroutines written in Assembler = Verifikation von Hypervisorunterrutinen, geschrieben in Assembler.
year : 2011
author 0 : Stefan Maus

title : Untersuchungen zur wissensbasierten und lernenden Prozessf&uuml;hrung in der Biotechnologie.
year : 1993
author 0 : Stefan Gehlen

title : Measuring anticipated satisfaction.
year : 2018
author 0 : Rumyana Proynova

title : Modelling cooperative multimedia support for software development and stand alone environments.
year : 1998
author 0 : Ad&eacute;rito Fernandes Marcos

title : Proze&szlig;visualisierung im World Wide Web am Beispiel von Transportsystemen.
year : 1999
author 0 : Klaus-Christoph Ritter

title : Automatisierung und Proze&szlig;&uuml;berwachung der Insertion von Pedikelschrauben.
year : 2003
author 0 : Andrea Hiller

title : Implicit entity networks: a versatile document model.
year : 2019
author 0 : Andreas Spitz

title : Entwurfsmethodik und Realisierung eines Expertensystems zur Diagnostik ausgew&auml;hlter technischer Objekte.
year : 1989
author 0 : Marin Marinov

title : Statistische Analyse mittels Softwarefehler-Datenbanken unter Ber&uuml;cksichtigung von fehlenden Werten.
year : 2015
author 0 : Andreas Wittmann 0001

title : Wissensbasierte Planung einer Krankenhausverpflegung dargestellt am Beispiel der Di&auml;tverpflegung f&uuml;r Diabetiker.
year : 1995
author 0 : Veronika Schaeffler

title : Verfahren zur Hochgeschwindigkeits-Datenfern&uuml;bertragung grosser Datenmengen.
year : 1994
author 0 : Thomas Malter

title : Entwicklung und Anwendung von standardisierten, digitalen Hirnatlanten zur Unterst&uuml;tzung der neuroradiologischen Diagnostik.
year : 1989
author 0 : Josef Wasel

title : Ein Beitrag zur Steigerung der Verfahr- und Positioniergenauigkeit von Industrierobotern im Rahmen eines Offline-Programmiersystems.
year : 1988
author 0 : Rainer Peter Harkort

title : Sicherheit in Mobile-Agenten-Systemen = Security in Mobile Agent Systems.
year : 2001
author 0 : Fritz Hohl

title : Integration unterschiedlich strukturierter Daten.
year : 2003
author 0 : Anja Lohse

title : Der IT-Outsourcingvertrag im schweizerischen Recht: Hauptleistungspflichten, Leistungsst&ouml;rungen und Vertragsgestaltung.
year : 2019
author 0 : Alexander Schmid 0002

title : Representation learning on relational data.
year : 2021
author 0 : Evgeniy Faerman

title : Versuche zur Fortf&uuml;hrung topographischer Karten durch digitale Bildverarbeitung.
year : 1989
author 0 : J&uuml;rgen Peterle

title : Automatischer Aufbau von Hypertext-Basen aus deskriptiv expositorischen Texten: ein Hypertext-Modell f&uuml;r das Information-Retrieval.
year : 1990
author 0 : Rainer Hammw&ouml;hner

title : Performance optimization methods in SVM systems.
year : 1996
author 0 : Rudolf G. Hackenberg

title : Petri-Netze und ihre Verwendung zum standardisierten Entwurf digitaler Steuerungen.
year : 1980
author 0 : Rainer K&ouml;nig

title : Generating and applying textual entailment graphs for relation extraction and email categorization.
year : 2018
author 0 : Kathrin Eichler

title : LPL: a structured language for modeling linear programs.
year : 1987
author 0 : Tony H&uuml;rlimann

title : Numerische Simulation des Anlagenverhaltens eines Hochtemperaturreaktors bei Wassereinbruchst&ouml;rf&auml;llen am Beispiel des AVR.
year : 1984
author 0 : Ulrich Wawrzik

title : Localization, Tracking, and Separation of Sound Sources for Cognitive Robots.
year : 2012
author 0 : Marko Durkovic

title : Konvergenzbeschleunigung von Folgen durch nichtlineare Transformationen.
year : 1987
author 0 : Dieter B&ouml;hm

title : Konzeption und Realisierung eines wissensbasierten Systems f&uuml;r die galenische Produktformulierung am Beispiel des galenischen Entwicklungs-Systems Heidelberg.
year : 1995
author 0 : Birgit Rupprecht

title : Data-driven global importance sampling for physically-based rendering.
year : 2021
author 0 : Florian Reibold

title : Objektgest&uuml;tzte Mehrbildzuordnung.
year : 1991
author 0 : Carl-Thomas Schneider

title : MathEvolvica: simulierte Evolution von Entwicklungsprogrammen der Natur.
year : 1995
author 0 : Christian Jacob 0001

title : Auswirkungen von Fr&uuml;hbindung auf das Leistungsverhalten von EXPRESS-basierten Repositorien.
year : 1994
author 0 : Budi Ibrahim

title : Ein Beitrag zur Anwendung der logischen Programmierung beim Entwurf wissensverarbeitender Systeme f&uuml;r diagnostische Aufgabenstellungen.
year : 1990
author 0 : Rainer Knauf

title : Vocabulary Evolution on the Semantic Web: From Changes to Evolution of Vocabularies and its Impact on the Data.
year : 2021
author 0 : Mohammad Abdel-Qader

title : Time-dependent data: classification and visualization.
year : 2019
author 0 : Pattreeya Tanisaro

title : Ber&uuml;cksichtigung ungenauer nuklearer Daten bei der Berechnung der Reduktion von Abfallactiniden durch Bestrahlung.
year : 1981
author 0 : Karl Wilhelm Zerressen

title : Die Gestaltung rationeller Datenverarbeitungssysteme f&uuml;r eine bedarfsorientierte rechnergest&uuml;tzte Betriebswirtschaft: ein Beitrag zur Weiterentwicklung der sozialistischen Betriebswirtschaft.
year : 1988
author 0 : Hans-Wolf Kretschmar

title : Wettbewerbs&ouml;konomische Herausforderungen im Cloud Computing, Big Data und in der k&uuml;nstlichen Intelligenz.
year : 2018
author 0 : Alexander Del Toro Barba

title : Szenenanalyse in unstruktuierter Umgebung : Adaptives Verfahren zur Objekterkennung basierend auf der Multi-Sensor-Fusion und aktiven Wahrnehmung.
year : 2015
author 0 : Denis Klimentjew

title : &Uuml;berlegungen zu einem umfassenden kybernetischen Modell der h&auml;mopoetischen Stammzellen und Progenitorzellen.
year : 1983
author 0 : Markus L&ouml;ffler

title : Scalable Algorithms for Parallel Tree-based Adaptive Mesh Refinement with General Element Types.
year : 2018
author 0 : Johannes Holke

title : Organisation und Visualisierung.
year : 1999
author 0 : Kathrin M. M&ouml;slein

title : Active learning: new approaches, and industrial applications.
year : 2013
author 0 : Jens R&ouml;der

title : Modellbasierte Extraktion, Repr&auml;sentation und Analyse von Traceability-Informationen.
year : 2012
author 0 : Josef Adersberger

title : Unterst&uuml;tzte Kommunikation bei k&ouml;rperbehinderten Menschen mit einer schweren Dysarthrie: eine Studie zur Effektivit&auml;t tragbarer Sprachcomputer im Vergleich zu Kommunikationstafeln.
year : 1994
author 0 : Ursula Braun

title : &Uuml;ber das Feedback-vertex-set-Problem.
year : 1985
author 0 : Reinald Schulz

title : Sicherheitsanalyse biometrischer, auf dem Software as a Service Prinzip basierender Authentifizierungssysteme.
year : 2014
author 0 : Florian Obergrusberger

title : A 3D Camera-based System Concept for Safe and Intuitive Use of a Surgical Robot System.
year : 2016
author 0 : Philip Nicolai

title : Untersuchungen zum Informationsverarbeitungsprozess im Veterin&auml;rwesen: Konzeption und Realisierung des veterin&auml;rmedizinischen Informationssystems (VETINFORM).
year : 1978
author 0 : Dietrich Schulze

title : Simulative Leistungsbewertung f&uuml;r Fahrerassistenzsysteme zur Fu&szlig;g&auml;ngerdetektion: Modellierung, Kalibrierung, Validierung.
year : 2014
author 0 : Rainer Kiesel

title : Modellgest&uuml;tzte Signalverarbeitung beim Stirnplanfr&auml;sen.
year : 1989
author 0 : Norbert H&ouml;bing

title : L&ouml;sung von Datentransportproblemen in integrierten Schaltungen.
year : 1991
author 0 : Josef G. Krammer

title : Client-Server-Architekturen: Konzepte und Bedeutung.
year : 1997
author 0 : Beat Jaccottet

title : Entwicklung eines verbesserten Sprachcodecs f&uuml;r das GSM-Vollraten-Mobilfunknetz.
year : 1999
author 0 : Udo G&ouml;rtz

title : OBJ-P: the polymorphic extension of OBJ-3.
year : 1999
author 0 : Martin Pl&uuml;micke

title : Netzerkundung zum ad-hoc Datenaustausch zwischen mobilen Maschinen.
year : 2020
author 0 : Jan Schattenberg

title : Morophological analysis for object recognition, matching, and applications.
year : 2013
author 0 : Antonio Monroy

title : Bauschadensdiagnose von Holzkonstruktionen.
year : 2013
author 0 : Alassam Ghanem

title : Self-organized coverage and capacity optimization for cellular mobile networks.
year : 2013
author 0 : Muhammad Naseer ul Islam

title : Ereignisdetektion und Stimmungsdetektion im Echtzeitdatenstrom von sozialen Netzwerken.
year : 2017
author 0 : Frank Zimmermann

title : Testsprachensystem und Testumgebung f&uuml;r gemischte Hardware-, Software-Systeme / von: Matthias Bauer.
year : 1999
author 0 : Matthias Bauer 0003

title : Universal traceability: a comprehensive, generic, technology-independent, and semantically rich approach.
year : 2012
author 0 : Hannes Schwarz

title : Marketing und Datenschutz: Probleme, L&ouml;sungsans&auml;tze, empirische Ergebnisse.
year : 1989
author 0 : Michael Schineis

title : Nutzung erweiterter Petrinetze bei der Entwicklung von Kommunikationssoftware verteilter Systeme.
year : 1988
author 0 : Peter Leipner

title : A model of contingency detection to spot tutoring behavior and respond to ostensive cues in human-robot-interaction.
year : 2013
author 0 : Katrin Solveig Lohan

title : Langfristige Dienstzulieferbeziehungen f&uuml;r elektronische Dienstem&auml;rkte.
year : 1999
author 0 : Thomas Preu&szlig;

title : Topic driven testing.
year : 2020
author 0 : Andreas Rau 0001

title : Aktivit&auml;tsbeschreibung und -erl&auml;uterung: Kategorisierung und Planung in hybriden Agentenarchitekturen.
year : 2002
author 0 : Karl Ulrich Goecke

title : Sch&auml;tzung von artikulatorischen Bewegungen eines stilisierten Artikulatormodells aus dem Sprachsignal.
year : 1987
author 0 : Reiner Wilhelms

title : Architekturen zur Parallelverarbeitung auf dem Prinzip der strikten simultanen Rekursion.
year : 1990
author 0 : Hans-J&uuml;rgen Brosch

title : Das Lastenheft als Grundlage der Automatisierung chemischer Verfahren und seine Darstellung als Expertensystem.
year : 1986
author 0 : Manfred Brombacher

title : Generierung statischer Programminformation zur Kompilierung verz&ouml;gert ausgewerteter funktionaler Programmiersprachen.
year : 1997
author 0 : Sven Eric Panitz

title : Algorithmensynthese f&uuml;r lineare Systeme mit Symmetrie.
year : 1993
author 0 : Torsten Minkwitz

title : Computergest&uuml;tztes kooperatives Arbeiten in Designumgebungen.
year : 1993
author 0 : Guido Barbian

title : On the validity of certain hypotheses used in linear cryptanalysis.
year : 1999
author 0 : Zsolt Kukorelly

title : Zum Einfluss der Interaktion von Nutzer-, Aufgaben- und Systemmerkmalen auf die Benutzbarkeit von Softwaresystemen.
year : 1994
author 0 : Kai-Christoph Hamborg

title : Die Bedeutung von usability und cognitive load f&uuml;r die Informationssuche beim multimedialen Lernen.
year : 2009
author 0 : Silvia Hessel

title : Informationssicherheit als unternehmerische Aufgabe.
year : 1995
author 0 : Daniel Marc von Stockar

title : Informationsmodellierung f&uuml;r verteilte Anwendungen auf Basis standardisierter Datenmodelle.
year : 1993
author 0 : Angela Scheller

title : Learning dynamic spatial relations: the case of a knowledge-based endoscopic camera guidance robot.
year : 2016
author 0 : Andreas Bihlmaier

title : Phasenmodulation &amp; Phasenkooperation: ein Modell zur Gruppierung von kollinearen und krummlinig angeordneten synthetischen Punkten und Linienelementen.
year : 1997
author 0 : Matthias Meyer 0002

title : Entwicklung von Verfahren zur interaktiven Simulation minimal-invasiver Operationsmethoden.
year : 2014
author 0 : Simon Adler

title : Modenselektion beim Laser zur Realisierung des Synergetischen Computers.
year : 1994
author 0 : Stephan Beckert

title : Automatic Detection of Modes in Human Computer Interaction.
year : 2017
author 0 : Markus Weber

title : Einsatz von Multirate-Filterb&auml;nken zur Laufzeitoptimierung und Frequenzgangsteuerung phasenlinearer digitaler Echtzeitfilter.
year : 1993
author 0 : Franz-Otto Witte

title : PlaNet: ein entscheidungsunterst&uuml;tzendes System f&uuml;r die Energie- und Umweltplanung.
year : 1997
author 0 : Christoph Schlenzig

title : Context-aware assistive systems for augmented work: a framework using gamification and projection.
year : 2014
author 0 : Oliver Korn

title : Interaktives Modell f&uuml;r den Betrieb von Photovoltaikanlagen mit Energiespeicherpfaden.
year : 1997
author 0 : Christof M&uuml;ller

title : Interactive 3D visualization of ensemble weather forecasts.
year : 2015
author 0 : Marc Rautenhaus

title : On characterizing and modelling collective behaviour in non-coordinated wireless networks.
year : 2016
author 0 : Maria Michalopoulou

title : Hypervolume based metaheuristics for multiobjective optimization.
year : 2012
author 0 : Nicola Beume

title : Co-simulation based performance evaluation of ICT infrastructures for smart grids.
year : 2015
author 0 : Hanno Georg

title : Ein Verfahren zur Replikation von Optionen unter Transaktionskosten in stetiger Zeit.
year : 1993
author 0 : Klaus Lott

title : Data-driven tool construction in exploratory programming environments.
year : 2020
author 0 : Marcel Taeumel

title : Modellbildung und Regelung einer einbeinigen Laufmaschine mit Fuzzy-Logik.
year : 1997
author 0 : Torsten Kluge

title : Nutzen aus der Perspektive von Awareness bei Informationsstrahlern als zus&auml;tzliche soziotechnische Systeme in organisationalen Gruppen.
year : 2020
author 0 : Stefan Lippert

title : Methods for Improved Video Compression Using Image Noise Modeling.
year : 2015
author 0 : Eugen Wige

title : Tensor factorization for relational learning.
year : 2013
author 0 : Maximilian Nickel

title : IT-gest&uuml;tzte Leistungsmessung im Sport: System und Anwendung.
year : 2012
author 0 : Per Wilhelm

title : Coping with distance and location dependencies in spatial, temporal and uncertain data.
year : 2013
author 0 : Tobias Emrich

title : Distinguishing antonymy, synonymy and hypernymy with distributional and distributed vector representations and neural networks.
year : 2018
author 0 : Kim Anh Nguyen

title : Selective learning for recommender systems.
year : 2017
author 0 : Pawel Matuszyk

title : Technikfolgenbewertung computergest&uuml;tzter Informations- und Kommunikationstechnologien im Personalbereich.
year : 1989
author 0 : Max Schaifers

title : SIGFA, ein Verfahren zur prozessnahen Dimensionierung integrierter Fertigungsabschnitte mit Zentralspeicher.
year : 1980
author 0 : Dieter Moron

title : Selbsteinstellende Zustandsregelung von Drehstromstellantrieben.
year : 1993
author 0 : Hilmar Lorenz

title : Finite horizon analysis of Markov automata.
year : 2017
author 0 : Hassan Hatefi-Ardakani

title : Theoretische Grundlagen und Empfehlungen f&uuml;r die praktische Gestaltung von Informationssystemen f&uuml;r die Wirtschaftsleitung in Entwicklungsl&auml;ndern, dargestellt am Beispiel der Republik Irak.
year : 1987
author 0 : Adel Talib Salem

title : Modelling and controlling of behaviour for autonomous mobile robots.
year : 2013
author 0 : Hendrik Skubch

title : Analysis of grammar-based tree compression.
year : 2016
author 0 : Eric N&ouml;th

title : Qualitative Repr&auml;sentation von Bewegungsverl&auml;ufen.
year : 2000
author 0 : Alexandra Musto

title : Nutzerakzeptanz von webbasierten Anwendungen: Modell zur Akzeptanzmessung und Identifikation von Verbesserungspotenzialen.
year : 2012
author 0 : Daniel B. Wilhelm

title : Regularisierungen des Wilson-Verfahrens.
year : 1987
author 0 : Evelin K&ouml;rner

title : Precise conclusions under uncertainty and incompleteness in deductive database systems.
year : 1994
author 0 : Helmut Th&ouml;ne

title : Interaktive Gestaltung von Automotive Services durch softwaregest&uuml;tzten Einsatz dom&auml;nenspezifischer Modellierung.
year : 2011
author 0 : Maximilian P&uuml;hler

title : Autonome Fahrzeugf&uuml;hrung durch Rechnersehen.
year : 1993
author 0 : J&uuml;rgen Manigel

title : Planungstechniken und makro&ouml;konomischer Planungsprozess.
year : 1971
author 0 : Reinhard Hujer

title : Entwicklung und Analyse eines Verfahrens zur Abbildung neuronaler Netzwerkarchitekturen auf neuromorphische Emulationssysteme.
year : 2015
author 0 : Matthias Ehrlich

title : Zur Codierung von RS-, BCH- und Goppa-Codes.
year : 1988
author 0 : Christian Mahr

title : Sicherstellen der Abrufe bei Automotive-Zulieferern mit minimalen Kosten unter besonderer Ber&uuml;cksichtigung von Liquidit&auml;ts-, Besch&auml;ftigungs-, Knowhow- und IT-Restriktionen.
year : 2012
author 0 : Robin Delius

title : Logiksynthese f&uuml;r wertetabellenbasierte anwenderprogrammierbare Bausteine.
year : 1999
author 0 : Christian Legl

title : Genetische Programmierung einer algorithmischen Chemie / von Christian W. G. Lasarczyk.
year : 2007
author 0 : Christian Lasarczyk

title : Konzept und Sprache f&uuml;r die Archivierung in Datenbanksystemen.
year : 1999
author 0 : Ralf Schaarschmidt

title : Effective searching of RDF knowledge bases.
year : 2012
author 0 : Shady Elbassuoni

title : Integrating Vision and Physical Interaction for Discovery, Segmentation and Grasping of Unknown Objects.
year : 2017
author 0 : David Schiebener

title : Rechneroptimierte Niederspannungsnetze: Algorithmen, Implementierung, Graphik, erste Erfahrungen.
year : 1997
author 0 : Christian Blug

title : Funktionale Semantikbeschreibung von Anfrageoperationen in einem drei-schichtigen relationalen Datenbanksystem.
year : 1981
author 0 : Thomas Olnhoff

title : Eine Methode zur automatischen Synthese hierarchisch selbsttestbarer Systeme.
year : 1993
author 0 : Oliver F. Haberl

title : Dynamisches Redeployment von Steuerungssoftware in verteilten Automatisierungssystemen w&auml;hrend der Laufzeit.
year : 2013
author 0 : Martin Merz

title : Anonymous Point Collection - Improved Models and Security Definitions.
year : 2020
author 0 : Matthias Nagel 0001

title : Automatische wissensbasierte Extraktion von semantischer Information aus gescannten Karten.
year : 1993
author 0 : Helmut Mayer 0001

title : Multilevelverfahren mit selbstadaptiven Gitterverfeinerungen f&uuml;r Parallelrechner mit verteiltem Speicher.
year : 1994
author 0 : Max Lemke

title : Analyzed classroom: ein Unterrichtskonzept f&uuml;r Individualisierung in der Softwaretechnik-Hochschulausbildung im Zeitalter der Digitalisierung.
year : 2018
author 0 : Kai Gebhardt

title : Geometrische Verfahren zur dreidimensionalen Osteotomieplanung.
year : 1991
author 0 : Matthias Eck 0002

title : Advanced Signaling Support for IP-based Networks.
year : 2013
author 0 : Martin R&ouml;hricht

title : Consolidation of Customized Product Copies into Software Product Lines.
year : 2014
author 0 : Benjamin Klatt

title : Schweizerisches und internationales Urheberrecht im Internet.
year : 1999
author 0 : Lukas B&uuml;hler

title : Learning representations with neuromodulators.
year : 2017
author 0 : Rapha&euml;l Holca-Lamarre

title : Rechtsfragen der Telearbeit.
year : 1999
author 0 : Klaus Dulle

title : Pilotprojekt zur computergest&uuml;tzten Patientendokumentation und Verwaltung in einer Rettungsstelle.
year : 1993
author 0 : Dag Wormanns

title : Customer-Service-Management als Basis f&uuml;r interorganisationales Dienstmanagement.
year : 2001
author 0 : Michael Nerb

title : Entwicklung eines rechnergesteuerten Messdatenerfassungs- und Auswertsystems zur Bestimmung der Eiweissbindung von Arzneistoffen.
year : 1982
author 0 : Roland Schlerf

title : Anpassung von Open-Source-Software in Anwenderunternehmen.
year : 2013
author 0 : Steffen Ke&szlig;ler

title : Erkennung von Herzrhythmusst&ouml;rungen im Frankschen Ableitungssystem mit Hilfe eines Rechners.
year : 1984
author 0 : Gerd Siegfried Barthel

title : Joint design of access and fronthaul uplinks in cloud radio access networks.
year : 2017
author 0 : Jens Steven Bartelt

title : Spezifikation von Zustand und Dynamik objektorientierter Datenbanken durch Graphgrammatiken.
year : 1995
author 0 : Bernd Himmelreich

title : Relaxationsverfahren in der Mustererkennung: ein allgemeiner Ansatz.
year : 1999
author 0 : Petko Faber

title : Konzeptionierung und Realisierung eines modularen Softwareframeworks zur interaktiven Planung und Durchf&uuml;hrung computerassistierter chirurgischer Eingriffe mit einem navigierten Chirurgieroboter.
year : 2012
author 0 : Marc Schlimbach

title : Beitrag zur Gestaltung eines Informationsflusssystems f&uuml;r den Einsatz in der Fleischindustrie.
year : 1991
author 0 : Rolf Liebe

title : Das Datenbank-Cache: Entwurfsprinzipien, Algorithmen, Eigenschaften.
year : 1982
author 0 : Klaus Elhardt

title : Bildverarbeitung von Computer-Tomogrammen zur Unterst&uuml;tzung der neuroradiologischen Diagnostik.
year : 1983
author 0 : Gerhard Henrich

title : Modale Logiken von geflechtartigen Datenstrukturen und ihre Kombination mit temporaler Programmlogik.
year : 1989
author 0 : Andreas Kausche

title : Modellierung von peripersonalem Raum und Interaktionsraum durch ein K&ouml;rperschema f&uuml;r humanoide Agenten.
year : 2013
author 0 : Nhung Nguyen

title : Hypergraph-Grammatiken mit Dschungel-Eigenschaft und ihr Verh&auml;ltnis zu L-attributierten Grammatiken.
year : 1997
author 0 : Henning Ehlermann

title : Deep learning in space and time for document image processing.
year : 2017
author 0 : Muhammad Zeshan Afzal

title : B&uuml;rgern&auml;he durch die Analyse sozialer Netzwerke?
year : 2014
author 0 : Timo Wandh&ouml;fer

title : Verdrahtungsalgorithmen f&uuml;r h&ouml;chstintegrierte Schaltungen.
year : 1984
author 0 : Hans-J&uuml;rgen Rothermel

title : BioIMAX: a Web2.0 approach to visual data mining in bioimage data.
year : 2012
author 0 : Christian Loyek

title : Auswirkungen integrierter Informations- und Kommunikationstechniken auf die B&uuml;roarbeit: eine empirische Untersuchung am Beispiel lokaler B&uuml;ronetzwerke.
year : 1990
author 0 : Peter Lange 0002

title : Ein wissensbasiertes System zur Fahrtplanung und -kontrolle eines autonomen mobilen Roboters.
year : 1989
author 0 : Weiqing Tian

title : Grundlagen strukturierten Spezifizierens mit h&ouml;heren Netzen.
year : 2002
author 0 : Andreas Heise

title : Pr&auml;ferenzorientierte St&auml;rken- und Schw&auml;chenidentifizierung zur Effizienzsteigerung von Rechenzentren.
year : 2020
author 0 : Volkan Gizli

title : Expertendatenbanksysteme: eine Analyse des Einsatzpotentials von Expertendatenbanksystemen f&uuml;r betriebswirtschaftliche Anwendungen.
year : 1993
author 0 : Stephan H. Oldenburg

title : Beitrag zur Modellierung und Regelung von Rohrreaktoren.
year : 1981
author 0 : Friedrich Wilhelm Garbrecht

title : Graphensuchverfahren und genetische Algorithmen als Probleml&ouml;sungsmethoden: dargestellt am Beispiel des Standardproblems der Tourenplanung.
year : 1994
author 0 : Michael Lontke

title : Parallelisierung numerischer Verfahren zur Beschreibung von Ausbreitungs- und chemischen Umwandlungsprozessen in der atmosph&auml;rischen Grenzschicht.
year : 1995
author 0 : Andreas M&uuml;ller 0018

title : Berechnung von Dosisverteilungen in Wasser f&uuml;r Photonen im Energiebereich der R&ouml;ntgendiagnostik mit Hilfe von Monte-Carlo-Methoden.
year : 1981
author 0 : Peter Kragh

title : Spezifikation und Verifikation von Optimierungsalgorithmen f&uuml;r imperative Programme.
year : 1992
author 0 : Gerd Kock

title : Transparentes Information Retrieval: ein neuer Ansatz und seine Realisierung im experimentellen Informationssystem WIDAB.
year : 1993
author 0 : Kurt Englmeier

title : Ein Beitrag zur methodisch konzeptionellen Realisierung dialogf&auml;higer Rechnersysteme kollektiver Nutzung mit Anwendungsorientierung auf den Lehrprozess.
year : 1978
author 0 : Johannes Kr&ouml;tenheerdt

title : Beitr&auml;ge zur Theorie der Lerndynamik k&uuml;nstlicher neuronaler Netze.
year : 1998
author 0 : Christian Goerick

title : Objekt-Orientierung im Compilerbau.
year : 2001
author 0 : Bernhard K&uuml;hl

title : A systematic approach to the design of embodiment with application to bio-inspired compliant legged robots.
year : 2016
author 0 : Stefan Kurowski

title : Behavior-based Malware Detection with Quantitative Data Flow Analysis.
year : 2016
author 0 : Tobias W&uuml;chner

title : Ans&auml;tze zur Unterst&uuml;tzung der oberen F&uuml;hrungsebene durch wissensbasierte Planungs- und Kontrollsysteme.
year : 1995
author 0 : Uwe Dr&auml;ger

title : Effizienter Regressionstest von E/E-Systemen nach ISO 26262.
year : 2012
author 0 : Ralf N&ouml;renberg

title : Konzept zum durchg&auml;ngigen Schutz von Daten in der verteilten additiven Fertigung.
year : 2020
author 0 : Marco Grimm 0002

title : Holistische Rahmenkonzeptionen zur Datenintegration: organisatorische Implikationen und Planung der Integration von Informations- und Produktionstechnologien in Industriebetrieben.
year : 1995
author 0 : Gerhard Welte

title : Medical tool tracking in fluoroscopic interventions: new insights in detection and tracking of tubular tools.
year : 2011
author 0 : Tim Hauke Heibel

title : Zur Identifikation der Parameter nichtlinearer statischer Modelle mit impliziter Struktur.
year : 1981
author 0 : Bernd Behrens

title : Informationsmanagement und &ouml;ffentliche Verwaltung: Perspektiven und Grenzen.
year : 1992
author 0 : Lothar Beyer

title : Stochastische Zeitreihenmodelle f&uuml;r kurzfristige operationelle Niederschlagsvorhersagen.
year : 1985
author 0 : Werner Wahliss

title : Generische Unterst&uuml;tzung von Information sharing im Kontext computer-unterst&uuml;tzter Gruppenarbeit.
year : 1995
author 0 : Markus Kolland

title : Lineare Optimierung mit dem Schatteneckenalgorithmus: Untersuchungen zum mittleren Rechenaufwand und Entartungsverhalten.
year : 1995
author 0 : Gabriele H&ouml;fner

title : Ein Kanalzugriffsprotokoll f&uuml;r Datenfunknetze mit Stationen beschr&auml;nkter Mobilit&auml;t.
year : 1989
author 0 : Johannes R&uuml;ckert

title : Methodische Grundlagen und Algorithmen f&uuml;r die Entwurfspraxis von Objektbeschreibungen erkennender Systeme.
year : 1974
author 0 : Hans-Egon Steinhagen

title : Machine Learning in an Open World: Intra-Class Splitting and Automatic Measurement Data Plausibility Check.
year : 2021
author 0 : Patrick Schlachter

title : Probabilistic Cognition for Autonomous Systems: Abstraction, Semantics and Knowledge.
year : 2014
author 0 : Ziyuan Liu

title : Rechnerunterst&uuml;tzung f&uuml;r die Suche nach verarbeitungstechnischen Prinzipl&ouml;sungen.
year : 1996
author 0 : Jens-Peter Majschak

title : Visuelle Wahrnehmung dreidimensionaler parametrisierter Objekte und Objektgruppen: eine empirische Untersuchung zur Bestimmung eines optimalen Betrachterstandortes von Gel&auml;ndemodellen.
year : 1996
author 0 : Ren&eacute; Sieber

title : Honeypot architectures for IPv6 networks.
year : 2016
author 0 : Sven Schindler

title : Abstrakte Interaktionsmodelle f&uuml;r die Integration in bestehende Benutzerschnittstellen.
year : 2016
author 0 : Mark Poguntke

title : Rationalisierung in der Steuerverwaltung: Ursachen, Verlauf und Auswirkungen technisch-organisatorischer Modernisierungsprozesse in Finanz&auml;mtern.
year : 1981
author 0 : Marcus L&ouml;bich

title : Implementing an Agro-Environmental Information System (AEIS) Based on GIS, Remote Sensing, and Modelling - A case study for rice in the Sanjiang Plain, NE-China.
year : 2016
author 0 : Quanying Zhao

title : Entwicklung einer Sakkadentrainingssoftware f&uuml;r Kinder mit Hemianopsie und Evaluierung des Trainingseffekts.
year : 2018
author 0 : Stephan K&uuml;ster

title : Risikointegriertes Prozess Engineering am Beispiel Offshore Windpark.
year : 2017
author 0 : Saskia Greiner

title : Integrierte Validierung der interaktionsbasierten Verhaltensanforderungen und des funktionalen Entwurfs.
year : 2018
author 0 : Marian Daun

title : Contributions to System Composition using a System Design Process driven by Service Definitions for Service Robotics.
year : 2018
author 0 : Dennis Stampfer

title : Subjektive Zufallsfolgen, ihre Struktureigenschaften und prozedurale Modelle f&uuml;r ihre Erzeugung.
year : 1979
author 0 : Gerhard Dirlich

title : Computational intelligence techniques for decision making: with applications to the dairy industry.
year : 2002
author 0 : Hussein A. Abbass

title : Ein systematischer Vergleich von Entwurfsverfahren f&uuml;r betriebliche Informationssysteme.
year : 1983
author 0 : Hans-Gert Penzel

title : Die Bestimmung der hydrodynamischen Rauhigkeit der Unterseite polaren Meereises: numerische Simulationen.
year : 1997
author 0 : Oliver Hehl

title : Ein Beitrag f&uuml;r den Aufbau und die Nutzung von integrierten Unternehmensmodellen.
year : 1997
author 0 : Peter Milde

title : Koordination einer standortbezogen verteilten Produktionsplanung und -steuerung auf der Basis von Standard-PPS-Systemen.
year : 2003
author 0 : Clemens Philippson

title : Integration of rewriting, narrowing, compilation, and heuristics for equality reasoning in resolution-based theorem proving.
year : 1992
author 0 : Axel Pr&auml;cklein

title : Efficient From-Point Visibility for Global Illumination in Virtual Scenes with Participating Media.
year : 2013
author 0 : Thomas Engelhardt

title : Simulative Untersuchungen rechentechnischer Ressourcen in einem verteilten Steuerungssystem.
year : 1990
author 0 : Ralf Peuker

title : Measuring the Evolution of the Internet in the Age of Giants.
year : 2020
author 0 : Jan R&uuml;th

title : Privacy-aware sharing of location information.
year : 2015
author 0 : Marius Wernke

title : Ein Beitrag zur Berechnung optimaler Zeitplansteuerungen f&uuml;r eine Klasse von Prozessen mit vorgeschriebener Dauer.
year : 1974
author 0 : Eberhard Brandt

title : Konzepte zur Wahrung der Ordnungsm&auml;ssigkeit in Informationssystemen.
year : 1984
author 0 : Peter Thormann

title : Preference-based teaching of geometrical concept classes and a toolbox for the design of minimum disagreement algorithms.
year : 2020
author 0 : Christoph Ries

title : Modellierung h&ouml;herer Verarbeitungsmechanismen in der H&ouml;rbahn der Laubheuschrecke Tettigonia viridissima mit dynamischen Modellneuronen.
year : 1997
author 0 : Matthias Bl&uuml;mler

title : Interaktives, probleml&ouml;sendes Denken im vernetzten Computerspiel.
year : 2003
author 0 : Nadia Kraam-Aulenbach

title : Strukturuntersuchungen zum parametrischen Teilproblem in semi-infiniten Optimierungsaufgaben.
year : 1989
author 0 : Ren&eacute; Henrion

title : Prototype based clustering in high-dimensional feature spaces.
year : 2015
author 0 : Roland Winkler

title : The application of source language information in Chinese-English statistical machine translation.
year : 2013
author 0 : Yuqi Zhang

title : On Enforcing Reliability in Unidirectional WSNs: A MAC-Based Approach.
year : 2019
author 0 : Philip Parsch

title : Zur Abbildung von Geodaten im Rahmen eines Geoinformationssystems.
year : 1990
author 0 : Manfred Schneider

title : Ein System zum funktionellen Modellieren unter Verwendung von Datenbanktechniken und interaktiven graphischen Arbeitsmethoden.
year : 1981
author 0 : Klaus Leinemann

title : Anwendungen des DFN-RPC in der Physik.
year : 1994
author 0 : Ralf Allrutz

title : Beitr&auml;ge zur Personen- und Hinderniserkennung f&uuml;r kamerabasierte Assistenz- und &Uuml;berwachungssysteme: 2D und 2.5D Kamerakalibrierung, Objekterkennung und Objektlokalisierung.
year : 2016
author 0 : Alexandros Gavriilidis

title : Software-ergonomische Bewertung zwischen Arbeitsgestaltung und Softwareentwicklung.
year : 1994
author 0 : Wolfgang Hampe-Neteler

title : Fuzzy-Systeme zur Modellierung und Regelung komplexer technischer Systeme.
year : 1997
author 0 : Andreas Kroll

title : Extracting and Learning Semantics from Social Web Data.
year : 2019
author 0 : Thomas Niebler

title : Robuste und kontextbezogene Ausf&uuml;hrung mobiler Aktivit&auml;ten in Prozessumgebungen.
year : 2015
author 0 : R&uuml;diger Pryss

title : Beitrag zur rechnergest&uuml;tzten Multiprojektplanung.
year : 1990
author 0 : Kodom Baffoe

title : Anwendungsm&ouml;glichkeiten und Vorteilhaftigkeit des Electronic Procurement f&uuml;r &ouml;ffentliche Bundesverwaltungen.
year : 2003
author 0 : Daniela Barth

title : Online-Optimierung von Fuzzy Controllern mittels neuronaler Lernverfahren.
year : 2001
author 0 : Klaus-Peter Klaa&szlig;en

title : Dynamische Zertifizierung: Datenschutzrechtliche Zertifizierung nach der Datenschutz-Grundverordnung am Beispiel des Cloud Computing.
year : 2019
author 0 : Johanna M. Hofmann

title : Efficient and Accurate Segmentation of Defects in Industrial CT Scans.
year : 2021
author 0 : Patrick Fuchs

title : A Structure-based Attack on the Linearized Braid Group-based Diffie-Hellman Conjugacy Problem in Combination with an Attack using Polynomial Interpolation and the Chinese Remainder Theorem.
year : 2019
author 0 : Christian Kell

title : Grundlagen der Marketing-Kommunikation im Personal-Computer Markt.
year : 1990
author 0 : Theo C. Altorfer

title : Logic-based 0-1 constraint solving in constraint logic programming.
year : 1995
author 0 : Peter Barth

title : Geistes Wissenschaft: p&auml;dagogische Implikationen kognitionswissenschaftlicher Forschung.
year : 2003
author 0 : Alexander Warkus

title : Quantitative Analyse des klassischen genetischen Algorithmus.
year : 1995
author 0 : Stefan Jakobs

title : Ein aktives 3D-Robotersensorsystem auf der Grundlage eines verallgemeinerten Ansatzes zur Erstellung modellbasierter Objekterkennungsverfahren.
year : 1995
author 0 : Thomas Stahs

title : Effiziente Erstellung aufgabenspezifischer Bilderkennungssysteme (Efficient development of application-specific image recognition systems).
year : 2014
author 0 : Julia M&ouml;hrmann

title : Character n-gram-based sentiment analysis.
year : 2015
author 0 : Dominique Ziegelmayer

title : Modellans&auml;tze f&uuml;r die mathematisch-statistische Auswertung von Betriebsdaten als Planungshilfsmittel bei der Einsch&auml;tzung von Strebbetrieben im Steinkohlenbergbau.
year : 1982
author 0 : Hans-Peter Griesenbrock

title : Regelkreismodelle des Rechts: Unters. zur &Uuml;bertragung kybernet. Modellvorstellungen auf d. Recht.
year : 1983
author 0 : Hans-J&uuml;rgen Garstka

title : Die thermische Steuerung des Erstarrungsvorganges beim Siliciumkokillenguss.
year : 1985
author 0 : Helena Khuri

title : Performance QoS-orientierter Daten&uuml;bertragung unter dem Standard IEEE 802.11e WLAN.
year : 2011
author 0 : Riyadh Qashi

title : Grundlagen und Ans&auml;tze zur Projektierung von Arbeitsaufgaben unter Beachtung des informationellen Aspektes bei verst&auml;rktem Einsatz automatisierter technischer Mittel in der Produktion, dargestellt an Beispielen aus dem Maschinen- und Anlagenbau.
year : 1988
author 0 : Monika L&ouml;sse

title : Anonymous Authenticated Car-to-X Communication.
year : 2016
author 0 : Carsten B&uuml;ttner

title : Objektorientierte Konzepte f&uuml;r Kosteninformationssysteme: eine Eignungspr&uuml;fung f&uuml;r die computerintegrierte Fertigung.
year : 1997
author 0 : Hans Schmitz

title : Strukturierungs- und Implementierungsverfahren als Mittel zur Erh&ouml;hung der Portabilit&auml;t von Systemsoftware.
year : 1985
author 0 : Rolf Kraemer

title : Visualization techniques for parallel coordinates.
year : 2013
author 0 : Julian Heinrich

title : Performance-oriented dependency parsing.
year : 2013
author 0 : Alexander Volokh

title : Messtechnik mit Mikrocomputern.
year : 1983
author 0 : Manfred Lobjinski

title : &Uuml;ber den Entwurf von Benutzungsschnittstellen technischer Anwendungen mit visuellen Spezifikationsmethoden und Werkzeugen: Endbenutzeraspekte ; Wiederverwendung durch Entwurfsmuster und Komponenten.
year : 2001
author 0 : Elke Siemon

title : High-quality mesh generation from 3D scans for surface analysis.
year : 2018
author 0 : Nico Schertler

title : Wissensbasierte Diagnose technischer Systeme mit konnektionistischen Modellen.
year : 1996
author 0 : Hartwig Weber

title : Cross-layer latency-aware and -predictable data communication.
year : 2020
author 0 : Andreas Schmidt 0003

title : Echtzeitf&auml;higes Verfahren zur Kollisionsvermeidung f&uuml;r Industrieroboter in station&auml;rer und sich dynamisch ver&auml;ndernder Umgebung.
year : 1992
author 0 : Peter Adolphs

title : Untersuchung von adaptiven randomisierten Datenstrukturen.
year : 1984
author 0 : Rolf B. Gasber

title : Ein pragmatisches Vorgehenskonzept zur Integration und Kooperation von Informationssystemen.
year : 2000
author 0 : Thomas Lehmann 0005

title : Parallel asynchronous matrix multiplications for a distributed pipelined neural network.
year : 2017
author 0 : Mareike Schmidtobreick

title : Prefix-Hijacking im Internetrouting: Monitoring, Analyse und Mitigation.
year : 2019
author 0 : Matthias W&uuml;bbeling

title : Spezifikation, Analyse und Simulation grosser VLSI-Entw&uuml;rfe mit Statecharts und Activitycharts.
year : 1994
author 0 : Elmar Cochlovius

title : Ans&auml;tze zur lokalen Bayes'schen Fusion von Informationsbeitr&auml;gen heterogener Quellen.
year : 2021
author 0 : Jennifer Sander

title : Dynamische statistische Entscheidungsverfahren f&uuml;r Schadenzahlprozesse.
year : 1981
author 0 : Peter Albrecht

title : Speech recognition-synthesis system for Amharic: a unified HMM based approach.
year : 2013
author 0 : Yitagessu Birhanu Gebremedhin

title : Ein Verfahren zur rechnerunterst&uuml;tzten Anwendung von Metriken beim Entwurf von Automatisierungssystemen.
year : 1992
author 0 : Andreas Riegg

title : Das Faktorisierungsrepr&auml;sentationsproblem als Basis kryptographischer Protokolle.
year : 2002
author 0 : Roger Fischlin

title : Bionische Verfahren zur Entwicklung visueller Systeme.
year : 1991
author 0 : Reinhard Lohmann

title : Objektverwaltung in B&uuml;rokommunikationssystemen auf der Grundlage von elektronischem Schriftgut.
year : 1989
author 0 : Frank F&ouml;rsterling

title : Eine Entwurfsmethodik f&uuml;r data warehouses.
year : 2002
author 0 : Olaf Herden

title : Approximate similarity search in metric spaces.
year : 2002
author 0 : Giuseppe Amato

title : Particle-based computer simulations of biological reaction-diffusion systems.
year : 2017
author 0 : Nikolas Schnellb&auml;cher

title : Forwarding strategies for 6LoWPAN-fragmented IPv6 datagrams.
year : 2017
author 0 : Andreas Weigel

title : Entwurf, Bewertung und Optimierung eines Kommunikationssystems f&uuml;r Parallelrechner.
year : 1993
author 0 : Axel Kern

title : Simulative &Uuml;berpr&uuml;fung von Sensordatenverarbeitungssystemen.
year : 2016
author 0 : S&ouml;ren Schweigert

title : Machine vision for inspection and novelty detection.
year : 2012
author 0 : Fabian Timm

title : Visual logic: a Visual Source Code Animation System for teaching computer science at school.
year : 1993
author 0 : Jie-Ming Jimmy Wang

title : Zum kooperativen Entwurf von eingebetteten Echtzeitsystemen.
year : 1998
author 0 : Yankin Tanurhan

title : Dissecting the Droid: Forensic Analysis of Android and its malicious Applications (Sezierung eines Androiden).
year : 2013
author 0 : Michael Spreitzenbarth

title : Numeric Inference of Heap Shapes for the Automated Analysis of Heap-Allocating Programs.
year : 2016
author 0 : Holger Siegel

title : Entwurf und Implementierung eines rechnergest&uuml;tzten Informationssystems (RIS) im ASL des VE Verkehrskombinates Frankfurt (Oder).
year : 1983
author 0 : Werner Fitzner

title : Computer in der zahn&auml;rztlichen Praxis: e. Umfrage bei niedergelassenen Zahn&auml;rzten im KZV-Gebiet Koblenz-Trier.
year : 1986
author 0 : Amely Sellier

title : Software-Entwicklung mit objektorientierten Frameworks.
year : 1997
author 0 : Andreas R&uuml;ping

title : On creating reference data for performance analysis in image processing.
year : 2014
author 0 : Stephan Meister

title : Modellvorstellungen zur Analog-Digital-Umsetzung.
year : 1986
author 0 : J&uuml;rgen Donath

title : Computerunterst&uuml;tzte Peakidentifizierung in der HPLC mit Diodenarray-Detektoren.
year : 1986
author 0 : Thomas K&ouml;nig 0002

title : Kommunikationsstruktur in Multiprozessorsystemen.
year : 1994
author 0 : Andreas M&uuml;ller 0019

title : Ontologiebasierte Kennzahlenentwicklung f&uuml;r Virtual Production Intelligence.
year : 2015
author 0 : Christian B&uuml;scher

title : Decision Support in Social Media and Cloud Computing.
year : 2016
author 0 : J&ouml;rg Gottschlich

title : Zur Charakterisierung von Programmen mit endlichen Arten.
year : 1980
author 0 : Hans-Joachim Klein 0001

title : Die Migration eines Datenverarbeitungssystems: Ablaufbeschreibung und -analyse.
year : 1989
author 0 : Christian Rolfs

title : Zur systematischen Analyse und Synthese nichtlinearer Systeme mit Fuzzy-Logik.
year : 1995
author 0 : Torsten Bertram

title : Modularity by Design for Safety-Critical Software Systems.
year : 2019
author 0 : Thomas Driessen

title : Sensordateninterpretation und Weltmodellierung f&uuml;r die Navigation eines autonomen mobilen Roboters in unbekannter dynamischer Umgebung: realisiert durch das Verfahren 3rd-WM.
year : 1990
author 0 : Thomas Knieriemen

title : Bildaufnahme mit CCD-Zeilen: ein Beitrag zur Einsatzm&ouml;glichkeit in der Druckvorbereitung von Halbtonvorlagen.
year : 1984
author 0 : Manfred G&uuml;nzel

title : Programmierung eines Auswertungsmoduls f&uuml;r die dBase-Datenbank NOTA in der Programmiersprache C.
year : 1997
author 0 : Christoph G&uuml;nther 0003

title : Der Schutz der Programme f&uuml;r die Datenverarbeitung im System des Immaterialg&uuml;terrechts: ein Beitrag zu den immaterialg&uuml;terrechtlichen Kategorien geistiger Schaffensergebnisse.
year : 1991
author 0 : Matthias Pierson

title : Scalable Community Detection.
year : 2021
author 0 : Michael Hamann

title : Ein Beitrag zur Realisierung des hardwarem&auml;&szlig;igen Anteils eines computergesteuerten Lichtsatzsystems f&uuml;r den On-line-Betrieb.
year : 1977
author 0 : Hans Dolleschel

title : A Metamodel for Cyber-Physical Systems.
year : 2017
author 0 : Constantin Scheuermann

title : Methoden zur L&ouml;sung von Aufgaben der optimalen Steuerungen mit engen Zustandsbereichen.
year : 1983
author 0 : Hoang Xuan Phu

title : Klanganalysen mit Hilfe neuronaler Netze unter Einbeziehung einer Clustervorverarbeitung.
year : 1999
author 0 : Barbara Kobzik

title : Graphentheoretisches Verfahren zur Fahrplangestaltung in Transportnetzen unter Ber&uuml;cksichtigung von Pufferzeiten mittels interaktiver Rechentechnik.
year : 1981
author 0 : Werner Weigand

title : Die Auswertung von Gesch&auml;ftsunterlagen in Wirtschaftsstrafverfahren mit Hilfe der elektronischen Datenverarbeitung: ein Instrument der Staatsanwaltschaft zur Verbesserung der Strafverfolgung im Bereich der Wirtschaftskriminalit&auml;t.
year : 1991
author 0 : Werner Alfred Franke

title : Einbettung einer geowissenschaftlichen Datenbanksprache in eine h&ouml;here Programmiersprache.
year : 1990
author 0 : Friedrich Lohmann

title : Reconstruction of Specular Reflective Surfaces using Auto-Calibrating Deflectometry.
year : 2012
author 0 : Holger H. Rapp

title : Konzeption und Teilrealisierung eines Beratungssystems zur Qualit&auml;tssicherung im Zyklus I der Herstellung integrierter Schaltkreise.
year : 1988
author 0 : Rolfgerhard Puhlmann

title : Ein superlinear konvergenter Algorithmus zur L&ouml;sung semi-infiniter Optimierungsprobleme.
year : 1982
author 0 : Konrad Oettershagen

title : CIMAWA: Entwicklung und Anwendung einer textbasierten Assoziations-Berechnungsmethode.
year : 2014
author 0 : Patrick Uhr

title : Adaptive data processing in embedded networks.
year : 2011
author 0 : Andreas Scholz 0001

title : Heuristic Strategies for Single Document Analysis.
year : 2015
author 0 : Thomas Bohne

title : Latency Reduction for Real-Time Rendering and its Application to VR Training Scenarios.
year : 2021
author 0 : Gerrit Lochmann

title : Multi-Aware Cluster Head Maintenance for Mobile Ad Hoc Networks with Wireless Power Transfer Capabilities.
year : 2016
author 0 : Rani Almaharmah

title : Rechnergest&uuml;tzte Verfahren zur Sortenerkennung bei Hopfen und Hopfenproduktion auf der Basis der &auml;therischen &Ouml;le.
year : 1990
author 0 : Josef Georg Freundorfer

title : Systeme zur Rechnerunterst&uuml;tzung des funktionsorientierten Grobentwurfs.
year : 1996
author 0 : Achim Schulz

title : Cooperative Localization using Factor Graphs for Autonomous Vehicles (Kooperative Lokalisierung mittels Faktorgraphen f&uuml;r Autonome Fahrzeuge)
year : 2019
author 0 : Dhiraj Gulati

title : Planning in Hybrid Domains: Domain Predictive Control = Planen in Hybriden Dom&auml;nen: Dom&auml;nen-pr&auml;diktive Regelung.
year : 2014
author 0 : Johannes L&ouml;hr

title : Parallele Computergraphik und Animation mit Transputern.
year : 1993
author 0 : Klaus Zeppenfeld

title : Klassenlose Schrift: Schriftklassifikationen im Wandel analoger und digitaler Typografie.
year : 2019
author 0 : J&ouml;rg Petri

title : Cognitive-support code review tools: improved efficiency of change-based code review by guiding and assisting reviewers.
year : 2019
author 0 : Tobias Baum

title : Monotone string-to-string translation for NLU and ASR tasks.
year : 2015
author 0 : Stefan Hahn

title : Onkologische Daten aus der Kassenarztpraxis: Diagnostik, Therapie und Nachsorge bei Allgemein- und Fach&auml;rzten.
year : 1984
author 0 : Sabine Brugger
author 1 : Thomas Frenzel

title : Semantics for the Web of Things: Modeling the Physical World as a Collection of Things and Reasoning with their Descriptions.
year : 2019
author 0 : Victor Charpenay

title : Haptic Guidance for Extended Range Telepresence.
year : 2013
author 0 : Antonia P&eacute;rez Arias

title : Analyse und Vorhersage der Aktualisierungen von Web-Feeds.
year : 2012
author 0 : Sandro Reichert

title : H&ouml;here Mechanismen der visuellen Informationsverarbeitung in neuronalen Netzen.
year : 1993
author 0 : Michael St&ouml;cker

title : Die Entwicklung computergest&uuml;tzter, interaktiver und multimedialer Patientensimulationen zum Thema Herzinfarkt, Angina pectoris und Mitralstenose.
year : 1994
author 0 : Reinhard Friedl

title : Multi-scale representations of virtual 3D city models.
year : 2013
author 0 : Tassilo Glander

title : Automatische Objekt- und Threadverteilung in einer virtuellen Maschine.
year : 2001
author 0 : Michael Schr&ouml;der 0004

title : Dynamische Modellanalyse von Metamodellen mit operationaler Semantik.
year : 2015
author 0 : Michael Soden

title : Referenzmodell zur Gestaltung der Serviceorganisation in Unternehmen der Raumfahrtbranche zum Betrieb bemannter Raumfahrtsysteme.
year : 2013
author 0 : Christoph Forster

title : Funktionaldifferentialgleichungen zur Beschreibung von Wasserbewegungen in B&ouml;den nat&uuml;rlicher Variabilit&auml;t: Beitr&auml;ge zur Theorie und Entwicklung eines numerischen L&ouml;sungsverfahrens.
year : 1991
author 0 : Rudolf Liedl

title : Extensions of order-sorted algebraic specifications: parameterization, higher-order functions and polymorphism.
year : 1991
author 0 : Zhenyu Qian

title : Ein Beitrag zur Begriffswelt der Schaffung programmierter Systeme.
year : 1998
author 0 : Frank Gales

title : AMLVaran: a software approach to implement variant analysis of targeted NGS sequencing data in an oncological care setting.
year : 2020
author 0 : Christian W&uuml;nsch

title : A framework for non-classical logics.
year : 1997
author 0 : Luca Vigan&ograve; 0001

title : Technologische Untersuchungen zum Einsatz von Bordmikrorechnern auf Strassenbahnen.
year : 1985
author 0 : Konrad Thomsch

title : Rechnergest&uuml;tzte Bestimmung der dynamischen Modellparameter von Bipolartransistoren.
year : 1985
author 0 : J&uuml;rgen Boldt

title : Models and methods for the systematic integration of cognitive functions into product concepts.
year : 2016
author 0 : Torsten Metzler

title : Konzeption und Realisierung eines bildschirmorienierten Dialogsystems zur Durchf&uuml;hrung von rechnerunterst&uuml;tzten &Uuml;bungen im Fach Grundlagen der Programmierung.
year : 1982
author 0 : Grzegorz Czaja

title : Systematische Konstruktion von Workflow-Typen f&uuml;r Workflow-Management-Anwendungen.
year : 1999
author 0 : Markus B&ouml;hm 0002

title : MOON: ein interaktives, objektorientiertes, nat&uuml;rlichsprachiges Programmiersystem.
year : 1998
author 0 : Markus Dahm

title : Computergest&uuml;tzte Rechtsfindungssysteme: Voraussetzungen, Grenzen und Perspektiven.
year : 1994
author 0 : Stephan Ring

title : Exploring lexical resources for text generation in a systemic functional language model.
year : 1997
author 0 : Leo Wanner

title : Agentenunterst&uuml;tzte Erkundung von virtuellen Welten.
year : 1996
author 0 : J&uuml;rgen Emhardt

title : Ein agentenbasiertes Micropaymentsystem.
year : 2003
author 0 : Matthias Lenord

title : Wissensbasierte Unterst&uuml;tzung des Konstrukteurs im Maschinenbau.
year : 1993
author 0 : Gero Dargel

title : Inferenz von Kreuzungsinformationen aus Flottendaten.
year : 2017
author 0 : Christian Ruhhammer

title : Entwurf von Expertensystem-Software f&uuml;r die Prozessleittechnik von Elektroenergiesystemen.
year : 1989
author 0 : Norbert Jann

title : Fault Tolerant Optimizations for High Performance Computing Systems.
year : 2020
author 0 : Dai Yang

title : Entwicklung eines effizienten Verfahrens zur Simulation kompressibler Str&ouml;mungen in 3D auf Parallelrechnern.
year : 1999
author 0 : Bernhard Schupp

title : Theoretisch-methodologische Probleme der Entwicklung und Nutzung diskreter Simulationsmodelle und daraus resultierende Konsequenzen f&uuml;r die Gestaltung des Zugangs zu fachgebietsorientierten Simulationssystemen.
year : 1987
author 0 : Stephan Strohmeyer

title : Zur Substitution von Rechnerbetriebsmitteln.
year : 1987
author 0 : Werner Koch

title : Verfahren der polyfunktionalen Bewertung von Landschaftselementen einer Landschaftseinheit mit anschliessender "Multicriteria optimization" zur Generierung vielf&auml;ltiger Landnutzungsoptionen.
year : 1996
author 0 : Ralf Grabaum

title : Design of communication systems for two-way relaying.
year : 2015
author 0 : Onurcan Iscan

title : Exploiting Human Visual Attention for Automatic Image Selection and Annotation.
year : 2014
author 0 : Tina Walber

title : Informationsschreiben in der IT-Branche: ein Leitfaden und Qualit&auml;tspr&uuml;fungsverfahren.
year : 2013
author 0 : Martina Faust

title : Einkristall-R&ouml;ntgen-Strukturanalyse und vergleichende Strukturinterpretation organischer Molek&uuml;le, insbesondere von N-Heterocyclen und Chalkogen-Stickstoff-Mehrfachbindungssystemen, mit Erstellung und Adaption neuer Rechnerprogramme.
year : 1983
author 0 : Viktor Lamm

title : Mobile Roboter im Lager: rationelle Kommissionierung.
year : 1990
author 0 : Matthias Daum 0002

title : Understanding the formation of wait states in one-sided communication.
year : 2017
author 0 : Marc-Andr&eacute; Hermanns

title : Variability in service-oriented computing.
year : 2017
author 0 : Muhammad Ateeq Khan Lodhi

title : Reliable on-line machine learning for regression tasks in presence of uncertainties.
year : 2014
author 0 : Andreas Buscherm&ouml;hle

title : Context and context management: epsilon-theoretic foundation and operational design.
year : 2014
author 0 : Thomas Karbe

title : Untersuchungen zum Kraftwerkseinsatz im Minuten- bis Stundenbereich mittels dynamischer Optimierung.
year : 1983
author 0 : Rainer von Lutz

title : Ein vollst&auml;ndiges Mengenkonzept in Programmiersprachen, Realisierung mit unkonventioneller Hardware.
year : 1986
author 0 : Andreas V&ouml;lk

title : Software Developers' Work Habits and Expertise: Empirical Studies on Sketching, Code Plagiarism, and Expertise Development.
year : 2019
author 0 : Sebastian Baltes

title : Gestaltung von Bildzeichen.
year : 1979
author 0 : Rudolf Haller

title : Pr&uuml;fung der Kreditw&uuml;rdigkeit im Konsumentenkreditgesch&auml;ft mit Hilfe neuronaler Netze.
year : 1996
author 0 : Klaus Rosenhagen

title : On the Analysis and Decomposition of Intrinsically One-Dimensional Signals and their Superpositions.
year : 2012
author 0 : Oliver Fleischmann

title : Simulation pulsverarbeitender neuronaler Netze: eine ereignisgetriebene und verteilte Simulation pulsverarbeitender neuronaler Netze.
year : 2003
author 0 : Cyprian Gra&szlig;mann

title : Comparison of Compiler's Intermediate Representations and Input/Output Access Patterns with String Kernels.
year : 2018
author 0 : Raul Ernesto Torres Carvajal

title : Dereverberation and Robust Speech Recognition Using Spatial Coherence Models.
year : 2019
author 0 : Andreas Schwarz

title : An object representation and methods for uncertainty-aware shape estimation and grasping.
year : 2015
author 0 : Stanimir Dragiev

title : Konvergenzverhalten bei Zoutendijkschen Gradientenverfahren.
year : 1980
author 0 : Ralf Schulze

title : On the Application of Formal Techniques for Dependable Concurrent Systems.
year : 2019
author 0 : Habib Saissi

title : Entwicklung und Implementierung von Kostenrechnungsverfahren f&uuml;r Servicerechenzentren aufgrund einer vergleichenden Analyse gegenw&auml;rtig praktizierter Verfahren.
year : 1984
author 0 : Peter H&ouml;rner

title : Methoden zur computergest&uuml;tzten Analyse des Nachtschlaf-Elektroenzephalogramms (EEG) in Echtzeit.
year : 1986
author 0 : Wolfram Schiffmann

title : Visualization of Uncertain Scalar Data Sets.
year : 2013
author 0 : Tobias Pfaffelmoser

title : Eine Datenschnittstelle zur Integration heterogener Datenbasen in betriebliche Anwendungsprogramme.
year : 1992
author 0 : Joachim Resch

title : Modellmethodologie und optimale Bestellmenge: Grundriss e. Methodologie d. Modellkonstruktion, konkretisiert am Modell d. optimalen Bestellmenge.
year : 1982
author 0 : Peter Klaus J&auml;ger

title : Quantifizierung von Koronarstenosen: Vergleich des digitalen Bildverarbeitungssystems DCI mit dem Bildspeichermedium Bildplatte und dem herk&ouml;mmlichen Kinofilm.
year : 1997
author 0 : Malgorzata Lelonek

title : Visual Analytics for Situational Awareness in Cyber Security.
year : 2016
author 0 : Fabian Fischer 0001

title : Modellierung und Simulation von prozessleittechnischen Systemen in Elektroenergiesystemen mit Petri-Netzmodellen.
year : 1986
author 0 : Peter Wustrau

title : Machine Learning Techniques and Optical Systems for Iris Recognition from Distant Viewpoints.
year : 2020
author 0 : Florian S. Langgartner

title : Werkstattorientierte Programmierung von Industrierobotern f&uuml;r automatisiertes Lichtbogenschweissen: neue Methodik und Werkzeuge zur Verk&uuml;rzung der Programmierzeit.
year : 1993
author 0 : Andreas Zabel

title : Zum methodischen Entwurf von Selbsttest-Architekturen f&uuml;r mikroprogrammierte Prozessorstrukturen.
year : 1991
author 0 : Thomas M. Schwair

title : Die Pr&uuml;fung der Sanierungsf&auml;higkeit notleidender Unternehmen: Grundlagen, Durchf&uuml;hrung und Unterst&uuml;tzung durch Expertensysteme.
year : 1993
author 0 : J&ouml;rn Brandst&auml;tter

title : A new information fusion method for land-use classification using high resolution satellite imagery: an application in Landau, Germany.
year : 1999
author 0 : Wanxiao Sun

title : Ein Beitrag zur Dekomposition von linearen zeitinvarianten Grosssystemen.
year : 1981
author 0 : Friedrich Raske

title : Message passing algorithms for investigating invariants of sparse random graphs.
year : 2018
author 0 : Kathrin Skubch

title : Ein digitales Leitungsmodell als Hilfsmittel zur Sprachsynthese.
year : 1981
author 0 : J&uuml;rgen Braas

title : Echtzeitf&auml;hige Softwareagenten zur Realisierung cyber-physischer Produktionssysteme.
year : 2016
author 0 : Sebastian Theiss

title : Implementierung von IT-Strategien: eine Methode zu systematischen, strukturierten und kontrollierten Implementierung von IT-Strategien.
year : 2015
author 0 : Jens Bartenschlager

title : Fachliche Modellierung mit BPMN im Kontext der Entwicklung von Anwendungssystemen.
year : 2018
author 0 : Marcus Elzenheimer

title : Grid generation for three-dimensional semiconductor device simulation.
year : 1991
author 0 : Paolo Conti

title : Thermal imaging for amplifying human perception.
year : 2018
author 0 : Yomna Abdelrahman

title : Parallele Anfrageverarbeitung in Komplexobjekt-Datenbanksystemen: Verarbeitungskonzepte, Realisierungsaspekte und Betriebssystemeinbettung.
year : 1997
author 0 : Michael Gesmann

title : Dynamische probabilistische Bewegungsmodelle mittels Verhaltensmodellierung.
year : 2012
author 0 : Thorsten Edelh&auml;u&szlig;er

title : Realit&auml;t und virtuelle Welten: Philosophie f&uuml;r eine High-Tech-Gesellschaft.
year : 1997
author 0 : J&ouml;rg Wurzer

title : Energetische Modellierung neuronaler Signalverarbeitung.
year : 2000
author 0 : Axel L&ouml;ffler

title : Gestaltungsaspekte immersiver Fahrsimulationsumgebungen: Einfluss visueller und auditiver Parameter auf die Fahrerverhaltensvalidit&auml;t.
year : 2018
author 0 : Diana Reich

title : Analyse der Zusammenarbeit in Softwareprojekten mittels Informationsfl&uuml;ssen und Interaktionen in Meetings.
year : 2019
author 0 : Jil Kl&uuml;nder

title : Modifizierte selbstorganisierende Karten und ihre Anwendungen.
year : 2001
author 0 : Stefan Sch&uuml;nemann

title : Software tools and efficient algorithms for the feature detection, feature tracking, event localization, and visualization of large sets of atmospheric data.
year : 2013
author 0 : Sebastian Limbach

title : Ein verteilter Objektspeicher f&uuml;r entkoppelten Betrieb.
year : 1998
author 0 : Thomas Breitbach

title : Eine Methode zur Bestimmung optimaler Instandhaltungsstrategien f&uuml;r redundante Systeme.
year : 1983
author 0 : Thomas Winkler 0006

title : Selbstorganisierende Evolutionsstrategien.
year : 2003
author 0 : Jutta Huhse

title : Formale Methoden zur Spezifizierung automatischer Parallelisierung.
year : 1988
author 0 : Thomas Brandes

title : Ein Kalk&uuml;l f&uuml;r ein erweitertes Entity-Relationship-Modell und seine &Uuml;bersetzung in einen relationalen Kalk&uuml;l.
year : 1989
author 0 : Uwe Hohenstein

title : Mathematische Modelle zur Untersuchung der Liquordynamik.
year : 1980
author 0 : Oskar Hoffmann

title : The influence of recurrent interactions on orientation discrimination in primary visual cortex.
year : 2018
author 0 : Hanna Kamyshanska

title : Verification architectures for complex real-time systems.
year : 2011
author 0 : Johannes Faber

title : Wirtschaftliche Einf&uuml;hrung der rechnerintegrierten Produktion in kleinen Unternehmen mit komplexer Produktionsstruktur.
year : 1996
author 0 : Wolfgang Bilger

title : Personalisierung, Kooperation und Evolution in digitalen Bibliotheken.
year : 2003
author 0 : Claudia Nieder&eacute;e

title : Betriebliche Entscheidungsunterst&uuml;tzungssysteme auf der Basis erfahrungsbasierter IV-Methoden: Einordnung, Potentiale, die JANUS-Shell und Perspektiven.
year : 1999
author 0 : Ansgar Woltering

title : Acceptance of mobility information systems and mode choice decisions.
year : 2018
author 0 : Christopher Lisson

title : Implementation funktionaler Programmiersprachen durch Quellentexttransformation.
year : 1998
author 0 : Dragan Macos

title : CELEX: Profil einer Datenbank.
year : 1994
author 0 : Markus Ruffing 0001

title : Beitrag zur Entwicklung eines dezentralen Produktionsplanungs- und -steuerungssystems auf der Basis verteilter Datenbest&auml;nde.
year : 1982
author 0 : Theo Nissing

title : Verarbeitungsschutz zur Verbesserung des Datenschutzes in der Medizin: Konzept u. Realisierung.
year : 1986
author 0 : Bernd A. Meyer-Bender

title : Crowdsourcing for linguistic field research and e-learning.
year : 2014
author 0 : Fabian Knei&szlig;l

title : Automated complexity analysis of rewrite systems.
year : 2018
author 0 : Florian Frohn

title : Entwurf und Realisierung schneller GKS-Graphiksysteme mit innovativer Systemarchitektur sowie Funktionsmigration in Firmware und spezielle Hardware.
year : 1988
author 0 : Horst G. G&uuml;nther

title : Testing self-adaptive systems: a model-based approach to resilience.
year : 2018
author 0 : Georg P&uuml;schel

title : Internet webcasting: generating and matching profiles.
year : 1999
author 0 : Matthias Eichst&auml;dt

title : Unsupervised object candidate discovery for activity recognition.
year : 2017
author 0 : Lukas Rybok

title : Efficient query processing and index tuning using proximity scores.
year : 2012
author 0 : Andreas Broschart

title : &Ouml;konomie und Spiele: die Entstehungsgeschichte der Spieltheorie aus dem Blickwinkel des &Ouml;konomen Oskar Morgenstern.
year : 1992
author 0 : Urs Rellstab

title : Commonsense knowledge acquisition and applications.
year : 2016
author 0 : Niket Tandon

title : Kundenorientierte Softwareproduktion.
year : 1999
author 0 : Helmut Degen

title : Systematische Wiederverwendung in der Software-Entwicklung.
year : 2002
author 0 : Andreas Dietzsch

title : Ein Beitrag zur Vorausbestimmung der Zykluszeit von Industrierobotern in Montageprozessen unter der Einbeziehung roboterunabh&auml;ngiger Algorithmen und dem Einsatz der Personalcomputertechnik.
year : 1989
author 0 : Gert Schnabel

title : Frameworks und Entwurfsmuster.
year : 1997
author 0 : Walter Zimmer

title : Efficient utilization of vector extensions in microprocessors.
year : 2020
author 0 : Angela Pohl

title : Snapshot: friend or foe of data management - on optimizing transaction processing in database and blockchain systems.
year : 2020
author 0 : Ankur Sharma 0002

title : Wind Noise Reduction: Signal Processing Concepts.
year : 2016
author 0 : Christoph Matthias Nelke

title : Zur Theorie k&uuml;nstlicher, neuronaler Netze.
year : 1997
author 0 : Stefan M. R&uuml;ger

title : Zur Zustandsermittlung bei ausgew&auml;hlten landwirtschaftlichen und wasserwirtschaftlichen Prozessen.
year : 1987
author 0 : Wolfgang Vermeiren

title : Leistungs- und Anforderungsanalyse der Kommunikationsprofile lokaler Netze in B&uuml;ro- und Fertigungsumgebungen.
year : 1986
author 0 : J&uuml;rgen Suppan-Borowka

title : Exploiting code-modulating, Visually-Evoked Potentials for fast and flexible control via Brain-Computer Interfaces.
year : 2014
author 0 : Hannes Riechmann

title : Methode zur Erschlie&szlig;ung von Wissen aus Datenmustern in Supply-Chain-Datenbanken.
year : 2017
author 0 : Anne Antonia Scheidler

title : Icon evaluation by pattern masking.
year : 1998
author 0 : Greg Breinholt

title : Entwicklung eines CAD-Systems f&uuml;r den Digitalfilterentwurf.
year : 1987
author 0 : Antanios Farah

title : Verteilte Auswertung attributierter Graphersetzungssysteme zur Verarbeitung massiver, graphartig strukturierter Daten.
year : 1999
author 0 : Boris Reichel

title : Techniken der dynamischen Bestrahlungsplanung f&uuml;r die Therapie mit hochenergetischen Photonen.
year : 1987
author 0 : Robert Boesecke

title : Dynamic system and virtual sensor modeling using neural networks = Modellierung dynamischer Systeme und virtueller Sensoren mit neuronalen Netzen.
year : 1999
author 0 : Habtom W. Ressom

title : Integratives Entscheidungsmodell der Wasserversorgung.
year : 1982
author 0 : J&uuml;rgen Karges

title : Ein Referenzmodell f&uuml;r die Retained IT-Organisation f&uuml;r deutsche Energieversorgungsunternehmen.
year : 2018
author 0 : Michael Henneb&ouml;hl

title : Umgebungsmodellierung mit Radarsensoren und gest&ouml;rten Sichtbedingungen.
year : 2019
author 0 : Paul Fritsche

title : Modellbasierte Energiekostenanalyse automatisierter Systeme.
year : 2015
author 0 : Andreas Beck 0002

title : Spieltheoretische Ans&auml;tze zur L&ouml;sung multikriterieller Entscheidungsmodelle.
year : 1989
author 0 : Fritz Wengler

title : Optimale Kombination von Leistungseigenschaften in der Rindviehzucht.
year : 1996
author 0 : Roman Engeler

title : pdvPool-System: das Konzept einer parallelen, objekt-orientierten, realzeitgeeigneten Architektur.
year : 1989
author 0 : Charalambos Tassakos

title : Text Analytics on Reconfigurable Platforms.
year : 2015
author 0 : Raphael Polig

title : Firewall-Architekturen f&uuml;r Multimedia-Applikationen.
year : 2002
author 0 : Utz R&ouml;dig

title : Analyse der Form und Lage von Objekten im Raum.
year : 1993
author 0 : Erwin Drixler

title : Vergleichende Untersuchungen zu L&ouml;sungsverfahren f&uuml;r nichtlineare Probleme der Vektoroptimierung.
year : 1985
author 0 : Harry Sauer

title : Entwurf und quantitative Beschreibung diversit&auml;rer Software.
year : 1988
author 0 : Heinrich Krebs

title : Experimentelle Untersuchungen &uuml;ber die Anwendung eines mathematisch-analytischen Verfahrens zur Beurteilung des Herzfrequenzverhaltens bei rampenf&ouml;rmiger Belastungssteigerung.
year : 1984
author 0 : Winfried Himmel

title : Agile methods in software development - essays on impacts for teams.
year : 2021
author 0 : Isabel Laux

title : Seamless integration of location-linked services for smartphones.
year : 2017
author 0 : Julian Ohrt

title : Eine Methodik zur rechnergest&uuml;tzten Analyse und Synthese von Mehrgr&ouml;ssenregelsystemen.
year : 1982
author 0 : Michael Heister

title : System support for security and privacy in pervasive computing.
year : 2016
author 0 : Wolfgang Apolinarski

title : ISDN-Kommunikationssysteme: ein Beitrag zu ausgew&auml;hlten Prinzipien, Verfahren, Ger&auml;te- und Programmtechniken.
year : 1989
author 0 : Lutz Winkler

title : A meta-engineering approach for document-centered knowledge acquisition.
year : 2014
author 0 : Jochen Reutelsh&ouml;fer

title : Discriminative Learning for Probabilistic Sequence Analysis.
year : 2015
author 0 : Jonas Maaskola

title : Sequentielle Darstellungen primitiv rekursiver Funktionen und Komplexit&auml;tsklassen.
year : 1989
author 0 : Elisabeth Wette

title : Gestaltung interaktiver multimedialer Lernanwendungen im Qualit&auml;tsmanagement.
year : 1997
author 0 : Markus Cordes

title : Codeswitching in deutsch-italienischen Weblogs: eine korpusbasierte Untersuchung.
year : 2014
author 0 : Sabrina Braukmeier

title : A many-sorted calculus based on resolution and paramodulation.
year : 1982
author 0 : Christoph Walther

title : A Machine-Learning-Based Pipeline Approach to Automated Fact-Checking.
year : 2020
author 0 : Andreas Hanselowski

title : Technik und Konstruktionshandeln: eine sozialwissenschaftliche Studie zum sozialen Prozess der Technik.
year : 1993
author 0 : Frank Helten

title : An approach for automated detection and classification of pavement cracks.
year : 2017
author 0 : Bara' Al-Mistarehi

title : Gestaltung konfigurierbarer Codegeneratoren f&uuml;r die automatische Erzeugung effizienter Protokollimplementierungen.
year : 2001
author 0 : Peter Langend&ouml;rfer

title : Theory and Implementation of Software Bounded Model Checking.
year : 2016
author 0 : Florian Merz 0001

title : &Uuml;ber die nichtlineare Approximation und Zustandssch&auml;tzung zeitkontinuierlicher dynamischer Prozesse.
year : 1997
author 0 : Mohieddine Jelali

title : Communicating corporate ethics on the world wide web: a discourse analysis of selected company web sites.
year : 2003
author 0 : Irene Pollach

title : Schedule Synthesis for Time-Triggered Automotive Architectures.
year : 2016
author 0 : Florian Sagstetter

title : System Architectures for Data Confidentiality and Frameworks for Main Memory Extraction.
year : 2019
author 0 : Manuel Huber 0001

title : B-splines for sparse grids: algorithms and application to higher-dimensional optimization.
year : 2019
author 0 : Julian Valentin

title : Verbstellung im Deutschen und Franz&ouml;sischen: unter Anwendung eines CAD-basierten Expertensystems.
year : 1997
author 0 : Jean-Yves Lalande

title : Ein Beitrag zur Anwendung von Pr&auml;dikat/Transitions-Netzen zur Modellierung und Simulation von Fertigungsprozessen.
year : 1988
author 0 : J&uuml;rgen Lange

title : Nicht-sequentielle Suche, Preiswerbung und Marktgleichgewicht.
year : 1986
author 0 : Patrice Le Vaillant de Folleville

title : Defending Against Targeted Attacks with Pattern Recognition.
year : 2020
author 0 : Hugo Gasc&oacute;n Polanco

title : Das vernetzte Automobil: im Konflikt zwischen Datenschutz und Beweisf&uuml;hrung.
year : 2019
author 0 : Nina Raith

title : Untersuchungen zu r&auml;umlichen Benutzerschnittstellen am Beispiel der Pr&auml;sentation von Stadtinformationen.
year : 2000
author 0 : Susanne Willenbacher

title : Abbildung des hierarchischen Strukturcodes HSC und seiner Verkn&uuml;pfungsmechanismen auf eine Baumstruktur mit effizienten Zugriffsm&ouml;glichkeiten.
year : 1987
author 0 : Walter J. Spanuth

title : Uniting the social web and topic maps with tele-teaching to provide user-friendly interaction possibilities with e-lectures.
year : 2015
author 0 : Franka Gr&uuml;newald

title : Zur Theorie und Technik der Signal- und Systemanalyse mittels diskreter Fourier-Transformation.
year : 1989
author 0 : Reiner S. Thom&auml;

title : Applications of doubly quasi-periodic boundary value problems in elasticity theory.
year : 1999
author 0 : Xing Li 0003

title : Sprecherunabh&auml;ngige Worterkennung auf der Basis von Ganzwort-Merkmalen.
year : 1983
author 0 : Andreas Krause 0008

title : Simultane Ermittlung des effektiven Diffusionskoeffizienten und der effektiven Reaktionsgeschwindigkeitskonstanten in por&ouml;sen Katalysatoren aus dynamischen Untersuchungen.
year : 1983
author 0 : Bin Nguyen

title : Produktdaten-Design und Daten-Integration durch Zusammenf&uuml;gen autonomer Schema-Module.
year : 1997
author 0 : Felix J. Metzger

title : Active buffer development in CBM experiment.
year : 2012
author 0 : Wenxue Gao

title : Methoden zur computerunterst&uuml;tzten Entwicklung, Evaluation und Anwendung komplexer Bestrahlungstechniken in der dreidimensionalen Strahlentherapieplanung.
year : 1993
author 0 : Rolf Bendl

title : Integriertes Planungsmodell: beispielhaft dargestellt f&uuml;r ein Unternehmen der kunststoffverarbeitenden Industrie.
year : 1982
author 0 : Manfred Bachmann

title : Entwicklung und Implementierung von Kommunikationsprotokollen in elementaren verteilten Datenbasisverwaltungssystemen am Beispiel DDS.
year : 1989
author 0 : Bernd Loscher

title : Parallelisierbare Terminierungsverfahren als Baustein f&uuml;r ein Multiagentensystem.
year : 2010
author 0 : Ilka Habenicht

title : Exportmarketing f&uuml;r neuartige Gebrauchsg&uuml;ter auf verbundenen M&auml;rkten: eine computergest&uuml;tzte Simulationsanalyse.
year : 1983
author 0 : Bodo Sartorius

title : Scalable Quality Assessment of Linked Data.
year : 2017
author 0 : Jeremy Debattista

title : Building Blocks for Mapping Services.
year : 2013
author 0 : Dennis Luxen

title : Zur Modellierung und L&ouml;sung von Problemen der optimalen Steuerung in der Kontinuumsmechanik.
year : 1982
author 0 : Reinhard Hopsch

title : Concepts for X-ray Based 3D Replication in Rapid Prototyping Environment.
year : 2018
author 0 : Jelena Prsa

title : Real-time processing of range data focusing on environment reconstruction.
year : 2019
author 0 : Damien Lefloch

title : Ausgew&auml;hlte diskrete Suchprobleme unter Ber&uuml;cksichtigung algorithmischer L&ouml;sbarkeit.
year : 1985
author 0 : Wolfgang Hochd&ouml;rffer

title : Kommunikationsprotokolle - Prinzip und Entwicklung.
year : 1987
author 0 : Hartmut K&ouml;nig

title : Computerkriminalit&auml;t und Sachbesch&auml;digung.
year : 1993
author 0 : Thomas Gerhards

title : Data-only Malware.
year : 2015
author 0 : Sebastian Vogl

title : Objektorientierte Programmierung und ihr Einsatz zur Entwicklung von Informationssystemen.
year : 1992
author 0 : Georg Krause

title : Unterst&uuml;tzungssysteme f&uuml;r die Organisationsgestaltung.
year : 1993
author 0 : Frank S. Morelli

title : Verarbeitung von partiellen Wahrscheinlichkeitsinformationen in entscheidungsunterst&uuml;tzenden Systemen.
year : 1997
author 0 : Frank Dellmann

title : A Framework for Defining Declarative Languages.
year : 2014
author 0 : Feryal Fulya Horozal

title : Hybrid Branching-Time Logics.
year : 2019
author 0 : Daniel Kernberger

title : Psychophysiologische Beanspruchung und Leistung in Abh&auml;ngigkeit von Systemresponsezeiten am Bildschirmarbeitsplatz.
year : 1987
author 0 : Johanna-Maria Alexander

title : Sparse methods for hyperspectral unmixing and image fusion.
year : 2015
author 0 : Jakub Bieniarz

title : Identifikation des menschlichen Bewegungsverhaltens auf der Basis von Primitiven.
year : 2017
author 0 : Gunter Diehm

title : Objektorientierte Bildverarbeitung.
year : 1991
author 0 : Dietrich Paulus

title : Wissensbasierte Strukturplanung technischer Systeme.
year : 1993
author 0 : Bernd G. Welz

title : Schematransformationen in objektorientierten Informationssystemen.
year : 1999
author 0 : Heino G&auml;rtner

title : Methoden zur Planung und Einf&uuml;hrung rechnerintegrierter Produktionsprozesse.
year : 1991
author 0 : Wolfram S&uuml;ssenguth

title : Online algorithms for packet scheduling and buffer management.
year : 2016
author 0 : Kamal Al-Bawani

title : EDV-Einsatz im front office des Hotels.
year : 1984
author 0 : Wolfgang Alkier

title : Kombination von Integraltransformationen und Finiten-Differenzen-Methoden zur Berechnung der Wellenausbreitung in geschichteten Medien.
year : 1985
author 0 : Michael Korn

title : Kosteneffizienter Entwurf digitaler Kommunikationsendger&auml;te mit Festkomma-Prozessorarchitekturen am Beispiel eines Datenfunkmodems.
year : 1995
author 0 : Oliver Mauss

title : Wissensbasierte Unterst&uuml;tzung bei der L&ouml;sung von Optimierungsaufgaben.
year : 1989
author 0 : Ivan Campos Pinto

title : Zur Theorie der Flusssteuerung in Rechnernetzen.
year : 1984
author 0 : Ulrich Hofmann 0003

title : Verfahren zur Behandlung von Nichtdeterminismus in parallelen Systemen.
year : 1994
author 0 : Andreas Weininger

title : Pretty good anonymity: achieving high performance anonymity services with a single node architecture.
year : 2013
author 0 : Ronny Standtke

title : Weiterentwicklung sprachorientierter Datenstrukturen in der F&uuml;hrung und Simulation elektrischer Energieversorgungssysteme.
year : 1989
author 0 : Ulrich Post

title : Resource Management for Edge Computing in Internet of Things (IoT).
year : 2018
author 0 : Farzad Samie

title : Applications of matching theory in constraint programming.
year : 2013
author 0 : Radoslaw Cymer

title : On the Viability of Memory Forensics in Compromised Environments.
year : 2015
author 0 : Johannes St&uuml;ttgen

title : Robust hybrid central/self-organising multi-agent systems in intersections without traffic lights.
year : 2014
author 0 : Yaser Chaaban

title : Segmentation of medical images using fuzzy methods.
year : 1999
author 0 : Fabienne Waidelich

title : Regelbindungen in &ouml;konomischen Differenzengleichungssystemen.
year : 1990
author 0 : Norbert Becker 0002

title : Computergest&uuml;tztes Vorgehenssystem f&uuml;r die Projektabwicklung eines modellbasierten Systementwurfs - COMPOSE: die Konzeption eines gewidmeten CASE-Tools zum fachlichen Entwurf von betriebswirtschaftlichen Anwendungssystemen in Unternehmen.
year : 1991
author 0 : Michael M&uuml;&szlig;ig

title : Architektur applikationsspezifischer Multi-Physics-Simulationskonfiguratoren am Beispiel modularer Triebz&uuml;ge.
year : 2019
author 0 : David Meinel

title : Die Omega-CReStA-Maschine: e. RISC-Architektur f&uuml;r d. Echtzeit-Datenverarbeitung.
year : 1988
author 0 : Heinz-Willi Wyes

title : Packet routing and scheduling.
year : 2011
author 0 : Andreas Wiese

title : Ein Verfahren zur Bestimmung der Erdschlussentfernung.
year : 2015
author 0 : Markus Mayer

title : A smart sensor system for real-time optical flow estimation.
year : 1999
author 0 : Thomas R&ouml;wekamp

title : Design patterns and frameworks for developing WIMP+ user interfaces.
year : 2001
author 0 : Yongmei Wu

title : Computational analysis of cancer genome sequencing data: the genetic landscape of pediatric brain tumors and X-chromosome hypermutation.
year : 2014
author 0 : Natalie J&auml;ger

title : A Conceptual Model and a Software Framework for Developing Context-Aware Hybrid Recommender Systems.
year : 2013
author 0 : Tim Hussein

title : Strukturbasierte Dekomposition von allgemeinen stochastischen Petrinetzen (GSPN).
year : 1999
author 0 : Peter Ziegler

title : Verfahren zum automatischen Layout-Entwurf von Leiterplatten mit hohem Anteil an Bauteilen in Standard Dual-In-Line-Geh&auml;usen.
year : 1984
author 0 : Wolf Dieter Glombig

title : Formalisierung digitaler Spuren und ihre Einbettung in die Forensische Informatik.
year : 2012
author 0 : Andreas Dewald

title : Das Design computerunterst&uuml;tzter Lehr-, Lern-Arrangements-Modellrahmen, Integration und Fallstudie.
year : 1995
author 0 : Walter Koller

title : Parallel co-simulation for mechatronic systems.
year : 2011
author 0 : Markus Friedrich

title : Struktursynthese und Variationstechnik beim Konstruieren.
year : 1983
author 0 : G&uuml;nter H&ouml;hne

title : Scheduling connections in fast networks.
year : 1999
author 0 : Thomas Erlebach

title : Efficient semantic search on very large data.
year : 2017
author 0 : Bj&ouml;rn Buchhold

title : Ein geschlossenes mathematisches Modell f&uuml;r Regelkreise mit Pulsfrequenzmodulation.
year : 1981
author 0 : R&uuml;diger Dillmann

title : MessageSystem: eine Verbindung zwischen MUMPS und einer Graphischen Benutzerschnittstelle.
year : 1990
author 0 : G&uuml;nther Jilg

title : Entwicklung und Implementierung eines Modellsystems zur Unterst&uuml;tzung des Management der Beschaffung und Bevorratung von Rohtabak.
year : 1985
author 0 : Leonhard von Dobsch&uuml;tz

title : Parallel execution approaches on data and index structures in the context of semantic web database management systems.
year : 2019
author 0 : Dennis Heinrich

title : Scalable and Declarative Information Extraction in a Parallel Data Analytics System.
year : 2017
author 0 : Astrid Rheinl&auml;nder

title : Ein Beitrag zur Produktdatenmodellierung einer abgegrenzten Objektklasse.
year : 1989
author 0 : Rolf Paul

title : Numerische Simulation ebener Kr&uuml;mmerstr&ouml;mungen.
year : 1982
author 0 : Iaac Huang

title : Modellierung visueller Erkennungsvorg&auml;nge mit neuronalen Netzen.
year : 1995
author 0 : Claus Neubauer

title : Towards "Ultra-Reliable" CPS: Reliability Analysis of Distributed Real-Time Systems.
year : 2020
author 0 : Arpan Gujarati

title : Die Architektur eines Prozessorarrays zur Videodekompression.
year : 1993
author 0 : Albrecht Mayer

title : Leitung der Vorbereitung der Anwendung elektronischer Rechentechnik in Kombinaten.
year : 1982
author 0 : Werner Kunitz

title : Dornr&ouml;schen in der Arbeitswelt: berufliche Neuorientierung ost- und westdeutscher Frauen in EDV-Umschulungen.
year : 1995
author 0 : Heike Schambortski

title : Ein Beitrag zur Integration rechnerunterst&uuml;tzter Bauteildarstellung und -berechnung mit der Methode der finiten Elemente.
year : 1983
author 0 : Thomas Wegener

title : Configurable nD-visualization for complex Building Information Models.
year : 2017
author 0 : Helga Tauscher

title : Informationsspuren zum numerischen und graphischen Vergleich von reduzierten nat&uuml;rlichsprachlichen Texten.
year : 1989
author 0 : Bernd Teufel

title : Beleuchtungsverfahren zur problemspezifischen Bildgewinnung f&uuml;r die automatische Sichtpr&uuml;fung.
year : 2013
author 0 : Robin Gruna

title : Konjugationen und ihre Anwendung in der nichtkonvexen Optimierung.
year : 1988
author 0 : Axel Wolf

title : Beitrag zur Senkung des volkswirtschaftlichen Gesamt- sowie des Material- und Energieaufwandes beim Bau von Abwasserbehandlungsanlagen durch rechnergest&uuml;tzte Verfahrensoptimierung.
year : 1988
author 0 : Cornelia K&ouml;hler

title : Fundamental algorithmic techniques for distributed computations in networks: : information dissemination and maximum matching.
year : 2020
author 0 : Mohamad Ahmadi

title : Intelligent gamified crowdsourcing for audio processing.
year : 2019
author 0 : Simone Hantke

title : Mobile agents in telecommunications.
year : 1999
author 0 : Ingo Busse

title : Computergest&uuml;tzte automatische Anfallserkennung im Elektroenzephalogramm: M&ouml;glichkeiten und Grenzen der computergest&uuml;tzten Detektion von generalisierten Spike-Wave-Komplexen mit dem Monitor Programm.
year : 1997
author 0 : Gerhard Wech

title : Logic synthesis with Boolean model.
year : 1996
author 0 : Bernd Wurth

title : A Geometric Representation and Similarity Measure for Clustering Based Anomaly Detection in Industrial Automation Systems.
year : 2020
author 0 : Li Peng

title : Programmsystem zum Entwurf digitaler Eingr&ouml;ssenregelungen.
year : 1984
author 0 : Lutz Richter

title : Exploring aspects of image segmentation: diversity, global reasoning, and panoptic formulation.
year : 2018
author 0 : Alexander Kirillov

title : Perspektiven: persistente Objekte mit anwendungsspezifischer Struktur und Funktionalit&auml;t.
year : 2001
author 0 : Wolfgang Reddig

title : Simulation und Wirtschaftlichkeit von Luftkollektor-Speicher-Systemen zur solarunterst&uuml;tzten Trocknung am Beispiel des Tabaks.
year : 1983
author 0 : Klaus Bolst

title : Rekursive Parameteridentifikation unter Verwendung von Hilfsvariablen.
year : 1985
author 0 : Sabine M&uuml;ller

title : Minimal path methods for segmentation and analysis of 2D and 3D line structures / put forward by Diplom-Informatiker Wei Liao.
year : 2018
author 0 : Wei Liao

title : Inhaltliche und methodische Gestaltung des Vermittlungs- und Aneignungsprozesses im Computerunterst&uuml;tzten Unterricht des Technischen Darstellens zu den Themen CAD und Computergraphik.
year : 1991
author 0 : Thomas Koch 0003

title : Untersuchungen zur mikrorechnergest&uuml;tzten Analysenmesstechnik, dargestellt am Beispiel ausgew&auml;hlter EPR-Messungen.
year : 1985
author 0 : Peter Heblik

title : Maskenprogrammierbare optoelektronische Schaltkreise f&uuml;r lokale Datennetze.
year : 1987
author 0 : Hans Sapotta

title : Leistungsoptimierung neuronaler Netze durch genetische Algorithmen: die Entwicklung praktikabler Ans&auml;tze und deren empirischer Test.
year : 1997
author 0 : J&ouml;rg Dubiel

title : Monte-Carlo-Sch&auml;tzung der Verteilungsfunktionen der Likelihoodquotienten f&uuml;r das HLA-System.
year : 1981
author 0 : Reinhard Matzke

title : Aspekte der mathematischen Modellierung und deren Anwendung in der Physischen Geographie unter besonderer Ber&uuml;cksichtigung von Einzugsgebietsmodellen.
year : 1993
author 0 : Gabriele M&uuml;ller

title : Individuelles Lernen und rationales Handeln in einer komplexen Umwelt: systemtheoret. u. kybernet. Aspekte d. Modellbildung in d. Bildungs&ouml;konomie.
year : 1983
author 0 : Josef H&ouml;tte

title : An integrated management model for intelligent networks.
year : 1994
author 0 : Thomas Magedanz

title : Petrinetze als Operationsprinzip des parallelen Petrinetz-Prozessors P3.
year : 1992
author 0 : Andreas Volker Heinrich

title : Efficient 3D Segmentation, Registration and Mapping for Mobile Robots.
year : 2017
author 0 : Dirk Holz

title : System-Level Synthesewerkzeuge: von der Theorie zur Anwendung.
year : 1997
author 0 : Franz Korf

title : Learning by Tooling: Novel Neuromorphic Learning Strategies in Reproducible Software Environments.
year : 2021
author 0 : Oliver Julien Breitwieser

title : Getaktete Wartesysteme bei Rechnern und zentralgesteuerten Nachrichtenvermittlungsanlagen = Sampled quening systems in computers and computer controlled Switching exchanges.
year : 1973
author 0 : Manfred Langenbach-Belz

title : Wartezeitverteilungen f&uuml;r M/M/N-Processor-Sharing-Modelle.
year : 1992
author 0 : Jens Braband

title : Geometrische Repr&auml;sentation scharf und vage begrenzter Objekte.
year : 2002
author 0 : Lars Kulik

title : Ein Beitrag zur Pixel-basierten Verteilten Videocodierung: Seiteninformationsgenerierung, WZ-Codierung und flexible Decodierung.
year : 2013
author 0 : Ralph H&auml;nsel

title : Detection, Classification and Visualization of Anomalies using Generalized Entropy Metrics.
year : 2013
author 0 : Bernhard Tellenbach

title : Evolving deep neural networks: optimization of weights and architectures.
year : 2020
author 0 : Jonas Prellberg

title : Energie- und kostenorientiertes, auf Virtualisierung basiertes Last- und Powermanagement in einem Rechenzentrumsverbund.
year : 2016
author 0 : Kiril Schr&ouml;der

title : Incremental learning of self-organizing variable topology neural networks.
year : 2002
author 0 : Guo-Jian Cheng

title : Learning Priors for Augmented Reality Tracking and Scene Understanding.
year : 2020
author 0 : Jason R. Rambach

title : Visual analysis and exploration of ancient texts with a user-driven concept search.
year : 2017
author 0 : Muhammad Faisal Cheema

title : SNOMED-Parser f&uuml;r dento-alveol&auml;re Chirurgie mit einem Datenmodell f&uuml;r Archivierung und Retrieval.
year : 1990
author 0 : Elzbieta Zak

title : Assessing the security of hardware-assisted isolation techniques.
year : 2019
author 0 : Giorgi Maisuradze

title : Analyse der betriebswirtschaftlichen Effizienz einer computergest&uuml;tzten Fertigungssteuerung mit CAPOSS-E: in e. Maschinenbauunternehmen mit Einzel- u. Kleinserienfertigung.
year : 1985
author 0 : Hans-J&uuml;rgen Pabst

title : Mustererkennung in Biosignalen: Anwendung auf die &#963;-Spindeln im Schlaf-Elektroenzephalogramm.
year : 1991
author 0 : Jutta Gampe

title : Multimodal training of maintenance and assembly skills based on augmented reality.
year : 2011
author 0 : Sabine Webel

title : Practical isogeny-based cryptography.
year : 2021
author 0 : Michael Meyer

title : Domain Parallel Machines: An Abstraction of GPU Shader Programming and Applications in Mathematics.
year : 2020
author 0 : Aaron Montag

title : Efficient Frequent Subtree Mining Beyond Forests.
year : 2019
author 0 : Pascal Welke

title : Stochastische Prozessalgebren: Integration von funktionalem Entwurf und Leistungsbewertung Verteilter Systeme.
year : 1994
author 0 : Norbert G&ouml;tz

title : Berechnung der Orientierungs&auml;nderungen und Texturentwicklung beim Walzen kristalliner Festk&ouml;rper mit Hilfe eines modifizierten Taylor-Modells.
year : 1980
author 0 : Heinrich Honneff

title : Ein retargierbarer Compiler f&uuml;r anwendungsspezifische Mikrocontroller.
year : 1992
author 0 : Florian Krohm

title : Security of access and usage of Cloud infrastructures.
year : 2019
author 0 : Dennis Felsch

title : Entwicklung und Implementierung von &Uuml;bersetzungstechniken f&uuml;r Mikroprozessrechnersprachen.
year : 1987
author 0 : Mirko Zanter

title : Multimedia in der Marktforschung.
year : 1999
author 0 : Bo Zou 0004

title : From acoustic mismatch towards blind acoustic model selection in automatic speech recognition.
year : 2012
author 0 : Thomas Winkler 0003

title : Informationsdarstellung auf dem Bildschirm: positive oder negative Polarit&auml;t.
year : 1991
author 0 : Friedrich Andreas K&uuml;hne

title : Systematische Konstruktion anwendungsspezifischer Werkzeugsysteme zur Entwicklung paralleler Programme.
year : 1998
author 0 : Christoph Eilinghoff

title : Konzeptionelle Grundlagen eines Logistikinformationssystems: Logistikverfahrens- und -kapazit&auml;tsoptimierung, dargestellt am Beispiel Fl&uuml;ssiggas und artverwandte G&uuml;ter.
year : 1994
author 0 : Herbert Krause

title : Knowledgebase basiertes Scheduling f&uuml;r hierarchisch asynchrone Multi-Core Scheduler im Systembereich Automotive und Avionik.
year : 2019
author 0 : Thomas Hanti

title : Repr&auml;sentation von arabischen Schriftzeichen in Computern.
year : 1988
author 0 : Youssef Dala

title : Konzept und Realisierung einer allgemeinen Parametrisierungsstrategie von Systemmodellen unter besonderer Ber&uuml;cksichtigung der Wiederverwendbarkeit.
year : 2001
author 0 : Wolfgang Thronicke

title : INCH - ein Konzept f&uuml;r interactive computational hypermedia auf der Basis einer funktionalen Objektinterpretation.
year : 1995
author 0 : Thomas Kirste

title : &Uuml;ber ein Problem der Verkehrsoptimierung und eine von P. Erd&ouml;s et al. ge&auml;usserte Vermutung.
year : 1988
author 0 : Ralf Elliger

title : A Heterogeneous System Architecture for Low-Power Wireless Sensor Nodes in Compute-Intensive Distributed Applications.
year : 2016
author 0 : Andreas Engel 0003

title : Modelltechnische Untersuchungen zur enzymatischen Hydrolyse von Cellulose.
year : 1983
author 0 : Wolfgang Scheiding

title : Security at the Physical and MAC Layers in Wireless Networks.
year : 2013
author 0 : Youssef El Hajj Shehadeh

title : Ein objektorientiertes Konzept zur Modellierung und Simulation komplexer Systeme.
year : 1996
author 0 : Carsten Thomas 0002

title : Intensivierung der Leitung komplexer Prozessabl&auml;ufe durch den Einsatz wissenschaftlicher Leitungsinstrumentarien.
year : 1985
author 0 : Walter Graupner

title : Verallgemeinerte Hornklausellogik: vom logischen Kalk&uuml;l zum Logik-Programmiersystem.
year : 1994
author 0 : Gerhard Tobermann

title : Verallgemeinerte 3D-Hough-Transformation zur Analyse r&auml;umlicher Abstandsbilder.
year : 1991
author 0 : Wilfried Matth&eacute;e

title : Detecting Changes and Finding Collisions in 3D Point Clouds.
year : 2020
author 0 : Johannes Schauer Marin Rodrigues

title : Automatische Identifikation von Schu&szlig;waffen.
year : 1999
author 0 : Fernando Puente Le&oacute;n

title : Implementing support for software processes in a process centered software engineering environment.
year : 1998
author 0 : Hans-Ulrich Kobialka

title : Ein Beitrag zur Verkehrsgenerierung und Leistungsmessung in computergest&uuml;tzten Kommunikationssystemen.
year : 1996
author 0 : Reinhard W&auml;chtler

title : Graph Embeddings Motivated by Greedy Routing.
year : 2018
author 0 : Roman Prutkin

title : Ein Konzept zur Optimierung der Informationsversorgung des Top Managements: demonstriert an einem Szenario aus der Kreditwirtschaft.
year : 1997
author 0 : Jutta F&ouml;rster

title : Komplexit&auml;tstheoretische Untersuchungen zur Temporallogik.
year : 1992
author 0 : Hubert Wagner

title : Minimierung der Ausf&uuml;hrungszeit f&uuml;r eine Klasse von Prozessgraphen in einem Multiprozessorsystem mit Zugriffskonflikten am gemeinsamen Bus.
year : 1984
author 0 : Lothar Krings

title : The Iconology of Pinterest: Exploring Naming Behavior in Personal Digital Image collections.
year : 2015
author 0 : Tami Sutcliffe

title : Entwurf eines integrierten Systems zur Visualisierung von Ergebnissen numerischer Berechnungsverfahren f&uuml;r massiv parallele Rechnerarchitekturen.
year : 2000
author 0 : Hans-Ulrich Schlageter

title : Werkzeuggest&uuml;tzte Entwicklung kooperativer Agenten im Dienstkontext / Vorgelegt von Stefan Fricke.
year : 2000
author 0 : Stefan Fricke

title : Angriffe auf Datenangebote im Internet und deren strafrechtliche Relevanz: Distributed-denial-of-service-Angriffe.
year : 2003
author 0 : Marcel Fa&szlig;bender

title : M&ouml;glichkeiten der rechnergest&uuml;tzten Entscheidungsfindung zur optimalen Betriebsf&uuml;hrung von modernen Anlagen der Bordenergiebereitstellung und -nutzung.
year : 1989
author 0 : Peter Gless

title : Systematischer Entwurf fast-zeitoptimaler Fuzzy-Regelungen.
year : 1996
author 0 : Thomas Heckenthaler

title : Model-Based Design, Analysis, and Implementations for Power and Energy-Efficient Computing Systems.
year : 2019
author 0 : Waqaas Munawar

title : Improved Tracking with IEEE 802.11 and Location Fingerprinting.
year : 2012
author 0 : Hendrik Lemelson

title : Grey-box models for flood forecasting and control.
year : 2018
author 0 : Euan Russano

title : Flexible cross layer optimization for fixed and mobile broadband telecommunication networks and beyond.
year : 2014
author 0 : Julius Mueller

title : Low level image processing using steerable filters.
year : 1995
author 0 : Markus Michaelis

title : Szenenabh&auml;ngige Online-Adaption von Manipulationssequenzen f&uuml;r einen Serviceroboter.
year : 2015
author 0 : Steffen W. R&uuml;hl

title : Development of scene processing in human high-level visual cortex.
year : 2020
author 0 : Tobias W. Mei&szlig;ner

title : Automatische Erzeugung und Bewertung virtueller Duplexsysteme zur Erkennung von Betriebsfehlern in Mikroprozessoren.
year : 2003
author 0 : Markus Jochim

title : &Uuml;berdeckungstechniken in Branch-and-Bound-Verfahren zur L&ouml;sung konkaver Optimierungsprobleme.
year : 1991
author 0 : Jakob de Vries

title : Realzeitf&auml;higes Datenmanagement f&uuml;r eingebettete Systeme mit aktiven Realzeitdatenbanken.
year : 2001
author 0 : Alexander M&uuml;nnich

title : Linguistische Eigenschaften und Verst&auml;ndlichkeit von Software-Dokumentationen: eine anwendungsorientierte Untersuchung.
year : 1997
author 0 : Mar&iacute;a Labarta Postigo

title : Anforderungsanalyse und Spezifikation f&uuml;r das Datenhandling in der Elektronenstrahllithographie.
year : 1990
author 0 : Ingo Frommeyer

title : Verifizierte Formelauswertung in Computer-Algebra-Systemen und objektorientierten Programmierumgebungen.
year : 1995
author 0 : Andreas Steins

title : Entwicklung von Gestaltungsrichtlinien f&uuml;r blickgesteuerte Anwendungen.
year : 2019
author 0 : Wolfgang Beinhauer

title : Planungs- und Steuerungswerkzeuge zur impliziten Ger&auml;teprogrammierung in Roboterzellen.
year : 1992
author 0 : Hubert Reinisch

title : Channel coding for hardware-intrinsic security.
year : 2019
author 0 : Sven M&uuml;elich

title : Erarbeitung eines allgemeinchirurgischen Thesaurus f&uuml;r ein Spracherkennungssystem zur EDV-gest&uuml;tzten OP-Berichtschreibung.
year : 1997
author 0 : Christiane Schymanietz

title : Programmieren-im-Grossen: Sprachen, Werkzeuge, Wiederverwendung.
year : 1994
author 0 : J&uuml;rgen B&ouml;rstler

title : Die "adaptive IT-Architektur" als fundamentale Voraussetzung f&uuml;r komplexe Restrukturierungsprojekte.
year : 2003
author 0 : Oliver Oswald

title : Entwicklung und Formalisierung eines objektorientierten Sprachmodells als Grundlage f&uuml;r MEMO-OML.
year : 2002
author 0 : Michael Prasse

title : Eine objekt-orientierte Datenverwaltung f&uuml;r eine verteilte Visualisierungsumgebung.
year : 2001
author 0 : Andreas Wierse

title : Ans&auml;tze zur Quantilsch&auml;tzung.
year : 1984
author 0 : Reinhard Meister

title : Wissensbasierter Modellansatz zur prozessorientierten Steuerung am Beispiel der Motorblockfertigung.
year : 1997
author 0 : Rigbert Oberholthaus

title : Das Transmission Control Protocol: neue Wege einer modernen Loss Recovery.
year : 2012
author 0 : Alexander Zimmermann 0001

title : Open History - Arch&auml;ologie der fr&uuml;hen Mikrocomputer und ihrer Programmierung.
year : 2020
author 0 : Stefan H&ouml;ltgen

title : Die Symbolisierung diskreter Strukturen in Strukturpl&auml;nen und Konzepte zu ihrer graphischen Edition.
year : 1987
author 0 : Peter Straub

title : Automatische Speicherfreigabe in Mehrprozessorsystemen: Verfahren und Leistungsbewertung.
year : 1998
author 0 : Thomas Etzrodt

title : Die Entwicklung der territorialen Datenverarbeitungszentren zu Rechenzentren kollektiver Nutzung und daraus abzuleitende Schwerpunkte f&uuml;r die Vervollkommnung des Datenverarbeitungsprozesses.
year : 1980
author 0 : J&uuml;rgen Vogel 0002

title : Einsatzm&ouml;glichkeiten von Expertensystemen in integrierten Systemen der Produktionsplanung und -steuerung (PPS).
year : 1993
author 0 : Dieter Steinmann

title : Definitionen in W&ouml;rterbuch und Text: zur manuellen Annotation, korpusgest&uuml;tzten Analyse und automatischen Extraktion definitorischer Textsegmente im Kontext der computergest&uuml;tzten Lexikographie.
year : 2011
author 0 : Irene M. Cramer

title : Reconfigurable medium access control protocols for wireless networks.
year : 2014
author 0 : Xi Zhang 0001

title : Design and evaluation of computer arithemetic based on carry-save and signed-digit redundant number representations.
year : 2012
author 0 : David Neuh&auml;user

title : Correct-by-Construction Development of Dynamic Topology Control Algorithms.
year : 2018
author 0 : Roland Speith

title : Domain engineering and generic programming for parallel scientific computing.
year : 2002
author 0 : Jens Gerlach

title : Verbesserung der bildverarbeitungsgest&uuml;tzten Ri&szlig;detektion an Schwei&szlig;nahtradiographien mit neuronalen Netzen.
year : 1999
author 0 : Carsten Jacobsen

title : Verteilte Anwendungssysteme als Komposition klassifizierter Softwarebausteine: ein Komponenten-basierter Ansatz zur generativen Softwarekonstruktion.
year : 2001
author 0 : Frank Griffel

title : Datenverwaltung in datenbankorientierten integrierten Programmiersystemen.
year : 1984
author 0 : Bernd Bergner

title : Multi-objective optimization utilizing cluster analysis applied to dimensional transposed problems.
year : 2016
author 0 : Karsten Wendt

title : Short-Latency Brain-Computer Interface Using Movement-Related Cortical Potentials.
year : 2016
author 0 : Ren Xu

title : Akustische Segmentierung zur Erkennung gesprochener Sprache.
year : 1997
author 0 : Kai H&uuml;bener

title : Mikroelektronische Emulation biologischer Neuronen.
year : 1995
author 0 : Stefan Prange

title : Enabling secure online elections with the voting service provider.
year : 2012
author 0 : Axel Schmidt 0001

title : Steuerung von flexiblen Fertigungszellen f&uuml;r die Drehbearbeitung mit dezentralen Mehrrechnersystemen.
year : 1981
author 0 : Wilfried Popken

title : Management systems for autonomous administrative domains: modelling aspects and realization techniques of inter- and intra-domain supporting mechanisms.
year : 1997
author 0 : Fernando Lu&iacute;s Dotti

title : Datenverarbeitung und -nutzung von Kreditw&uuml;rdigkeitsdaten durch fremdn&uuml;tzige Verarbeiter: mit einer Darstellung der Rechtstatsachen bei der SCHUFA und der Organisation Creditreform.
year : 1995
author 0 : Klaus Ganssauge

title : Entw&auml;rmungskonzepte durch funktionale Strukturen in spritzgegossenen dreidimensionalen Schaltungstr&auml;gern.
year : 2013
author 0 : Thomas Leneke

title : Zu Methoden und Mitteln der Gew&auml;hrleistung von Datensicherheit unter besonderer Ber&uuml;cksichtigung der Zugriffskontrolle.
year : 1987
author 0 : Waltraud H&auml;ckl

title : Bayesian nonparametric inference for queueing systems.
year : 2017
author 0 : Fritz Moritz von Rohrscheidt

title : Realisierung von Qualit&auml;tsregelkreisen durch Einsatz von Datennetzen: ein Beitrag zur fertigungsintegrierten Qualit&auml;tssicherung.
year : 1989
author 0 : Kai-Uwe Heiler

title : Kantenf&auml;rbungen von Graphen ohne bestimmte kleine regenbogengef&auml;rbte Teilgraphen.
year : 2017
author 0 : Knut Odermann

title : Probleme und Perspektiven der teilautomatischen Parallelprogrammentwicklung mit UNITY.
year : 1997
author 0 : Karli Hantzschmann

title : Die rechtliche Einordnung von Software&uuml;berlassungsvertr&auml;gen im deutschen Recht.
year : 1992
author 0 : Benno Schwarz

title : Eine Methode zur interaktiven multikriteriellen Entscheidungsunterst&uuml;tzung in betrieblichen Umweltinformationssystemen f&uuml;r kleine und mittlere Unternehmen.
year : 2017
author 0 : Fabian Renatus

title : Softwareanalyse mit Logikanalysatoren: Untersuchungen zu ger&auml;tetechnischen Voraussetzungen und Messverfahren sowie ihren Anwendungen.
year : 1988
author 0 : Frank Piepiorra

title : Wirtschaftlichkeit wissensbasierter Systeme.
year : 1992
author 0 : Michael Holzapfel

title : Grunds&auml;tze ordnungsm&auml;ssiger EDV-Dokumentation: M&ouml;glichkeiten ihrer maschinellen Erf&uuml;llung u. Konsequenzen f&uuml;r d. Pr&uuml;fungsdurchf&uuml;hrung.
year : 1985
author 0 : Helmar Rausch

title : Aktionsunterst&uuml;tzung f&uuml;r verteilte, kooperative Anwendungen: Konzept und Realisierung.
year : 1995
author 0 : Michael Mock

title : Entwurf von Fuzzy-Reglern auf der Grundlage exakter Linearisierung und Entkopplung.
year : 1997
author 0 : Christian Frenck

title : Bildverarbeitung eines opthalmologischen Messsystems zur Charakterisierung des Tr&auml;nenfilms.
year : 2012
author 0 : Thomas Pitz

title : OPUS: Entwurf und Realisierung eines erweiterbaren, objektorientierten Dokumentenverarbeitungssystems.
year : 1991
author 0 : Christian Vetterli

title : Numerische Experimente zur Ermittlung charakteristischer Abmessungen und Intensit&auml;ten von Konvektionszellen.
year : 1973
author 0 : Elke Grimm

title : Untersuchungen zur Prozesssicherung von Kernkraftwerksturbinen mit Hilfe eines nichtlinearen, mathematischen Modells.
year : 1989
author 0 : R&uuml;diger Schwitalla

title : Verfahren zur redundanten Datenplatzierung in skalierbaren Speichernetzen.
year : 2011
author 0 : Sascha Effert

title : Zur Generierung von Verhaltensmodellen f&uuml;r gemischt analog-digitale Schaltungen auf Basis der Theorie dynamischer Systeme.
year : 2001
author 0 : Ralf Rosenberger

title : Eine Informatik-didaktische Methode f&uuml;r das Erlernen von Projektarbeit in Schule und Hochschule.
year : 2013
author 0 : Karola Merkel

title : Konstruktion gesch&auml;ftsprozessorientierter operativ-dispositiver Komponentenarchitekturen.
year : 2018
author 0 : Thomas Benker

title : Document Meta-Information as Weak Supervision for Machine Translation.
year : 2019
author 0 : Laura Jehl

title : Formale Modellierung, Informationsanalyse und L&ouml;sungskonzepte zum Constraint-Paradigma.
year : 1993
author 0 : Hans-G&uuml;nter Fiege

title : Directed information for channels with feedback.
year : 1998
author 0 : Gerhard Kramer

title : Controllingsystem in der Elektroindustrie: Struktur u. Aufbau e. DV-gest&uuml;tzten Informationssystems.
year : 1987
author 0 : Roland Rick-Lenze

title : Untersuchungen zu einer systematischen Leistungssteigerung in der modellbasierten Bildfolgenauswertung.
year : 2001
author 0 : Holger Leuck

title : Systematische Integration adaptiver Produktionssysteme.
year : 1995
author 0 : G&uuml;nther Sch&auml;ffer

title : Ein Beitrag zur Theorie st&ouml;ranf&auml;lliger Erlangscher Verlustsysteme unter Ber&uuml;cksichtigung typischer St&ouml;rungen in Vermittlungssystemen.
year : 1982
author 0 : Matthias B&auml;r

title : Koordination von Informations-Management und Controlling.
year : 1999
author 0 : Christian Abegglen

title : Modellbasierte Analyse von Software-Projektrisiken.
year : 1997
author 0 : Alfred Br&ouml;ckers

title : Color based object detection and positioning.
year : 2003
author 0 : Jian Cheng 0005

title : Bewertung der Echtzeitf&auml;higkeit von Feldbus-Systemen.
year : 1993
author 0 : Yue Li 0012

title : Analyse-Synthese-Codierung basierend auf einem anatomischen Modell einer menschlichen Person.
year : 2002
author 0 : Markus Kampmann

title : Spezifikation, Simulation und Validierung von Prozessoren.
year : 2013
author 0 : Dennis Klassen

title : A parallel iterative linear system solver with dynamic load balancing.
year : 1999
author 0 : Peter Christen

title : Securing Data Integrity from Cloud Storage to Blockchains.
year : 2021
author 0 : Marcus Brandenburger

title : Kanalcodierung f&uuml;r Quellencodes variabler L&auml;nge.
year : 2002
author 0 : Rainer Bauer

title : Zur Charakterisierung von Verfahren zur Emissionsminderung mittels eines DV-gest&uuml;tzten Informationssystems: Entwicklung einer relationalen Datenbank f&uuml;r Verfahren zur SO2- und NOx-Minderung bei station&auml;ren Feuerungsanlagen.
year : 1992
author 0 : Dieter Hackenberg

title : Systematischer Entwurf und Modellbildung systolischer Arrays.
year : 1990
author 0 : Renate Merker

title : Design and formal analysis of Petri net based logic control algorithms = Entwurf und formale Analyse Petrinetz-basierter Steuerungsalgorithmen.
year : 2002
author 0 : Georg Frey

title : Automatic parallelization for embedded multi-core systems using high level cost models.
year : 2013
author 0 : Daniel Cordes

title : Dynamische Spannungsanalyse mit optischen und numerischen Verfahren unter Einsatz der digitalen Bildverarbeitung am Beispiel prallbeanspruchter Partikelmodelle.
year : 1991
author 0 : J&uuml;rgen Albers

title : Aggregation of binary relations: algorithmic and polyhedral investigations.
year : 1986
author 0 : Yoshiko Wakabayashi

title : Ein Quittierungsverfahren f&uuml;r Multi-Hop-Paketfunknetze.
year : 1991
author 0 : Volker Brass

title : Automated Model Generation and Observer Design for Interconnected Systems: a Port-Hamiltonian Approach.
year : 2021
author 0 : Martin Pfeifer

title : Entwicklung evolution&auml;rer Algorithmen zur Konformationsanalyse und Parametrisierung f&uuml;r das Kraftfeldprogramm MOMO.
year : 1999
author 0 : Egon Gemmel

title : Entwurf einer Bilddatenbank als Teil eines zahnmedizinischen Abteilungsinformationssystems.
year : 1997
author 0 : Michael Schmitz 0003

title : "Wie erstelle ich ein elektronisches W&ouml;rterbuch?" - "soetwas gibts bei chip.de zum runterladen": eine explorative Untersuchung zu nichtprofessionellen Lexikografen und ihren Nachschlagewerken im Internet.
year : 2012
author 0 : Julia Steube

title : Erfolgsdeterminanten von Communities in virtuellen Welten: eine empirische Untersuchung am Beispiel von Second Life.
year : 2013
author 0 : Nicole Paschke

title : Reliable end-to-end data transmission in wireless sensor networks.
year : 2014
author 0 : Wolf-Bastian P&ouml;ttner

title : Entwicklung graphentheoretischer Methoden zur Untersuchung von Systemstrukturen.
year : 1985
author 0 : Oleg G. Taraszow

title : Automatic Signature Verification: Bridging the Gap between Existing Pattern Recognition Methods and Forensic Science.
year : 2015
author 0 : Muhammad Imran Malik

title : Mathematical Mappings for Identification Mechanisms.
year : 2020
author 0 : Saleh Mulhem

title : Qualit&auml;tsanalyse &auml;rztlichen Handelns mittels mathematisch-statistischer, rechentechnischer Verfahrensweise am Beispiel des Systems der Schnellen Medizinischen Hilfe (SMH).
year : 1991
author 0 : Peter Schr&ouml;pfer

title : Lineare Fuzzy-Modelle zur Unterst&uuml;tzung der Investitionsentscheidung: Modellierung u. L&ouml;sung von Investitionsproblemen mittels d. Theorie unscharfer Mengen.
year : 1988
author 0 : Jochen Wolf

title : Automatic Design of IMA-Based Systems.
year : 2014
author 0 : Uwe Salomon

title : Finding the right processor for the job: co-processors in a DBMS.
year : 2014
author 0 : Hannes Rauhe

title : Anwendung der Methode der finiten Elemente in der Bruchmechanik unter besonderer Ber&uuml;cksichtigung dreidimensionaler und elastisch-plastischer Probleme.
year : 1981
author 0 : Winfried Schmitt

title : Echtzeitverhalten von Feldbussystemen.
year : 1993
author 0 : Thomas Lingenthal

title : Die digitale Bildverarbeitung als Hilfsmittel in der Spannungsoptik: Verfahren und M&ouml;glichkeiten.
year : 1989
author 0 : Martin-Mathias Gaupp

title : A Generic Middle Layer for Image Understanding.
year : 2011
author 0 : Kasim Terzic

title : Analysing and supporting software reuse in practice.
year : 2016
author 0 : Veronika Bauer

title : Systematischer Einsatz von Approximations- und Syntheseverfahren f&uuml;r die Modellbildung in der Mikrosystemtechnik.
year : 1999
author 0 : Mario Anton

title : Provably sound semantics stack for multi-core system programming with kernel threads.
year : 2017
author 0 : Artem Alekhin

title : Menschbezogener Umgang mit Systemst&ouml;rungen bei teilautomatisierter man&ouml;verbasierter Fahrzeugf&uuml;hrung.
year : 2016
author 0 : Matthias Pfromm

title : Ein Beitrag zur weiteren Gestaltung der wissenschaftlichen Leitungst&auml;tigkeit an Bildungseinrichtungen der DDR: untersucht am Beispiel der Stundenplanung mit Hilfe eines EDV-Projektes R 300.
year : 1974
author 0 : Edith Voigt

title : Recurrent Neural Networks for Sequential Pattern Recognition Applications.
year : 2017
author 0 : Sebastian Otte

title : Predicting interactions and information diffusion in social networks.
year : 2017
author 0 : Bjoern Elmar Macek

title : Polynomial time partial information classes.
year : 2001
author 0 : Arfst Nickelsen

title : Solving algorithmic problems in Baumslag-Solitar groups and their extensions using data compression.
year : 2013
author 0 : J&uuml;rn-Jochen Laun

title : Deep Learning zur Erkennung von distalen Radiusfrakturen.
year : 2021
author 0 : Henrik Bruker

title : Computergest&uuml;tzte Industriegraphik bei auftragsbezogener Fertigung.
year : 1984
author 0 : Rainer Kaspar

title : Implikationszusammenh&auml;nge didaktischer Strukturmomente in E-Learning-Szenarien: Kategorisierung und Analyse von E-Learning-Arrangements in der sportwissenschaftlichen Hochschullehre.
year : 2011
author 0 : Claudia Pauly

title : Informationsflusskontrolle, ihre Anwendbarkeit und Realisierung bei modular verfassten Programmen.
year : 1985
author 0 : Erich Eich

title : Entwicklung von Methoden zur rechnergest&uuml;tzten Analyse von Bildschirmarbeit unter besonderer Ber&uuml;cksichtigung ergonomischer Aspekte.
year : 1994
author 0 : Erwin Keller

title : Konsistenzsicherung von Schaltwerksbeschreibungen durch ein inkrementelles Compiler-Frontend.
year : 1992
author 0 : Michael N. Lipp

title : Untersuchung des dynamischen Verhaltens eines Drehgestellantriebes mit Drehstrom-Asynchron-Fahrmotoren an einem Umrichter mit Stromeinpr&auml;gung bei ver&auml;nderlichen Reibungsverh&auml;ltnissen.
year : 1981
author 0 : Michael Weinhardt

title : Vision-Based Autonomous Robotic Floor Cleaning in Domestic Environments.
year : 2018
author 0 : David Fleer

title : Konzept zur Strukturierung von Steuerungssoftware f&uuml;r Fertigungszellen in der Kunststoffverarbeitung = Structured development of control software for manufacturing cells in plastics processing.
year : 1992
author 0 : Christoph Wunck

title : Untersuchungen zur Optimierung der Aufteilung eines Datenbestandes in formatierte Dateien und dessen Strukturierung f&uuml;r eine Datenbank eines AIVS auf Speichern mit wahlfreiem Zugriff.
year : 1973
author 0 : G&uuml;nther Neef

title : Planar-integrierte photonische Mikrosysteme zur parallelen optischen Kommunikation in der Informationstechnik von morgen.
year : 2003
author 0 : Matthias Gruber

title : Adaptation in Machine Translation.
year : 2014
author 0 : Jan Niehues

title : Design und Implementierung einer Rechnerarchitektur f&uuml;r eine einfache funktionale Sprache.
year : 1992
author 0 : Heinrich Seebauer

title : Effizienzsteigerung chemischer Analysenger&auml;te durch Expertensysteme.
year : 1994
author 0 : Gisbert Ehlert

title : Adaptiv genaue Levitin/Poljak-Typ-Verfahren zur Behandlung linear restringierter Minimierungsaufgaben ohne Verwendung von Ableitungen.
year : 1983
author 0 : Wolfgang Koch 0006

title : Qualifizierung der operativen Materialbilanzierung durch rechnergest&uuml;tzte Verflechtungsrechnungen.
year : 1988
author 0 : Hans-J&uuml;rgen Kaftan

title : Comparison-based methods in machine learning.
year : 2021
author 0 : Siavash Haghiri

title : User-driven value creation on digital platforms: peer influence, online communities, and incentive design.
year : 2021
author 0 : Johannes Loh

title : Phasen&uuml;bergreifende bidirektionale Integration von Gestaltung und Berechnung.
year : 2003
author 0 : Michael Amft

title : Parallele, effiziente Algorithmen f&uuml;r die 3D-Randelementmethode.
year : 1999
author 0 : Markus Merkel

title : Verteilte Programmierung zur Integration von Simulation und Steuerung von Robotern.
year : 1994
author 0 : Ulrich Mehlhaus

title : Beitrag zur Implementierung ablauforientierter Steuerungsalgorithmen auf wortorganisierten Mikrorechnern ausgehend vom Beschreibungsmittel "Programmablaufgraph" (PAG).
year : 1983
author 0 : J&uuml;rgen Bretschneider

title : Microarrayanalyse gyn&auml;kologischer Tumorentit&auml;ten.
year : 2013
author 0 : Martin Koch 0005

title : Double-Anchored Software Architecture for Wireless Sensor Networks.
year : 2011
author 0 : Vlado Handziski

title : Analyse von Aktivit&auml;ten eines Fahrzeugf&uuml;hrers zur Verhaltensbeschreibung am Beispiel des Fahrstreifenwechsels.
year : 2016
author 0 : Ingmar Langer

title : Ein methodischer Ansatz zum Strukturvergleich technischer Objekte.
year : 1997
author 0 : Matthias M&uuml;ller 0010

title : Effizienzbetrachtungen zur fraktalen Bilddatenkompression.
year : 1999
author 0 : Horst Walter

title : ObjTalk - Repr&auml;sentation von Wissen in einer objektorientierten Sprache.
year : 1986
author 0 : Christian Rathke

title : Ein Vorgehensmodell zur Erstellung montagef&uuml;hrender Werkerinformationssysteme simultan zum Produktentstehungsprozess.
year : 2017
author 0 : Mario Lusic

title : Generische Refactoring-Spezifikation f&uuml;r Korrektheitsbeweise in mehrsichtigen Modellsprachen.
year : 2011
author 0 : Thomas Ruhroth

title : Eine Methode zur kontrollierten Kontrollflussentfaltung und ihre Anwendung zur Pr&auml;zisierung petrinetzbasierter Verifikationsmodelle.
year : 2013
author 0 : Thomas S. Heinze

title : Learning and coordination in sequential multiagent problems.
year : 2012
author 0 : Thomas Kemmerich

title : Analyse und objektorientierter Entwurf eines integrierten Portalsystems f&uuml;r das Wissensmanagement.
year : 2003
author 0 : Holm Wegner

title : Ontology evaluation.
year : 2010
author 0 : Denny Vrandecic

title : Vorhersage von Phasen&uuml;bergangstemperaturen fl&uuml;ssigkristalliner Verbindungen aus deren chemischer Struktur durch neuronale Netze.
year : 1997
author 0 : Helge Kr&auml;nz

title : Informationsverarbeitung im Kundendienst: Einsatz- und Gestaltungsm&ouml;glichkeiten.
year : 1997
author 0 : Martin Schr&ouml;der 0002

title : Graph-Grammatiken zur Suche und Klassifikation von molekularen Strukturen.
year : 2019
author 0 : Domenico Mosca

title : Advances in distributed real-time sensor-actuator systems operation: operating systems, communication, and application design concepts.
year : 2012
author 0 : Marcel Baunach

title : Adaption von numerischen Werkzeugmaschinensteuerungen an das Fertigungsumfeld bei der Materialbearbeitung mit Laserstrahlung.
year : 2003
author 0 : Oliver Steffens

title : Entwicklung und Anwendung eines Rechenmodells zur Planung und &Uuml;berwachung von Strebumz&uuml;gen im Steinkohlenbergbau.
year : 1987
author 0 : Peter Korf

title : Eine Datenbank klinischer Symptome als Beitrag zum Aufbau eines Registers f&uuml;r angeborene Systemerkrankungen des Skeletts in der DDR.
year : 1987
author 0 : G&uuml;nter Hein

title : Sch&auml;tzung der Szenenbeleuchtung aus Bewegtbildfolgen.
year : 1999
author 0 : J&uuml;rgen Stauder

title : A Framework for Non-Interference in Component-Based Systems.
year : 2018
author 0 : Simon Greiner

title : Beitrag zum konzeptuellen Schema einer rechnerinternen Darstellung von Objektmodellen in EDV-Systemen der automatengest&uuml;tzten Bauprojektierung.
year : 1986
author 0 : Udo Stern

title : Entscheidungsorientierte Marktsegmentierung unter besonderer Ber&uuml;cksichtigung regionaler Aspekte.
year : 1989
author 0 : Alexander Bartmann

title : Das Internet und die klassischen Medien: Konvergenz - Konkurrenz oder Komplementierung? ; eine medienpolitische Betrachtung.
year : 2003
author 0 : Julian Weiss

title : Stakeholder-orientierte Modellierung und Analyse der Unternehmensarchitektur: unter besonderer Ber&uuml;cksichtigung der Gesch&auml;fts- und IT-Architektur.
year : 2009
author 0 : Stephan Kurpjuweit

title : Ein Beitrag zur rechnerunterst&uuml;tzten Konstruktion und Fertigung von Fliesspresswerkzeugen.
year : 1985
author 0 : J&uuml;rgen Ammer

title : Statistical Gabor graph based techniques for the detection, recognition, classification, and visualization of human faces.
year : 2012
author 0 : Manuel G&uuml;nther

title : Performance comparison of four human whole-genome sequencing technologies.
year : 2013
author 0 : Nora Rieber

title : Digitaler optischer Computer: Architektur und Algorithmen.
year : 1989
author 0 : Gregor Stucke

title : Ein Mehrgitterverfahren zur Berechnung subsonischer Potentialstr&ouml;mungen um Tragfl&auml;chenprofile.
year : 1985
author 0 : Klaus Becker 0003

title : A knowledge based approach to color information processing in a restricted domain: conception, design, and implementation.
year : 1996
author 0 : Sharam Gharaei

title : Human actuation.
year : 2018
author 0 : Lung-Pan Cheng

title : LoneStar: Design and evaluation of an energy-efficient, disk-based archival storage system.
year : 2015
author 0 : Matthias Grawinkel

title : A unifying logical framework for Reason Maintenance.
year : 1996
author 0 : Detlef Fehrer

title : Speech as Interface in Web Applications for Visually Challenged.
year : 2015
author 0 : Prabhat Verma

title : Abbildungen f&uuml;r Netze mit Schaltregeln im Software-Lifecycle.
year : 1990
author 0 : Jutta Wyes

title : Beitr&auml;ge zum Problem der textabh&auml;ngigen Sprecherverifikation.
year : 1988
author 0 : Carlo Bernasconi

title : Unternehmensweite Datenintegration: modular-integrierte Datenlogistik in betrieblichen Informationssystemen.
year : 1999
author 0 : Peter Heine

title : Die Sensomotorik der Kleinhirnrinde: physiolog. Experimente u. Modell.
year : 1981
author 0 : Florian P. Kolb

title : Prozesse und EDV-Kostenverrechnung: die prozessbasierte Verrechnungskonzeption f&uuml;r Bankrechenzentren.
year : 1994
author 0 : Patrick J. F&uuml;rer

title : Systemdynamische Computersimulation als Grundlage mittel- und langfristiger Entscheidungen im Verkehrswesen.
year : 1988
author 0 : Zenon Biniek

title : PC-gest&uuml;tzte dispositive Warenwirtschaft im Einzelhandel.
year : 1989
author 0 : Hildegunde Bernartz

title : Module und hypothetisches Schliessen in deduktiven Datenbanken.
year : 1991
author 0 : Burkhard Freitag

title : Untersuchungen zur Entwicklungsunterst&uuml;tzung f&uuml;r Mehrrechner-Multitaskprogramme auf einem Standard-Betriebssystem.
year : 1990
author 0 : Frank Kamrad

title : Ein Beitrag zur numerischen Modellierung des Sedimenttransports in Verbindung mit vertikal integrierten Str&ouml;mungsmodellen.
year : 1985
author 0 : Arno Crotogino

title : Logikanalyse im Schaltkreisentwurf mit dem Booleschen Programmsystem QBOOLE.
year : 1993
author 0 : Volkhard M&uuml;ller

title : User modeling for exploratory search on the Social Web: exploiting social bookmarking systems for user model extraction, evaluation and integration.
year : 2011
author 0 : Mirko Gontek

title : Entwicklung einer Systemschnittstelle zur Grafikgenerierung und -manipulation: ein Beitrag zur grafikunterst&uuml;tzten Werkzeugauswahl und Kollisionskontrolle.
year : 1992
author 0 : Gero Bernd Martel

title : Verbesserte St&ouml;rsicherheit bei der Bewegungsanalyse in monokularen Farbbildsequenzen durch adaptive Farbraumtransformation.
year : 2001
author 0 : Ayoub Al-Hamadi

title : Ein Beitrag zur Planung und Entwicklung von rekonfigurierbaren mechatronischen Systemen: am Beispiel von starren Fertigungssystemen.
year : 2018
author 0 : Michael Mauderer 0002

title : Anwendung von Methoden der digitalen Bildverarbeitung zur Analyse von Chromosomen nach in situ Hybridisierung.
year : 1990
author 0 : Edulfo Eduardo Diaz Rios

title : Semantic-guided predictive modeling and relational learning within industrial knowledge graphs.
year : 2019
author 0 : Martin Ringsquandl

title : Metamodellierung als Instrument des Methodenvergleichs: eine Evaluierung am Beispiel objektorientierter Analysemethoden.
year : 1996
author 0 : Susanne Strahringer

title : ORBIS, ein Orthop&auml;disches Basisdaten-Informationssystem.
year : 1982
author 0 : Joachim Veith
author 1 : Dieter Winter

title : Berechnung der Modenanregung in Lichtleitern durch Halbleiterlaserdioden.
year : 1979
author 0 : Udo J&ouml;rges

title : Accelerating checkpoint/restart application performance in large-scale systems with network attached memory.
year : 2017
author 0 : Juri Schmidt

title : IeeeCC754++ - An Advanced Set of Tools to Check IEEE 754-2008 Conformity.
year : 2018
author 0 : Matthias H&uuml;sken

title : CloudNet embeddings: reliable performance for elastic cloud environments.
year : 2016
author 0 : Carlo F&uuml;rst

title : Computergest&uuml;tzte Rhinomanometrie als Basis f&uuml;r statistische Analysen klinisch relevanter Daten.
year : 1994
author 0 : Claus K&ouml;ster

title : Contributions to real-time visual tracking and live environment modeling for augmented reality applications: design and implementation of new methods and evaluations on real image-based ground truth data.
year : 2012
author 0 : Sebastian Lieberknecht

title : Teilautomatische Herstellung von Codegeneratoren f&uuml;r Mikrokontroller.
year : 1994
author 0 : Hans B&auml;rfuss

title : Elektronische Signaturen und Haftung der Anbieter von Zertifizierungsdiensten: eine Darstellung am Beispiel der Regelungen in der EU, Deutschland, Grossbritannien und der Schweiz.
year : 2003
author 0 : Bianka S. D&ouml;rr

title : Objektorientierter Hardware-Entwurf: Modellierung, Simulation und Synthese.
year : 2000
author 0 : Tommy Kuhn

title : Funktionalit&auml;t des internetbasierten 3D-Campus-Informationssystems der Universit&auml;t Karlsruhe (CISKA).
year : 1999
author 0 : Steffen Landes

title : Optimierung methodengerechten Einsatzes von Medien im technischen Unterricht.
year : 1985
author 0 : Martin Burgmer

title : Zur Anwendung von Expertensystemen in der Grundst&uuml;ckswertermittlung.
year : 1997
author 0 : Uwe Willeke

title : Generalisierung und Optimierung der Cascade-Correlation-Architekturen unter Verwendung von neuen Aktivierungsfunktionen.
year : 1998
author 0 : Sang-Wha Lee

title : Simulation von Transportvorg&auml;ngen im kl&uuml;ftigen Gestein mit der Methode der finiten Elemente.
year : 1991
author 0 : Klaus-Peter Kr&ouml;hn

title : Improved methods and analysis for semantic image segmentation.
year : 2019
author 0 : Yang He 0005

title : Modellgest&uuml;tzte Bildverarbeitungsschritte zur Analyse von Infrarot-Bildfolgen maritimer Szenen.
year : 1995
author 0 : Wilhelm Meier

title : Kombinierte Anpassung an Besch&auml;ftigungs&auml;nderungen bei Linienfertigung.
year : 1982
author 0 : Paul G. Leib

title : Optimization landscape of deep neural networks.
year : 2019
author 0 : Ngoc Quynh Nguyen

title : Inverse rendering for scene reconstruction in general environments.
year : 2014
author 0 : Chenglei Wu

title : Novel methods and applications for the feature extraction from visualization of multi-parameter data.
year : 2012
author 0 : Dirk Joachim Lehmann

title : A Framework for Batch Scheduling with Variable Neighborhood Search in Wafer Fabrication.
year : 2015
author 0 : Robert Kohn

title : Auslagerung von Prozessorleistungen auf eng gekoppelte Prozessoren unter dem Betriebssystem UNIX.
year : 1990
author 0 : Heinz-Holger Lange

title : Beitrag zur Funkortung von mobilen UKW-Verkehrsfunkstationen unter Einbeziehung der rechnergest&uuml;tzten Standortauswertung.
year : 1987
author 0 : Alexander Alscher

title : Beitr&auml;ge zur Ableitung von Konzepten der rechnerunterst&uuml;tzten Produktionssteuerung f&uuml;r integrierte Fertigungen.
year : 1989
author 0 : Wolfgang Klein

title : Das Expertensystemtool HEXE und seine Anwendung zur Schwachstellendiagnose in der Produktion.
year : 1987
author 0 : Karlheinz Allgeyer

title : Segmentierung und Klassifizierung von Bildern und Bildsequenzen mit Hidden-Markov-Modellen.
year : 2001
author 0 : Stefan M&uuml;ller 0001

title : Computergest&uuml;tzte Konsistenzsicherung in der objektorientierten Systemanalyse.
year : 1996
author 0 : Michael Rundshagen

title : Algorithmen zur Begriffsanalyse und ihre Anwendung bei Softwarebibliotheken.
year : 1999
author 0 : Christian Lindig

title : Examining the Adoption of Technology Using the Technology Trade Theory (TripleT).
year : 2016
author 0 : Mohammad A. Obeidat

title : Unified memory management system.
year : 1995
author 0 : Serge Schiltz

title : Visual similarity analysis for dynamical systems.
year : 2020
author 0 : Quynh Quang Ngo

title : Computergrafik: Grundlagen, Bildformen und Anwendungen im Kunstunterricht.
year : 1990
author 0 : Friedel Mager

title : Schnelle Bearbeitung von Kommunikationsprotokollen und Simulation von Nachrichtennetzen mit detaillierter Nachbildung der Protokolle.
year : 1995
author 0 : Gerd Ries

title : Betriebswirtschaftliche Auswirkungen der rechtlichen Rahmenbedingungen f&uuml;r Produktion und Vertrieb von Software in &Ouml;sterreich.
year : 1991
author 0 : Johann H&ouml;ller

title : Laufzeitadaption von zustandsbehafteten Datenstromoperatoren.
year : 2013
author 0 : Bernhard Wolf

title : Network-Based Biomarker Discovery: Development of Prognostic Biomarkers for Personalized Medicine by Integrating Data and Prior Knowledge.
year : 2014
author 0 : Yupeng Cun

title : Methodische Ans&auml;tze einer aktionalen Gestaltung von informationstechnologischen L&ouml;sungen am Beispiel der Unterst&uuml;tzung von Leitungsentscheidungen in einem Datenverarbeitungszentrum mit grossem Nutzungsprofil.
year : 1988
author 0 : Thomas Lehmann 0006

title : Durchg&auml;ngige Verfahrensweise zur Strukturbestimmung paketvermittelter Datennetze.
year : 1990
author 0 : Tran Thi Thu Huong

title : Das Problem der Unsch&auml;rfe in der Unternehmensbewertung: ein Fuzzy-Expertensystem zur Findung des Grenzpreises bei Unternehmensk&auml;ufen.
year : 1999
author 0 : Marie-Claire Leisewitz

title : From the Quest to Replace Passwords towards Supporting Secure and Usable Password Creation.
year : 2021
author 0 : Verena Zimmermann

title : Kompetenzorientierte, analysegest&uuml;tzte Technologiestrategieerarbeitung: methodisches Konzept zur Unterst&uuml;tzung der Technologiestrategieentwicklung mit externen Datenbanken.
year : 1997
author 0 : Matthias Ehrat

title : Un&uuml;berwachte Bild- und Bildfolgeanalyse mit Mehrkanalfiltermethoden.
year : 1998
author 0 : Olaf Pichler

title : Discrete time cellular neural networks.
year : 1992
author 0 : Hubert Harrer

title : Software zur hocheffizienten L&ouml;sung von Intervallgleichungssystemen mit C-XSC.
year : 2013
author 0 : Michael Zimmer 0002

title : Formale Spezifikation nebenl&auml;ufiger Konstrukte von ADA mit Graphgrammatiken.
year : 1986
author 0 : Manfred Jackel

title : Understand-Compute-Adapt: Neural Networks for Intelligent Agents.
year : 2020
author 0 : Daniel Tanneberg

title : Online algorithms for conversion problems: an approach to conjoin worst-case analysis and empirical-case analysis.
year : 2011
author 0 : Esther Mohr

title : &Uuml;ber die Grundlagen eines offenen Informationssystems f&uuml;r Bauunternehmungen.
year : 1996
author 0 : Ulrich Baumg&auml;rtner

title : Beschreibung von wiederverwendbaren Prozessen zur Erreichung von Lernzielen in Serious Games: eine Modellierungssprache und Patterns.
year : 2016
author 0 : Eike M. Hirdes

title : B&uuml;rokommunikation: Simulationsmodelle f&uuml;r den Entwurf und die Bewertung der elektronischen Vorgangsabwicklung.
year : 1992
author 0 : Gitta Eipperle

title : Black-Box Parallelization for Machine Learning.
year : 2019
author 0 : Michael Kamp

title : Mobile, heterogene Informationssysteme f&uuml;r semistrukturierte Daten am Beispiel eines Electronic-Mail-Systems.
year : 2000
author 0 : Joachim Kr&ouml;ger

title : Optimierung von statischen Routingverfahren in speziellen Graphenklassen.
year : 2001
author 0 : Gerd Bauer 0002

title : Resolution-based methods for linear temporal reasoning.
year : 2015
author 0 : Martin Suda 0001

title : Zum L&ouml;sen von problemhaften Aufgaben im Mathematikunterricht unter Nutzung von Kleincomputern.
year : 1988
author 0 : Uwe Siebert

title : Verfahren zur beschleunigten Systemsimulation mit VHDL durch Integration von externen Hardware-Software-Komponenten.
year : 1999
author 0 : Markus Pfaff

title : Ermittlung und Beeinflussung der Effektivit&auml;t flexibler automatisierter Fertigungssysteme und deren rechnergest&uuml;tzten Steuerung.
year : 1990
author 0 : Stefan Vratny

title : Adviser for Energy Consumption Management: Green Energy Conservation.
year : 2015
author 0 : Hayk Shoukourian

title : Development and performance evaluation of prognostic approaches for technical systems.
year : 2016
author 0 : James Kuria Kimotho

title : Entwicklung und Anwendung eines rechnerunterst&uuml;tzten systemanalytischen Modells zur Extrusion von St&auml;rken und st&auml;rkehaltigen Rohstoffen.
year : 1984
author 0 : Bernhard H. van Lengerich

title : Regional Search and Visualization Methodologies for Multi-Criteria Geographic Retrieval.
year : 2017
author 0 : Chandan Kumar

title : Zur Entwicklung geeigneter computertechnischer und informationstechnischer Verfahren in p&auml;diatrischen L&auml;ngsschnittstudien: Auswertung neuromotorischer Untersuchungsbefunde bei vier- und f&uuml;nfj&auml;hrigen Vorschulkindern d. M&uuml;nchener P&auml;diatr. L&auml;ngsschnittstudie.
year : 1983
author 0 : Rudolf Zeitler

title : Dynamische Magnetresonanztomographie mit radialer Ortskodierung: Methodenentwicklung und tierexperimentelle Anwendungen.
year : 2015
author 0 : Seyed Amir Moussavi-Biugui

title : Preserving Privacy in Distributed Energy Management.
year : 2017
author 0 : Daniel Brettschneider

title : Schaffung von Grundlagen zur Unterst&uuml;tzung konstruktiver Entwicklungsprozesse mit Methoden der k&uuml;nstlichen Intelligenz.
year : 1991
author 0 : J&ouml;rg Sasse

title : Offenes integriertes Betriebsmittel-Steuerungssystem.
year : 1996
author 0 : Achim Eggers

title : Variability bugs in system software.
year : 2013
author 0 : Julio Sincero

title : Understanding the effects of immediate electronic corrective feedback on second language development.
year : 2020
author 0 : Jean Marguerite Jimenez

title : Methoden zur Qualit&auml;tsbewertung und Qualit&auml;tssicherung einzelner Spots in Microarray-Experimenten.
year : 2013
author 0 : Achim Reineke

title : Generierung von symbolischen Elementen aus digitalen Grautonbildern zur Form- und Gestalterkennung.
year : 1995
author 0 : Zheng Ren

title : Die Anwendung der schnellen Fourier-Transformation f&uuml;r die lineare Kinetik r&auml;umlicher Stabtragwerke im Programmsystem STATRA.
year : 1980
author 0 : Wolfgang Graf

title : Semiotik und Simulation: Fortf&uuml;hrung der Schrift ins Dynamische: Entwurf einer Symboltheorie der numerischen Simulation und ihrer Visualisierung.
year : 2000
author 0 : Gabriele Gramelsberger

title : Die computergest&uuml;tzte Analyse des Kardiotokogramms.
year : 1994
author 0 : Peter L&ouml;sche

title : Off-Policy Reinforcement Learning for Robotics.
year : 2021
author 0 : Samuele Tosatto

title : Steigerung der Informationsqualit&auml;t auf elektronischen Marktpl&auml;tzen f&uuml;r betriebliche Informationssysteme.
year : 2003
author 0 : Ralf Kampker

title : Erh&ouml;hung der Autonomie von Robotersystemen durch multisensorielle Informationen und Nutzung einer Wissensbasis.
year : 1990
author 0 : Gunther Kegel

title : Zuverl&auml;ssigkeitsanalyse von TF-&Uuml;bertragungsabschnitten.
year : 1984
author 0 : Egon Jannusch

title : Rekonfigurierbare Routerhardware f&uuml;r adaptive Dienstplattformen.
year : 2002
author 0 : Till Harbaum

title : Towards the MaSHReC manufacturing system under real time constraints: a contribution to the application of real time system advances to production control systems.
year : 2003
author 0 : Dania A. El-Kebbe

title : Path sampling techniques for efficient light transport simulation.
year : 2015
author 0 : Iliyan Georgiev

title : Anonyme Kommunikation in Netzen.
year : 1990
author 0 : Angelika Steinacker

title : Communication and cooperation strategies for aerial robotic systems.
year : 2016
author 0 : Niklas Goddemeier

title : DOMeMan: Repr&auml;sentation, Verwaltung und Nutzung von digitalen Objektged&auml;chtnissen.
year : 2013
author 0 : Jens Haupert

title : Ein Bienen-inspiriertes Schwarmintelligenz-Verfahren zum Routing im Stra&szlig;enverkehr.
year : 2014
author 0 : Sebastian Senge

title : Communication methods for hierarchical global address models in HPC.
year : 2016
author 0 : Huan Zhou 0005

title : Engineering Graph Clustering Algorithms.
year : 2015
author 0 : Andrea Kappes

title : Autonomous learning of active binocular vision on a humanoid robot.
year : 2013
author 0 : Luca Lonini

title : Vehicle-routing- und scheduling-Probleme unter besonderer Ber&uuml;cksichtigung von dial-a-ride-Problemen.
year : 1985
author 0 : Rolf Weber 0002

title : Model-driven engineering methodolgy for design space exploration of embedded systems.
year : 2014
author 0 : Marcio Ferreira da Silva Oliveira

title : Beitrag zur Implementierung eines Prozessdatenbanksystems.
year : 1989
author 0 : Holger Meyer 0001

title : Evolution&auml;re Algorithmen zur Performance-Modellierung von Unternehmensanwendungen.
year : 2013
author 0 : Daniel Tertilt

title : On Scalable and Flexible Transaction and Query Processing in Main-Memory Database Systems.
year : 2016
author 0 : Tobias M&uuml;hlbauer

title : Inducing implicit arguments via cross-document alignment: a framework and its applications.
year : 2013
author 0 : Michael Roth 0001

title : Analysis, design &amp; classification of block ciphers &amp; authenticated encryption schemes.
year : 2018
author 0 : Farzaneh Abed

title : Metasprachlich gest&uuml;tzte Verarbeitung ebener Fachsprachen.
year : 1982
author 0 : J&uuml;rgen L&ouml;tzsch

title : Ein Verfahren zur objektorientierten Modellierung der Produktionsplanung und -steuerung.
year : 1998
author 0 : Alexandra Kees

title : Zur rechnergest&uuml;tzten Analyse von nichtlinearen dynamischen Netzwerken und Systemen.
year : 1992
author 0 : Sonja Tanzke

title : Learning linear classifiers: theory and algorithms.
year : 2001
author 0 : Ralf Herbrich

title : Robust control of systems subject to hard constraints.
year : 1998
author 0 : Wolfgang Reinelt

title : Beyond Similarity and Accuracy - A New Take on Automating Scientific Paper Recommendations.
year : 2017
author 0 : Laura Steinert

title : Innovation management in the energy industry: generation, implementation and diffusion of innovations = Innovationsmanagement in der Energiewirtschaft.
year : 2017
author 0 : Michael Kolloch

title : Computer und medizinische Probleml&ouml;sung: M&ouml;glichkeiten und Gefahren der Rechnerintegration.
year : 1988
author 0 : Fritz H. Becker

title : Configurable Software Performance Completions through Higher-Order Model Transformations.
year : 2011
author 0 : Lucia Happe

title : Beschreibung programmierter Systeme mittels Hierarchien intuitiv verst&auml;ndlicher Modelle.
year : 1998
author 0 : Andreas Bungert

title : Ein Verfahren zur Generierung von Testfolgen f&uuml;r die quasistatische logische Verkn&uuml;pfungspr&uuml;fung von Logiksteckeinheiten in ESER-Rechnern.
year : 1986
author 0 : Bernt Naumann

title : Systemanalytische Aspekte bei der Entwicklung von Expertensystemen.
year : 1991
author 0 : Johannes Ecke-Sch&uuml;th

title : Integration verteilter Systeme zur Mensch-Maschine-Kommunikation.
year : 1998
author 0 : Nils Jungclaus

title : Sensor-based feedback for piano pedagogy.
year : 2011
author 0 : Aristotelis Hadjakos

title : Ansatz zur variantenreichen und modellbasierten Entwicklung von eingebetteten Systemen unter Ber&uuml;cksichtigung regelungs- und softwaretechnischer Anforderungen.
year : 2015
author 0 : Andreas Polzer

title : Zeitkontinuierliche Simulation im fertigungstechnischen Bereich: Systementwicklung, Einsatz, Ergebnisse.
year : 1981
author 0 : Georg Klingenberg

title : Efficient Human Activity Recognition in Large Image and Video Databases.
year : 2014
author 0 : Muhammad Shahzad Cheema

title : Produktionsplanungs- und -steuerungssysteme: Konzept zur technisch-&ouml;konomisch begr&uuml;ndeten Auswahl.
year : 1996
author 0 : Wolf-Eckhard Kautz

title : Entwicklung und Anwendung eines computergest&uuml;tzten Apnoeerkennungsverfahrens anhand des nasalen Luftflusses und der Sauerstoffs&auml;ttigung.
year : 1991
author 0 : Thomas Penzel

title : Repr&auml;sentation und Verarbeitung propositionaler Einstellungen in nat&uuml;rlichsprachlichen Systemen.
year : 1995
author 0 : Bernhard Kipper

title : Probabilistische Algorithmen und schlechte Zufallszahlen.
year : 1999
author 0 : Beatrice List

title : Untersuchungen zur Flutphase nach einem K&uuml;hlmittelverlust bei hochkonvertierenden Druckwasserreaktoren.
year : 1984
author 0 : S&ouml;nke Schumann

title : Interaktive Hypertextgenerierung aus schwach strukturierten Dokumenten.
year : 1997
author 0 : J&uuml;rgen Schmied

title : Planung kollisionsfreier Bewegungen f&uuml;r Manipulatoren durch Kombination von zielgerichteter Suche und zufallsgesteuerter Zwischenzielerzeugung.
year : 1991
author 0 : Bernhard Glavina

title : Vergleichende Berechnung der Pulswellengeschwindigkeit in arteriellen Gef&auml;ssen des Menschen mit Hilfe einer elektronischen Datenverarbeitungsanlage.
year : 1986
author 0 : Michael Pfotenhauer

title : Interval orders: combinatorial structure and algorithms.
year : 1992
author 0 : Stefan Felsner

title : Preferences in Case-Based Reasoning.
year : 2016
author 0 : Amira Abdel-Aziz

title : Commonality based information retrieval with a terminological knowledge representation system.
year : 2001
author 0 : Thomas Mantay

title : Entwurf und Implementierung des Fakteninformationsrecherchesystems FAKIR der EDV-Kooperationsgemeinschaft der chemischen Industrie der DDR.
year : 1985
author 0 : Klaus B&auml;hr

title : Contributions to routing problems.
year : 1987
author 0 : Zaw Win

title : Histogrammbasierte Klassifikation von Sensordaten.
year : 1993
author 0 : Hauke Schmidt

title : Untersuchungen zur Abh&auml;ngigkeit der Verarbeitungsleistung von der Informationskodierung bei typischen Aufgabenstrukturen der Mensch-Maschine-Systeme der Stufen 1 bis 3.
year : 1981
author 0 : Elke Wetzenstein-Ollenschl&auml;ger

title : Time Reveals The Truth - More Efficient Constructions of Timed Cryptographic Primitives.
year : 2021
author 0 : Peter Chvojka

title : Anwendung eines in der Hardware konfigurierbaren Parallelrechners auf die Simulation evolutiver In-vitro-Amplifikationssysteme.
year : 1999
author 0 : Jens Breyer

title : Robust Bidirectional Processing for Speech-controlled Robotic Scenarios.
year : 2020
author 0 : Johannes Twiefel

title : A parameter estimation framework for kinetic models of biological systems.
year : 2012
author 0 : Syed Murtuza Baker

title : Einige Resultate f&uuml;r das W&ouml;rterbuchproblem.
year : 1983
author 0 : Athanasios K. Tsakalidis

title : Rechnergesteuerter, konzentrationsgeregelter Kreislaufreaktor zur kinetischen Untersuchung heterogen-katalytischer Reaktionen.
year : 1984
author 0 : Reinhard Broucek

title : Steuerungssysteme anthropomorpher Roboterh&auml;nde f&uuml;r humanoide Roboter.
year : 2011
author 0 : Dirk Osswald

title : Erwartungsgesteuertes, inhaltliches Dokumentverstehen durch integrierte Akquisition und Nutzung von Dokumentwissen.
year : 2002
author 0 : Claudia Wenzel

title : Improving Explicit-State Model Checking for B and Event-B.
year : 2018
author 0 : Ivaylo Miroslavov Dobrikov

title : Temporal information processing and memory guided behaviors with recurrent neural networks.
year : 2015
author 0 : Sakyasingha Dasgupta

title : Integration mobiler und aktiver Datenbankmechanismen als Basis f&uuml;r die ortsgebundene Vorgangsbearbeitung.
year : 1998
author 0 : Olaf Zukunft

title : Untersuchungen zur Tiefgefrierkonservierung von Schafbocksperma unter besonderer Ber&uuml;cksichtigung von Kopfkappenmorphologie und videomikrographischer Computeranalyse.
year : 1991
author 0 : Josef Hollerrieder

title : TriGSflow - workflow management based on active object oriented database systems and extended transaction mechanisms.
year : 1999
author 0 : Stefan Rausch-Schott

title : Klassifikation von Schriftmustern mit sporadischen Merkmalen in einer Handschriften-Sammlung von variablem Umfang.
year : 1994
author 0 : Meinhard M&uuml;nzenberger

title : Computing architectures for security applications on reconfigurable hardware in embedded systems.
year : 2011
author 0 : Alexander Klimm

title : Efficient reasoning procedures for complex first-order theories.
year : 2012
author 0 : Patrick Wischnewski

title : Integrit&auml;tsbedingungen in Petri-Netzen.
year : 1993
author 0 : Manfred Fidelak

title : Modellierung, Verkehrsanalyse und Planung von Zentralkanal-Signalisiernetzen im ISDN mit besonderer Ber&uuml;cksichtigung neuer Dienste der Mobilkommunikation und des intelligenten Netzes.
year : 1995
author 0 : Marcos Bafutto

title : Kondensation von Goldstopff&uuml;llungen unter Zuhilfenahme von Dentinadh&auml;siven: eine Untersuchung unter besonderer Ber&uuml;cksichtigung der Reproduzierbarkeit zweier computergest&uuml;tzter Verfahren zur Randspaltanalyse.
year : 1997
author 0 : Inge Schwarz

title : Messwerterfassung geomagnetischer Gr&ouml;ssen: e. Beitr. zur Theorie u. Praxis rechnergest&uuml;tzter Messtechnik.
year : 1985
author 0 : Hans-Joachim Linthe

title : Framework for e-government systems design and implementation for developing countries.
year : 2016
author 0 : Catherine G. Mkude

title : Ans&auml;tze und Methoden zur Ressourcenabsch&auml;tzung in Datenflusssystemen.
year : 1991
author 0 : Stefanie Lau

title : Zur Computerregelung von Pr&uuml;fmaschinen mit mehreren Freiheitsgraden.
year : 1988
author 0 : Maritta Petersen

title : Model-Based Analysis of Cerebrovascular Diseases Combining 3D and 4D MRA Datasets.
year : 2013
author 0 : Nils Daniel Forkert

title : Grundlagen schneller Algorithmen f&uuml;r verallgemeinerte diskrete Fouriertransformationen.
year : 1988
author 0 : Gabriele Steidl

title : Kostenbasierte Konfigurierung f&uuml;r Programme und SW-Architekturen.
year : 1998
author 0 : Horst Moldenhauer

title : Towards precise and convenient semantic search on text and knowledge bases.
year : 2017
author 0 : Elmar Haussmann

title : Visual Analysis for Graphs, Networks and Flows.
year : 2019
author 0 : Tobias Post

title : Datenverarbeitungsberufe im Wandel: industrie- und berufssoziologische Untersuchung zu Entwicklungstrends und Perspektiven in der Datenverarbeitung und dem zugeh&ouml;rigen Berufsfeld.
year : 1992
author 0 : Volker Roth 0003

title : Fehlerbehandlung in flexiblen Fertigungssystemen: Einf&uuml;hrung f&uuml;r Hersteller und Anwender.
year : 1990
author 0 : Peter Hofmann

title : Untersuchungen zum Einsatz von Dialogsystemen in der Lenkung und Kontrolle der Produktion bei diskontinuierlicher Fertigung.
year : 1981
author 0 : Siegfried Lattig

title : Systematisierung und Optimierung der Fertigungsmittelauswahl f&uuml;r die Drehbearbeitung.
year : 1983
author 0 : Heinz Wesch

title : Adjoint Equations of Spiking Neural Networks.
year : 2021
author 0 : Christian Pehle

title : Temperatureinfl&uuml;sse auf rheologische Spannungszust&auml;nde im Salzgebirge.
year : 1982
author 0 : Hans Konstantin Nipp

title : A Multi-objective Ant Colony Optimisation-based Routing Approach for Wireless Sensor Networks Incorporating Trust.
year : 2012
author 0 : Ansgar Kellner

title : Rechnerintegrierte Informations- und St&uuml;cklistenverarbeitung.
year : 1987
author 0 : Georg Kimmerle

title : M&ouml;glichkeiten und Grenzen der Nutzung von "Datenbanken f&uuml;r Tierversuche" zur Koordination der wissenschaftlichen Forschung mit Tieren und zur Information der Genehmigungsbeh&ouml;rden sowie der Tierversuche durchf&uuml;hrenden Institute: Erf&uuml;llung von Auflagen nach dem Tierschutzgesetz zur Vermeidung unn&ouml;tiger Doppel- und Wiederholungsversuche.
year : 1990
author 0 : Angelika Maria Bender

title : Multi-Level Power Optimization in Automotive E/E Architectures.
year : 2017
author 0 : Wei Hong 0005

title : Temporal Program Verification and Synthesis as Horn Constraints Solving.
year : 2015
author 0 : Tewodros A. Beyene

title : Information - eine Klasse von Arbeitsgegenst&auml;nden: e. Beitr. zur Theorie technischer Systeme, dargestellt am Beispiel der Bestimmung des Arbeitsorgans in digitalen integrierten Schaltkreisen und anhand der Informationsverarbeitung in numerischen Steuerungssystemen.
year : 1985
author 0 : Rainer Scholze
author 1 : G&uuml;nter Schulze

title : Parallelization of legacy automotive control software for multi-core platforms.
year : 2019
author 0 : Martin Lowinski

title : Ein Beitrag zur Modellierung, Simulation und Steuerung in CAD-CAM-Systemen des Bauwesens.
year : 1985
author 0 : Georg Hohmann

title : Effiziente Speicherung von Zeitreihen mit Betriebsdaten aus Software-Systemen zur Analyse von Laufzeitanomalien.
year : 2019
author 0 : Florian Lautenschlager 0001

title : Wearable systems engineering: Anforderungsanalyse, Modellierung und Implementierung Datenbrillen-basierter Informationssysteme.
year : 2017
author 0 : Dirk Metzger

title : Extending the Programming Language XL to Combine Graph Structures with Ordinary Differential Equations.
year : 2012
author 0 : Reinhard Hemmerling

title : Diskriminanzanalyse und k&uuml;nstliche neuronale Netze zur Klassifizierung von Jahresabschl&uuml;ssen: eine empirischer Vergleich.
year : 1995
author 0 : Martin Pytlik

title : Coordination and learning in global software development: articulation work in distributed cooperation of small companies.
year : 2011
author 0 : Alexander Boden

title : Scalable analytical query processing.
year : 2013
author 0 : Martina-Cezara Albutiu

title : A machine learning perspective on unraveling, modeling and predicting player behavior in digital games.
year : 2019
author 0 : Rafet Sifa

title : Ein Beitrag zur L&ouml;sung elliptischer partieller Differentialgleichungen mit Hilfe der Finite-Elemente-Methode auf regul&auml;r strukturierten Mehrprozessorsystemen.
year : 1986
author 0 : Witold Wendrowski

title : GPU Data Structures and Code Generation for Modeling, Simulation, and Visualization.
year : 2020
author 0 : Johannes Sebastian Mueller-Roemer

title : Konzept eines Grafikmoduls als integraler Bestandteil eines Betriebssystems f&uuml;r Messcomputer der Signal- und Systemanalyse.
year : 1988
author 0 : J&uuml;rgen Friedrich

title : Planung und Steuerung komplexer Bauprozesse durch Simulation mit modifizierten h&ouml;heren Petri-Netzen.
year : 1989
author 0 : Volkhard Franz

title : Towards a user-centric context aware system: empowering users through activity recognition using a smartphone as an unobtrusive device.
year : 2011
author 0 : Sian Lun Lau

title : Parallele Algorithmen zur numerischen L&ouml;sung von Systemen gew&ouml;hnlicher Differentialgleichungen.
year : 1993
author 0 : Ralf Knirsch

title : LightSkin: globale Echtzeitbeleuchtung f&uuml;r Virtual und Augmented Reality.
year : 2014
author 0 : Philipp Lensing

title : Development of applications for interactive, comprehensive and reproducible data analysis = Entwicklung von Applikationen f&uuml;r interaktive, umfassende und reproduzierbare Datenanalyse.
year : 2017
author 0 : Federico Marini 0002

title : Design of Adaptive Nonlinear Controllers using Supervised Learning.
year : 2021
author 0 : Christian Dengler

title : wp-Kalk&uuml;l und relationale Spezifikation kommunizierender Systeme.
year : 1996
author 0 : Thomas F. Gritzner

title : Modellierung verbal repr&auml;sentierter Geoinformation im Anwendungsbeispiel des Katastrophenmanagements.
year : 2010
author 0 : Christian Lucas

title : Inkrementelle Auswertung von SPARQL-Anfragen &uuml;ber Linked Data.
year : 2013
author 0 : Florian Schmedding

title : Zum Aufbau, zur Arbeitsweise und Realisierung von problemorientiertem, selbstorganisierenden Programmsystemen.
year : 1979
author 0 : Martin Frenzel

title : Ein Programm f&uuml;r die Parallelisierung dynamisch adaptiver Mehrgitterverfahren.
year : 2016
author 0 : Ekkehart Kiparski

title : Ein graphentheoretischer Ansatz zur strukturellen Analyse und Synthese nichtlinearer Systeme.
year : 1996
author 0 : Torsten Wey

title : A deep exploration of the complexity border of strategic voting problems.
year : 2015
author 0 : Yongjie Yang 0001

title : Computergest&uuml;tzte Finanzplanung: Probleme und Perspektiven vor dem Hintergrund einer empirischen Untersuchung.
year : 1993
author 0 : Susanne Musil

title : Das Heidelberger Allgemeine Normierte Dokumentationssystem H.A.N.D.: Entwicklung e. Dokumentationssystemes f&uuml;r d. klin. Forschung.
year : 1988
author 0 : Michael V. Knopp

title : Interactive web-based visualization.
year : 2018
author 0 : Finian Mwalongo

title : Second order minimum energy filtering of joint variational camera motion and depth map reconstructions.
year : 2016
author 0 : Johannes Berger

title : A Contribution to Active Infrared Laser Spectroscopy for Remote Substance Detection.
year : 2017
author 0 : Jan-Philip Jarvis

title : BDD-based value analysis for X86 executables.
year : 2017
author 0 : Sven Mattsen

title : Stochastische Optimierung bei partieller Information.
year : 1984
author 0 : Peter Abel

title : Rechnergest&uuml;tzte polyoptimale Lenkung diskreter diskontinuierlicher Produktionsprozesse der Strukturklasse Halbordnung.
year : 1980
author 0 : Marlies Kr&ouml;nert

title : Rechnergest&uuml;tzte Produktionsplanung und -steuerung: effizienzorientierte Auswahl anpassbarer Standardsoftware.
year : 1989
author 0 : Eric Miessen

title : Methoden und Werkzeuge f&uuml;r die Entwicklung von Software im Kontext verteilter Ausf&uuml;hrung.
year : 2016
author 0 : Andreas Koch 0005

title : Unsupervised training with applications in natural language processing.
year : 2019
author 0 : Malte Nuhn

title : Entwicklung neuer Elemente im Kunstturnen unter Verwendung dreidimensionaler Computersimulation.
year : 1992
author 0 : Youlian Hong

title : Approximate feedback linearization of nonlinear control systems using neural networks.
year : 2001
author 0 : Shouling He

title : Planung von Anlagen mit rechnerdisponierten Flurf&ouml;rderzeugen.
year : 1990
author 0 : Ulrich Weber

title : Entwicklung und Evaluation eines ber&uuml;hrungslosen Bedienkonzeptes f&uuml;r eine stereoskopische maritime Lagedarstellung.
year : 2019
author 0 : Nils Meyer

title : The paradigm of collective intelligence in information systems research.
year : 2011
author 0 : Johannes Putzke

title : Nutzwertanalyse in der Systemtechnik: eine Methodik zur multidimensionalen Bewertung und Auswahl von Projektalternativen.
year : 1976
author 0 : Christof Zangemeister

title : Einsatz von algorithmischen Skeletten im Scheduling massiv paralleler System.
year : 2002
author 0 : Bodo Kalthoff

title : Some learning processes in population games.
year : 1989
author 0 : Marcin Malawski

title : Entwurf und Anwendung von Konfigurations-, Test- und Messeinrichtungen im lokalen Netz NAGEMA-LOTUNET: ein Beitrag zur Verwaltung in lokalen PC-Netzen.
year : 1989
author 0 : Gudrun M&ouml;gling

title : Rechnergest&uuml;tzter topologischer Entwurf von Verdrahtungstr&auml;gern der Multichip-Hybridtechnik.
year : 1979
author 0 : Bui The Dung

title : Segmentierung und Interpretation digitaler Bilder mit Markoff-Zufallsfeldern.
year : 1999
author 0 : J&ouml;rg Klonowski

title : Eine Betriebssystemerweiterung zur Integration von Multiprozessoren in eine Client-Server-Umgebung.
year : 1997
author 0 : Gerd-Joachim Reefmann

title : Analysis of machine learning algorithms for the recognition of basic emotions: data mining of psychophysiological sensor information.
year : 2019
author 0 : Lin Zhang 0034

title : K&uuml;nstliche Intelligenz und Musteranalyse: Studien zu e. neuen Verfahren.
year : 1987
author 0 : Ulrich Eisenecker

title : Kognitive, dezentrale Sprachsteuerung von autonom agierenden fahrerlosen Transportfahrzeugen in der Intralogistik.
year : 2017
author 0 : Florian Podszus

title : MontiArc - Architectural Modeling and Simulation of Interactive Distributed Systems.
year : 2016
author 0 : Arne Haber

title : Methoden und Algorithmen zur Analyse bewegter Realweltszenen im Hinblick auf ein Blindenhilfesystem.
year : 1985
author 0 : Joachim Dengler

title : Das Schweigen der Lurker: politische Partizipation und soziale Kontrolle in Online-Diskussionsforen.
year : 2003
author 0 : Robert Mayer-Uellner

title : Case-Based Reasoning auf der Grundlage Relationaler Datenbanken: eine Anwendung zur strukturierten Suche in Wirtschaftsnachrichten.
year : 2003
author 0 : Markus Pfuhl

title : Leistungsbewertung von massiv parallelen Rechnermodellen.
year : 1993
author 0 : Michael M. Gutzmann

title : Methoden zur computergest&uuml;tzten Generierung und Aufbereitung von Strukturensembles f&uuml;r Proteinbindetaschen.
year : 2016
author 0 : Stefan Bietz

title : Computerunterst&uuml;tzte Diagnose mit dem Unabh&auml;ngigkeits-Bayes-Modell: klinische Anwendung und Simulation.
year : 1989
author 0 : Martin K&uuml;nneke

title : MOCCAA - MObile Cloud Computing AdaptAble.
year : 2019
author 0 : Harun Baraki

title : Konzeption eines Verfahrens zur rechnerunterst&uuml;tzten Verifikation des Entwurfs von Automatisierungsprogrammen.
year : 1987
author 0 : Peter Baur

title : Opening the machine learning black box with Layer-wise Relevance Propagation.
year : 2019
author 0 : Sebastian Lapuschkin

title : Beitrag zum Einfluss des elastischen Spannungszustandes auf die Schwingfestigkeit.
year : 1980
author 0 : Dieter Joensson

title : Adaptable code generation of consistent and customizable data-centric applications with MontiDEx.
year : 2017
author 0 : Alexander Roth 0004

title : Modellierung von Sch&uuml;ttgutumschlagpl&auml;tzen.
year : 1982
author 0 : Reinhard Domke

title : Agile Modellgetriebene Entwicklung von Software Security &amp; Privacy.
year : 2019
author 0 : Lars Hermerschmidt

title : Intelligente tutorielle Systeme in der Programmierausbildung.
year : 1990
author 0 : Peter Witschital

title : Spatio-temporal analysis of multiview video.
year : 2013
author 0 : Florian Schweiger

title : Vermittlung kontextbasierter Sichten in mobilen, ubiquit&auml;ren Systemen.
year : 2013
author 0 : Dirk Bade

title : Learning vector quantization for proximity data.
year : 2016
author 0 : Daniela Hofmann

title : Die akustische Architektur des Computerspiels.
year : 2014
author 0 : Sebastian Lorenz

title : Die Gestaltung der Kommunikation zwischen dezentralen Funktionseinheiten der industriellen Steuerungstechnik unter Anwendung von Buskommunikationssystemen.
year : 1983
author 0 : Klaus Schuster

title : Handlungssteuerung als Probleml&ouml;sen in neuronalen Netzen am Beispiel der Cursorsteuerung mittels Schritt-Tasten.
year : 1993
author 0 : Dietmar Gude

title : Entwurf und Anwendung von Datenbanksystemen f&uuml;r die Projektierung von Chemieanlagen.
year : 1986
author 0 : Diethard Gentsch

title : Einsatz einer Testsatzsammlung im Grammar engineering.
year : 1995
author 0 : Martin Volk 0001

title : Computergest&uuml;tzte Ist-Kosten-Leistungsrechnung f&uuml;r landwirtschaftliche Betriebe.
year : 1983
author 0 : Hermann Wagner

title : Multilayer graph networks for modeling and analyzing exercise scenarios in civil protection and disaster response.
year : 2020
author 0 : Marcus Dombois

title : Forensically Sound Data Acquisition in the Age of Anti-Forensic Innocence.
year : 2016
author 0 : Michael Gruhn

title : Ein Konzept zur Darstellung und Realisierung von verteilten Prozessautomatisierungssystemen.
year : 1984
author 0 : Albert Fleischmann

title : Theoretische Grundlagen, Mittel und M&ouml;glichkeiten zur rechnergest&uuml;tzten Prozesssteuerung in der psychologischen Arbeit.
year : 1977
author 0 : Wolfram Huber

title : Synthese- und Analyseprobleme beim rechnergest&uuml;tzten Entwurf von VLSI-Schaltungen.
year : 1988
author 0 : Franz Josef Schmitt

title : &Auml;quivalenzuntersuchungen an diskreten Systemen im Petrinetz-Modell.
year : 1989
author 0 : Peter Kosack

title : Algebraische Formulierung und L&ouml;sung zentraler systemtheoretischer Aufgaben.
year : 1999
author 0 : Markus Senger

title : IT-Sicherheitsanalysen: ein prozessorientiertes Vorgehensmodell.
year : 2017
author 0 : Daniela Simic-Draws

title : A general framework in support of unstructured, distributed, and consensus oriented decision making processes and its specific implementation in health research strategy planning.
year : 1998
author 0 : Christian Greiner

title : Evaluation Methods for Stereopsis Performance.
year : 2016
author 0 : Jan Paulus

title : Evaluierung und Tuning von parallelen Datenbanksystemen.
year : 2000
author 0 : Stephan Zimmermann

title : Prozessrechnereinsatz zur &Uuml;berwachung und Regelung ein- und mehrstufiger Bioreaktoren.
year : 1983
author 0 : Horst-Dieter Meyer

title : Digitale Radiographie: Optimierung der Bildqualit&auml;t durch Bildverarbeitung.
year : 1991
author 0 : Stephan Rupp

title : Adaption der Focalebene von 2 stereoskopischen Kameras an Vorzugsebenen zu erkennender Objekte.
year : 1999
author 0 : Shangping Xu

title : Modellierung und Verwaltung sozio&ouml;konomischer Daten.
year : 1983
author 0 : G&uuml;nter Lenhardt

title : Modelling with feature costs under a total cost budget constraint.
year : 2020
author 0 : Rudolf Jagdhuber

title : Verwendbarkeit von Thematic-Mapper-Daten zur Klassifizierung von Baumarten und nat&uuml;rlichen Altersklassen.
year : 1990
author 0 : Mathias Schardt

title : CAD-Video-Somatographie: Entwicklung und Bewertung einer Methode zur anthropometrischen Arbeitsgestaltung.
year : 1989
author 0 : Dieter Lorenz 0001

title : Maschinelle Assistenz bei der Korrektur von Zeichnungen.
year : 1994
author 0 : Dieter Bolz

title : M&ouml;glichkeiten der Beanspruchungsindikation in Feldsituationen unter besonderer Ber&uuml;cksichtigung t&auml;tigkeitsspezifischer Leistungs- und Verhaltensparameter.
year : 1982
author 0 : Peter G. Richter

title : Computationally Modelling Human Visual Perception: Eye Movements and Saliency.
year : 2020
author 0 : Mikhail Startsev

title : Internetauftritte: eine Theatergeschichte der neuen Medien.
year : 2013
author 0 : Ulf Otto

title : Arbeitnehmerbeteiligung beim Einsatz informationstechnischer Systeme im Betrieb.
year : 1985
author 0 : Peter Mambrey

title : HERAKLIT, eine datengetriebene Rechnerarchitektur und ihre formale Beschreibung.
year : 1983
author 0 : Alfons Steinhoff

title : Entwicklung eines Preprozessors zur Strukturanalyse auf der Basis eines CAD-Systems.
year : 1990
author 0 : Gunter Heussner

title : Leistungsanforderungen an Teilnehmerinnen und Teilnehmer von Informatikwettbewerben : eine Untersuchung auf Grundlage des Kompetenz-Paradigmas.
year : 2013
author 0 : Gabor Mei&szlig;ner

title : Rechnergest&uuml;tzte Strukturplanung von Produktionssystemen.
year : 1989
author 0 : Dieter Buchberger

title : Untersuchungen zur Plastizit&auml;t der visuellen Wahrnehmung mit Methoden der "Textursegmentierung" und der "visuellen Suche".
year : 1995
author 0 : Regina Rettenbach

title : A fine-grained approach towards asynchronous service composition of heterogeneous services.
year : 2015
author 0 : Konstantinos Vandikas

title : Zur Entstehung der Nichtlinearen Optimierung: Vorgeschichte und Herausbildung der Kuhn-Tucker-Theorie.
year : 1987
author 0 : Ulrike Leitner

title : Hidden-Markov-Modelle: un&uuml;berwachtes Lernen und Klassifikation.
year : 1998
author 0 : Jan Christopher Stiller

title : Echtzeitnachweis ereignisgesteuerter Realzeitsysteme.
year : 1993
author 0 : Klaus Gresser

title : Durchgehende IT gest&uuml;tzte Methode f&uuml;r eine effiziente Zusammenarbeit zwischen der interdisziplin&auml;ren Produktentwicklung und Montageplanung.
year : 2016
author 0 : Daniil Roubanov

title : Spekulative Optimierungen in interpretativen virtuellen Maschinen.
year : 2012
author 0 : Philipp Adler

title : Phase Segmentation and Analysis of Tomographic Rock Images Using Machine Learning Techniques.
year : 2019
author 0 : Swaroop Chauhan

title : Methoden und Werkzeuge zur Software-Entwicklung in einer objektorientierten Programmierumgebung.
year : 1986
author 0 : Matthias Schneider-Hufschmidt

title : Ein Softwarepaket zur vollautomatischen Plazierung von Bauteilen auf Leiterplatten f&uuml;r den industriellen Einsatz.
year : 1992
author 0 : J&uuml;rgen Scheible

title : Rechnerunterst&uuml;tzte Gestaltung ortsgebundener Montagearbeitspl&auml;tze, dargestellt am Beispiel kleinvolumiger Produkte.
year : 1982
author 0 : Eberhard Haller

title : Vermittlung zuverl&auml;ssiger zusammengesetzter Dienste in verteilten Systemen.
year : 1995
author 0 : Ludwig Keller

title : Eine untere Schranke f&uuml;r den Platzbedarf bei der Analyse beschr&auml;nkter kontextfreier Sprachen.
year : 1976
author 0 : Helmut Alt

title : Entwicklung und Optimierung eines Gehirn-Computer-Interfaces mit langsamen Hirnpotentialen.
year : 2000
author 0 : Thilo Hinterberger

title : Wissensbasierte Inbetriebnahme und adaptive Regelung eines pneumatischen Linearantriebs.
year : 1994
author 0 : Horst Keller

title : Analyse verschiedener Architekturvarianten des CoreVA-VLIW-Prozessors.
year : 2016
author 0 : Boris H&uuml;bener

title : Intervallanalytische Behandlung nichtlinearer Optimierungsaufgaben.
year : 1980
author 0 : Herbert S&uuml;&szlig;e

title : Memory limitations in sentence comprehension: a structural-based complexity metric of processing difficulty.
year : 2015
author 0 : Sabrina Gerth

title : Mikroskopisches Simulationssystem f&uuml;r Individualverkehr und &ouml;ffentlichen Personennahverkehr.
year : 1983
author 0 : Hans Hubschneider

title : Patching - A Framework for Adapting Immutable Classifiers to Evolving Domains.
year : 2019
author 0 : Sebastian Kauschke

title : System designs for bulk and user-generated content delivery in the internet.
year : 2012
author 0 : Massimiliano Marcon

title : Quality Assurance for Mobile Business Applications.
year : 2018
author 0 : Konstantin Holl

title : Exploratives Agieren: ein Beitrag zur ergonomischen Gestaltung interaktiver Systeme.
year : 1995
author 0 : Hansj&uuml;rgen Paul

title : Principled Approach to Natural Language Generation.
year : 2021
author 0 : Yevgeniy Puzikov

title : Dynamic Symbolic Execution with Scalable Interpolation Based Path Merging.
year : 2017
author 0 : Andreas Ibing

title : Pers&ouml;nlichkeitsschutz in Social Networks: technische Unterst&uuml;tzung eines grundrechtskonformen Angebots von Social Networks.
year : 2020
author 0 : Maxi Nebel

title : Bioinformatics approaches to large scale genome comparison, including the identification of conserved noncoding regions.
year : 2003
author 0 : Jomuna V. Choudhuri

title : Multi-view person re-identification.
year : 2020
author 0 : Gregor Blott

title : Entwicklung eines Anwendungsprogramms zur Analyse und Beurteilung von Investitionsmassnahmen in der Datenverarbeitung (Hard- und Softwareauswahl) auf der Basis einer vergleichenden Betrachtung verschiedener Verfahren.
year : 1989
author 0 : Volker Krug

title : Ein Beitrag zur klassenweisen Modellbildung nichtlinearer dynamischer Systeme.
year : 1987
author 0 : Andreas H&ouml;fner

title : Bewertung der Systemleistung von Materialflu&szlig;systemen im Betrieb.
year : 1997
author 0 : Andreas Reininghaus

title : Selbstorganisierte Einsatzplanung dezentraler Akteure im Smart Grid.
year : 2014
author 0 : Christian Hinrichs

title : Zur Kovariation von Lautstrukturvariabilit&auml;ten und sozialem Spiel bei Lisztaffen (Saguinus oedipus oedipus): eine quantitative Untersuchung mit Hilfe rechnergesteuerter Lautanalysemethoden.
year : 1985
author 0 : Philipp Goedeking

title : Algorithm Engineering for some Complex Practise Problems: Exact Algorithms, Heuristics and Hybrid Evolutionary Algorithms.
year : 2012
author 0 : Volkmar Sauerland

title : Controlling the mobility and enhancing the performance of multiple message ferries in delay tolerant networks.
year : 2020
author 0 : Mehdi Harounabadi

title : Tele-Board, supporting and analyzing creative collaboration in synchronous and asynchronous scenarios.
year : 2014
author 0 : Lutz Gericke

title : Ein dynamisches Modell des kardialen Aktionspotentials: Simulation frequenzabh&auml;ngiger Effekte von Klasse-III-Antiarrhythmika.
year : 2003
author 0 : Werner Wenzel

title : A Family of Role-Based Languages.
year : 2017
author 0 : Thomas K&uuml;hn 0001

title : Konzepte und Verfahren f&uuml;r die Software-Versionsverwaltung.
year : 1994
author 0 : Christoph Reichenberger

title : Gebrauchstauglichkeit (Usability) von Informationssystemen in deutschen Krankenh&auml;usern: eine Statuserhebung.
year : 2013
author 0 : Bettina B. Bundschuh

title : Learning Label Structures with Neural Networks for Multi-label Classification.
year : 2019
author 0 : Jinseok Nam

title : GIPSY - ein Generator f&uuml;r interaktive Programmiersysteme.
year : 1986
author 0 : Rainer Todtenh&ouml;fer

title : Design and analysis of collaborative and interactive information spaces for knowledge work support.
year : 2015
author 0 : Alexandru Bogorin

title : Konzept zur modellbasierten Ermittlung von Kompetenzbedarfen.
year : 2003
author 0 : Christian M. Thurnes

title : Sichere Kommunikation im Internet: Vertraulichkeit, Integrit&auml;t und Authentizit&auml;t in einem anonymen Netzwerk.
year : 2002
author 0 : J&ouml;rg Hartmann

title : Zur analytischen Untersuchung und exakten L&ouml;sung von Differentialgleichungen mit Computeralgebrasystemen.
year : 1989
author 0 : Thomas Wolf 0004

title : Computergest&uuml;tztes Modellieren ribosomaler Daten.
year : 1990
author 0 : Dierk Sch&uuml;ler

title : Produkthaftung des Softwareherstellers nach &#167;823 Abs. 1 BGB und Produkthaftungsgesetz.
year : 1993
author 0 : Robert Kranz

title : Artificial Intelligence for Efficient Image-based View Synthesis.
year : 2019
author 0 : Thomas Leimk&uuml;hler

title : Mobiler Journalismus: Angebote, Produktionsroutinen und redaktionelle Strategien deutscher Print- und Rundfunkredaktionen.
year : 2014
author 0 : Cornelia Wolf

title : Simulationsgest&uuml;tzte Kostenanalyse in produktorientierten Fertigungsstrukturen.
year : 1996
author 0 : Jochen Lorenzen

title : Entwurfsbegleitende Leistungsananlyse mit der unified modeling language, dem UML profile for modeling and analysis of real-time and embedded systems und generalisierten Netzen.
year : 2010
author 0 : Evelina Koycheva

title : Rollen&uuml;bernahme als Benutzermodellierungsmethode: globale Antizipation in einem transmutierbaren Dialogsystem.
year : 1998
author 0 : Alassane Ndiaye

title : Logik der interaktiven Programmentwicklung.
year : 1985
author 0 : Peter-Uwe Kleffe

title : A Unified Translation of Linear Temporal Logic to &#969;-Automata.
year : 2019
author 0 : Salomon Sickert

title : Der Schutz von Datenbanken und Informationssammlungen im britischen und deutschen Recht: eine vergleichende Untersuchung des Rechtszustandes nach Umsetzung der europ&auml;ischen Datenbankrichtlinie unter Ber&uuml;cksichtigung des Urheberrechts, des Datenbankherstellerrechts und des Wettbewerbsrechts.
year : 2003
author 0 : Guido Westkamp

title : Informationssystementwicklung mit Applikationsplattformen.
year : 1994
author 0 : Jacques Sanche

title : Arbeitspsychologische Aspekte der Benutzerfreundlichkeit von Bildschirmsystemen.
year : 1987
author 0 : Philipp Spinas

title : A hardware benchmarking platform for the standardization of authenticated encryption algorithms.
year : 2021
author 0 : Michael Tempelmeier

title : Spezifikation und Einsatz eines Stereokamerasystems zur videobasierten Patientenpositionierung in der Pr&auml;zisionsstrahlentherapie.
year : 2003
author 0 : Marc Schneberger

title : Non-invasives Wachstums-Monitoring von Steinbutten bei hoher Populationsdichte in der Aquakultur mittels eines Stereokamerasystems.
year : 2013
author 0 : Christian Bauer 0014

title : Programming heterogeneous MPSoCs: tool flows to close the software productivity gap.
year : 2013
author 0 : Jer&oacute;nimo Castrill&oacute;n Mazo

title : A Domain-Specific Language and Source-to-Source Compilation Framework for Geometric Multigrid Methods.
year : 2019
author 0 : Christian Schmitt 0003

title : New Results on Abstract Voronoi Diagrams.
year : 2015
author 0 : Cecilia Bohler

title : Ein praktikables und optimales Einplanungsverfahren f&uuml;r heterogene Mehrprozessorsystme.
year : 1997
author 0 : Armin Bender

title : Neural network based feature extraction for speech and image recognition.
year : 2014
author 0 : Christian Plahl

title : Entwicklung einer rechnergest&uuml;tzten Systematik zur funktionsbereichs&uuml;bergreifenden Planung von Distributionszentren durch Einsatz der Graphentheorie.
year : 2013
author 0 : Boris Sebastian Jobi

title : Nutzergerechte Gestaltung von Fachsoftware f&uuml;r Maschinenelemente am Beispiel der W&auml;lzlagerberechnung.
year : 1992
author 0 : Andreas Franz

title : Image Processing on Heterogeneous Multiprocessor System-on-Chip using Resource-aware Programming.
year : 2017
author 0 : Johny Paul

title : Analyse von Klammergrammatiken.
year : 1993
author 0 : Gisela Pitsch

title : Proze&szlig;orientiertes Benchmarking im Informationsmanagement.
year : 1999
author 0 : Jakob Reh&auml;user

title : Entwicklung eines objektorientierten Werkzeugs f&uuml;r verschiedene Verfahren der parallelen ereignisgesteuerten Simulation.
year : 1998
author 0 : Thomas Necker

title : Algorithm-based fault tolerance for matrix operations on graphics processing units: analysis and extension to autonomous operation.
year : 2015
author 0 : Claus Braun

title : Wiederverwendung ohne Mythos: empirisch fundierte Leitlinien f&uuml;r die Entwicklung wiederverwendbarer Software.
year : 2002
author 0 : Rupert St&uuml;tzle

title : Towards High Performability in Advanced Metering Infrastructures.
year : 2020
author 0 : Michael Niedermeier

title : Bi-(N-) cluster editing and its biomedical applications.
year : 2017
author 0 : Peng Sun 0008

title : Toward structured and time-constraint content delivery systems.
year : 2011
author 0 : Remo Meier

title : Analog CMOS implementation of a multi-layer perceptron with nonlinear synapses.
year : 1994
author 0 : Jerzy B. Lont

title : Konzeptueller Entwurf verteilter betrieblicher Informationssysteme: ein objektorientierter Ansatz.
year : 1994
author 0 : Cornelia Lind

title : Acquisition, Modeling, and Augmentation of Reflectance for Synthetic Optical Flow Reference Data.
year : 2020
author 0 : Burkhard G&uuml;ssefeld

title : Konstruktion und Darstellung von Algorithmen der digitalen Musterverarbeitung im algorithmischen System entscheidungstabellengesteuerter Turingmusterautomat.
year : 1984
author 0 : Harald Winter

title : Korpus-basierte effiziente Informationsextraktion und Grammatikinduktion der nat&uuml;rlichen Sprachen.
year : 2013
author 0 : Chunze Shen

title : Objektorientiertes Design f&uuml;r C++: Entwicklung eines CASE-Tools mit C++-Codegenerierung.
year : 1997
author 0 : Stefan Kuhlins

title : Product-line specification and verification with feature-oriented contracts.
year : 2015
author 0 : Thomas Th&uuml;m

title : Architektur f&uuml;r verteilte, fehlertolerante Sensor-Aktor-Systeme.
year : 2011
author 0 : Sebastian Zug

title : Where are you?: self- and body part localization using virtual reality setups.
year : 2019
author 0 : Albert H. van der Veer

title : Towards energy-efficient convolutional neural network inference.
year : 2019
author 0 : Lukas Cavigelli

title : Modellbasierte Fehlerdiagnose: ein objektorientierter Ansatz.
year : 1993
author 0 : Thomas Schmidt 0009

title : Localization accuracy of surfaces in 3-D space.
year : 2001
author 0 : Xavier Laboureux

title : Multi-Sensory Data Analysis and On-Line Evaluation for Advanced Process Control and Yield Optimization in Polymer Film Industry.
year : 2015
author 0 : Michael Kohlert

title : Sugiyama Layouts for Prescribed Drawing Areas.
year : 2018
author 0 : Ulf R&uuml;egg

title : Enhancing Tagging Systems with a Flexible, Faceted Organization Structure.
year : 2013
author 0 : Alexander Sebastian Steinhoff

title : Coded modulation: theoretical concepts and practical design rules.
year : 1999
author 0 : Udo Wachsmann

title : Untersuchung von quantitativen &Auml;hnlichkeitsmassen bei der Suche nach wiederverwendbaren Ergebnissen aus Automatisierungsprojekten.
year : 1990
author 0 : Klaus Beutler

title : Zur Gestaltung von medizinischen Informationssystemen unter Ber&uuml;cksichtigung territorialer Aspekte: Darstellung am Beispiel eines Klinikinformationssystems Neurologie/Psychiatrie.
year : 1986
author 0 : Ulrich Lochmann

title : Security Investigation in Encrypted Environment.
year : 2017
author 0 : Fatih Kili&ccedil;

title : Computergest&uuml;tzter Sequenzvergleich mit Sequenzw&ouml;rtern.
year : 1997
author 0 : Wolfgang Vahrson

title : Gestaltung der Datenbasis f&uuml;r ein rechnerunterst&uuml;tztes Informationssystem f&uuml;r die Leitung der Produktionsdurchf&uuml;hrung unter CIM-Bedingungen.
year : 1990
author 0 : Heike Liebal

title : Simulationsmodell f&uuml;r die Auftragsplanung eines Industriebetriebes.
year : 1983
author 0 : Uwe W. Geitner

title : Virtual reality interfaces for seamless interaction with the physical reality.
year : 2020
author 0 : Ceenu George

title : Softwareentwicklung mit Logik h&ouml;herer Stufe: eine Anwendung von Theoriededuktion auf interaktives Beweisen.
year : 1993
author 0 : Franz Weber

title : Tracking Extended Objects in Noisy Point Clouds with Application in Telepresence Systems.
year : 2016
author 0 : Florian Faion

title : Computer-assisted detection of linear structures from digital remote sensing data for cartographic purposes.
year : 1987
author 0 : Koert Sijmons

title : Nonnegative matrix factorization with adaptive elements for monaural audio source separation.
year : 2016
author 0 : Julian Becker

title : Diagnosis and handling of inconsistencies in heterogeneous models of automated production systems.
year : 2019
author 0 : Stefan Feldmann

title : Hardwareentwurf eines Rechenwerkes f&uuml;r semimorphe Skalar- und Vektoroperationen unter Ber&uuml;cksichtigung der Anforderungen verifizierender Algorithmen.
year : 1991
author 0 : Andreas Kn&ouml;fel

title : Reasoning-Supported Quality Assurance for Knowledge Bases.
year : 2012
author 0 : Nadeschda Nikitina

title : Entwurf und Realisierung eines Blending ASIC f&uuml;r die Echtzeit-Computer-Graphik.
year : 1995
author 0 : Oliver Renz

title : Erfahrungen in der Optimierung von Netzwerkfunktionen nach Gauss und Tschebyscheff.
year : 1982
author 0 : Horst-J&uuml;rgen Fischer

title : Ein Beitrag zur Beschreibung und Implementierung paralleler Abl&auml;ufe in Steuerungssystemen.
year : 1982
author 0 : Stephan Fensch

title : Design and analysis of a content-based image retrieval system.
year : 2017
author 0 : Pilar Hern&aacute;ndez Mesa

title : Dimensionsanalysen als Mittel zur texturalen Klassifikation digitaler Bilder.
year : 1996
author 0 : Josef Kauer

title : Black-Box Test Case Selection and Prioritization for Software Variants and Versions.
year : 2017
author 0 : Remo Lachmann

title : Representations and optimizations for embedded parallel dataflow languages.
year : 2019
author 0 : Alexander Alexandrov 0001

title : Spectrum sensing in cognitive radio.
year : 2016
author 0 : Andreas Bollig

title : Werkstattsteuerung mit genetischen Algorithmen und simulativer Bewertung.
year : 1995
author 0 : J&ouml;rg Schulte

title : Capturing parallel performance dynamics.
year : 2012
author 0 : Zolt&aacute;n P&eacute;ter Szebenyi

title : Rechnerische Optimierung ausgew&auml;hlter Parameter von Pkw-Karosseriestrukturen.
year : 1984
author 0 : Reiner Brasche

title : Anwendung des synergetischen Computers auf die Erkennung mimischer Ausdr&uuml;cke.
year : 1999
author 0 : Robert H&ouml;nlinger

title : Die sprungerhaltende Gl&auml;ttung verrauschter, harmonischer Schwingungen.
year : 1997
author 0 : Eva M&uuml;hlhaus

title : Inzidenz und Pr&auml;diktion computergest&uuml;tzt-detektierter intraoperativer kardiovaskul&auml;rer Ereignisse bei nicht-kardiochirurgischen Eingriffen.
year : 2003
author 0 : Rainer R&ouml;hrig

title : PL, ADT: ein System zur Verwendung algebraisch spezifizierter abstrakter Datentypen in PL, I [eins].
year : 1981
author 0 : Franz Lichtenberger

title : Automatische Sprechererkennung auf der Grundlage von Ganzworten.
year : 1984
author 0 : Detlef Helling

title : TSN-MIC - Message Integrity for Time-Sensitive Switched Ethernet Networks.
year : 2021
author 0 : Venesa Watson

title : Architekturabh&auml;ngige Partitionierung von Datenflu&szlig;graphen.
year : 1997
author 0 : Jens Martin Beck

title : Energie-effiziente Systemarchitekturen f&uuml;r sicherheitskritische eingebettete Ger&auml;te.
year : 2014
author 0 : Felix Bruns

title : Digitale Bildverarbeitung von grossr&auml;umigen Satellitenbild-Verb&auml;nden: Mosaikbildung, multitemporale Analyse und Klassifizierung.
year : 1994
author 0 : Christian Bauer 0013

title : Combined assessment of interconnect and equalization in data links on multilayer printed circuit boards.
year : 2019
author 0 : Torsten Reuschel

title : Partner datenverarbeitender Services.
year : 2015
author 0 : Christoph Wagner 0001

title : Online-Visualisierung und interaktive Steuerung paralleler und verteilter technisch-wissenschaftlicher Anwendungen in heterogenen Umgebungen.
year : 2000
author 0 : Sabine Rathmayer

title : Die Struktur des Weltnickelmarktes: quantitative Gesetzm&auml;ssigkeiten u. Prognose m&ouml;gl. Entwicklungen bis 1990.
year : 1983
author 0 : Winfried Marquardt

title : Suchraumoptimierung mit gewichteten endlichen Automaten in der akustischen Mustererkennung.
year : 2014
author 0 : Frank Duckhorn

title : A platform-independent domain-specific modeling language for multiagent systems.
year : 2013
author 0 : Christian Steven Hahn

title : Leistungsbewertung von Transaktionssystemen mit analytischen Methoden: unter besonderer Ber&uuml;cksichtigung des Synchronisationsmechanismus in der Datenbank.
year : 1992
author 0 : Walter Krasser

title : Analysing differential and tumour-associated splicing using RNA sequencing data / presented by Diplom-Informatiker Moritz Aschoff".
year : 2014
author 0 : Moritz Aschoff

title : Shape mining: knowledge extraction from engineering design data.
year : 2014
author 0 : Lars Gr&auml;ning

title : Adapting Semantic Web Information Retrieval to Multimedia.
year : 2020
author 0 : Thomas Kurz

title : Der verteilte Fahrerinteraktionsraum.
year : 2013
author 0 : Ronald Ecker

title : TWIST: ein Computerprogramm zur Strainberechnung aus Calcit-Zwillingsdaten und seine Anwendung in der Deformationsanalyse des alpinen Vorlandes.
year : 1996
author 0 : J&ouml;rg Pf&auml;nder

title : Verteilte Steuerung von kooperativen autonomen mobilen Robotern f&uuml;r Transportaufgaben.
year : 1996
author 0 : Sheng Li 0014

title : Entwicklung und Einsatz eines arbeitsplatzbezogenen Informationsrecherchesystems (AP-IRS) f&uuml;r die wissenschaftlich-technische Information unter den Bedingungen neuer Informations- und Kommunikationstechnologien auf Basis der Mikrorechentechnik.
year : 1990
author 0 : Gerhard Jacob
author 1 : Klaus J&auml;nsch

title : Der Gebrauch &auml;quifunktionaler Komponenten des modernen Hocharabisch: eine computergest&uuml;tzte Oberfl&auml;chenanalyse.
year : 1994
author 0 : Reinhard Schreyer

title : Darstellung und Verarbeitung h&ouml;herdimensionaler Signale mit Hilfe von Schnittbildsequenzen.
year : 1986
author 0 : Richard Bamler

title : Robust automatic speech recognition and modeling of auditory discrimination experiments with auditory spectro-temporal features.
year : 2016
author 0 : Marc Ren&eacute; Sch&auml;dler

title : Ein einfaches Computersystem zur Aufarbeitung von H&uuml;ftsonographiebefunden.
year : 1989
author 0 : Hubert Bruckmayer

title : Clusterverfahren zur datenbasierten Generierung interpretierbarer Regeln unter Verwendung lokaler Entscheidungskriterien.
year : 2003
author 0 : Lars Haendel

title : Beitr&auml;ge zur Verkettung von Trellis- und Faltungscodes.
year : 1993
author 0 : Jens Krause

title : Konzept zur Generierung von Steuerungscode f&uuml;r Fertigungsanlagen unter Verwendung wissensbasierter Methoden.
year : 2013
author 0 : Knut G&uuml;ttel

title : Improvement of the jpHMM approach to recombination detection in viral genomes and its application to HIV and HBV.
year : 2011
author 0 : Anne-Kathrin Schultz

title : Systematische Spezifikation von Echtzeiteigenschaften: die Punkt-Intervall Logik und ihre Anwendung.
year : 1999
author 0 : Frank Lattemann

title : Proximity queries with applications in computational surgery and manipulation planning = Abstandsanfragen und ihre Anwendung in der computergest&uuml;tzten Chirurgie und der Manipulationsplanung.
year : 2011
author 0 : Marc Gi&szlig;ler

title : Audio-Visual Event Recognition with Graphical Models.
year : 2011
author 0 : Benedikt H&ouml;rnler

title : Rechnergesteuerte Auswertung in der D&uuml;nnschichtchromatographie mit Photodiodenarray-Scanner.
year : 1987
author 0 : Wolfgang Wuthe

title : Analysis and Design of Modern Coding Schemes for Unequal Error Protection and Joint Source-Channel Coding.
year : 2012
author 0 : Humberto Vasconcelos Beltr&atilde;o Neto

title : Leistungsanalyse eines Rechensystems mit ausgelagertem Betriebssystem.
year : 1989
author 0 : Detlef Strehmel

title : Modellierung eines Datenbank-Prozessorsystems und Simulationsuntersuchungen des Antwortzeit- und Leistungsverhaltens als Grundlage f&uuml;r die Systemdimensionierung.
year : 1984
author 0 : Dagmar Heide

title : Efficient query distribution and positioning in public sensing systems.
year : 2015
author 0 : Patrick Baier

title : Eine &ouml;konometrische Analyse der Inzidenz der K&ouml;rperschaftsteuer.
year : 1981
author 0 : Joachim Zietz

title : BWT tunneling.
year : 2021
author 0 : Uwe Baier

title : Kooperative Gestaltung in partizipativen Softwareprojekten.
year : 1992
author 0 : Fanny-Michaela Reisin

title : Produktintegrierte Diagnose komplexer mobiler Systeme.
year : 1999
author 0 : Andreas Heinzelmann

title : Equalization and decoding - a continuous-time dynamical approach.
year : 2014
author 0 : Mohamad Mostafa

title : Entwicklung und Validierung eines Gesamtsystems zur Verkehrserfassung basierend auf Luftbildsequenzen.
year : 2012
author 0 : Karsten Kozempel

title : Firms in open source software development: managing innovation beyond firm boundaries.
year : 2012
author 0 : Mario Schaarschmidt

title : Systematische Analyse der digitalen Fehlersimulation als Grundlage f&uuml;r die Entwicklung effizienter Parallelisierungsans&auml;tze.
year : 1994
author 0 : Frank M&uuml;ller 0003

title : Automatische &Uuml;berlagerung medizinischer Bilddatens&auml;tze.
year : 1997
author 0 : Peter Pokrandt

title : Usability-Engineering: Organisation der Kreativit&auml;t im EDV-Projektmanagement ; Software-Ergonomie in der Praxis.
year : 1992
author 0 : James P. Pfl&uuml;ger

title : Load management techniques in distributed heterogeneous systems.
year : 1998
author 0 : Christian R&ouml;der

title : A security architecture for e-science grid computing.
year : 2014
author 0 : Steffen Schreiner

title : Kommunikationsstrategien im Systemgesch&auml;ft: die Vermarktung von CIM-Systemen.
year : 1995
author 0 : Holger Bergmann

title : Beitrag zur Integration wissensbasierter Software-Komponenten in CAD/CAP-Systeme, dargestellt am Beispiel eines Methodenbank- und Beratungssystems f&uuml;r mathematisch-statistische Verfahren.
year : 1992
author 0 : Gunter Thomas

title : Model Transformation Languages with Modular Information Hiding.
year : 2015
author 0 : Andreas Rentschler

title : Der Funktionsplan als graphische Eingabefachsprache: Beitrag zur rechnergest&uuml;tzten Projektierung und Programmierung speicherprogrammierbarer industrieller Steuerungen.
year : 1986
author 0 : Konrad Simon

title : Syntax oriented coding: a data compression scheme for syntactically structured sources.
year : 2000
author 0 : Changsong Xie

title : Moving objects with multiple transportation modes.
year : 2012
author 0 : Jianqiu Xu

title : Hardwareoptimierte Verfahren f&uuml;r realzeitf&auml;hige Bilderkennungssysteme: L&ouml;sungsstrategien und Entwicklung von Ans&auml;tzen f&uuml;r spezielle Problemstellungen.
year : 2003
author 0 : J&ouml;rg Velten

title : Identit&eacute; sociale et &eacute;volution: &eacute;l&eacute;ments d'une th&eacute;orie des processus adaptatifs.
year : 1985
author 0 : Friedrich Valjavec

title : The power of frequency hopping and information dissemination in constrained communication models.
year : 2015
author 0 : Sebastian Daum

title : Datenerfassung f&uuml;r die Anwendung lernender Algorithmen bei der Herstellung von Blechformteilen.
year : 2020
author 0 : Stephan Purr

title : Deduktive Datenbanken im Mehrbenutzerbetrieb.
year : 1989
author 0 : Ulf Schreier

title : A software framework for GPU-based geo-temporal visualization techniques.
year : 2018
author 0 : Stefan Buschmann

title : CEPROL, eine zellulare Programmiersprache.
year : 1985
author 0 : Friedhelm Seutter

title : Computer-based visualizing: learning from science texts by means of self-generated computer-based drawings.
year : 2019
author 0 : Luisa Lorenz

title : Vorschl&auml;ge f&uuml;r die rechnergest&uuml;tzte Steuerung von Elektroenergie-Verteilungsanlagen.
year : 1986
author 0 : Karl-Heinz P&ouml;ppel

title : Knowledge-Management in der Radiologie: Konzept, Implementation und Evaluation eines Intranet-basierten Lehrarchivs.
year : 2003
author 0 : Christoph Trumm

title : &Uuml;ber die Wahrscheinlichkeit der Maskierung bestimmter Fehler beim Schaltkreistest durch Signaturanalyse.
year : 1989
author 0 : J&uuml;rgen Doenhardt

title : Zur effizienten Hardware-Umsetzung rekurrenter neuronaler Netzwerke unter Einsatz von Methoden der Optimalquantisierung.
year : 1999
author 0 : Harald W&uuml;st

title : Einsatz von Lasttransformationen und ihren Invertierungen zur realit&auml;tsnahen Lastmodellierung in Rechnernetzen.
year : 2011
author 0 : Stephan Heckm&uuml;ller

title : Rechtsvergleichende Analyse zu den M&ouml;glichkeiten des rechtlichen Schutzes von Computersoftware in ausgew&auml;hlten kapitalistischen Industriel&auml;ndern unter dem Aspekt des Exportes immaterieller G&uuml;ter: untersucht am Recht der BRD, &Ouml;sterreichs, Frankreichs, Japans und der USA unter Einbeziehung der Regelungen des Europ&auml;ischen Patent&uuml;bereinkommens und des Richtlinienvorschlags der EG-Kommission &uuml;ber den Urheberrechtsschutz von Computerprogrammen.
year : 1990
author 0 : Egbert Schauer

title : Parametersch&auml;tzungen im Regressionsmodell mit Fehlern in den Variablen, Monte-Carlo-Simulation.
year : 1987
author 0 : Horst Witschel

title : Probleme der Realisierung von Rechnerarchitekturen mit Gate-Array-Schaltkreisen.
year : 1987
author 0 : Helmut Sch&ouml;nyan

title : Schema-Evolution in objekt-orientierten Datenbanksystemen.
year : 1996
author 0 : Gabriele H&ouml;fling

title : Verwaltung von zeitbezogenen Daten und Sensordatenstr&ouml;men.
year : 2014
author 0 : Nicola H&ouml;nle

title : Ein Beitrag zur Str&ouml;mungsberechnung in Rohrnetzwerken: Bericht aus d. Inst. f&uuml;r Techn. W&auml;rmelehre d. Techn. Univ. Wien.
year : 1982
author 0 : Peter Nowotny

title : Approaching the problem of access control in distributed, heterogeneous and autonomous information systems.
year : 1995
author 0 : Burkhard Lau

title : EDV-gest&uuml;tzte Qualit&auml;tssicherung im Bereich der p&auml;diatrischen Diabetologie.
year : 1997
author 0 : Matthias Grabert

title : Zur Anwendung von Mikrorechnern f&uuml;r die Steuerung von Schwingkreisumrichtern.
year : 1983
author 0 : Rainer Schuhmann

title : System zur wissensbasierten Maschinenbelegungsplanung auf Basis produktspezifischer Auftragsdaten.
year : 2015
author 0 : Florian Geiger

title : Development of the FPGA-based Raw Data Preprocessor for the TPC Readout Upgrade in ALICE.
year : 2019
author 0 : Sebastian Klewin

title : Random center- surround approaches for modeling visual saliency.
year : 2013
author 0 : Tadmeri Narayan Vikram

title : Algorithmen der Sprachverarbeitung zur Entwicklung eines vollsynthetischen Sprachausgabesystems.
year : 1991
author 0 : Gerhard Rigoll

title : Entwurf einer objekt-orientierten Programmiersprache mit statischem Typkonzept und Parallelit&auml;t.
year : 1994
author 0 : J&ouml;rg-Volker M&uuml;ller

title : NEUNET-3: Parallelen in Struktur u. Eigenschaften zwischen e. Assoziativspeichermodell u.d. Zentralnervensystem.
year : 1986
author 0 : Friedrich Dirk Valach

title : Entwurf einer Sprache und die Entwicklung des Compilers zur Analogrechnervorbereitung (AVOR) f&uuml;r die Hybridrechnerfamilie HRA 7000.
year : 1983
author 0 : G&uuml;nter H&uuml;bel
author 1 : Hans-Peter Schr&ouml;der

title : Zur Verwendung graphentheoretischer Verfahren bei nichtlinearen Systemen.
year : 1999
author 0 : Michael Spielmann

title : Modellierungssichten bei der objektorientierten Entwicklung von Automatisierungssystemen.
year : 1996
author 0 : Pablo Darscht

title : Erkennung und Verfolgung von relevanten Objekten zur semantischen Annotierung von dynamischen, monokularen Szenen am Beispiel von Fu&szlig;ball&uuml;bertragungen.
year : 2017
author 0 : Michael Barthel

title : Human Motion Analysis for Efficient Action Recognition.
year : 2015
author 0 : Abdalrahman Eweiwi

title : Applications of Advanced Analytics to the Promotion of Freemium Goods.
year : 2020
author 0 : Julian Runge

title : H&ouml;hen-limitierte Zugriffsb&auml;ume in homogenen und hierarchischen Speichern.
year : 1981
author 0 : Karl-Heinz Certa

title : Specification Languages for Preserving Consistency between Models of Different Languages.
year : 2017
author 0 : Max E. Kramer

title : Konzeption einer computergest&uuml;tzten flexiblen Investitionsprogrammplanung.
year : 1987
author 0 : Reiner Aden

title : Entwurf und Implementierung eines modularen Programmsystems zur Durchf&uuml;hrung statistischer Analysen.
year : 1984
author 0 : Wilhelm Beck

title : Average-case complexity of shortest-paths problems.
year : 2001
author 0 : Volker Priebe

title : Werkzeuge zum Gestalten interaktiver PC-Programme f&uuml;r den Unterricht.
year : 1997
author 0 : Hans Ulrich Gerber

title : Role-based Data Management.
year : 2017
author 0 : Tobias J&auml;kel

title : Synthetic training data for deep neural networks on visual correspondence tasks.
year : 2020
author 0 : Nikolaus Mayer

title : Security and subvertability of modern hardware: a journey through selected layers of hardware security.
year : 2020
author 0 : Max Hoffmann 0001

title : Strategic Decisions and Uncertainties.
year : 2019
author 0 : Daniel Schmand

title : Untersuchungen zur Durchf&uuml;hrbarkeit magnetotellurischer Messungen in der Antarktis unter Benutzung mikroprozessorgesteuerter Datenerfassungssysteme.
year : 1986
author 0 : Volker Liebig

title : Development of computational methods for the analysis of metagenome and metatranscriptome data.
year : 2012
author 0 : Martha Zakrzewski

title : A study on selected Bayesian and Non-Bayesian econometric estimators and model parameterisation in consumer demand analysis in Malawi.
year : 1988
author 0 : Gadson Bryght Mthindi

title : Sch&auml;tzen der Klassenzugeh&ouml;rigkeitswahrscheinlichkeit zur Definition des Arbeitsbereichs von chemieinformatischen Klassifikationsmodellen.
year : 2018
author 0 : Miriam Mathea

title : Efficient &amp; effective image-based localization.
year : 2014
author 0 : Torsten Sattler

title : How firms can strategically influence open source communities: the employment of "men on the inside".
year : 2012
author 0 : Viktor Lee

title : Parametric Procedural Models for 3D Object Retrieval, Classification and Parameterization.
year : 2019
author 0 : Roman Getto

title : Artificial Evolution for the Optimization of Lithographic Process Conditions.
year : 2014
author 0 : Tim F&uuml;hner

title : Minimierungsverfahren und Optimalit&auml;tsbedingungen zweiter Ordnung.
year : 1980
author 0 : Reinhard V&auml;th

title : Analyse eingebetteter Systeme mittels verteilter Simulation.
year : 2001
author 0 : Bj&ouml;rn Briel

title : The architecture of distributed database management systems in public networks.
year : 1983
author 0 : Radu Popescu-Zeletin

title : A preference-based relevance feedback approach for polyrepresentative multimedia retrieval.
year : 2015
author 0 : David Zellh&ouml;fer

title : Leistungsbewertung intelligenter Handover-Verfahren f&uuml;r zellulare Mobilfunksysteme.
year : 1995
author 0 : Martin Junius

title : Energy-efficient context-aware software design for Ambient Assisted Living applications.
year : 2020
author 0 : Daniel Yunge

title : Mining and similarity search in temporal databases.
year : 2013
author 0 : Hardy Kremer

title : Rechnerunterst&uuml;tzte radiometrische Dichtemessung.
year : 1982
author 0 : Horst Dahlmann

title : Ableitung von Einflussfaktoren als Grundlage f&uuml;r die Entwicklung von Technologieszenarien im Rahmen der Prognosephase des Technologiemanagements f&uuml;r den Zeitraum 2005 - 2010.
year : 2003
author 0 : Michael Klaas

title : Analyzing and improving diversification, privacy, and information management on the web.
year : 2019
author 0 : Kaweh Djafari Naini

title : Securing multi-tenant SaaS environments.
year : 2016
author 0 : Eyad Saleh

title : Distanzschutz mit Mikrorechnern: Auswahl und Test von Algorithmen.
year : 1982
author 0 : J&uuml;rgen Schlabbach

title : On Supporting Hierarchical Data in Relational Main-Memory Database Systems.
year : 2016
author 0 : Jan P. Finis

title : Ein Beitrag zur Untersuchung des Einflusses von CAD- bzw. CAD/CAM-Systemen auf Entwicklungstendenzen der Arbeit und innerbetriebliche arbeitsteilige Prozesse in der wissenschaftlich-technischen Produktionvorbereitung: (unter besonderer Ber&uuml;cksichtigung der konstruktiven Bereiche).
year : 1987
author 0 : Heike Mucke

title : Von Datenmanagement zu Data Literacy: Informatikdidaktische Aufarbeitung des Gegenstandsbereichs Daten f&uuml;r den allgemeinbildenden Schulunterricht.
year : 2019
author 0 : Andreas Grillenberger 0001

title : Biomechanische Belastungsgrenzen f&uuml;r Mensch-Maschine-Interaktionen in der kollaborativen Robotik.
year : 2018
author 0 : Roland Behrens

title : Autonomous learning of object behavior concepts and models through robotic interaction.
year : 2016
author 0 : Sergio Roa Ovalle

title : Systematik zur Ordnung mobiler Assistierender Gesundheitstechnologien.
year : 2016
author 0 : Tobias von Bargen

title : Untersuchungen zu allgemeinen Entwurfssystemen.
year : 1995
author 0 : Michael Philipp

title : Description and verification of mobile processes with graph rewriting techniques.
year : 1998
author 0 : Barbara K&ouml;nig 0001

title : Towards A Non-tracking Web.
year : 2016
author 0 : Istemi Ekin Akkus

title : Ein integrierter Ansatz zur Analyse und Bewertung von Gesch&auml;ftsprozessen.
year : 1995
author 0 : Frank Neuscheler

title : Zuordnung von Rechenprozessen in verteilten Mikrocomputer-Systemen.
year : 1983
author 0 : Alexandru Soceanu

title : Minimally invasive navigated liver intervention : ultrasound-guided surgery and ablation validation.
year : 2014
author 0 : Osama Shahin

title : Simulation komplexer Cache-Verb&uuml;nde im World Wide Web.
year : 2002
author 0 : Christian Grimm

title : On the realization of fine grained multithreading in software.
year : 2002
author 0 : Andreas Gr&auml;vinghoff

title : Entwicklung und Anwendung eines mikrocomputergest&uuml;tzten Energieplanungsinstrumentariums f&uuml;r den Einsatz in Entwicklungsl&auml;ndern.
year : 1991
author 0 : Albrecht Reuter

title : Residuenanalyse in Varianzkomponentenmodellen, erl&auml;utert am Beispiel von Ringversuchen.
year : 1988
author 0 : S&ouml;ren Kristiansen

title : Automating Staged Product Derivation for Heterogeneous Multi-Product-Lines.
year : 2012
author 0 : Christoph Elsner

title : Learning Inference Models for Computer Vision.
year : 2017
author 0 : Varun Jampani

title : A method and a tool for the real-time evaluation of fast packet switching systems.
year : 1991
author 0 : Andreas Herkersdorf

title : Modeling Crowdsourcing Platforms - A Use-Case Driven Approach.
year : 2016
author 0 : Matthias Hirth

title : Multi-Klassifikator-Systeme f&uuml;r die Objetdetektion in Bilddaten.
year : 2018
author 0 : Uwe Knauer

title : Computer holography: theory, algorithms and realization.
year : 1995
author 0 : Eryi Zhang

title : Ein hierarchisches Konzept zur Regelung des Verkehrsablaufs auf Schnellstrassen.
year : 1981
author 0 : Markos Papageorgiu

title : Auf Regeln basierende automatische Interpretation von Spektren zur Generierung von Teilstrukturen.
year : 1997
author 0 : Hans Schriber

title : Kommunikationsplanung in busgekoppelten Mehrrechnersystemen.
year : 1999
author 0 : Ralph Geiger-Hilk

title : Die Informationstheorie der bidirektionalen Kommunikation mit kontinuierlichen Signalen.
year : 1984
author 0 : Gunther Hacker

title : Standardisation of online distribution for the travel and tourism services: an exploratory investigation of the influences of unique service characteristics in standardisation of travel agency's operation in e-tourism.
year : 2003
author 0 : Su Chan Ho

title : Assistenzsystem zur Testung und Verbesserung der Lesbarkeit von Gebrauchsinformationen.
year : 2014
author 0 : Fabian Merges

title : Policies in integrated network and systems management: methodologies for the definition, transformation, and application of management policies.
year : 1995
author 0 : Ren&eacute; Wies

title : Authentifikationsvoraussetzungen f&uuml;r effiziente byzantinische &Uuml;bereinstimmung.
year : 1997
author 0 : Malte Borcherding

title : Bewertung und Verbesserung der Netzsicherheit elektrischer Versorgungssysteme mit wissensbasierten Methoden.
year : 1997
author 0 : Michael Z&ouml;llner

title : Das Programmsystem CND zur umfassenden Prim&auml;rdatenversorgung neutronenphysikalischer Berechnungen.
year : 1987
author 0 : Eberhard Mrosk

title : The optical disk project at the Library of Congress: a case study in the use of new technology in a library environment.
year : 1990
author 0 : Ruth W&uuml;st

title : Wiederverwendbare Komponenten f&uuml;r eLearning.
year : 2003
author 0 : Olaf Neumann 0001

title : Das Ding namens Computer: eine kritische Neulekt&uuml;re von Vil&eacute;m Flusser und Mark Weiser.
year : 2012
author 0 : Suzana Alpsancar

title : Spatiotemporal VCSEL model for advanced simulations of optical links.
year : 2003
author 0 : Marc Xavier Jungo

title : Synaptic Learning for Neuromorphic Vision - Processing Address Events with Spiking Neural Networks.
year : 2020
author 0 : Jacques Kaiser

title : Parametrisierungs- und Lokalisierungstechniken in der Spline-Oberfl&auml;chenapproximation.
year : 1997
author 0 : Alexander Zimmermann 0002

title : Autonome mobile Systeme: Simulation als Werkzeug zum Entwurf und zur Optimierung.
year : 1997
author 0 : Rainer Trieb

title : Ein Beitrag zum modellgest&uuml;tzten Entwurf anwendungsspezifischer, verteilter Hardware-, Softwaresysteme.
year : 1998
author 0 : Viktor Grinewitschus

title : Behavioral service substitution: analysis and synthesis.
year : 2013
author 0 : Jarungjit Parnjai

title : Neuronale Zeitverz&ouml;gerungsnetzwerke f&uuml;r die Bildsequenzanalyse und ihre Anwendung in fahrzeuggebundenen Bildverarbeitungssystemen.
year : 2000
author 0 : Christian W&ouml;hler

title : A type-theory for higher-order amortized analysis.
year : 2020
author 0 : Vineet Rajani

title : Entwurf eines rechnergest&uuml;tzten Systems zur Projektierung der Baustelleneinrichtung: ein Beitrag zur Anwendung der Informatik in der bautechnologischen Produktionsvorbereitung.
year : 1989
author 0 : Bernd Reichelt

title : Modeling and Analysis of Automotive Cyber-physical Systems: Formal Approaches to Latency Analysis in Practice.
year : 2021
author 0 : Max J. Friese

title : Virtualizing physical space.
year : 2021
author 0 : Sebastian Marwecki

title : Effiziente Algorithmen f&uuml;r relationale Datenbanksysteme mit Rekursion.
year : 1986
author 0 : Johannes Heigert

title : Videotex - zivilrechtliche Aspekte.
year : 1988
author 0 : Katrin Atia-Off

title : Die minimale Gr&ouml;sse von zuf&auml;lligen Automaten.
year : 1994
author 0 : Gregor Fritz

title : Categorizations of Product-related Requirements in Practice: Observations and Improvements.
year : 2017
author 0 : Jonas Eckhardt

title : Datenbankf&auml;hige Client-Server-Anwendungen: Generierung aus OOA-Modellen.
year : 2000
author 0 : Christoph Niemann

title : Flowshop Scheduling mit parallelen genetischen Algorithmen: eine problemorientierte Analyse genetischer Suchstrategien.
year : 1993
author 0 : Christian Bierwirth

title : Anomaly detection as a one-class problem in discrete event systems.
year : 2017
author 0 : Timo Klerx

title : Klassifikationen, Konzepte und Modelle f&uuml;r den Mensch-Rechner-Dialog.
year : 1987
author 0 : Axel Viereck

title : Text-image synergy for multimodal retrieval and annotation.
year : 2021
author 0 : Sreyasi Nag Chowdhury

title : Rechnergest&uuml;tzter Entwurf der Mensch-Anlagen-Kommunikation als T&auml;tigkeitsbereich in der Softwareprojektierung von Bin&auml;rsteuerungen.
year : 1990
author 0 : Joachim Wicke

title : Text-Suffix-Fragment-Features: Eine neue Textrepr&auml;sentation f&uuml;r das Klassifizieren und Clustern nat&uuml;rlichsprachlicher Texte.
year : 2013
author 0 : Julia Salmen

title : Quality of transaction.
year : 2017
author 0 : Matthias Kaschub

title : Ein Simulationsmodell f&uuml;r die Elektrizit&auml;tswirtschaft und seine Anwendung bei regionalorientierten Planungsfragen.
year : 1983
author 0 : Heinz Weible

title : PolyVR - A Virtual Reality Authoring Framework for Engineering Applications.
year : 2019
author 0 : Victor H&auml;fner

title : Ein Beitrag zur Realisierung des Dialogbetriebs in gekoppelten Rechnersystemen.
year : 1988
author 0 : Hassan Al-Ahmad

title : Programmierkonzepte und Lastverteilungsstrategien f&uuml;r heterogene Parallelrechnersysteme.
year : 1999
author 0 : J&ouml;rg Henrichs

title : Leistungsbewertung und Entwurf von Transportsystemen in vernetzten Rechnern.
year : 1994
author 0 : Andreas Sasse

title : Searching business process models by example.
year : 2013
author 0 : Matthias Kunze 0001

title : Entwurfsbegleitende Leistungsanalyse f&uuml;r SDL-basiertes Design multimedialer Internet-Transportsysteme.
year : 2000
author 0 : J&ouml;rg Hintelmann

title : From Space to Place: A Computational Model of Functional Place.
year : 2016
author 0 : David Jonietz

title : Similarities and Representations of Graph Structures.
year : 2021
author 0 : Anton Tsitsulin

title : Standardisierung von Sprachmustern durch vokabular-invariante Abbildungen zur Anpassung an Spracherkennungssysteme.
year : 1990
author 0 : Fritz Class

title : Power, Energy, and Thermal Management for Clustered Manycores.
year : 2016
author 0 : Santiago Pagani

title : Cognitive architecture of multimodal multidimensional dialogue management.
year : 2019
author 0 : Andrei Malchanau

title : Anforderungen und Gestaltungskriterien bei der Entwicklung von Benutzerschnittstellen f&uuml;r Expertensysteme.
year : 1991
author 0 : Volker Steinhoff

title : Psychoakustische Verifikation von Computermodellen zur binauralen Raumsimulation.
year : 1993
author 0 : Wulf Pompetzki

title : Beitrag zur formalen Beschreibung von Objekterkennungsaufgaben unter dem Aspekt einer programmtechnischen Realisierung der Erkennungsalgorithmen.
year : 1980
author 0 : Ulrich Dietzsch

title : Image manipulation against learned models: privacy and security implications.
year : 2018
author 0 : Seong Joon Oh

title : Unsupervised learning in a generalized regression framework.
year : 2000
author 0 : Peter Meinicke

title : Expertensystem zur Beurteilung von Werbestrategien.
year : 1995
author 0 : Thomas Levermann

title : Reconstruction and Visualization of Neuronal Pathways with Applications in Neuroscience.
year : 2014
author 0 : Diana R&ouml;ttger

title : Intellektuelles Eigentum im Zeitalter von Digitalisierung und Internet: eine &ouml;konomische Analyse von Missbrauchskalk&uuml;len und Schutzstrategien.
year : 2003
author 0 : Jan Hachenberger

title : Eine Methodik f&uuml;r die formale Anforderungsspezifikation verteilter Systeme.
year : 1991
author 0 : Rainer Weber

title : Nutzung von Arbeitspl&auml;tzen in der automatisierten Produktion f&uuml;r die Bildung in der allgemeinbildenden Schule.
year : 1991
author 0 : Thomas Bergt

title : Mehrgittermethoden und Reduktionsverfahren f&uuml;r indefinite elliptische Randwertaufgaben.
year : 1983
author 0 : Heinz-Josef Thiebes

title : Ein Modell zum Konzept Klarheit gewinnen und dessen Ursachen und Auswirkungen auf die Zusammenarbeit in selbstorganisierten Softwareentwicklungsteams.
year : 2020
author 0 : Helena Barke

title : Connecting Vehicles to the Internet - Strategic Data Transmission for Mobile Nodes using Heterogeneous Wireless Networks.
year : 2017
author 0 : Tobias R&uuml;ckelt

title : Programming by configuration in service robotics.
year : 2016
author 0 : Henning Kampe

title : Rechnergest&uuml;tztes Beweisen in heterogenen Relationenalgebren.
year : 1998
author 0 : Claudia Hattensperger

title : Design and Control of Shape Rendering Interfaces.
year : 2014
author 0 : Stefan Klare

title : Rule Learning: From Local Patterns to Global Models.
year : 2019
author 0 : Jan-Nikolas Sulzmann

title : Psychophysiologische Bewertung der Prozesssteuerung in Abh&auml;ngigkeit von der Informationsdarstellung und der Trainingsart bei einer komplexen simulierten Wartent&auml;tigkeit.
year : 1987
author 0 : Petra Grunert

title : Micro-ISIS: Aufbau einer Datenbank f&uuml;r Personalcomputer zur Ph&auml;notypdiagnostik ; Vergleich und Erfahrungen mit den international eingef&uuml;hrten Programmen LDDB (London Dysmorphology Database) und POSSUM (Pictures of Standard Syndromes and Undiagnosed Malformations) in der humangenetischen Familienberatung.
year : 1992
author 0 : Evelin Schr&ouml;ck

title : Ein Verfahren zur linearen Optimierung.
year : 1985
author 0 : Friedrich-Wilhelm Demmer

title : Rechnerische und experimentelle Untersuchungen zum Nachwalzen von Stahlband.
year : 1981
author 0 : Axel Maag

title : A microservice architecture for the processing of large geospatial data in the Cloud.
year : 2018
author 0 : Michel Kr&auml;mer

title : Beitr&auml;ge zur Theorie und Praxis der Programmtestung.
year : 1981
author 0 : Werner Seeling

title : Automatic distribution of object oriented programs.
year : 2002
author 0 : Andr&eacute; Spiegel

title : Selbstorganisation funktioneller Strukturen im prim&auml;ren visuellen Kortex: ein neuronales Netzwerk als Modell aktivit&auml;tsabh&auml;ngiger Reifungsprozesse.
year : 1994
author 0 : Martin Stetter

title : Einsatz neuzeitlicher Regelalgorithmen bei W&auml;rmebehandlungs&ouml;fen.
year : 1986
author 0 : Wilfried Tautz

title : Synthesis of online diagnostic techniques for embedded systems.
year : 2013
author 0 : Dominik Sojer

title : Sammlung und Nutzung freier Ressourcen in Weitverkehrsnetzen.
year : 2000
author 0 : Michael May 0003

title : AI-Supported Interactive Segmentation of 3D Volumes.
year : 2021
author 0 : Thomas Lang

title : Analysis and optimization of kanban-controlled production lines.
year : 1995
author 0 : Markus Ettl

title : Modeling and optimizing the evacuation of hospitals based on the RCPSP with resource transfers.
year : 2014
author 0 : Jens Poppenborg

title : Zum Entwurf von Steuerungen f&uuml;r komplexe Transportprozesse.
year : 1983
author 0 : Michael Bruns

title : Mathematische Modellierung eines Raumes zur Nutzung in einem dynamischen cyber-physischen System.
year : 2017
author 0 : Jan Papadoudis

title : Planung und Programmierung eines klinischen Datenerhebungs- und Verarbeitungsprogramms f&uuml;r die Universit&auml;tsaugenklinik D&uuml;sseldorf.
year : 1993
author 0 : Thomas Laube

title : Technologien f&uuml;r eine zustandsbasierte Suche im Internet der Dinge.
year : 2014
author 0 : Richard Mietz

title : Computational aeroacoustics with a high order discontinuous Galerkin scheme.
year : 2013
author 0 : Andreas Birkefeld

title : Gesundheitssport f&uuml;r Kinder - Entwicklung und Darstellung eines praktisch-orientierten Computerprogramms f&uuml;r den Schulsport auf der Grundlage theoretisch-konzeptioneller Ans&auml;tze.
year : 1998
author 0 : Jens Kruse 0001

title : Multiview reconstruction for 3D Images from light sheet based fluorescence microscopy = Rekonstruktion f&uuml;r 3D Aufnahmen von lichtschichtbasierter Fluoreszenzmikroskopie.
year : 2012
author 0 : Maja Temerinac-Ott

title : Das formale Assoziations-Inferenz-Modell konzeptioneller Schemata mit Design-Methodik, Wissensrepr&auml;sentation und Generierung interner Schemata: FAIM.
year : 1984
author 0 : Doris E. Altenkr&uuml;ger

title : Towards Principled Dynamic Analysis on Android.
year : 2020
author 0 : Oliver Schranz

title : Randomized allocation of independent tasks.
year : 2000
author 0 : Petra Berenbrink

title : Die mathematische Formulierung der Entwicklung von Durchmesserverteilungen gleichaltriger Reinbest&auml;nde.
year : 1982
author 0 : Vu Tien Hinh

title : Full semantics preservation in model transformation.
year : 2011
author 0 : Maria Semenyak

title : Sensor-supported unsupervised observation techniques for filed studies.
year : 2015
author 0 : Benjamin Poppinga

title : Low-latency big data visualisation.
year : 2019
author 0 : Nicholas Tan Jerome

title : Ergebnisse und Bewertungen computererfasster Funktionsstaten der Poliklinik f&uuml;r zahn&auml;rztliche Prothetik.
year : 1994
author 0 : Helmut Dietrich 0001

title : Pharmakokinetik: lineare Modelle, Rechenmethoden, Auswerteverfahren.
year : 1982
author 0 : Ernst Glaser

title : On lightweight analysis of UML and OCL models.
year : 2020
author 0 : Mirco Kuhlmann

title : Horn clause specifications with polymorphic types.
year : 1988
author 0 : Michael Hanus

title : Exploiting spatial correlations for efficient communication and deployment optimisation in wireless sensor networks.
year : 2011
author 0 : Frank Oldewurtel

title : The neural coding of properties shared by faces, bodies and objects.
year : 2020
author 0 : Celia Foster

title : Graphendarstellung zum Entwurf digitaler Systeme mit Parallel- und Fliessbandorganisation.
year : 1994
author 0 : Thinh-Ninh Duc

title : Ball Tracking and Action Recognition of Soccer Players in TV Broadcast Videos.
year : 2014
author 0 : Murat Durus

title : Issues in epistemic and modal logics and their applications.
year : 1991
author 0 : Cezar A. Mortari

title : Integration und Analyse von Artefakten in der modellbasierten Entwicklung eingebetteter Software.
year : 2014
author 0 : Daniel Merschen

title : E-Mail in der Psychotherapie: Entwicklung und Evaluation eines E-Mail-basierten Nachsorgeprogramms f&uuml;r die station&auml;re Psychotherapie.
year : 2014
author 0 : Markus Wolf 0002

title : Der Entwurf von rechnerunterst&uuml;tzten Produktionsplanungs- und Steuerungssystemen im Maschinenbau.
year : 1989
author 0 : Lothar Kettmann

title : Modes of operation for Compressed Sensing based encryption.
year : 2017
author 0 : Robin Fay

title : Spatiotemporal Pattern Queries.
year : 2012
author 0 : Mahmoud Attia Sakr

title : Einsatzm&ouml;glichkeiten der Fuzzy-Set-Theorie zur Modellierung von Unsch&auml;rfe in Unternehmensplanspielen.
year : 1999
author 0 : Martin Tietze

title : xc - die UIL f&uuml;r das X-window-System.
year : 1993
author 0 : Hans-Peter Bischof

title : Mikromagnetische Rechnungen an isolierten und eingebetteten Strukturen.
year : 1997
author 0 : Klaus Ramst&ouml;ck

title : Ein Arbeitsmarktmodell als integraler Bestandteil eines Informationssystems f&uuml;r die r&auml;umliche Planung.
year : 1982
author 0 : Claus Seeger

title : Secure and Efficient IP Mobility Support for Aeronautical Communications.
year : 2013
author 0 : Christian Bauer 0002

title : Bildsegmentation durch Texturanalyse.
year : 1983
author 0 : Wolf-Ekkehard Blanz

title : Untersuchungen zur Genauigkeit geometrischer Methoden in CAD-Systemen.
year : 1988
author 0 : Monika Lutz

title : Computerunterst&uuml;tzte On-line-Analyse isch&auml;mischer ST-T-Streckenver&auml;nderungen bei instabiler Angina pectoris.
year : 1995
author 0 : Leo Packbier

title : Entwicklung eines Modellierungsprogramms und Grundlagen eines Expertensystems f&uuml;r eine W&auml;rmepumpenspeicheranlage.
year : 1987
author 0 : G&uuml;nter Horn

title : Pattern recognition algorithms for gait analysis with application to affective computing.
year : 2012
author 0 : Michelle E. Karg

title : Eine Methode zur Konstruktion und &Uuml;berpr&uuml;fung sicherheitsrelevanter Automatisierungssoftware.
year : 1985
author 0 : Karl-Heinz Kapp

title : Befehlsanordnung f&uuml;r superskalare Prozessoren.
year : 1997
author 0 : Sebastian Schmidt 0003

title : Choiceless computation and logic.
year : 2019
author 0 : Svenja Schalth&ouml;fer

title : Analytische Untersuchung und Modellentwicklung von zeitkontinuierlichen Sigma-Delta-Wandlern
year : 2019
author 0 : Christoph Zorn

title : Achieving Collaboration In Distributed Systems Deployed Over Selfish Peers - An Illustrative Case Study With Publish/Subscribe.
year : 2013
author 0 : Tobias Ren&eacute; Mayer

title : Entwicklung eines rechnergest&uuml;tzten Planungsinstruments zur Auswahl von Ladungssicherungsmassnahmen f&uuml;r den Strasseng&uuml;terverkehr.
year : 1992
author 0 : Hans-Hermann Hermann

title : Concepts and Algorithms to Increase the Efficiency and Reliability of Reconfigurable Computers.
year : 2013
author 0 : Josef Angermeier

title : Combining formal model-based system-level design with SystemC transaction level modeling.
year : 2012
author 0 : Jens Gladigau

title : Verlaufskontrolle bei organerhaltenden plastischen Eingriffen an den Harnwegen bei Kindern mittels elektronischer Datenverarbeitung.
year : 1976
author 0 : Brigitte Bauer

title : Self-Organization of Spiking Neural Networks for Visual Object Recognition.
year : 2020
author 0 : Frank Michler

title : Modulares Simulationsmodell f&uuml;r die Abl&auml;ufe in verketteten Fertigungszellen mit Industrierobotern.
year : 1988
author 0 : Kum-Hoan Kuk

title : Real-Time Spatial Optimization: Based on the Application in Wood Supply Chain Management.
year : 2011
author 0 : Johannes Scholz

title : Integrierte Kommunikationssysteme im Investitionsg&uuml;termarketing: empiriegest&uuml;tzte Entwicklung eines organisationalen und funktionalen Modells zur Entscheidungsunterst&uuml;tzung.
year : 1989
author 0 : Volker Flegel

title : Entwurf und Realisierung der digitalen Signalverarbeitung in einer mikrorechnergesteuerten Anlage zur hydroakustischen Sedimentortung im Flachwasser.
year : 1991
author 0 : Wolf-Dieter Heinitz

title : Learning from Noisy Data in Statistical Machine Translation.
year : 2017
author 0 : Mohammed Mediani

title : Qualitative Spatial Reasoning about Relative Orientation - A Question of Consistency.
year : 2012
author 0 : Dominik L&uuml;cke

title : Hamiltonsche Graphen, notwendige Bedingungen und Algorithmen.
year : 1984
author 0 : J&uuml;rgen Peem&ouml;ller

title : Application-driven Advances in Multi-biometric Fusion.
year : 2018
author 0 : Naser Damer

title : Underwater image restoration: super-resolution and deblurring via sparse representation and denoising by means of marine snow removal.
year : 2017
author 0 : Fahimeh Farhadifard

title : Ein abstrakter Implementierungsbegriff f&uuml;r die Spezifikationssprache OBSCURE.
year : 1990
author 0 : Thomas Lehmann 0004

title : Untersuchungen zur Gunn-Elektronik unter besonderer Ber&uuml;cksichtigung der numerischen Analyse.
year : 1977
author 0 : Rainer G&ouml;tze 0002
author 1 : Ren&eacute; Sch&uuml;ffny

title : Towards implicit parallel programming for systems.
year : 2019
author 0 : Sebastian Ertel

title : Regelung biotechnologischer Chargenprozesse mittels unscharfer Logik.
year : 1997
author 0 : Ulrich Hege

title : Design neuronaler Netze mit der Evolutionsstrategie.
year : 1997
author 0 : Uwe Utecht

title : Beitrag zur Optimierung von Kommissionierfahrten in Hochregallagergassen mittels neuronaler Netze.
year : 1991
author 0 : Germar Sch&auml;fer

title : Parameterraumoptimierung f&uuml;r Diktiersysteme mit unbeschr&auml;nktem Vokabular.
year : 1998
author 0 : Ivica Rogina

title : From Correlation to Causality: Does Network Information improve Cancer Outcome Prediction?
year : 2014
author 0 : Janine Roy

title : Beitrag zur Berechnung der Schnittmomente von Platten unter Ber&uuml;cksichtigung des Einflusses rechteckiger &Ouml;ffnungen: theoret. u. modellstat. Unters. f&uuml;r d. vierseitig frei drehbaren Lagerungsfall.
year : 1979
author 0 : Martin Brose

title : Einflu&szlig; verschiedener Borstenanordnungen manueller Zahnb&uuml;rsten auf die Plaqueelimination: klinische Untersuchung mit Hilfe einer intraoralen Kamera und computergest&uuml;tzter Bildanalyse.
year : 1999
author 0 : Christine Bettina Staudt

title : Iterierte Funktionen, Sprachen und Fraktale.
year : 1994
author 0 : Henning Fernau

title : Ein Intraframe-Multiplex-Datenreduktionsverfahren mit blockweiser Priorit&auml;tszuteilung.
year : 1981
author 0 : Hans Rauch

title : Softwaresystem zur Planungsunterst&uuml;tzung im Strassenbr&uuml;ckenbau.
year : 2018
author 0 : Michael Dimmer

title : RFID-basierte Navigation f&uuml;r autonome Fahrzeuge.
year : 2012
author 0 : Arne Bosien

title : Mikroservicearchitektur-basierte CFD-Simulation von Ph&auml;nomenen Dynamischer Systeme am Beispiel moderner Bergbaubewetterung.
year : 2021
author 0 : Alexey Cheptsov

title : A Unified Infrastructure for Monitoring and Tuning the Energy Efficiency of HPC Applications.
year : 2017
author 0 : Robert Sch&ouml;ne

title : Stochastische Bewertung von Aufgabenstrukturen f&uuml;r hierarchische Mehrrechnersysteme.
year : 1982
author 0 : Wolfgang Klein&ouml;der

title : Vorgezogene Auswertung: eine Transformationstechnik f&uuml;r partielle Auswertung.
year : 1993
author 0 : Andreas Mischnick

title : Evaluation zweier Smartphone-Anwendungen zur Beurteilung des Alters und der Attraktivit&auml;t: eine Pilotstudie.
year : 2014
author 0 : Leonie Kristin Schaible

title : Learning with graphs: kernel and neural approaches.
year : 2019
author 0 : Christopher Morris 0001

title : Untersuchungen zur rechnergest&uuml;tzten Dechiffrierung von Daten der Fernerkundung der Erde.
year : 1985
author 0 : Gerhard Schilbach

title : The role of scale for image description and image query: an application to remote sensing images.
year : 2000
author 0 : Hubert Rehrauer

title : Der K&ouml;rper auf Tauchstation: zu einer Wissensgeschichte der Immersion.
year : 2019
author 0 : Dawid Kasprowicz

title : &Uuml;ber Eingabeabh&auml;ngigkeit und Komplexit&auml;t von Inferenzstrategien.
year : 1984
author 0 : Gisela Sch&auml;fer-Richter

title : Simultane gleichm&auml;ssige Approximation mehrerer nichtlinearer Funktionen: Bestandteil der automatisierten Erstellung von vereinfachten thermophysikalischen Stoffwertgleichungen im Programm ECOFIT.
year : 1990
author 0 : Tobias Zschunke

title : Unternehmensbezogene Dienstleistungen und neue IuK-Technologien - in Frankfurt, Main und Leipzig.
year : 1997
author 0 : Joachim Radtke

title : Real-time 3D hand reconstruction in challenging scenes from a single color or depth camera.
year : 2020
author 0 : Franziska M&uuml;ller 0001

title : Architekturmuster f&uuml;r Software-Produktlinien: Konzeption einer Methode zur Evaluation und Auswahl von Architekturmustern f&uuml;r die Gestaltung von Software-Produktlinien.
year : 2014
author 0 : Marcus Lindemann

title : Learn to Track: From Images to 3D Data.
year : 2017
author 0 : David Joseph Tan

title : Systemunterst&uuml;tzung strategischer Entscheidungsprozesse.
year : 1999
author 0 : Ingo Hofacker

title : Ein rechnerunterst&uuml;tztes System f&uuml;r die technische Dokumentation und &Uuml;bersetzung.
year : 1993
author 0 : Renate Mayer

title : Ein Konzept f&uuml;r die objektorientierte und verteilte Realisierung eines parallel verarbeitenden OSI-Systems-Management-Agenten.
year : 1993
author 0 : Roland Kaldich

title : Beitr&auml;ge zur effizienten Kopplung von optischen Wellenleitern in der Ger&auml;tekommunikation.
year : 2018
author 0 : Lukas Lorenz

title : Physical separation technology and its Lock-Keeper implementation.
year : 2010
author 0 : Feng Cheng 0002

title : The Scheme language as the foundation for a reusable extension language kit.
year : 1998
author 0 : Oliver Laumann

title : Declarative development of interactive systems.
year : 1995
author 0 : Thomas C. Nicholas Graham

title : Informationsverarbeitung und k&uuml;nstliche Intelligenz: eine Analyse der Grundlagen der modernen Denk- und Ged&auml;chtnispsychologie.
year : 1991
author 0 : Hans-Peter Michels

title : Messungen zur Reliabilit&auml;t der Thermoregulationsdiagnostik an m&auml;nnlichen Probanden.
year : 1987
author 0 : Eberhard Bauer

title : Architecture and access protocol for a wavelength selective single hop packet switched metropolitan area network.
year : 2003
author 0 : Martin Maier 0001

title : Semi-Automatic Security Testing of Web Applications with Fault Models and Properties.
year : 2015
author 0 : Matthias B&uuml;chler

title : Fehlererkennende Inbetriebnahme fehlertoleranter verteilter Systeme.
year : 1995
author 0 : Martin Leu

title : Gestaltung von Funktionsbausteinen f&uuml;r geometrieorientierte Arbeitsplanungssysteme.
year : 1986
author 0 : Winfried Turowski

title : A test framework for executing model-based testing in embedded systems.
year : 2012
author 0 : Padma Iyenghar

title : Design and Performance Modeling of an Application-Aware Network Abstraction Layer for Partially Deployed SDNs.
year : 2019
author 0 : Christian Sieber

title : Ficucs: ein Constraint-Solver f&uuml;r geometrische Constraints in 2D und 3D.
year : 2011
author 0 : Ulf D&ouml;ring

title : Planung der Fertigungseinrichtungen f&uuml;r flexible Fertigungssysteme zur Bearbeitung prismatischer Werkst&uuml;cke.
year : 1981
author 0 : Dieter Straub

title : Patchwork: eine computergest&uuml;tzte Lernumgebung f&uuml;r die Arbeit mit Textrechnungen und Gleichungssystemen.
year : 1997
author 0 : Alexander K&auml;mpfer-Maurer

title : A Framework for Semantic Similarity Measures to enhance Knowledge Graph Quality.
year : 2017
author 0 : Ignacio Traverso Rib&oacute;n

title : Identifikation, Parametersch&auml;tzung und G&uuml;tepr&uuml;fung von STARMA-Modellen: e. Darst. d. Modellkonzeptes, veranschaulicht am Beispiel d. Bev&ouml;lkerungssuburbanisierung in e. Umlandsektor Bremens.
year : 1983
author 0 : Klaus Finke

title : Erfassung grossr&auml;umiger Fl&auml;chennutzung in dicht besiedelten Gebieten durch wissensbasierte Klassifizierung von Satelliten-Bilddaten.
year : 1995
author 0 : Detlef Schnitker

title : Mobile agent support services.
year : 2002
author 0 : Steffen Lipperts

title : Load measurements and modeling for distributed multimedia applications in high speed networks.
year : 1999
author 0 : Guangwei Bai

title : Lastkontrolle in Hochgeschwindigkeitsnetzen.
year : 1993
author 0 : Ortwin Rose

title : &Uuml;ber die Entwicklung eines interaktiven Systems zur numerischen Feldberechnung f&uuml;r Arbeitsplatzcomputer.
year : 1987
author 0 : Roland Egli

title : Labelled superposition.
year : 2014
author 0 : Arnaud Fietzke

title : Warteschlangennetze zur Leistungsanalyse von Kommunikationssystemen.
year : 1983
author 0 : Gerold K. Wieber

title : Strukturierung verteilter Datenbanken auf dedizierten Rechnern.
year : 1983
author 0 : Walter Klein

title : Efficient Point Clustering for Visualization.
year : 2019
author 0 : Christian Beilschmidt

title : Methods of evaluation and improvement on cascaded wired and wireless real-time communication networks for factory automation.
year : 2021
author 0 : Steven Dietrich

title : Mobile process landscaping.
year : 2011
author 0 : Andr&eacute; K&ouml;hler 0001

title : Die Datenschutzkonvention des Europarates.
year : 1986
author 0 : Ferdinand Henke

title : Eine universelle Architektur zur indirekten Realisierung von Instanzennetzen.
year : 1982
author 0 : Helmut Roth

title : Verteilte Systeme mit Grundlast als parallele virtuelle Maschinen.
year : 1996
author 0 : Stefan Karsch

title : Sichere Multi-Faktor-Authentifizierung an Smartphones mithilfe des Tippverhaltens.
year : 2016
author 0 : Matthias Trojahn

title : A unified approach to the development and usage of mobile agents.
year : 2012
author 0 : Steffen Kern

title : Systemeigenschaft Robustheit: ein Ansatz zur Bewertung und Maximierung von Robustheit eingebetteter Systeme.
year : 2013
author 0 : Ariane Heller

title : Microcomputergest&uuml;tzte Liquidit&auml;tsplanung.
year : 1984
author 0 : Hans-Peter Springer

title : Ein Vergleich von Optimierungsverfahren f&uuml;r die zeitdiskrete Simulation.
year : 1981
author 0 : Christian Hampel

title : Privacy-preserving web single sign-on: formal security analysis and design.
year : 2019
author 0 : Guido Schmitz

title : Kleinrechner f&uuml;r die Ausbildung im Hochschulwesen.
year : 1981
author 0 : Attia Azzam

title : Graphs in spatial databases.
year : 1994
author 0 : Martin Erwig

title : Evolution von Relationen in temporalen partiten Themen-Graphen.
year : 2015
author 0 : Dominique Vincent

title : Zur &Uuml;bertragbarkeit von Approximationsalgorithmen f&uuml;r Optimierungsprobleme, insbesondere f&uuml;r das Problem CLASS TREE.
year : 1993
author 0 : Edmund Ihler

title : Security policies in pervasive systems: design of a modular security policy framework for semantic, multi-domain, service-oriented pervasive systems.
year : 2013
author 0 : Julian Sch&uuml;tte

title : Automatische Zustandssynthese von Registertransfer-Strukturen aus algorithmischen Verhaltensbeschreibungen.
year : 1991
author 0 : Michael Sperling

title : Internetbasierte Abwicklung von Consulting-Projekten und -Analysen im Umfeld betriebswirtschaftlicher Softwarebibliotheken.
year : 2003
author 0 : Volker B&auml;tz

title : Mehrdimensionale NMR-Spektren mittels neuronaler Netze.
year : 1994
author 0 : Peter Arlt

title : Accelerometer-based biometric gait recognition for authentication on smartphones.
year : 2012
author 0 : Claudia Nickel

title : Rechnerunterst&uuml;tzte Erstellung medizinischer Lehrb&uuml;cher unter Verwendung formal repr&auml;sentierten Wissens.
year : 1994
author 0 : Petra Knaup

title : Key Derivation with Physical Unclonable Functions.
year : 2016
author 0 : Matthias Hiller

title : Machine learning under test-time budget constraints.
year : 2019
author 0 : Sven Peter

title : The Deceptive Angle: Threat Intelligence and Resiliency for Industrial Information Assurance.
year : 2019
author 0 : Daniel Fraunholz

title : &Uuml;ber die Approximation bodennaher Profile nach der Methode der kleinsten Quadrate und Algorithmen zu ihrer numerischen Nutzung.
year : 1982
author 0 : Werner Gerstmann

title : Rechnergest&uuml;tzte Prozesssimulation von GGG-Kokillenguss.
year : 1986
author 0 : Gotthard Wolf

title : Provable Secure Countermeasures Against Side-Channel Attacks.
year : 2021
author 0 : Clara Paglialonga

title : Entwurf einer Beschreibungssprache zur Verifikation digitaler Signaturen.
year : 2002
author 0 : Stephan Spitz

title : Konzepte und Hilfsmittel der Datenadministration und deren Konsequenzen f&uuml;r die betriebliche Datenverarbeitung.
year : 1984
author 0 : Christoph Wentzel

title : Exploring the Uncanny Valley of Mind.
year : 2019
author 0 : Jan-Philipp Stein

title : Steuerung verteilter Simulatoren f&uuml;r zeitdiskrete Systeme.
year : 1999
author 0 : Werner van Almsick

title : Zur interaktiven Dimensionierung analoger integrierter Schaltungen unter Ber&uuml;cksichtigung von Nebenbedingungen.
year : 1989
author 0 : Fritz P&ouml;rnbacher

title : Security of forensic techniques for digital images.
year : 2013
author 0 : Hieu Cuong Nguyen

title : AI and IoT Meet Mobile Machines: Towards a Smart Working Site.
year : 2021
author 0 : Yusheng Xiang

title : Konzeption f&uuml;r die Implementierung von Verfahren der hierarchischen und nichthierarchischen Clusteranalyse in eine Methodenbank unter besonderer Ber&uuml;cksichtigung des Leistungsverm&ouml;gens der Verfahren.
year : 1984
author 0 : G&uuml;nther Kundt

title : Entwicklung und Einsatz von computergest&uuml;tzten Systemen f&uuml;r experimentelle Untersuchungen beim Bolzenschweissen, Punktschweissen und Schutzgasschweissen.
year : 1986
author 0 : Wilfried Rostek

title : Domain-Independent Extraction of Insights from User Comments.
year : 2021
author 0 : Marlo H&auml;ring

title : Arbeitsplanung mit programmierbarem Kleinrechner: Unterst&uuml;tzung d. Arbeitsplanung durch d. Einsatz programmierbarer Kleinrechner.
year : 1983
author 0 : Otto W. Sch&auml;uble

title : Supporting asynchronous, discontinuous, collaborative, complex search tasks by the visualization of search trails.
year : 2016
author 0 : Sebastian Franken

title : Architectural framework for dynamically adaptable multiprocessors regarding aging, fault tolerance, performance and power consumption.
year : 2015
author 0 : Aleksandar Simevski

title : Dynamisches Objektverhalten in virtuellen Umgebungen.
year : 2002
author 0 : Torsten Fr&ouml;hlich

title : Mobile Service Provision in Harsh Environments.
year : 2016
author 0 : Kamill Panitzek

title : Update Propagation for Peer-to-Peer-based Massively Multi-user Virtual Environments.
year : 2013
author 0 : Richard S&uuml;selbeck

title : Self-Aware Resource Management in Virtualized Data Centers.
year : 2017
author 0 : Simon Spinner

title : Advanced Hybrid Tracking and Navigation for Computer-Assisted Interventions.
year : 2013
author 0 : Tobias Reichl

title : Modellgest&uuml;tzte Markenpolitik: Planung u. Kontrolle markenpolit. Entscheidungen auf d. Grundlage computergest&uuml;tzter Informationssysteme.
year : 1983
author 0 : Wolf-Dieter Voss

title : Behandlung von Syntaxfehlern f&uuml;r LR-Sprachen ohne Korrekturversuche.
year : 1994
author 0 : Erik Heckert

title : Computational modeling approaches of deep brain stimulation (DBS) in Parkinson's Disease (PD).
year : 2013
author 0 : Felix Njap

title : Measuring defects in finite automata.
year : 2016
author 0 : Katja Meckel

title : Resource-aware Programming in a High-level Language - Improved performance with manageable effort on clustered MPSoCs.
year : 2018
author 0 : Andreas Zwinkau

title : Numerical methods, algorithms, and software for higher index nonlinear differential algebraic equations in MultiBody System SIMulation.
year : 1997
author 0 : Reinhold von Schwerin

title : Regulatory motif discovery using PWMs and the architecture of eukaryotic core promoters.
year : 2012
author 0 : Holger Hartmann

title : Flutwellen bei pl&ouml;tzlicher Abflussfreigabe, Berechnung mit Hilfe des Charakteristikenverfahrens.
year : 1984
author 0 : Wolfgang St&auml;hlin

title : A Comprehensive Approach to Transparent and Flexible Replication of Java Services and Applications.
year : 2013
author 0 : J&ouml;rg Domaschka

title : Strategies for efficient parallel visualization.
year : 2015
author 0 : Steffen Frey

title : Statische Optimierung f&uuml;r die Auswertung von Konsistenzbedingungen zur Prozedurausf&uuml;hrung.
year : 1996
author 0 : Horst Binter

title : Software idioms for component-based and topology-aware simulation assembly and data exchange in high performance computing and visualisation environments.
year : 2014
author 0 : Atanas Atanasov

title : YAP: parsing and disambiguation with feature based grammars.
year : 2000
author 0 : Helmut Schmid

title : Merkmalsextraktion und Regelgewinnung f&uuml;r die automatische Spracherkennung.
year : 1995
author 0 : Manfred Beham

title : A parallel and resource-efficient single lookup connected components analysis architecture for reconfigurable hardware.
year : 2016
author 0 : Michael J. Klaiber

title : Numerische Algorithmen f&uuml;r gitterfreie Methoden zur L&ouml;sung von Transportproblemen.
year : 2018
author 0 : Tobias Seifarth

title : Untersuchungen zur Salzausbreitung in &Auml;stuarien mit Taylor'schen Dispersionsmodellen.
year : 1985
author 0 : C. Vera Muthre

title : Struktur und Zuverl&auml;ssigkeit verketteter Fertigungssysteme.
year : 1994
author 0 : Ulrich Klages

title : Automatische Verschl&uuml;sselung urologischer Diagnosen nach ICD.9 unter Einsatz von SNOMED.
year : 1991
author 0 : Felicitas Thurmayr

title : Semantische Adaption von Komponenten.
year : 2012
author 0 : Guido S&ouml;ldner

title : Latenzreduktion priorisierter Nachrichten in Datenstrommanagementsystemen.
year : 2012
author 0 : Jonas Jacobi

title : Untersuchungen zur Auswahl und zum Aufbau von Verbindungsstrukturen in Multiprozessorsystemen mit taskparalleler Bearbeitung.
year : 1984
author 0 : Reinhard Ahrens

title : Quervermischung in zweiphasig l&auml;ngsdurchstr&ouml;mten Stabb&uuml;ndeln bei station&auml;ren und transienten Bedingungen.
year : 1981
author 0 : Volkhard Seiffert

title : Organisation eines Servers f&uuml;r Video on demand.
year : 1998
author 0 : Mathias Rautenberg

title : &Uuml;ber Komplexit&auml;tsfragen Hoarescher Beweissysteme: effiziente Beweiserstellung und komplexit&auml;tsbedingte Grenzen bestimmter Systeme.
year : 1990
author 0 : Hardi Hungar

title : Untersuchungen zum Transport von gel&ouml;sten Stoffen und Partikeln durch heterogene Porengrundwasserleiter.
year : 1997
author 0 : Robert W. Seidemann

title : Das Modell der Ausgleichsl&ouml;sung: e. spieltheoret. fundierter Ansatz zur Unterst&uuml;tzung von Unternehmungsentscheidungen bei mehrfacher Zielsetzung.
year : 1983
author 0 : Roland B&uuml;rkle

title : Effektives EDV-Training: eine Untersuchung zu den Determinanten des Lernerfolgs bei der informationstechnischen Qualifizierung von Erwachsenen.
year : 1993
author 0 : Bernd Siepmann

title : Investigations of speech and other communication-relevant behaviors under non-experimental, real-world conditions using ECoG
year : 2019
author 0 : Olga Glanz

title : Segmentierung von Volumendatens&auml;tzen mittels dreidimensionaler hierarchischer Inselstrukturen.
year : 2002
author 0 : Jan-Friedrich Vogelbruch

title : Knowledge discovery from sequential data.
year : 2003
author 0 : Frank H&ouml;ppner

title : Fuzzy Sets in der Netzplantechnik.
year : 1991
author 0 : Christian Rabetge

title : Benutzerverhalten beim Einsatz automatisierter betrieblicher Informationssysteme.
year : 1986
author 0 : Michael M&uuml;ller 0006

title : Grundlagen zur Anwendung der Men&uuml;- und Bildschirmtechnik beim Konstruieren.
year : 1982
author 0 : Lothar Franz

title : Leistungsanalyse von Rechen- und Kommunikationssystemen: Konzepte der Modellauswertung und Definition einer Modellierungssprache.
year : 1991
author 0 : Manfred R. Jobmann

title : In silico modeling of small molecules and design of eIF-5A activation inhibitors.
year : 2014
author 0 : Adrian Kolodzik

title : Strategiegesteuerte Transformation von Termgraphen.
year : 2002
author 0 : Frank Derichsweiler

title : Nutzung mathematischer Methoden bei der Untersuchung der Zielgesamtheit in der Jahresproduktionsplanung von Industriekombinate.
year : 1985
author 0 : Hans-Joachim Schmidt 0001

title : On the impact of high-speed drops on dry and wetted surfaces.
year : 2021
author 0 : David Burzynski

title : Organisationskonzepte f&uuml;r Personal-Computer: e. Analyse d. Einsatzbedingungen u. Gestaltungsmassnahmen f&uuml;r d. PC-Einsatz in Unternehmungen.
year : 1988
author 0 : Rainer Kutzner

title : &Uuml;ber parallele Datenbanksysteme mit replizierten Basisdaten.
year : 1993
author 0 : Reinhard J. Richter

title : Verfahren zur verifizierten Behandlung von Differenzengleichungseigenwertproblemen und verwandten Fragestellungen.
year : 1988
author 0 : Martin Ohsmann

title : Probabilistic framework for person tracking and classification in security assistance systems.
year : 2013
author 0 : Monika Wieneke

title : InterpretBank: design and implementation of a terminology and knowledge management software for conference interpreters.
year : 2012
author 0 : Claudio Fantinuoli

title : Additionsverfahren f&uuml;r die Signalverarbeitung im logarithmischen Zahlensystem.
year : 1991
author 0 : Hartmut Henkel

title : Towards natural speech acquisition: incremental word learning with limited data.
year : 2013
author 0 : Irene Ayll&oacute;n Clemente

title : Erkennung menschlicher Aktivit&auml;ten durch Erfassung und Analyse von Bewegungstrajektorien.
year : 2019
author 0 : Kristine Back

title : Feasibility studies of terrestrial laser scanning in Coastal Geomorphology, Agronomy, and Geoarchaeology.
year : 2013
author 0 : Dirk Hoffmeister

title : Untersuchungen zum Einfluss des Signal-Rausch-Verh&auml;ltnisses auf die fotometrische Aufl&ouml;sung bei der vollautomatischen Bilderkennung und M&ouml;glichkeiten zur Erh&ouml;hung des Signal-Rausch-Verh&auml;ltnisses von Vidikonabtastern.
year : 1984
author 0 : Klaus Hiller

title : Serendipity and Locality for Audio Recommendation.
year : 2020
author 0 : Yonata Andrelo Asikin

title : Numerische Simulation von Scherschichten mit der Discrete-vortex-Methode.
year : 1991
author 0 : Michael B&ouml;ttcher

title : Automatic Support for the Development of Classification Systems.
year : 2014
author 0 : Matthias Reif

title : Interaction on human-centric communication platforms: modelling and analysis using algebraic high-level nets and processes.
year : 2014
author 0 : Karsten Gabriel

title : Fundamental algorithms for a declarative pattern matching system.
year : 1995
author 0 : Stefan Kurtz

title : Low-Latency Data Access in a Java-based Distributed In-Memory Key-Value Storage.
year : 2020
author 0 : Stefan Nothaas

title : Bedeutungsanalyse in einem sprachverstehenden System unter Ber&uuml;cksichtigung pragmatischer Faktoren.
year : 1990
author 0 : Ute Ehrlich

title : Computational Social Network Analysis of Authority in the Blogosphere.
year : 2012
author 0 : Darko Obradovic

title : Speaker adaptation for word prominence detection.
year : 2018
author 0 : Andrea Schnall

title : Cybergewalt: Bestandsaufnahme und grundlegende Probleme aus v&ouml;lkerrechtlicher Sicht.
year : 2013
author 0 : Christo Raltchev

title : Optimal design of fixed-point and floating-point arithmetic units for scientific applications.
year : 2012
author 0 : Surapong Pongyupinpanich

title : Robust scheduling of real-time applications on efficient embedded multicore systems.
year : 2011
author 0 : Michael Deubzer

title : Ein mathematisches Modell zur Berechnung der Drift, Ausbreitung und Verwitterung von Roh&ouml;l mit Anwendung auf die Deutsche Bucht.
year : 1984
author 0 : Joachim W. Dippner

title : Light Propagation in Digital Material Structures.
year : 2019
author 0 : Zdravko Velinov

title : Mathematical models for biological systems - growth dynamics and stability.
year : 1986
author 0 : Ekkehard Mueller

title : Evaluation and improvement of automated software test suites.
year : 2019
author 0 : Rainer Niedermayr

title : Latency directed multithreaded computation and its architectural support.
year : 1994
author 0 : Xiaoming Fan

title : E-learning und Management von technischem Wissen in einer webbasierten Informationsumgebung.
year : 2001
author 0 : Markus K&ouml;nig

title : Deriving Goal-oriented Performance Models by Systematic Experimentation.
year : 2013
author 0 : Dennis Westermann

title : Simulation als handlungsorientiertes Medium in der beruflichen Bildung: Entwicklung eines Lehr- und Lernkonzeptes mit Simulatoren zur Handhabungstechnik.
year : 1997
author 0 : Bibhuti Roy

title : Wearable computing applications in eHealth.
year : 2019
author 0 : Heike Leutheuser

title : Seamless Model-based Requirements Engineering: Models, Guidelines, Tools.
year : 2017
author 0 : Sabine Teufl

title : Untersuchungen zur Sprecheradaption in Systemen zur automatischen Spracherkennung mit Hilfe stochastischer Modellierung.
year : 1993
author 0 : Florian Schiel

title : Probleme der flexiblen Programmierung, dargestellt an Beispielen der Automatisierung rechnergekoppelter wissenschaftlicher Experimente.
year : 1986
author 0 : Michael Winde

title : Das spezialisierte Echtzeitprozessorkonzept FASTCHART.
year : 1994
author 0 : Frank Stanischewski

title : Entwicklerzentrierte Hilfsmittel zum Gestalten von Nutzererlebnissen.
year : 2017
author 0 : Constantin von Saucken

title : Entwurf einer relationalen Datenbank zur Verwaltung von H&uuml;ftendoprothesenoperationen: Beispiel f&uuml;r die Anwendung datenbanktechnologischer Methoden bei der computergest&uuml;tzten Verarbeitung medizinischer Daten.
year : 1995
author 0 : Thomas Paschke

title : Laufzeittestsysteme f&uuml;r h&ouml;here Programmiersprachen und Diskussion einer Implementation an Hand von COBOL.
year : 1989
author 0 : Birgit Schmutterer

title : Regeladaptive kategoriale Analyse von Spontansprache.
year : 2002
author 0 : Nicole Beringer

title : Sample rate conversion: algorithms and VLSI implementation.
year : 1995
author 0 : Fritz Markus Rothacher

title : High resolution digital surface model (DSM) to support modelling of urban flooding.
year : 2011
author 0 : Md. Aktaruzzaman

title : Computergest&uuml;tzte Bildgestaltung f&uuml;r die Werbung: Entwicklung eines Expert Support System zur Unterst&uuml;tzung kreativer Arbeit.
year : 1991
author 0 : Carmen Susanne Schiffmann

title : Quality assessment for hyperspectral airborne systems: from data up to land-products.
year : 2015
author 0 : Gr&eacute;goire Henry G&eacute;rard Kerr

title : Optimierung eines anisotropen Operators zur Ermittlung von Bildkonturen.
year : 1992
author 0 : Burkhard Katzenbach-Lanz

title : Graph Automata and Their Application to the Verification of Dynamic Systems.
year : 2014
author 0 : Christoph Blume

title : Qualitative Process Analysis: Theoretical Requirements and Practical Implementation in Naval Domain.
year : 2015
author 0 : Immo Colonius

title : Beitrag zur automatischen Layouterzeugung aus symbolischen Strukturen.
year : 1988
author 0 : Volker Boos

title : Populationsbasierte Optimierung durch das Lernen von Interaktionen mit Bayes'schen Netzen.
year : 2001
author 0 : Thilo Mahnig

title : Next Taylorism: A Calculus of Knowledge Work.
year : 2010
author 0 : Lukas Scheiber

title : Turbulenzmechanismen in naturnahen Fliessgew&auml;ssern und die M&ouml;glichkeiten ihrer mathematischen Erfassung.
year : 1984
author 0 : Erik Pasche

title : Signalverarbeitung bei Bildgeometrie-Manipulationen.
year : 1993
author 0 : Klaus-Dieter Ruelberg

title : Unendliche Objekte und Geflechte.
year : 1982
author 0 : Bernhard M&ouml;ller

title : Sicherheit biometrischer Systeme: Analyse der Sicherheit und R&uuml;ckf&uuml;hrbarkeit eines biometrischen Hash Algorithmus f&uuml;r die dynamische Handschrift.
year : 2021
author 0 : Karl K&uuml;mmel

title : Linienextraktion aus SAR-Daten mit einem Markoff-Zufallsfeld-Modell.
year : 1997
author 0 : Olaf Hellwich

title : FlexWAFE - an architecture for reconfigurable image processing systems (FlexWAFE - eine Architektur f&uuml;r rekonfigurierbare Bildverarbeitungssysteme).
year : 2012
author 0 : Amilcar do Carmo Lucas

title : Differential model generation for microsystem components using analog hardware description languages.
year : 1997
author 0 : Klaus Hofmann

title : Making Use of Cryptographic Functions for System Reliability Improvement.
year : 2015
author 0 : Mustafa Ayoob

title : Acquiring Architecture Knowledge for Technology Design Decisions.
year : 2019
author 0 : Mohamed Aboubakr Mohamed Soliman

title : Optimierung objektorientierter Programme: &Uuml;bersetzungstechniken, Analysen und Transformationen.
year : 2001
author 0 : Martin Trapp 0002

title : Entwurf der Hardware-Beschreibungssprache REGLAN im Rahmen von CONLAN: Spezifikation der dynamischen Semantik und deren Implementierung.
year : 1992
author 0 : Andreas S. Schmitt

title : Generative Vorhersagetechniken f&uuml;r Raten und Ontologie-basierte &Auml;hnlichkeitsberechnung mit Anwendungen im Suchmaschinenmarketing.
year : 2019
author 0 : Edgar Kalkowski

title : Modellierung und systematische Modellreduktion von nichtlinearen Netzmodellen mittels Singular Perturbation.
year : 1987
author 0 : Lionel Lopez

title : Automatische Ableitung von Balanced Scorecards aus Textkorpora.
year : 2017
author 0 : Henner Graubitz

title : Mobile Roboter auf der Basis automatischer Flurf&ouml;rderzeuge: technische Gestaltung.
year : 1990
author 0 : Stefan Schwinning

title : Beitr&auml;ge zur Theorie und Berechnung des Klemmenverhaltens affiner, dynamischer, zeitinvarianter konzentrierter Netzwerke.
year : 1986
author 0 : Peter Dimitrov

title : Shared-memory-Implementierung der Gamma-Operation auf Multimengen.
year : 1995
author 0 : Katia Gladitz

title : Understanding and leveraging the social physics of the blogosphere.
year : 2011
author 0 : Justus F. M. Bro&szlig;

title : Towards a Specification-based Quality Guarantee for Geo Raster Web Services.
year : 2012
author 0 : Jinsongdi Yu

title : Beitr&auml;ge zur Theorie des logisch-funktionalen Programmierens.
year : 1990
author 0 : Alexander Bockmayr

title : Einsatz von Mikrorechner-Entwicklungssystemen zur Unterst&uuml;tzung der applikativen Programmierung hochintegrierter peripherer Schaltkreise.
year : 1980
author 0 : Wolfgang Mierau

title : Challenges and New Solutions for Live Migration of Virtual Machines in Cloud Computing Environments.
year : 2018
author 0 : Fei Zhang 0005

title : Dynamische Adaption in Betriebssystemen auf Basis einer objektorientierten Systemarchitektur.
year : 1999
author 0 : Frank Schubert 0001

title : Regression Optimization for Camera Localization.
year : 2021
author 0 : Linda Mai Bui

title : Efficiency in Cluster Database Systems - Dynamic and Workload-Aware Scaling and Allocation.
year : 2011
author 0 : Tilmann Rabl

title : Design and Performance Evaluation of a Software Framework for Multi-Physics Simulations on Heterogeneous Supercomputers.
year : 2012
author 0 : Christian Feichtinger

title : Integrating contract-based testing into model-driven software development.
year : 2015
author 0 : Baris G&uuml;ldali

title : Coalition formation among rational agents in uncertain and untrustworthy environments.
year : 2014
author 0 : Bastian Blankenburg

title : Verteilung von Datenverarbeitungs-Ressourcen in rechnergest&uuml;tzten Informationssystemen.
year : 1985
author 0 : Michael Hergenhahn

title : Zur Existenz optimaler Steuerungen bei Kontrollproblemen mit parabolischen Zustandsgleichungen.
year : 1980
author 0 : Wolfram Sperber

title : Validierung einer App als Hilfsmittel zur Medikamentendosierung in der pr&auml;klinischen Notfallmedizin.
year : 2019
author 0 : Daniel Baumann

title : Zuverl&auml;ssigkeit technischer Systeme: computerunterst&uuml;tzte Verarbeitung von stochastischen Gr&ouml;ssen mit dem Programm VaP.
year : 1993
author 0 : Markus Petschacher

title : Interactive visual analysis of spectroscopy imaging data.
year : 2021
author 0 : Muhammad Jawad

title : Entwicklung eines interaktiven Lernprogrammes im Bereich Volkswirtschaftstheorie am Beispiel des Modells der Portfolio Selection: modelltheoretische und lernprogrammtechnische Grundlagen.
year : 1992
author 0 : Claudia Riegel

title : Mitigating and Resolving Performance Isolation Issues of PCIe Passthrough and SR-IOV in Multi-Core Virtualization.
year : 2017
author 0 : Andre Richter

title : Mask-based Black-box Attacks on Safety-Critical Systems that Use Machine Learning.
year : 2021
author 0 : Katja Auernhammer

title : Piecewise execution of nested data-parallel programs.
year : 2001
author 0 : Wolf Pfannenstiel

title : Formal specification of the x86 instruction set architecture.
year : 2012
author 0 : Ulan Degenbaev

title : Die direkte Suche - ein heuristisches Verfahren zur Behandlung ganzzahliger quadratischer Optimierungsprobleme.
year : 1980
author 0 : Roland Sessner

title : Das Reafferenzprinzip als Kompensationsstrategie in der Kybernetik.
year : 2001
author 0 : Norbert Bela Maria Olah

title : Virtual Test Drive: Simulation umfeldbasierter Fahrzeugfunktionen.
year : 2014
author 0 : Kilian von Neumann-Cosel

title : Probing and fixturing techniques for wideband multiport measurements in digital packaging.
year : 2013
author 0 : Miroslav Kotzev

title : Ein zweidimensionales mathematisches Modell zur Berechnung von Temperatur- und Geschwindigkeitsfeldern in konventionell beheizten Glasschmelzwannen unter Verwendung neuartiger Differenzenformeln und mit verbesserter Ber&uuml;cksichtigung des Durchsatzes.
year : 1982
author 0 : Friedemann Schmid

title : Efficient modeling, verification and analysis techniques to enhance the virtual prototype based design flow for embedded systems.
year : 2019
author 0 : Vladimir Herdt

title : Analysis and Abstraction of Graph Transformation Systems via Type Graphs.
year : 2019
author 0 : Dennis Nolte

title : Virtueller gemeinsamer Speicher.
year : 1996
author 0 : J&ouml;rg Cordsen

title : Einbindung von Ger&auml;ten in Internet-basierte Informationssysteme mit Java und XML.
year : 2002
author 0 : Dieter B&uuml;hler

title : Bezugnahme von MSS-Daten (Multispektral-Scanner-Daten) auf bestehende digitale Datenbasen.
year : 1981
author 0 : Hans Gilgen

title : Anwendung informationstechnischer Methoden zur computergest&uuml;tzten statischen Berechnung ebener Fl&auml;chentragwerke.
year : 1994
author 0 : Martin Heller

title : Geographische Restriktionen bei menschlicher Bewegungsmodellierung zur Leistungsbewertung in mobilen Netzen.
year : 2017
author 0 : Matthias Schwamborn

title : Verwendung orthonormaler Funktionen zur Sprachanalyse und Sprachsynthese im Zeitbereich.
year : 1985
author 0 : Kurt Arnold

title : Entscheidungshilfen zur Gestaltung von FuE-Programmen der Mikroelektronik.
year : 1991
author 0 : Ingrid Voigt

title : Coding Theory via Groebner Bases.
year : 2012
author 0 : Mehwish Saleemi

title : Ein one-line-Verfahren zur klassifizierten Mittelung evozierter Potentiale nach dem Leistungsspektrum des EEG durch ein Laborrechner-Mikroprozessor-System.
year : 1983
author 0 : Rolf Pokorny

title : Ein Beitrag zum dialogorientierten rechnergest&uuml;tzten Entwurf von digitalen Regelungssystemen.
year : 1985
author 0 : Henry Driesel

title : Untersuchungen von Mehrwegesuchverfahren zur Codierung von Modell- und Sprachquellen.
year : 1982
author 0 : Heinz G. Fehn

title : Automatische Fehlerbaumerstellung.
year : 1983
author 0 : Axel Becker

title : Detektion unbekannter W&ouml;rter in gesprochener Sprache.
year : 1997
author 0 : Andreas Jusek

title : Strukturanalyse und Optimierung einer Vielbus Architektur zur Datenerfassung.
year : 1995
author 0 : Helmut Josef Kopp

title : Development and Evaluation of AI-based Parkinson's Disease Related Motor Symptom Detection Algorithms.
year : 2015
author 0 : Claas Ahlrichs

title : Die Rolle visueller und handlungsbezogener Objekteigenschaften f&uuml;r die Repr&auml;sentation von Objekten nat&uuml;rlicher und artifizieller Kategorie.
year : 2012
author 0 : Viktor Rumenov Bochev

title : Ein zweidimensionales numerisches Modell zur Nebelprognose.
year : 1986
author 0 : Renate Forkel

title : Kapitalistisch genutzte Personalinformationssysteme als qualitativ neues Instrumentarium zur &Ouml;konomisierung der lebendigen Arbeit und zur Herrschaftssicherung - am Beispiel der BRD.
year : 1987
author 0 : Anke Hajduch

title : Ein Modell f&uuml;r die Simulation der Funktionen numerisch gesteuerter Werkzeugmaschinen und seine Verwendung f&uuml;r die Kontrolle von NC-Steuerprogrammen.
year : 1984
author 0 : Dietrich Spielberg

title : Multicarrier modulation for broadband return channels in cable TV networks.
year : 2003
author 0 : Stephan Pfletschinger

title : Design and evaluation of the motor assisted robotic stereotaxy system MARS.
year : 2012
author 0 : Maximilian Heinig

title : Event-based Depth Reconstruction Using Stereo Dynamic Vision Sensors.
year : 2018
author 0 : Lukas Everding

title : Teststrategien f&uuml;r integrierte Schaltungen unter Verwendung von Hardware-Beschreibungs-Hochsprachen im Entwurfsproze&szlig;.
year : 1997
author 0 : Thomas Wiemers

title : Die Bildschirmtextzentrale eine Fernmeldeanlage - Bildschirmtext ein Fernmeldedienst: eine verfassungsrechtliche Untersuchung zu den Postaufgaben bei der Einf&uuml;hrung eines neuen Mediums.
year : 1982
author 0 : Ulrich von Petersdorff

title : Extraktion polymorpher Bildstrukturen und ihre topologische und geometrische Gruppierung.
year : 1998
author 0 : Claudia Fuchs

title : Reshaping ubiquitous interaction through sensory augmentation.
year : 2020
author 0 : Francisco Kiss

title : Entwicklung georeferenzierender Augmented Reality Systeme auf Mobilger&auml;ten mit Mikrosensoren.
year : 2017
author 0 : Ulf Kreuziger

title : Entwicklung eines simulationsgest&uuml;tzten Optimierungsmodells zur Planung flexibler Produktionssysteme: ein Beitrag zur Effizienzsteigerung bei der Durchf&uuml;hrung von Planungsprojekten.
year : 1994
author 0 : Christoph Skudelny

title : Generation and grounding of natural language descriptions for visual data.
year : 2017
author 0 : Anna Rohrbach

title : Design and Evaluation of the IBL BOC for the ATLAS Experiment at CERN.
year : 2012
author 0 : Nicolai Schroer

title : Rechnergest&uuml;tzte Berechnungsvorschriften ausgew&auml;hlter Maschinenelemente von Trommelh&auml;cksleraggregaten.
year : 1991
author 0 : Pedro Hurtado de Mendoza Borges

title : Transparente Fehlertoleranz in verteilten Systemen.
year : 1996
author 0 : Thomas Becker 0006

title : On-Line-Identifikation dynamischer Randnetze aus gemessenen Netzzustands&auml;nderungen.
year : 1994
author 0 : Mansor Mansori

title : Strukturdatengewinnung und 3D-Visualisierung des menschlichen H&ouml;rorgans.
year : 1999
author 0 : Uwe Vogel

title : Ein Neuro-Compiler f&uuml;r eine assoziative Datenflu&szlig;architektur.
year : 1998
author 0 : Stefan Zickenheiner

title : Technologische und strukturelle Aspekte bei der Entwicklung flexibler Software f&uuml;r Automatisierte Informationssysteme.
year : 1987
author 0 : Rainer Trautloft

title : Effiziente Erzeugung harmonischer Schwingungen hoher spektraler Reinheit.
year : 1997
author 0 : J&uuml;rgen Vollmer 0002

title : Unscharfe Mengen im Operations-Research.
year : 1986
author 0 : Andreas Geyer-Schulz

title : Software reliability determination for conventional and logic programming.
year : 1994
author 0 : Alireza Azem

title : Mobile mediated interaction with pervasive displays.
year : 2015
author 0 : Julian Seifert

title : Metadaten-Verwaltung in einem verteilten RAM-basierten Speicherdienst.
year : 2015
author 0 : Florian Klein 0002

title : Sprecheradaption und Reduktion der Sprecherabh&auml;ngigkeit f&uuml;r die automatische Spracherkennung.
year : 1989
author 0 : Bernhard R. K&auml;mmerer

title : Entwicklung von Mustererkennungsverfahren zur textunabh&auml;ngigen Analyse von Handschriftenbildern.
year : 1981
author 0 : Karl-Heinz Steinke

title : Grundlagen der Produktdatenorganisation.
year : 1988
author 0 : Dieter Richter

title : Plattform zur kollaborativen Simulation und Visualisierung von Szenarien des Integrative Computational Materials Engineering.
year : 2017
author 0 : Thomas Beer

title : [Dynamik und konative Wirkung onlinebasierter interpersonal-&ouml;ffentlicher Nutzerkommunikation] ; Dynamik und Wirkung von Nutzerkommunikation &uuml;ber Kinofilme.
year : 2020
author 0 : Felix Sattelberger

title : Systemmigration: Strategien f&uuml;r die Informatik.
year : 1997
author 0 : Vladimir Barak

title : Zur Problematik der Implementierung problemorientierter Betriebssysteme f&uuml;r Mikrorechner.
year : 1981
author 0 : Dieter Werner

title : Mining and untangling change genealogies.
year : 2013
author 0 : Kim Sebastian Herzig

title : Modeling protein interactions in protein binding sites and oligomeric protein complexes.
year : 2014
author 0 : Matthias Dietzen

title : Machine Learning for Instance Segmentation.
year : 2020
author 0 : Steffen Wolf 0001

title : Advanced Visual Interfaces Supporting Distributed Cloud-Based Big Data Analysis.
year : 2019
author 0 : Marco X. Bornschlegl

title : Entwicklung einer offenen Fachsprache f&uuml;r ein freiprogrammierbares Steuer- und Regelger&auml;t auf Mikroprozessorbasis.
year : 1988
author 0 : Wolfgang G&uuml;nther 0002

title : Anschauliche Geometrie: computergest&uuml;tzte Visualisierung geometrischer Strukturen.
year : 1995
author 0 : Barbara Hausmann

title : MapCube: a Mobile Focus &amp; Context Information Visualization Technique for Geographic Maps : Location Based Service Context Model and a Prototypical Implementation for Ridesharing Scenarios Evaluated Using an Empirical User Study.
year : 2016
author 0 : Bj&ouml;rn Werkmann

title : Context free hypergraph grammars: node and hyperedge rewriting with an application to Petri nets.
year : 2001
author 0 : Renate Klempien-Hinrichs

title : Sub-word based language modeling of morphologically rich languages for LVCSR.
year : 2014
author 0 : Amr El-Desoky Mousa

title : Verschnittplanungsverfahren f&uuml;r Fl&auml;chen mit beliebigen Konturen.
year : 1989
author 0 : Thomas Romeyke

title : Die Kanalverdrahtung.
year : 1988
author 0 : J&uuml;rgen Sieck

title : Modeling of flow control mechanisms for the available bit rate service.
year : 1998
author 0 : Michael Ritter

title : Zur Verifikation paralleler Prozesse in Ada.
year : 1990
author 0 : Wolfgang Bruns

title : A hardware verification methodology for an interconnection network with fast process synchronization.
year : 2012
author 0 : Niels Burkhardt

title : IVORY - an object oriented framework for physics based information visualization.
year : 2002
author 0 : Thomas C. Sprenger

title : Beziehungen zwischen Rechenzeit, Speicherplatz und Speicherstruktur.
year : 1979
author 0 : R&uuml;diger Reischuk

title : Computersimulationen als Instrument der Proze&szlig;analyse in der Ethnologie.
year : 1997
author 0 : Castulus Kolo

title : On security and privacy of consensus-based protocols in blockchain and smart grid.
year : 2020
author 0 : Avikarsha Mandal

title : Untersuchungen zur Evolution cortikaler Strukturen in biologisch relevanten Computermodellen.
year : 1997
author 0 : Marc-Denis Weitze

title : AQUA: ein qualitativer, terminologischer Ansatz zur Generierung, Bewertung und Selektion von Lernhypothesen im Textverstehenssystem SYNDIKATE.
year : 1998
author 0 : Klemens Schnattinger

title : Entwicklung und Anwendung von Verfahren zur automatischen Akquisition unsicheren Wissens.
year : 1992
author 0 : Richard Weber 0002

title : Automatic generation of human computer interaction in heterogeneous and dynamic environments based on conceptual modelling.
year : 2000
author 0 : Jana Lewerenz

title : Strukturierte Software-Wartung.
year : 1988
author 0 : Paul Eisner

title : Digital fabrication of custom interactive objects with rich materials.
year : 2019
author 0 : Daniel Gr&ouml;ger

title : Ein Beitrag zur Anonymit&auml;t in Kommunikationsnetzen.
year : 2003
author 0 : Thomas Demuth

title : Patterns in Motion - From the Detection of Primitives to Steering Animations.
year : 2016
author 0 : Anna V&ouml;gele

title : Zur Anwendung von Priorit&auml;tsalgorithmen bei der L&ouml;sung eines Ablaufproblems in diskontinuierlichen, diskreten Produktionsprozessen.
year : 1978
author 0 : Christian Gaudes

title : Skalierbare Datenverwaltung in einem auf Zufallsgraphen basierten, verteilten System f&uuml;r interaktive Anwendungen.
year : 2017
author 0 : Andreas Barbian

title : Untersuchungen &uuml;ber Ursachen und Wirkungen des r&auml;umlichen Aliasings in der seismischen Datenbearbeitung, insbesondere bei der Migration.
year : 1992
author 0 : R&uuml;diger Thomas

title : Long-Term Location-Independent Research Data Dissemination Using Persistent Identifiers.
year : 2017
author 0 : Oliver Wannenwetsch

title : Computersoftware, Rechtsschutz und gegenst&auml;ndliche Lizenz: ein rechtsdogmatischer Beitrag zu den Software&uuml;berlassungsvertr&auml;gen.
year : 1992
author 0 : Andreas Heidinger

title : IDA (Intrusion Detection and Avoidance System): ein einbruchsentdeckendes und einbruchsvermeidendes System.
year : 1993
author 0 : Simone Fischer-H&uuml;bner

title : Erfolgsfaktoren eines multimedialen Mitarbeiterportals: eine evaluative Studie in der HypoVereinsbank.
year : 2003
author 0 : Anja Welsch

title : Probabilistische Szenenmodelle f&uuml;r die Luftbildauswertung.
year : 2014
author 0 : Alexander Bauer 0002

title : Joint matched filtering, decoding, and timing synchronization.
year : 2012
author 0 : Murti V. R. S. Devarakonda

title : Sichere Mehrparteienberechnungen und datenschutzfreundliche Klassifikation auf Basis horizontal partitionierter Datenbanken.
year : 2012
author 0 : Manuel Liedel

title : The development and evaluation of a provincial level health management information system in Cameroon = Entwicklung und Evaluierung eines Informationssystems f&uuml;r Provinzgesundheitsverwaltungen am Beispiel von Kamerun.
year : 1997
author 0 : Christoph Bunge

title : Entwicklung und Anwendung eines Vorgehensmodells zur Unterst&uuml;tzung des objektorientierten Softwareentwicklungsprozesses am Beispiel eines CAD-Systems.
year : 1998
author 0 : Christian Borchart

title : Joint image and motion reconstruction for positron emission tomography.
year : 2011
author 0 : Moritz Blume

title : Optimizing software-defined networks using application-layer knowledge.
year : 2015
author 0 : Philip Wette

title : Bewertung und Optimierung der Mensch-Maschine-Schnittstelle unter Nutzung der Fuzzy Set Theorie.
year : 1998
author 0 : Andreas Richei

title : Bedeutung der Telemedizin f&uuml;r die augen&auml;rztliche Betreuung von Fr&uuml;hgeborenen: Evaluation eines telemedizinischen Projektes in Ostbayern.
year : 2019
author 0 : Barbara Anna Kroher

title : Automatic Object Annotations from Weakly Labeled Images.
year : 2014
author 0 : Christian X. Ries

title : Qualit&auml;tsplanungssystematik auf der Basis von Hypertext-Techniken: ein Beitrag zur rechnerunterst&uuml;tzten Teamarbeit in der ganzheitlichen Qualit&auml;tsplanung.
year : 1994
author 0 : Johannes Kuo-Huie Chiang

title : Speech understanding for spoken language systems: portability across domains and languages.
year : 1998
author 0 : Wolfgang Minker

title : Mikroelektronische Realisierung eines Fuzzy Reglers.
year : 1994
author 0 : Herbert Eichfeld

title : Untersuchungen zur Erkennung von Objekten mit Luft-Ultraschall-Echosignalen f&uuml;r die industrielle Automation.
year : 1991
author 0 : Michael Lach

title : Laufzeitanalyse f&uuml;r Echtzeitprogramme basierend auf Programmpfad-Clustering und Architekturklassifikation.
year : 2000
author 0 : Wei Ye 0002

title : Emotional and user-specific cues for improved analysis of naturalistic interactions.
year : 2015
author 0 : Ingo Siegert

title : Efficient Secure Communication in VANETs under the Presence of new Requirements Emerging from Advanced Attacks.
year : 2017
author 0 : Sebastian Bittl

title : Topology and morphology of bounded vector fields.
year : 2015
author 0 : Gustavo Mello Machado

title : Graphbasierte automatisierte Angreiferidentifikation in Produktionssystemen der Industrie 4.0 im Rahmen eines ISMS.
year : 2019
author 0 : Stephan Teuber

title : Synchrone Groupware f&uuml;r die Software-Engineering-Ausbildung: ein Beispiel f&uuml;r die Ableitung unterst&uuml;tzender Werkzeuge aus problemorientierter Sicht.
year : 2002
author 0 : Stefan Werner 0004

title : Gamification analytics: support for monitoring and adapting gamification designs.
year : 2019
author 0 : Benjamin Heilbrunn

title : Zellul&auml;re Automaten: diskrete Modelle zur Untersuchung struktureller morphogenetischer Fragestellungen.
year : 1999
author 0 : Simona Rusnak Schmid

title : Nutzung von EDIFACT im steuerberatenden Berufsstand unter besonderer Ber&uuml;cksichtigung der Buchungssatzgenerierung.
year : 1995
author 0 : Jens T. Miebach

title : MODULA-2-Entwicklungssystem f&uuml;r Spezialrechner auf der Basis U 8000.
year : 1989
author 0 : Hellfried Lohse

title : Reconstruction and processing of bandlimited signals based on their discrete values.
year : 2011
author 0 : Ullrich J. M&ouml;nich

title : Computational visualization of scalar fields.
year : 2015
author 0 : Marco Ament

title : Schnittstellengestaltung f&uuml;r ein digitales &Ouml;kosystem im Kontext einer ger&auml;te- und plattform&uuml;bergreifenden Anwendung im Fahrzeug - User-Experience-Gestaltungsempfehlungen f&uuml;r touchbasierte Nutzerschnittstellen von im Fahrzeug verwendeten mobilen Anwendungen f&uuml;r ein Fond-Entertainment-System auf pers&ouml;nlichen Ger&auml;ten.
year : 2021
author 0 : Maximilian Kautetzky

title : Extended artificial memory: toward an integral cognitive theory of memory and technology.
year : 2013
author 0 : Lars Ludwig

title : Airborne multiple emitter tracking by fusing heterogeneous bearing data.
year : 2014
author 0 : Marek Schikora

title : Planung des Designs flexibler Fertigungssysteme.
year : 1995
author 0 : Ursula Dankert

title : Vertragsgestaltung f&uuml;r Computersoftware: Zivilrechtliche - insbesondere AGB-rechtliche Aspekte - der Vertragsgestaltung f&uuml;r &Uuml;berlassung, Pflege und Erstellung von Computersoftware unter besonderer Ber&uuml;cksichtigung des Vertragsgegenstandes, des Fehlerbegriffs und der Gew&auml;hrleistung.
year : 1986
author 0 : Barbara Tybusseck

title : Wissensbasiertes System f&uuml;r die Bewertung und Verbesserung der Netzsicherheit elektrischer Energieversorgungssysteme.
year : 1990
author 0 : Wolfgang Hoffmann 0003

title : Algorithms and applications for low power wireless sensor networks using wake-up receivers.
year : 2016
author 0 : Amir Bannoura

title : Entwurfsmethodologie und Realisierung eines Spezialprozessors.
year : 1990
author 0 : Gerhard Fleischmann

title : An application development method for Xputers.
year : 1990
author 0 : Michael Weber 0008

title : Sound programm transformation based on symbolic execution and deduction.
year : 2014
author 0 : Ran Ji

title : Multi-class image segmentation via convex and biconvex optimization.
year : 2013
author 0 : Behrang Shafei

title : Managing interlingual references: a type generic approach.
year : 2011
author 0 : Sebastian Menge

title : Opinion Mining im Web 2.0: Ans&auml;tze, Methoden, Vorgehensmodell.
year : 2019
author 0 : Gerald Petz

title : Ein Richdata-Konzept f&uuml;r virtuelle Realit&auml;t dargestellt am Beispiel der Fahrzeugkonfiguration.
year : 2011
author 0 : Cheng Ni

title : Online-Komponenten digitaler Spiele: eine rechtliche Untersuchung ihres Supports, ihrer Wiederherstellung und ihrer Eliminierung.
year : 2020
author 0 : Maximilian Vonthien

title : Modellierung von Unsicherheit aus der Sicht der Logik.
year : 1992
author 0 : Frank Klawonn

title : Test and diagnosis of embedded processor cores with formal methods.
year : 2016
author 0 : Andreas Riefert

title : Untersuchungen zur Klassifizierung von Gesteinsoberfl&auml;chen auf Landsat-Aufnahmen mit Hilfe von Signatur- und Texturparametern.
year : 1981
author 0 : Heinz Burger

title : Eine virtuelle Maschine f&uuml;r ein Computeralgebra-System.
year : 1989
author 0 : Uwe Klaus

title : Text classification for spoken dialogue systems.
year : 2016
author 0 : Roman B. Sergienko

title : On bandit learning and pricing in markets.
year : 2018
author 0 : Paresh Nakhe

title : Efficient and robust pose estimation based on inertial and visual sensing.
year : 2012
author 0 : Elmar Mair

title : Ein universelles Hard- und Softwarekonzept f&uuml;r grauwertverarbeitende Bilderkennungssysteme zur automatischen visuellen Inspektion in der Elektroniktechnologie.
year : 1988
author 0 : Peter Maschotta

title : Detektion und Estimation von akustischen Signalen mit Hidden-Markov-Modellen.
year : 1999
author 0 : Stefan Oberle

title : Java program analysis by symbolic execution.
year : 2015
author 0 : Carsten Otto

title : Hybride Datenflu&szlig;graphen und ihre Anwendung beim Entwurf analog, digitaler Systeme.
year : 2000
author 0 : Christoph Grimm 0001

title : Energy-Constrained Real-Time Systems and Their Worst-Case Analyses.
year : 2020
author 0 : Peter W&auml;gemann

title : Automatic segmentation and clustering of spectral terahertz data.
year : 2012
author 0 : Henrike Stephani

title : Fehlerdiagnose bei Luftfahrttriebwerken.
year : 1997
author 0 : Sebastian Bauer 0005

title : Anisotropic diffusion in image processing.
year : 1998
author 0 : Joachim Weickert

title : Data Compression for Collaborative Visual SLAM.
year : 2019
author 0 : Dominik Van Opdenbosch

title : Entscheidung bei Zielkonflikten: ein PC-gest&uuml;tztes Verfahren.
year : 1992
author 0 : R&uuml;diger von Nitzsch

title : Entwicklung eines Smoothed Particle Hydrodynamics (SPH) Codes zur numerischen Vorhersage des Prim&auml;rzerfalls an Brennstoffeinspritzd&uuml;sen.
year : 2013
author 0 : Corina H&ouml;fler

title : Ein Beitrag zur Entwurfsunterst&uuml;tzung, Leistungsanalyse und Leistungsbewertung von Echtzeitsystemen und Echtzeitbetriebssystemen.
year : 1998
author 0 : Frank Golatowski

title : Formal Verification of Concurrent Embedded Software.
year : 2016
author 0 : Johannes Traub

title : Fehlerrobuste Verfahren zur Quellen- und Kanalcodierung von Bin&auml;r- und ASCII-Quellen.
year : 1999
author 0 : Gabriele Buch

title : Localized state space and polynomial filters with applications in electrocardiography
year : 2019
author 0 : Reto A. Wildhaber

title : Entwurf eines Blackboard-Rahmensystems f&uuml;r die Arbeitsplanung.
year : 1993
author 0 : Reiner Gosmann

title : Beitrag zum Entwurf selbstpr&uuml;fender digitaler Systeme.
year : 1987
author 0 : Hartwig D&ouml;tzel

title : Entwurf und Bewertung von Verfahren zur Verkehrslenkung in WDM-Netzen.
year : 2003
author 0 : Jan Sp&auml;th

title : Digitale Gesundheit: Patient Experience und Physician Experience im Rahmen der digitalen Transformation im deutschen Gesundheitswesen.
year : 2021
author 0 : Moritz Erasmus Behm

title : Wechselspiel von Dialog und Datenstruktur f&uuml;r vergleichende regelungstechnische Simulationen.
year : 1991
author 0 : Norbert Gaus

title : Die Altenhilfeeinrichtung als Betrieb: allgemeine Struktur und Ans&auml;tze einer Konzeption f&uuml;r den EDV-Einsatz zur Unterst&uuml;tzung der Betriebsf&uuml;hrung.
year : 1986
author 0 : Ingeborg Maier-Ruppert

title : Vergleichende Untersuchungen von Datenmodellen und Datenbanksystemen.
year : 1983
author 0 : Bui The Hong

title : Social Malcode: benutzerabh&auml;ngige Schadprogramme.
year : 2013
author 0 : Markus Engelberth

title : Signal processing algorithms for gesture recognition using millimeter-wave radar technology.
year : 2021
author 0 : Yuliang Sun

title : ELEI: elektronische Endoprothesen-Identifikation.
year : 2003
author 0 : Sabine G&ouml;hner

title : Formale Lastbeschreibung und eine Methode zur Lastmodellierung f&uuml;r innovative Kommunikationssysteme.
year : 1993
author 0 : Jee-Joong Kim

title : Computerlinguistische Methoden in Community-basierten Anwendungen.
year : 2014
author 0 : Elena Levushkina

title : Satisfiability and model checking in team based logics.
year : 2014
author 0 : Julian-Steffen M&uuml;ller

title : Security requirements engineering: a framework for cyber-physical systems.
year : 2020
author 0 : Shafiq-Ur Rehman

title : Multimediale Lernprogramme im Medizinstudium.
year : 1999
author 0 : Walter Mattauch

title : A transformational approach to the design of communicating systems.
year : 1994
author 0 : Stephan R&ouml;ssig

title : Modelle in der optischen Computertomographie.
year : 1997
author 0 : Cuong Tran Luu

title : Adaptive Personalization in Driver Assistance Systems.
year : 2021
author 0 : Hien Dang

title : CORBA und Java in der Automatisierungstechnik: Anbindung von Steuerungssystemen an das World Wide Web.
year : 1999
author 0 : Thomas Lumpp

title : Die Einf&uuml;hrung von Vorgangsbearbeitungssystemen in der &ouml;ffentlichen Verwaltung als IT-organisatorischer Gestaltungsproze&szlig;.
year : 1999
author 0 : Ildiko Knaack

title : Hierarchical hybrid grids: data structures and core algorithms for efficient finite element simulations on supercomputers = Hierarchische hybride Gitter.
year : 2006
author 0 : Benjamin Karl Bergen

title : Datenschutz im familien- und vormundschaftsgerichtlichen Verfahren.
year : 1997
author 0 : Carola Ensslen

title : Effiziente Laufzeitsysteme f&uuml;r Datenlager.
year : 2000
author 0 : Till Westmann

title : Vom Fremddruck zur Selbstbeschr&auml;nkung: das Problem der Verarbeitung juridischer Normativit&auml;t durch Internet-Intermedi&auml;re
year : 2020
author 0 : Ramon de Vasconcelos Neg&oacute;cio

title : Automatisierter Entwurf von Fuzzy-Systemen.
year : 1995
author 0 : Hartmut Surmann

title : Konzeption und Implementierung eines Datenbank-orientierten, modularen Modellierungssystems f&uuml;r lineare Modelle.
year : 1991
author 0 : Heinrich Wittmann

title : Inverse Bestrahlungsplanung f&uuml;r intensit&auml;tsmodulierte Strahlenfelder mit linearer Programmierung als Optimierungsmethode.
year : 2003
author 0 : Matthias Hilbig

title : Scalable Distributed Query Processing in Parallel Main-Memory Database Systems.
year : 2016
author 0 : Wolf R&ouml;diger

title : Analysis and synthesis of interactive component and connector systems.
year : 2014
author 0 : Jan Oliver Ringert

title : Self-organizing control of networked systems.
year : 2017
author 0 : Ren&eacute; Schuh

title : Der Computer als organisatorischer Gestaltungsfaktor in Klein- und Mittelbetrieben: morphogenet. Ph&auml;nomene d. Computers.
year : 1983
author 0 : Dieter Heilmann

title : Die Verbindung der betrieblichen Produktionsprogrammplanung mit der maschinellen Ausarbeitung des Planteils Produktion und des komplexen Effektivit&auml;tsnachweises: dargestellt am Beispiel von Betrieben der bezirksgeleiteten Industrie.
year : 1980
author 0 : Andreas Ehrlich

title : Heuristic-based Genetic Operation in Classifier Systems.
year : 2015
author 0 : Nugroho Fredivianus

title : Untersuchungen zu hochpr&auml;zisen kinematischen DGPS-Echtzeitverfahren: mit besonderer Ber&uuml;cksichtigung atmosph&auml;rischer Fehlereinfl&uuml;sse.
year : 1996
author 0 : Helmut Blomenhofer

title : Identifikationsmessplatz auf Mikrorechnerbasis.
year : 1984
author 0 : Wolfgang Drewelow

title : Visual Analytics of Temporal Event Sequences in News Streams.
year : 2014
author 0 : Milos Krstajic

title : Beitr&auml;ge zum Entwurf von Automatisierungsanlagen in Elektroenergiesystemen.
year : 1981
author 0 : Ingo Neumann

title : Timing analysable synchronisation techniques for parallel programs on embedded multi-cores.
year : 2013
author 0 : Mike Gerdes

title : Finite element methods for global illumination computations.
year : 2000
author 0 : Marc Stamminger

title : Ein Verfahren zur Konstruktion ordinaler Netzwerkskalen: OSDS.
year : 1985
author 0 : Bernd Radtke

title : Beitr&auml;ge zur Konfiguration von Standardsoftware am Beispiel der Gesch&auml;ftsprozessimplementierung und der Parameterinitialeinstellung bei der Einf&uuml;hrung eines grossintegrierten PPS-Systems.
year : 1994
author 0 : Martin Pietsch

title : Terrestrial laser scanning for the generation and calibration of finite element models.
year : 2016
author 0 : Xiangyang Xu

title : Skalierbare Gruppenkommunikationsunterst&uuml;tzung f&uuml;r ATM-Netze.
year : 2001
author 0 : Axel B&ouml;ger

title : Structural and differential analysis for program comprehension of executables.
year : 2017
author 0 : Arne Wichmann 0001

title : Advancing Deductive Program-Level Verification for Real-World Application: Lessons Learned from an Industrial Case Study.
year : 2014
author 0 : Thorsten Bormer

title : Reliability of decision-support systems for nuclear emergency management.
year : 2013
author 0 : Tudor B. Ionescu

title : Tactile perception of cognitive robots.
year : 2011
author 0 : Matthias Sch&ouml;pfer

title : Layout Inference and Table Detection in Spreadsheet Documents.
year : 2020
author 0 : Elvis Koci

title : Efficiency by sparsity: depth-adaptive superpixels and event-based SLAM.
year : 2014
author 0 : David Weikersdorfer

title : Netze, Karten, Irrg&auml;rten:Graphenbasierte explorative Ans&auml;tze zur Datenanalyse und Anwendungsentwicklung in den Geisteswissenschaften.
year : 2016
author 0 : Rasmus Krempel

title : Semantic-based management of federated infrastructures for future internet experimentation.
year : 2016
author 0 : Alexander Willner

title : Anwendung von Mitteln und Methoden der k&uuml;nstlichen Intelligenz im Layoutentwurf elektronischer Baugruppen.
year : 1993
author 0 : Andr&eacute; K&ouml;rner

title : Expertensystem - Werkzeug zur Risikoanalyse im Projektmanagement: Analyse des Entscheidungsprozesses im Projekt-Angebotsmanagement und Entwicklung des REGULA-Tools.
year : 1990
author 0 : Uwe Schnorrenberg

title : System-Specialized and Hybrid Approaches to Network Packet Classification.
year : 2020
author 0 : Sven Hager

title : Die Methode der Anforderungsflussanalyse zur Qualit&auml;tssicherung bei der Entwicklung von Software-Produkten.
year : 1989
author 0 : Volker Zurwehn

title : Durchlauforientierte Losgr&ouml;ssenbestimmung.
year : 1991
author 0 : Peter Nyhuis

title : Communication infrastructure modeling of many-core architectures.
year : 2012
author 0 : Leandro M&ouml;ller

title : Konzept eines modellgest&uuml;tzten telemedizinisch-supervidierten Trainings am Beispiel von KHK-Patienten.
year : 2018
author 0 : Frerk M&uuml;ller-von Aschwege

title : Decentralized data storage and processing in the context of the LHC experiments at CERN.
year : 2012
author 0 : Jakob Blomer

title : User Interfaces for Cooperation.
year : 2016
author 0 : Alexander Kulik

title : Expertensystem f&uuml;r die St&ouml;rungsdiagnose an w&auml;rmetechnischen Anlagen von Geb&auml;uden.
year : 1992
author 0 : Daniel E. Maurer

title : Entwicklung robuster Bildverarbeitungsalgorithmen f&uuml;r Serviceroboter mittels konfigurierbarer reaktiver Ablaufstrukturen.
year : 2013
author 0 : Uwe Lange

title : On representing relationships in object-oriented databases.
year : 2000
author 0 : Torsten Polle

title : Entwicklung eines Messsystems f&uuml;r Feldmessungen in Windenergieanlagen und echtzeitf&auml;hige Implementierung eines Lebensdauermodells zur Zustands&uuml;berwachung von Leistungshalbleitern.
year : 2020
author 0 : Wilfried Holzke

title : Optimierungskonzepte f&uuml;r Qualit&auml;tsdatenverarbeitung und Informationsbereitstellung in der Elektronikfertigung.
year : 1999
author 0 : Hans-Martin Biehler

title : El desarrollo de la habilidad profesional pedag&oacute;gica utilizar software educativo por docentes de Ciego de &Aacute;vila.
year : 2017
author 0 : Rodolfo Luis Reyes Ba&ntilde;os

title : The application of fast read-out processors in the CHARM-II-experiment.
year : 1988
author 0 : Thomas Bauche

title : Graph-Matching zur positions- und verzerrungsinvarianten Objekterkennung auf der Basis der Wavelet-Transformation.
year : 1991
author 0 : J&ouml;rg Lange

title : Strategy machines: representation and complexity of strategies in infinite games.
year : 2014
author 0 : Marcus Gelderie

title : Zuverl&auml;ssigkeit von Nahbereichskommunikationsnetzen.
year : 1987
author 0 : Peter Protzel

title : Information Dependency and Its Applications.
year : 2012
author 0 : Kien Le Trung

title : Agentenbasierte, automatische Parallelisierung in der Bildanalyse.
year : 2000
author 0 : Maximilian L&uuml;ckenhaus

title : Ein Zugriffskontrollmodell f&uuml;r aufgabenbezogene Rollen.
year : 2015
author 0 : Gerlinde Fischer

title : Optimierungsprobleme mit Cliquen und Bicliquen in Graphen.
year : 2018
author 0 : Eugenia Holm

title : Entwurf verteilter Steuerungen, dargestellt am Beispiel der Steuerung einer Mischfutterproduktion.
year : 1984
author 0 : Bernd Sch&uuml;mann

title : Der vernetzte Manager: intelligente Nutzung des PC am Arbeitsplatz.
year : 1992
author 0 : Clino Vallone

title : St&ouml;rungsanalyse in komplexen technologischen Anlagen unter dem Aspekt der k&uuml;nstlichen Intelligenz.
year : 1985
author 0 : Uwe Fiedler

title : Towards real learning robots.
year : 1999
author 0 : Getachew Hailu

title : An approach to the machine front end services for the CIM open system architecture (CIM-OSA).
year : 1993
author 0 : Wu-Nan Hou

title : Curious vision system for autonomous object learning.
year : 2014
author 0 : Pramod Chandrashekhariah

title : Formation Navigation and Relative Localisation of Multi-Robot Systems.
year : 2013
author 0 : Frank Schneider

title : Ein Beitrag zur methodischen Modellierung betrieblicher Informationsverarbeitungsprozesse.
year : 1993
author 0 : Alexander Krzepinski

title : Der Oberfl&auml;chenwellen-Convolver als schneller Korrelator in einem digitalen Bildverarbeitungssystem.
year : 1987
author 0 : J&ouml;rg Becker 0002

title : Intuitive speech interface technology for information exchange tasks.
year : 2015
author 0 : Hansj&ouml;rg Hofmann

title : Retargetable postpass optimisation by integer linear programming.
year : 2000
author 0 : Daniel K&auml;stner

title : Methodik zur Planung von Informationssystemen f&uuml;r die Qualit&auml;tsplanung.
year : 1991
author 0 : Thomas Haermeyer

title : Optimierte Auslegung verteilter Realzeitsysteme.
year : 2000
author 0 : Herbert Thielen

title : Strengthening system security on the ARMv7 processor architecture with hypervisor-based security mechanisms.
year : 2017
author 0 : Julian Vetter

title : Analyse des stadteinheitlichen Dokumentationssystems der Notarztwagen in Essen.
year : 1997
author 0 : Markus Buschmeier

title : Universalsortimentsanalyse im Handel: e. suchtheoret. Ansatz.
year : 1982
author 0 : Uwe Sertel

title : Validit&auml;t der computergest&uuml;tzten kephalometrischen Wachstumsprognose VTO (Visual Treatment Objective) nach Ricketts.
year : 1997
author 0 : Corinna Sievers

title : Game on or game over?: the potential of gamification and game design elements to facilitate motivation, performance, and behavior.
year : 2020
author 0 : Christopher Gr&ouml;ning

title : Die Informationsbetriebe: Typologie u. Marketingpolitik.
year : 1985
author 0 : Harald Bessler

title : Untersuchung typischer Wechselwirkungen zwischen neuartigen Stellelementen, Automatisierungsstruktur und automatisierungsgerechter Anlagengestaltung.
year : 1981
author 0 : Olaf Groll

title : Inhouse-Kommunikation &uuml;ber electronic mail in einem F&uuml;hrungskr&auml;fteteam: eine qualitative und quantitative Untersuchung.
year : 1997
author 0 : Angelika Heinrike Heil

title : Bitstream-based attacks against reconfigurable hardware.
year : 2018
author 0 : Pawel Swierczynski

title : Information work support based on activity data (Handlungsdatenbasierte Informationsarbeitsunterst&uuml;tzung).
year : 2013
author 0 : Benedikt Schmidt

title : Oberon-XSC: eine Programmiersprache und Arithmetikbibliothek f&uuml;r das Wissenschaftliche Rechnen.
year : 1998
author 0 : Peter Januschke

title : Modellierung und Synthese von Kommunikationsstrukturen f&uuml;r eingebettete Echtzeitsysteme.
year : 2001
author 0 : Frank-Michael Renner

title : Entwicklung von Methoden zur optischen 3D-Vermessung in Bewegung.
year : 2015
author 0 : Andreas Breitbarth

title : Ein mathematisches Verfahren zur automatisierten Verifikation von Kommunikationsprotokollen.
year : 1985
author 0 : Hans Eckert

title : Fitting simulation input models for correlated traffic data.
year : 2012
author 0 : Jan Kriege

title : A Cloud Storage Overlay to Aggregate Heterogeneous Cloud Services.
year : 2016
author 0 : Guilherme Sperb Machado

title : Towards Infinite-State Symbolic Model Checking for B and Event-B.
year : 2017
author 0 : Sebastian Krings

title : Minimizing the makespan of diagnostic multi-query graphs in embedded real time systems.
year : 2020
author 0 : Nadra Tabassam

title : Pattern-based refinement and translation of object-oriented models to code.
year : 2001
author 0 : Christian Bunse

title : Resource Planning in Cross-Docking Platforms - Models and Algorithms.
year : 2021
author 0 : Pascal Wolff

title : A model of computation for reconfigurable systems.
year : 2013
author 0 : Felix Madlener

title : CRC806-Database: A semantic e-Science infrastructure for an interdisciplinary research centre.
year : 2016
author 0 : Christian Willmes

title : An embedded real-time system on ATLAS ROBIN.
year : 2012
author 0 : Maoyuan Yu

title : Parallel composition and unfolding semantics of graph grammars.
year : 1996
author 0 : Leila Ribeiro 0001

title : Enriching web applications efficiently with real-time collaboration capabilities.
year : 2014
author 0 : Matthias Heinrich 0001

title : Verfahren zur Schaltungspartitionierung f&uuml;r die parallele Logiksimulation.
year : 1995
author 0 : Christian Sporrer

title : Konstruktionsbegleitende Kostenermittlung f&uuml;r industrielle Erzeugnisse im Rahmen einer computerintegrierten Produktion (Computer Integrated Manufacturing).
year : 1992
author 0 : Christian Meinecke

title : Beitrag zur rechnergest&uuml;tzten Bearbeitung betrieblicher Planungsprobleme mit Hilfe der Simulationstechnik.
year : 1983
author 0 : Rolf B&auml;ckers

title : Walsh-Funktionen in der Systemtheorie.
year : 1979
author 0 : Ortrud Janicke

title : Verteilte kontinuierliche Einsatzplanung in Dynamischen Virtuellen Kraftwerken.
year : 2015
author 0 : Astrid Nie&szlig;e

title : Cryptographic hardware agility for physical protection.
year : 2018
author 0 : Pascal Sasdrich

title : Resiliency mechanism for in-memory column stores.
year : 2018
author 0 : Till Kolditz

title : Kalman-Filter-Sch&auml;tzung in &ouml;konometrischen Mehrgleichungsmodellen bei unvollst&auml;ndiger Systeminformation.
year : 1987
author 0 : Martin Odening

title : Incremental decision procedures for modal logics with nominals and eventualities.
year : 2012
author 0 : Mark Kaminski

title : Expertensystem-unterst&uuml;tzte Parameterextraktion analytischer Bauelementemodelle mit standardisierter Schnittstelle zum Schaltungsentwurf.
year : 1992
author 0 : Walter Drangmeister

title : &Uuml;ber OBDDs und ihre Anwendung in der Testbarkeitsanalyse.
year : 1994
author 0 : Rolf Krieger

title : Ber&uuml;hrungslose Informations&uuml;bertragung &uuml;ber rotatorische und translatorische Gelenke in Handhabungssystemen: Integration eines Bussystems in einen Industrieroboter zur &Uuml;bertragung von Sensor- und Steuerungsdaten.
year : 1993
author 0 : Joachim Fuchs

title : PHOENIX: A Premise to Reinforce Heterogeneous and Evolving Internet Architectures with Exemplary Applications.
year : 2020
author 0 : Sripriya Srikant Adhatarao

title : Design and provability of a statically configurable hypervisor.
year : 2017
author 0 : Jan Nordholz

title : Technologische Grundlagen zur mikrorechnergest&uuml;tzten Fehlererkennung in Vermittlungsstellen.
year : 1982
author 0 : Roselinde M&uuml;hlberg

title : Fail-safe-Konzept f&uuml;r Public-key-Infrastrukturen.
year : 2002
author 0 : S&ouml;nke Maseberg

title : Analysis of algorithms for online uni-directional conversion problems.
year : 2013
author 0 : Iftikhar Ahmad 0004

title : Transaktionssysteme: e. Unters. d. Funktionsumfangs, d. Realisierungsm&ouml;glichkeiten u.d. Leistungsverhaltens.
year : 1986
author 0 : Klaus Meyer-Wegener

title : Ein aufmerksamkeitsgest&uuml;tztes, biologienahes Objekt-Erkennungs- und Verfolgungssystem mit impulscodierenden Neuronen.
year : 2000
author 0 : Martin Pauly

title : Gestaltung von rechnergest&uuml;tzten Messinformationssystemen zur geometrischen Qualit&auml;tskontrolle in der automatisierten Teilefertigung.
year : 1990
author 0 : Joachim Francke

title : Bedarfsangepasste neuronale Netze mit topographischer Kodierung zur Bestimmung der inversen Kinematik von Gelenkarmrobotern.
year : 1994
author 0 : J&uuml;rgen Hakala

title : Qualitative spatial and temporal reasoning based on And/Or linear programming: an approach to partially grounded qualitative spatial reasoning.
year : 2014
author 0 : Arne Kreutzmann

title : Adaptive, vernetzte, eingebettete Systeme: Modellierung des Energiebedarfs.
year : 2018
author 0 : Patrick Heinrich

title : Entwicklung eines Konzeptes zur Spezifikation standardisierter Leistungsparameter im Rahmen einer industrialisierten Software-Bereitstellung.
year : 2013
author 0 : Florian Muh&szlig;

title : Plazieren von Zellen: Theorie und L&ouml;sung eines quadratischen 0/1-Optimierungsproblems.
year : 1992
author 0 : Robert Weismantel

title : Adaptive algorithms for 3D reconstruction and motion estimation.
year : 2019
author 0 : Daniel Maurer 0002

title : Analyse kryptographischer Protokolle.
year : 1998
author 0 : Jochen Schober

title : Prinzipien der Bilanzierung des Wasserhaushaltes mit einem Anwendungsbeispiel in der Mittelgebirgsregion der DDR.
year : 1980
author 0 : Walter Golf

title : Computergest&uuml;tzte integrierte Unternehmensrechnung auf der Basis von Matrizen.
year : 1989
author 0 : Artur Ickstadt

title : Entwurf und Leistungsbewertung von Ad-hoc-Kommunikationsnetzen f&uuml;r den Katastrophenschutz.
year : 2013
author 0 : Andreas Herbert Wolff

title : Optische Kommunikationsnetzwerke.
year : 1989
author 0 : Wilhelm Stork

title : Echtzeitparametersch&auml;tzung von nichtlinearen dynamischen Systemen.
year : 1986
author 0 : Harald Schulz

title : Optimization of Boolean expressions for main memory database systems.
year : 2018
author 0 : Fisnik Kastrati

title : Systematische Erstellung von Modellen bei der Simulation von Grundwasserstr&ouml;mungen nach der Methode der finiten Elemente.
year : 1991
author 0 : Volker Bettzieche

title : L&ouml;sung von gemischt-ganzzahligen Modellen mit Netzwerkstruktur.
year : 1982
author 0 : Wolfgang Peem&ouml;ller

title : Cut-Through-Switching von Internetzprotokollen: ein Architekturentwurf.
year : 1997
author 0 : Olaf Riebe

title : Eine Middleware f&uuml;r spontane Kommunikationsanwendungen.
year : 2013
author 0 : Jan-Patrick Elsholz

title : Psychologische Untersuchungen zur Evaluation von Unterrichtssoftware.
year : 1989
author 0 : Sabine M&ouml;ley

title : Ein biomechanisches Modell auf Basis von individuellen anthropometrischen Daten f&uuml;r das Bewegungslernen von Flugphasen bei sportlichen Bewegungsabl&auml;ufen.
year : 1999
author 0 : Gongbing Shan

title : Optimisation and Validation of a Swarm Intelligence based Segmentation Algorithm for low Contrast Positron Emission Tomography.
year : 2014
author 0 : Robert Haase

title : Direkte numerische Simulation turbulenter Str&ouml;mungen auf Parallelrechnern.
year : 1997
author 0 : Martin Strietzel

title : Zur Entwicklung der lebendigen Arbeit bei flexibler Automatisierung.
year : 1990
author 0 : K. Molina Cabazas

title : Anonymous distributed computing: computability, randomization and checkability.
year : 2015
author 0 : Jochen Seidel

title : Resource bounded reasoning about knowledge.
year : 2001
author 0 : Ho Ngoc Duc

title : Optimisation of tableau-based reasoning systems for expressive description logics.
year : 2016
author 0 : Andreas Steigmiller

title : An effective security warning approach for malware attacks on mobile devices.
year : 2018
author 0 : Jana Fruth

title : Datenmodell f&uuml;r die NC-Programmierung.
year : 2000
author 0 : Oliver Schulze

title : Urkundenbeweisrecht und Elektroniktechnologie: eine Studie zur Tauglichkeit gesetzlicher Beweisregeln f&uuml;r elektronische Dokumente und ihre Reproduktionen im Zivilprozess.
year : 1996
author 0 : J&ouml;rg W. Britz

title : Zu Fragen der Auswahl und Wirtschaftlichkeit des Einsatzes von CAD/CAM-L&ouml;sungen.
year : 1989
author 0 : Jerzy Wr&oacute;bel

title : Untersuchung des Einflusses der Kopplung des Fahrzeugkastens mit den Drehgestellen und der Kopplung der Drehgestelle untereinander auf das horizontale Laufverhalten von Br&uuml;ckenschienenfahrzeugen beim Befahren enger Gleisb&ouml;gen mittels der digitalen rechnergest&uuml;tzten Simulationsrechnung.
year : 1992
author 0 : Dietmar Imig

title : Prediction and Parameter Coding for Non-rectangular Block Partitioning.
year : 2020
author 0 : Max Bl&auml;ser

title : Entwicklung und Realisierung eines integrierten Sicherheitskonzeptes der Informationsinfrastruktur: dargestellt an einem Beispiel-Betrieb.
year : 1997
author 0 : Ortwin Scholz

title : System zur computergest&uuml;tzten Auftragsabwicklung kundenindividueller Produkte durch Einzel- und Kleinserienfertigung.
year : 1991
author 0 : Dirk M&uuml;ller 0006

title : The provable security of elgamal-type signature schemes.
year : 2018
author 0 : Manuel Fersch

title : Combining visual recognition and computational linguistics : linguistic knowledge for visual recognition and natural language descriptions of visual content.
year : 2014
author 0 : Marcus Rohrbach

title : Zur Modellierung intelligenter nichtlinearer Systeme auf der Basis von k&uuml;nstlichen neuronalen Netzen.
year : 2001
author 0 : Stefan Markus Baginski

title : Informations- und Beratungssystem zur ergonomischen Arbeitsgestaltung.
year : 1994
author 0 : Ina-Alexandra H&auml;ger

title : Approximation mit rationalen B-Spline Kurven und Flaechen. Approximation with rational B-spline curves and surfaces / Bernhard Elsaesser.
year : 2008
author 0 : Bernhard Els&auml;sser

title : Das Gershwin-Konzept: die Konzeption einer adaptiven planbasierten Hilfekomponente f&uuml;r Softwaresysteme.
year : 2003
author 0 : Bernhard St&uuml;ber

title : Technikgest&uuml;tzte Kommunikation und Kooperation im B&uuml;ro: Entwicklungshindernisse - Einsatzstrategien - Gestaltungskonzepte.
year : 1995
author 0 : Friedrich Knittel

title : Contributions to the Analysis of Qualitative Models of Regulatory Networks.
year : 2015
author 0 : Hannes Klarner

title : Die numerische Berechnung harmonischer Schwingungen beliebiger Schalen.
year : 1984
author 0 : Stefan Lenssen

title : Datenkonsistenz in Data-warehouse-Systemen.
year : 1999
author 0 : Michael Teschke

title : Efficient device drivers for supercomputers.
year : 2015
author 0 : Dominic Eschweiler

title : Fehlertolerantes Workflow-Management: eine Architektur f&uuml;r die zuverl&auml;ssige Ausf&uuml;hrung verteilter Gesch&auml;ftsprozesse.
year : 1997
author 0 : Helmut W&auml;chter

title : Rechnergest&uuml;tzte Messwerterfassung in der Qualit&auml;tssicherung.
year : 1989
author 0 : Volkmar R&ouml;ssler

title : Untersuchungen zur Vorbereitung des Mensch-Maschine-Dialoges f&uuml;r Gruppenleiter Fertigungstechnologie in den Betrieben VEB WW Warnem&uuml;nde, VEB MTW Wismar und im VEB NW Rostock.
year : 1985
author 0 : Jochen M&uuml;ller 0004

title : Symmetrische und unterbrechende Prozesskommunikation.
year : 1989
author 0 : Rainer Oechsle

title : Virtual Team Assistant: intelligente Assistenzsysteme f&uuml;r die automatisierte Vorgangsbearbeitung.
year : 1999
author 0 : Georg Schneider 0002

title : Flood modeling in spatial data and grid infrastructures.
year : 2014
author 0 : Stefan Kurzbach

title : Untersuchung des Frequenzspektrums simulierter elektromyographischer Signale anhand eines Computermodells: eine theoretische Studie.
year : 1995
author 0 : Heiko Finkbeiner

title : Transaktionen in Datenbankprogrammiersprachen: semantische Integration und pr&auml;dikative Implementierungsstrategien.
year : 1984
author 0 : Manuel Reimer

title : Ausgew&auml;hlte Therapiema&szlig;nahmen bei traumatisierten RTH-Patienten auf der Intensivstation: eine Verlaufsbeobachtung zum posttraumatischen Proze&szlig;qualit&auml;tsmanagement.
year : 1997
author 0 : Christopher Andratschke

title : Model-driven development of sensor network applications with optimization of non-functional constraints.
year : 2016
author 0 : Nguyen Xuan Thang

title : Generating processors from specifications of instruction sets.
year : 2011
author 0 : Ralf Dreesen

title : Modellgetriebene Softwareentwicklung eingebetteter Systeme: Methodik, Metamodelle, Beispiele.
year : 2012
author 0 : Georg Dummer

title : Ein einheitlicher Zugang zu Steuerbarkeits- und Optimalit&auml;tsbedingungen f&uuml;r nichtlineare Kontrollsysteme.
year : 1987
author 0 : Klaus Wagner 0003

title : Das modulare Arbeitsanalyse-System (MAS).
year : 1991
author 0 : Klaus Groth

title : Komplexit&auml;t einer k&uuml;nstlichen Intelligenz.
year : 1993
author 0 : Achim G. Hoffmann

title : Berechnung und Simulation des fliessenden Kraftfahrzeugverkehrs in St&auml;dten: ein Beitrag zur Schaffung eines rechnergest&uuml;tzten Stadtplanungsmodells mit grafischer Datenverarbeitung.
year : 1993
author 0 : Heino Rudolf

title : Decoder Improvements for Fast Decoding of Low-Density Parity-Check Codes.
year : 2020
author 0 : Janik Frenzel

title : Fehlerkorrektur von Speicherfehlern mit Low-Density-Parity-Check-Codes.
year : 2020
author 0 : Paul-Patrick Nordmann

title : A corporate architecture and object oriented modeling substrate for distributed heterogeneous information systems.
year : 1991
author 0 : Loudovikos Marinos

title : Development of high performance parallel graphical applications with efficient parallel processing and adaptive techniques.
year : 1998
author 0 : M&aacute;rcio Lobo Netto

title : Entwurfsbegleitende Leistungsanalyse mit UML, MARTE und generalisierten Netzen.
year : 2013
author 0 : Evelina Koycheva

title : Methodik zur Verwendung von Verfahren der k&uuml;nstlichen Intelligenz in Systemen f&uuml;r Leiterplattenentwurf.
year : 1993
author 0 : Dimitar Ruscev

title : &Uuml;ber Graphgrammatiken, eine Spezifikationsmethode f&uuml;r Programmiersprachen und verteilte Regelsysteme.
year : 1992
author 0 : Georg Schied

title : Praxisnahe Informatisierung des endoskopischen Funktionsbereichs der Medizinischen Klinik I der Universit&auml;t Erlangen-N&uuml;rnberg.
year : 1997
author 0 : Christof Seggewies

title : Modellierungs- und Simulationsinstrumentarium f&uuml;r fehlertolerante verteilte Systeme angewendet auf verteilte Datenbankverwaltungssysteme.
year : 1986
author 0 : Marek Leszak

title : Vollautomatische Segmentierung und Interpretation des arteriellen Blutgef&auml;&szlig;baums in CTA-Daten.
year : 2013
author 0 : Thomas Beck 0001

title : Gestaltung flexibler, portabler und integerer Software-Bausteine zur effektiven rechnerunterst&uuml;tzten Fertigungsvorbereitung, dargestellt am Beispiel der Fertigungszeitermittlung f&uuml;r spanende Verfahren.
year : 1987
author 0 : Uwe Pr&ecirc;t

title : Closing the parallel gap: a data structure architecture.
year : 1992
author 0 : Andreas B&ouml;ttcher

title : Eine dedizierte Prozessor-Architektur zur effizienten Berechnung leitf&auml;higkeitsbasierter neuronaler Netze.
year : 2018
author 0 : Marcel Beuler

title : Inkrementelle oberfl&auml;chenkompositionale Analyse und Generierung von nat&uuml;rlicher Sprache.
year : 2012
author 0 : Johannes Handl

title : Modern constraint answer set solving.
year : 2018
author 0 : Max Ostrowski

title : Ein Rahmenwerk zur interaktiven Klassifikation hochaufl&ouml;sender optischer Satellitenbilder mittels graphenbasierter Bildmodellierung.
year : 2011
author 0 : Jens Kersten

title : JAVADAPTOR: unrestricted dynamic updates of Java applications.
year : 2012
author 0 : Mario Pukall

title : Beitrag zur Gestaltung der Bedarfsermittlung bei Mehrproduktfertigung mit Varianten.
year : 1981
author 0 : Egon Schiemann

title : Image noise parameter estimation by principal component analysis.
year : 2013
author 0 : Stanislav Pyatykh

title : Spezifikation von Kommunikationsprotokollen auf der Basis attributierter Grammatiken.
year : 1985
author 0 : Otto Haas

title : Konzeption eines dezentralisierten, prozessnah einsetzbaren Automatisierungssystems auf der Basis von Einchip-Mikrorechnern.
year : 1986
author 0 : Ferdinand Schwartz

title : Verification of golog programs over description logic actions.
year : 2018
author 0 : Benjamin Zarrie&szlig;

title : Consistency Checking for Ontology-Based Workflows.
year : 2012
author 0 : Gabriele Weiler

title : Ein Verfahren zur Analyse und Synthese von Transputersystemen bei dedizierten Echtzeitanwendungen in der Kommunikationstechnik.
year : 1992
author 0 : Veit Lauterberg

title : Beitrag zur Erarbeitung eines Programmsystems zur Beherrschung von Prozessst&ouml;rungen in der Teilefertigung durch die Fertigungssteuerung.
year : 1983
author 0 : Wolfgang D&uuml;niss

title : Model reductions for queueing and agent-based systems with applications in communication networks.
year : 2018
author 0 : Wasiur R. KhudaBukhsh

title : Efficient setup of acoustic models for large vocabulary continuous speech recognition.
year : 2015
author 0 : Christian Gollan

title : Neutralit&auml;t und Transparenz von Netzwerken und Anwendungen.
year : 2014
author 0 : Andreas D&auml;hn

title : Zur rechnergest&uuml;tzten Auftragsannahme und Kundenberatung bei der Investitionsvorbereitung von St&uuml;ckgutlagern.
year : 1985
author 0 : Rita Berndt

title : Modalit&auml;tsspezifische Aufbereitung medizinischer Bilddaten.
year : 2003
author 0 : Martin Haimerl

title : &Uuml;ber die Sicherheit und Effizienz kryptographischer Verfahren mit Klassengruppen imagin&auml;r-quadratischer Zahlk&ouml;rper.
year : 2002
author 0 : Safuat Hamdy

title : Computer vision for automated inspection of fabric products: methodology for feature extraction and classification.
year : 1988
author 0 : Ahmed Alam Eldin

title : Physische Datenbankoptimierung in hauptspeicherbasierten Column-Store-Systemen.
year : 2012
author 0 : Christian Lemke

title : Automated Hierarchical, Forward-Chaining Temporal Planner for Planetary Robots Exploring Unknown Environments.
year : 2016
author 0 : Juan Manuel Delfa Victoria

title : A Matter of Perspective - Three-dimensional Placement of Multiple Cameras to Maximize their Coverage.
year : 2015
author 0 : Maria H&auml;nel

title : Effektive Strategiekonstruktionen f&uuml;r Gale-Stewart-Spiele auf Transitionsgraphen.
year : 1996
author 0 : Sebastian Seibert

title : Skeleton-based validation for density-based clustering.
year : 2018
author 0 : Christian Braune

title : Customer based IP service monitoring with mobile software agents.
year : 2002
author 0 : Manuel G&uuml;nter

title : Allowing flexibility in critical systems: the EPOC framework.
year : 2012
author 0 : Steffen Stein

title : Einchipmikrorechnernetz mit verbindungsorientiertem &Uuml;bertragungsprotokoll zur Verkettung von verdrahtungs- und speicherprogrammierten Kleinsteuerungen.
year : 1989
author 0 : Uwe Rossberg

title : Zur Gestaltung von EDV-Anwendungssystemen f&uuml;r die operative Leitung des Produktionsprozesses unter Nutzung von Daten- und Methodenbanken.
year : 1982
author 0 : Margrit K&ouml;hler

title : Lexikographische Generierung, Ranking und Unranking kombinatorischer Objekte: eine Average-Case Analyse.
year : 2001
author 0 : Jens Liebehenschel

title : Elektronischer Gesch&auml;ftsverkehr aus Sicht privater Haushalte: konsumentengerechte Realisierung elektronischer Marktsysteme.
year : 1999
author 0 : Ralf-Christian H&auml;rting

title : Einsatz eines Bildverarbeitungssystems zur Erfassung der Morphologie und des Wachstums myzelbildender Mikroorganismen in submerser Kultur.
year : 1990
author 0 : Udo Reichl

title : Beitrag zur technischen Realisierung von fernsehkompatiblen semigrafischen Datensichtger&auml;ten.
year : 1982
author 0 : Helmut Sterl

title : Modellbildung und Empfindlichkeitsanalyse bei physikalischen Prozessen, die durch Systeme mit verteilten Parametern beschrieben werden.
year : 1981
author 0 : B&uuml;lent Karas&ouml;zen

title : Anrufwiederholungen, ein Beitrag zu ihrer mikrorechnergest&uuml;tzten Erfassung: Analyse u. Modellierung.
year : 1984
author 0 : Boris Lehmann

title : Nutzung elektronischer Datenverarbeitungsanlagen im Echtzeitbetrieb dargestellt am Beispiel der Materialversorgung f&uuml;r die diskrete Fertigung im elektronischen Ger&auml;tebau.
year : 1983
author 0 : R&uuml;diger Liskowsky

title : Dom&auml;nen&uuml;bergreifende Anwendungskommunikation im IP-basierten Fahrzeugbordnetz.
year : 2014
author 0 : Kay Weckemann

title : Simple and scalable quality of service for wireless mobile networks.
year : 2003
author 0 : J&ouml;rg Diederich 0001

title : Ressourcenbeschr&auml;nkte Ablaufplanung bei Kreisen im System der Reihenfolgebeziehungen.
year : 1990
author 0 : Michael Roth 0004

title : Entwicklung der Software zur parallelen Datenauswertung bei SAPHIR unter UNIX.
year : 1992
author 0 : Reinhold Adscheid

title : Roboterkinematik: Grundlagen, Invertierung und symbolische Berechnung.
year : 1992
author 0 : Harald Rieseler

title : Biometrische Funktionsdiagnostik der Halswirbels&auml;ule: ein Vergleich der manuellen Untersuchung der HWS mit der R&ouml;ntgendiagnostik nach Arlen unter Anwendung digitaler Messtechnik und eines spezifischen Computerprogrammes.
year : 1992
author 0 : Karl B&ouml;hm

title : Eine geowissenschaftliche Datenbanksprache mit benutzerdefinierbaren geometrischen Datentypen.
year : 1988
author 0 : Karl-Heinz Neumann

title : Der diskrete Charme der neuen Medien: digitale Musik im medientheoretischen Kontext und deren musikp&auml;dagogische Wertung.
year : 1997
author 0 : Norbert Schl&auml;bitz

title : Theoretische und konzeptionelle Grundlagen der B&uuml;rosystem-Planung.
year : 1990
author 0 : Klaus H&ouml;ring

title : Retrieving business information from the www.
year : 2002
author 0 : Gabriela Mu&szlig;ler

title : Dual irregular pyramids.
year : 1995
author 0 : Dieter Willersinn

title : Zur Anwendung der Theorie der Spiele f&uuml;r Aufgaben der Bautechnologie.
year : 1986
author 0 : Friedel Peldschus

title : Availability by Design: Practical Denial-of-Service-Resilient Distributed Wireless Networks.
year : 2020
author 0 : Milan Stute

title : Grafisches Roboter-Simulationssystem mit verteilter Architektur.
year : 1997
author 0 : Dongchen Wang

title : Konzeption und Aufbau eines elektronischen Dokumentationssystems f&uuml;r die LDL-Apherese (extrakorporale LdL-Elimination mittels therapeutischer Affinit&auml;tschromatographie, sog. Immunapherese) bei dauerbehandelten Patienten mit schwerer famili&auml;rer Hypercholesterin&auml;mie auf der Basis der relationalen Datenbank R:Base.
year : 1993
author 0 : Andreas Sch&uuml;ring

title : Boolean reasoning for digital circuits in presence of unknown values: application to test automation.
year : 2014
author 0 : Michael A. Kochte

title : Boundary-Element-Programmrealisierung zur L&ouml;sung von zwei- und dreidimensionalen thermoelastischen Problemen mit Volumenkr&auml;ften.
year : 1982
author 0 : Wolfgang Neureiter

title : Optimale Abfahrsteuerung thermischer Kernreaktoren.
year : 1984
author 0 : Klaus Hoffmann

title : Die ULM - ein RISC f&uuml;r Lisp: Systemarchitektur.
year : 1990
author 0 : Reinhard Rasche

title : Entwicklungsprobleme einer Planungssprache mit integrierter Planungslogik.
year : 1993
author 0 : Jochen T&ouml;pfer

title : Datenbankrecherche &uuml;ber die H&auml;ufigkeit von Doppel- und Wiederholungsversuchen in der biomedizinischen Grundlagenforschung.
year : 1992
author 0 : Gabriele Wekerle

title : Analysis of mental representations and processes in information modeling: an approach based on a training system for EXPRESS.
year : 1999
author 0 : Ben Marx

title : Konzeption und Gestaltung einer Variante des durchg&auml;ngig integrierten Computereinsatzes in der studienvorbereitenden Ausbildung ausl&auml;ndischer B&uuml;rger.
year : 1991
author 0 : Elke Hoffmann

title : Profiling - Pers&ouml;nlichkeitsschutz durch Datenschutz?: eine Standortbestimmung nach Inkrafttreten der DSGVO.
year : 2020
author 0 : Nora Lorentz

title : Bekannte Unbekannte: formale Methoden in Anwesenheit unbekannter Werte.
year : 2015
author 0 : Sven Reimer

title : Untersuchung von technischen M&ouml;glichkeiten zur Analyse stochastischer Signale und Beschreibung eines Ger&auml;tesystems zur Ermittlung von Spektraldichtefunktionen unter Anwendung der schnellen Fourier-Transformation.
year : 1980
author 0 : Dieter Peters

title : Generierung von Induktionsformeln und Generalisierung beim automatischen Beweisen mit vollst&auml;ndiger Induktion.
year : 1990
author 0 : Birgit Hummel

title : Rechnereinsatz in der Umformtechnik unter Einbindung von Expertensystemen.
year : 1989
author 0 : Gerhard Hermann Arfmann

title : Z-Reversibilit&auml;t von Markov-Ketten und diskretes Verst&auml;rkungslernen.
year : 1997
author 0 : Maria Teresa Gallegos-Wendel

title : Learning to Interpret and Apply Multimodal Descriptions.
year : 2018
author 0 : Ting Han

title : Resilient Design for Process and Runtime Variations.
year : 2015
author 0 : Farshad Firouzi

title : Effiziente Datenverarbeitung auf heterogenen Rechnerarchitekturen f&uuml;r die 3D-Ultraschall-Computertomographie.
year : 2014
author 0 : Matthias Birk

title : Ein EDV-System f&uuml;r die On-line-Echtzeit-Verarbeitung von ganzk&ouml;rperplethysmographischen Messungen in der klinischen Routine.
year : 1984
author 0 : Albrecht Zai&szlig;

title : Assessing the Benefit of Adaptive Brain-Computer Interfacing.
year : 2013
author 0 : Martin Sp&uuml;ler

title : Untersuchung zur Methodik von Sicherheitsanalysen.
year : 1984
author 0 : Hans-Nicolaus Rindfleisch

title : Approaches for dynamic interaction: interaction techniques for the selection and manipulation of dynamic objects.
year : 2016
author 0 : Roland Schr&ouml;der-Kroll

title : Seamless Flexibility in High-Performance Network Functions Virtualization.
year : 2018
author 0 : Leonhard Nobach

title : Computerassistierte Vaskularisationsanalyse von Mammatumoren mit dem Echosignalverst&auml;rker SHU 508 A (Leovovist) sowie 3D-Ultraschall.
year : 2003
author 0 : Claudia Bitzer

title : Large-scale detection and measurement of malicious content.
year : 2011
author 0 : Jan Gerrit G&ouml;bel

title : Optimizing Spatial Filters to reduce BCI Inefficiency.
year : 2013
author 0 : Claudia Sannelli

title : Auswahl von Online-Datenbanken: eine Rechercheschnittstelle f&uuml;r das Online-Retrieval integriert in das Konstanzer Hypertext System.
year : 1995
author 0 : Marc Rittberger

title : Film und Computer: wie digitale Bilder den Spielfilm ver&auml;ndern.
year : 1999
author 0 : Almuth Hoberg

title : Kontextsensitive Bildinterpretation mit Markoff-Zufallsfeldern.
year : 1995
author 0 : Martin K&ouml;ster

title : Logistikorientierte Materialflussregelung: ein Beitrag zur ganzheitlichen, permanenten Gestaltung von Fertigungssystemen.
year : 1993
author 0 : J&uuml;rgen Harland

title : Prognosesysteme f&uuml;r die Verkehrssicherheit mit Methoden des Soft-Computings am Beispiel einer Gl&auml;tteprognose und einer Fahrzustandsbestimmung.
year : 2003
author 0 : Frank Wieland

title : Bricks &amp; Clicks im E-Business.
year : 2003
author 0 : Daniel Hunziker

title : Modeling Non-Standard Text Classification Tasks.
year : 2013
author 0 : Nedim Lipka

title : Konzeption, Entwicklung und Validierung des wissensbasierten Herbizid-Beratungssystems HERBASYS.
year : 1991
author 0 : Bernhard Gottesb&uuml;ren

title : Algorithms for vehicle navigation.
year : 2013
author 0 : Sabine Storandt

title : Neue Ans&auml;tze zur Unterdr&uuml;ckung von Impulsrauschen in Grauwert- und Farbbildern.
year : 1997
author 0 : Odej Kao

title : Adaptive und wandlungsf&auml;hige IT-Architektur f&uuml;r Produktionsunternehmen.
year : 2014
author 0 : Stefan Silcher

title : Enhancing Security in Managing Personal Data by Web Systems.
year : 2017
author 0 : Stefan Wild

title : Einsatz von Ad-hoc-Modellen in der Maschinendynamik.
year : 1984
author 0 : Werner Gumpert

title : Ein Mechanismus f&uuml;r die Synchronisation paralleler Prozesse.
year : 1982
author 0 : Andreas Wittmann 0003

title : Labeled graphs and dynamic link matching for face recognition and scene analysis.
year : 1995
author 0 : Laurenz Wiskott

title : Operationelle Abflussvorhersage mit Echtzeit-Simulationssystemen unter Einbezug des Kalman-Filters.
year : 1990
author 0 : Heribert Nacken

title : Design and Development of a GPU-Accelerated Micromagnetic Simulator.
year : 2014
author 0 : Gunnar Selke

title : Zu Analyse und Entwurf evolution&auml;rer Algorithmen.
year : 2000
author 0 : Stefan Droste

title : Self-organization in networks of mobile sensor nodes.
year : 2015
author 0 : Christian Blum 0002

title : Persona: ein anthropomorpher Pr&auml;sentationsagent f&uuml;r Internet-Anwendungen.
year : 2000
author 0 : Jochen M&uuml;ller 0001

title : Geometric, Feature-based and Graph-based Approaches for the Structural Analysis of Protein Binding Sites : Novel Methods and Computational Analysis.
year : 2013
author 0 : Thomas Fober

title : Parameter synthesis in Markov models.
year : 2020
author 0 : Sebastian Junges

title : Tendenzen beim Einsatz von Personalcomputern im betrieblichen Rechnungswesen: Probleme von Hard- und Software.
year : 1990
author 0 : Holger Noffz

title : Entwicklung und Validierung eines methodischen Konzeptes zur ergonomischen Gestaltung von Bediensystemen in der Produktionstechnik.
year : 1997
author 0 : Gerd Schneider

title : Generalisation and security improvement of mix mediated anonymous communication.
year : 2000
author 0 : Anja Jerichow

title : Sprachcodierung durch Konturierung eines geh&ouml;rangepa&szlig;ten Spektrogramms und ihre Anwendung zur Datenreduktion.
year : 1997
author 0 : Markus Mummert

title : High-level Graphical Programming for Big Data Applications.
year : 2019
author 0 : Tanmaya Mahapatra

title : Multilinguale Validierung der ItchApp&#169;.
year : 2019
author 0 : Christian Schnitzler

title : Structure and dynamics of wireless communication systems.
year : 2013
author 0 : Janne Riihij&auml;rvi

title : Predictive Analytic und die Haftung f&uuml;r fehlerhafte Ergebnisse gegen&uuml;ber betroffenen Einzelpersonen.
year : 2019
author 0 : Susanne Mentel

title : Die &Uuml;berwachung lokaler Funknetzwerke ("WLAN-Catching"): Informationstechnologische und strafprozessuale Aspekte unter besonderer Ber&uuml;cksichtigung allgemeiner Fragen der Internet&uuml;berwachung und Verschl&uuml;sselung.
year : 2019
author 0 : Christian R. Ulbrich

title : Die paarungsgeometrische Pr&uuml;fung komplexer Bohrbilder und deren Kopplung an CAD-Systeme.
year : 1990
author 0 : Frank Strobach

title : Static Verification Techniques for Attributed Graph Transformations.
year : 2017
author 0 : Frederik Deckwerth

title : Probabilistic Methods for Network Security. From Analysis to Response.
year : 2013
author 0 : Tammo Krueger

title : Ein Algorithmus zur L&ouml;sung von Anfangswertproblemen auf Parallelrechnern.
year : 1992
author 0 : Bartholom&auml;us Johannes Pohl

title : Weight discretization due to optical constraints and its influence on the generalization abilities of a simple perceptron.
year : 2000
author 0 : Maissa Aboukassem

title : Structured Co-sparse Analysis Operator Learning for Inverse Problems in Imaging.
year : 2019
author 0 : Julian W&ouml;rmann

title : Expertensysteme in der strategischen Planung.
year : 1992
author 0 : Hans-Ulrich Wandel

title : Technische Systeme f&uuml;r die Mensch-Mensch-Kommunikation im B&uuml;ro auf der Grundlage von Mitteilungen.
year : 1987
author 0 : Claus Sattler

title : Telematik in der Tourismuswirtschaft: wirtschaftliche Auswirkungen neuer technischer Informations- und Kommunikationssysteme (insbesondere Bildschirmtext) im Reiseverkehrssektor der Bundesrepublik Deutschland.
year : 1992
author 0 : Falk von Bornstaedt

title : Entwurf und Realisierung eines Systems zur Erstellung von verteilten Anwendungen f&uuml;r kontinuierliche Medien.
year : 1998
author 0 : Robert Zwickenpflug

title : Human Object Sketches: Datasets, Descriptors, Computational Recognition and 3d Shape Retrieval.
year : 2012
author 0 : Mathias Eitz

title : Privacy Threats in the Mobile Web &amp; Social Media.
year : 2019
author 0 : Lorenz Schwittmann

title : On scheduling with setup times.
year : 2019
author 0 : Alexander M&auml;cker

title : Hardware-in-the-Loop testing of industrial automation systems using PLC languages.
year : 2021
author 0 : David Th&ouml;nnessen

title : Komponenten f&uuml;r ein enggekoppeltes, heterogenes Mehrrechnersystem.
year : 1992
author 0 : Herbert Kleebauer

title : Repr&auml;sentation temporaler Information in k&uuml;nstlichen neuronalen Netzen.
year : 1996
author 0 : Klaus Eder

title : Quellenseparation.
year : 1997
author 0 : Frank Ehlers

title : Kanonische Korrelationsanalyse: Theorie, Methodik u. Anwendungen.
year : 1983
author 0 : Michael R&ouml;hr

title : Die Entwicklung und fr&uuml;here Bedeutung des Harzer Rotviehs unter Ber&uuml;cksichtigung der geographisch und sozial bedingten Verh&auml;ltnisse im Zuchtgebiet sowie die Einbeziehung von EDV-Auswertungsergebnissen noch vorhandener Herd- und Vork&ouml;rb&uuml;cher: e. Beitr. zum Harzer Rotvieh.
year : 1985
author 0 : Uwe Arnold 0002

title : A two-view approach to creating computer animation.
year : 1995
author 0 : Wenhui Guo

title : Enhancing the scalability of many-core systems towards utilizing fine-grain parallelism in task-based programming models.
year : 2017
author 0 : Tamer Dallou

title : Vergleichende Betrachtungen zur dynamischen Korrektur linearer Systeme.
year : 1987
author 0 : Wlodzimierz Kowalski

title : Tribologie magnetischer Informationsspeicherwerkstoffe.
year : 1992
author 0 : Heyjo Jacobi

title : Einf&uuml;hrung von Informations- und Kommunikationstechnologie.
year : 1988
author 0 : Robert Junker

title : A framework for reliable and dynamic wireless sensor-actuator networks.
year : 2016
author 0 : Helena Gruhn

title : Identification and zero-error codes.
year : 2016
author 0 : Annina Bracher

title : Algorithmische und numerische Untersuchungen von simplexartigen Algorithmen der Linearen Optimierung.
year : 1991
author 0 : Peter Szyler

title : Vielfachzugriffssysteme mit unkonventionellen Frequenzsprungverfahren.
year : 1993
author 0 : Uwe-Carsten Fiebig

title : On normalization and type checking for tree transducers.
year : 2011
author 0 : Sylvia Friese

title : Ein Vorgehensmodell zum Entwurf tragf&auml;higer IT-Sicherheitsinfrastrukturen im organisations&uuml;bergreifenden Datenaustausch.
year : 2014
author 0 : Jan Zibuschka

title : Parametrische semi-infinite Optimierung in totalgeordneten Gruppen.
year : 1987
author 0 : Siegfried Helbig

title : Methodology for the in-process evaluation of software-based process failures in selective laser melting machine tools.
year : 2018
author 0 : Rodrigo Pastl Pontes

title : Hy-NLI: a Hybrid system for state-of-the-art Natural Language Inference.
year : 2021
author 0 : Aikaterini-Lida Kalouli

title : Connectivity of Boolean satisfiability.
year : 2016
author 0 : Konrad W. Schwerdtfeger

title : M-Learning in der beruflichen Bildung: Potenziale und Gestaltungsempfehlungen f&uuml;r M-Learning-Szenarien.
year : 2013
author 0 : Maria Kalsperger

title : Die Registrierungspraktiken f&uuml;r Internet-Domain-Namen in der EU.
year : 2003
author 0 : Rudolf Rayle

title : Schutz vor Indiskretionen: e. rechtsvgl. Darst. d. Schutzes d. Pers&ouml;nlichkeitssph&auml;re vor Informationsweitergabe in d. Bundesrepublik Deutschland, Frankreich u.d. Schweiz.
year : 1988
author 0 : Klaus Geyer-Sch&auml;fer

title : Dynamic Difficulty Adjustment.
year : 2015
author 0 : Olana Missura

title : Architekturbasiertes IT-Alignment: Bezugsrahmen und Framework zur mehrdimensionalen und kontinuierlichen Ausrichtung von Gesch&auml;ft und IT.
year : 2015
author 0 : Ivonne Kr&ouml;schel

title : Alignment incoherence in ontology matching.
year : 2011
author 0 : Christian Meilicke

title : Informationsverarbeitung mit k&uuml;nstlichen neuronalen Netzwerken.
year : 1988
author 0 : Dieter Lang

title : Isabelle, Isar - a versatile environment for human readable formal proof documents.
year : 2002
author 0 : Markus Wenzel 0001

title : Zur Berechnung chemischer Gleichgewichte in heterogenen Vielkomponentensystemen mit Hilfe von Abstiegsverfahren der zul&auml;ssigen Richtungen.
year : 1981
author 0 : Martin Pr&ouml;seler

title : Kunden- und Wettbewerbsorientierung neugegr&uuml;ndeter Softwareunternehmen: eine empirische Untersuchung von Teamgr&uuml;ndungen.
year : 2003
author 0 : Thilo Andreas M&uuml;ller

title : Beitrag zur Anpassung von EDV-Programmen der technologischen Fertigungsvorbereitung an Anwenderforderungen, dargestellt an der rechnerunterst&uuml;tzten Programmierung numerisch gesteuerter Werkzeugmaschinen.
year : 1982
author 0 : Klaus Riedel

title : Proof Search in Multi-Agent Dialogues for Modal Logic.
year : 2018
author 0 : Martin Sticht

title : Ein Beitrag zur Optimierung der mathematisch-naturwissenschaftlichen und ingenieurtechnischen Grundlagenausbildung von ausl&auml;ndischen Studenten durch den Einsatz von Kleincomputern.
year : 1990
author 0 : Rainer Bungert

title : Design and evaluation of a system to extend identity management to multiple devices.
year : 2012
author 0 : Marc Barisch

title : QoS-aware mobility management in IP-based communication networks: analysis. design and implementation.
year : 2012
author 0 : Esam Alnasouri

title : Computergest&uuml;tzte Entscheidungshilfen im Marketing: die Intergration informationsorientierter, modellorientierter und wissensbasierter Ans&auml;tze im Rahmen eines Systems zur Unterst&uuml;tzung der Analyse von Marketingdaten.
year : 1989
author 0 : Martin Both

title : Situiertes Lernen in augmented-reality-basierten Trainingssystemen am Beispiel der Echokardiographie.
year : 2002
author 0 : Sabine Trochim

title : Store buffer reduction theorem and application.
year : 2016
author 0 : Geng Chen

title : Einsatz eines Mikrorechners zur Regelung eines Stromrichtermotors bei Betrieb mit maximalem Leistungsfaktor.
year : 1981
author 0 : Wolfgang Richter 0003

title : Herzschallanalyse mit automatischem Diagnosevorschlag auf der Basis neuronaler Netze.
year : 1994
author 0 : Stephan Ester

title : Relational cost analysis.
year : 2018
author 0 : Ezgi &Ccedil;i&ccedil;ek

title : Effizienz organisatorischer Massnahmen und Strukturen: e. Unters. mit Hilfe d. Modellsimulation kybernetischer Systeme unter besonderer Beachtung verhaltenstheoretischer Aspekte.
year : 1982
author 0 : Wolf-Dietrich von Heyking

title : Modulares Informationsmanagement in der integrierten Produkt- und Prozessplanung.
year : 1997
author 0 : Peter Steinwasser

title : Ein Verfahren zur automatischen Erstellung der Dokumentation in Automatisierungsprojekten.
year : 1988
author 0 : J&ouml;rg Gauger

title : Nutzung von Mikrocomputern in der akademischen Lehre: dargestellt am Beispiel des Lehrgebietes Werkstofftechnik der Fachrichtung Polytechnik.
year : 1990
author 0 : Detlef Launert

title : Gesch&auml;ftspolitische Effekte des Einsatzes von Expertensystemen in Kreditinstituten.
year : 1992
author 0 : G&uuml;nter Schmittdiel

title : Produktionsplanung mit verdichteten Daten.
year : 1985
author 0 : Norbert Wittemann

title : Verfahren zur rechnergest&uuml;tzten, statischen Analyse der Entwurfsspezifikation von Prozessautomatisierungssystemen.
year : 1982
author 0 : Helmut Schelling

title : Beitrag zur Modellanalyse der Verkehrssicherheit im PKW-Bereich.
year : 1987
author 0 : Viet Vu-Han

title : COX-C mit Operatorkonzept.
year : 1998
author 0 : Rolf Lindemann

title : Virtual Team Assistant: Integration von synchroner und asynchroner Telekooperation zur Unterst&uuml;tzung automatisierter Vorgangsbearbeitung unter besonderer Ber&uuml;cksichtigung von Arbeitsteams.
year : 1999
author 0 : Georg Schneider 0002

title : Decomposition of stability proofs for hybrid systems.
year : 2011
author 0 : Jens Oehlerking

title : Kopplung von Netzwerk- und Halbleitersimulator nach dem Master-Slave-Prinzip.
year : 1995
author 0 : Joachim Aurich

title : Optimization and Parallelization of RegEx Based Information Extraction.
year : 2021
author 0 : Johannes Doleschal

title : When it's clicking overnight. Auditory stimulation of sleep slow oscillations to enhance memory.
year : 2015
author 0 : Hong-Viet Victor Ngo

title : Depth Image-Based Rendering for Full Parallax Displays.
year : 2015
author 0 : Daniel Jung 0003

title : Service Delivery Platform basierend auf Grid und Agenten Technologien.
year : 2013
author 0 : Silvan Kaiser

title : Computer Graphics Support in Head-Mounted Displays for Helicopter Guidance.
year : 2016
author 0 : Ferdinand Eisenkeil

title : Optimierung von Schienenfahrzeuglaufwerken auf der Basis der Finite-Element-Methode.
year : 1984
author 0 : Raimund Leitheiser

title : Die Belastungs- und Verteilungswirkungen der indirekten Steuern in der Bundesrepublik Deutschland.
year : 1982
author 0 : Rudolf K.-H. Dennerlein

title : Die Verwertungsgesellschaftspflicht f&uuml;r urheberrechtliche Verg&uuml;tungsanspr&uuml;che und ausschlie&szlig;liche Verwertungsrechte.
year : 2003
author 0 : John-Christian Plate

title : SIMD code generation in data-parallel programming.
year : 2009
author 0 : Nicolas Fritz

title : Ein wiederverwendbares Software-Modell f&uuml;r Regelsysteme.
year : 1991
author 0 : Jeong Beom Ji

title : On-line Erkennung kursiver Handschrift bei gro&szlig;en Vokabularen.
year : 1998
author 0 : Stefan Manke

title : Sicherheitstechnische Absch&auml;tzung des Betriebszustandes von Pumpen zur Schadensfr&uuml;herkennung.
year : 1997
author 0 : Singgih Hawibowo

title : CAD-gerechte Erfassung von technischen Zeichnungen durch Erkennung und Auswertung von Bemassungen.
year : 1997
author 0 : Volker Junge

title : Towards a methodology for improving the comparability of accelerometer-based results for physical activity measurements in older adults.
year : 2013
author 0 : Lukas Gorzelniak

title : Untersuchung zur Irrelevanzreduktion bei der Blockcodierung von Bin&auml;rbildern.
year : 1983
author 0 : Volker M&auml;rgner

title : Kontrollflussanalyse und formale Begriffsanalyse von C-Code aus Software-Produktlinien mit Variabilit&auml;tsmanagement durch den Pr&auml;prozessor.
year : 2018
author 0 : Dierk L&uuml;demann

title : On-Demand Monitoring: a Monitoring Paradigm for Traffic Flows in Multi-Service Self-Managing Networks.
year : 2012
author 0 : Ranganai Chaparadza

title : Universal data access for run-time resource-constrained wireless networks.
year : 2012
author 0 : Krisakorn Rerkrai

title : Technisch-technologische Sicherheitsaspekte bei der Teletexkommunikation im paketvermittelten Datennetz der DDR.
year : 1988
author 0 : Heidrun Hillig

title : Untersuchung des kontrollierten Vokabulars in Chemical Abstracts Online: ein Beitrag zur Gestaltung eines idealen Informationssystems in der Chemie.
year : 1990
author 0 : Sabine Martin

title : Die Konstruktion effizienter Teststrategien zur automatisierten Bestimmung von Wahrnehmungsschwellen.
year : 1987
author 0 : Stephan Trispel

title : Methoden und Verfahren zur L&ouml;sung des verallgemeinerten Maschinenbelegungsproblems.
year : 1983
author 0 : Nicola Bashlekov

title : Photoakustische Spektroskopie f&uuml;r die Umweltanalytik.
year : 1994
author 0 : Thomas Fink

title : Image synthesis methods for texture-based visualization of vector fields.
year : 2017
author 0 : Victor Matvienko

title : Conditional Transformation Models - Interpretable Parametrisations and Censoring.
year : 2015
author 0 : Lisa M&ouml;st

title : Stand der Entwicklung elektronischer Spracherkennungssysteme und deren Anwendungsm&ouml;glichkeiten in logistischen Funktionen.
year : 1988
author 0 : Bernd G. M&uuml;ller

title : Ein Beitrag zur Synthese von rekursiven Algorithmen zur Zustandssch&auml;tzung und Parameteridentifikation stochastisch gest&ouml;rter Systeme mit Hilfe Lyapunov'scher Funktionen.
year : 1984
author 0 : Bernd M&auml;diger

title : Ein neuer Ansatz zur Parallelisierung von Compilern.
year : 1982
author 0 : Monika Messerer

title : Multi-Image Techniques for the Resolution Enhancement of Images and Video Sequences.
year : 2018
author 0 : Michel B&auml;tz

title : Technische und organisatorische Aspekte von Softwaretests (Technical and organizational aspects of testing software).
year : 2011
author 0 : Tim A. Majchrzak

title : Content management and knowledge management: two faces of ontology-based deep-level interpretation of text.
year : 2011
author 0 : Irma Sof&iacute;a Espinosa Perald&iacute;

title : Dynamic semantics negotiation in distributed and evolving software systems: towards automated semantics directed system configuration.
year : 2000
author 0 : Torsten Meyer

title : Construction and decoding of evaluation codes in hamming and rank metric.
year : 2018
author 0 : Sven Puchinger

title : Analyse polymorpher Gensequenzen und informationstheoretische Optimierung der Auswahl von Oligonukleotidsonden zur Typisierung der Klasse-II-Gene.
year : 1991
author 0 : Carlheinz M&uuml;ller

title : Connection calculi for automated theorem proving in classical and non-classical logics.
year : 2013
author 0 : Jens Otten

title : Konzept zur Definition und Kombination von Lasten im Rahmen der deutschen Sicherheitsrichtlinie.
year : 1982
author 0 : Werner Schobbe

title : Die netzorientierte Analyse im verteilten Datenbanksystem POREL.
year : 1982
author 0 : Gerhard Peter

title : Bestimmung linearer Pr&auml;dikatoren durch Polarit&auml;tskorrelation.
year : 1983
author 0 : Thomas Denker

title : Parametersch&auml;tzung in zeitkontinuierlichen dynamischen Systemen.
year : 1990
author 0 : Hermann Singer

title : Ressourcenbilanzierung in der Netzplantechnik unter den Bedingungen zuf&auml;lligen Ressourcenbedarfs.
year : 1987
author 0 : Siegfried Sch&ouml;nherr

title : Untersuchung neuer, gestenbasierter Methoden f&uuml;r die 3D-Interaktion.
year : 1995
author 0 : Ulrich Br&ouml;ckl-Fox

title : Verfahren zur effizienten Parameteroptimierung von Simulationsmodellen.
year : 1997
author 0 : Michael Syrjakow

title : Quantitative Erfassung der Software und ihres Entstehungsprozesses.
year : 1995
author 0 : Marcus Deininger

title : Decision algorithms for probabilistic simulations.
year : 2009
author 0 : Lijun Zhang 0001

title : Interaktionstechniken zur virtuellen Exterieurbeurteilung im industriellen Automobildesign.
year : 2018
author 0 : Matthias de Clerk

title : Robuste Erkennung der prosodischen Ph&auml;nomene und der emotionalen Benutzerzust&auml;nde in einem multimodalen Dialogsystem.
year : 2011
author 0 : Viktor Zei&szlig;ler

title : Learning Data-Driven Representations for Robust Monocular Computer Vision Applications.
year : 2014
author 0 : Christian Herdtweck

title : Teilautomatische Generierung von Simulationsmodellen aus systemneutral definierten Unternehmensdaten am Beispiel der Integration der Materialflusssimulation in die Planung von Fertigungsanlagen.
year : 1995
author 0 : Ralph Splanemann

title : Fotografische Datenbasengenerierung f&uuml;r Simulatoren mit digitalem Aussensichtsystem.
year : 1991
author 0 : Aristovoulos Christidis

title : Perception-driven rendering: techniques for the efficient visualization of 3D scenes including view- and gaze-contingent approaches.
year : 2019
author 0 : Martin Weier

title : Mediennutzung im Studium: eine empirische Untersuchung am Karlsruher Institut f&uuml;r Technologie.
year : 2012
author 0 : Michael Grosch

title : JAM - Just Another Algorithm to Solve a Motion Planning Problem: ein geometrisches Bahnplanungsverfahren f&uuml;r Zweiarmroboter.
year : 1992
author 0 : Erika Beer

title : Kommunikationskonzept f&uuml;r die Proze&szlig;leittechnik.
year : 1999
author 0 : Matthias Arnold

title : Bitkomplexit&auml;t der Maximumbestimmung in allgemeinen und speziellen Graphen.
year : 1990
author 0 : Erwin Unruh

title : A new probabilistic approach in predictive microbiology.
year : 2011
author 0 : Nadine Sch&ouml;ne

title : Imputation of missing genotypes in genetic studies through generalizations of the basic coalescent.
year : 2015
author 0 : Maria Kabisch

title : Nutzerorientiertes Energiedatenmanagement.
year : 2017
author 0 : Fabian Rigoll

title : Verteilte Rekonfiguration und Fehlerbehebung in fehlertoleranten Multicomputersystemen.
year : 1996
author 0 : Andreas Bauch

title : Combining prior information for the prediction of transcription factor binding sites.
year : 2016
author 0 : Philipp Benner

title : Ein Beitrag zur Untersuchung der Hardware ausgew&auml;hlter konventioneller 16- und 32-Bit-Mikroprozessorsysteme zur Eignung f&uuml;r die Capability-Orientierung.
year : 1992
author 0 : Christine Krause

title : Entwicklung eines Datenerfassungssystems mit graphischer Benutzeroberfl&auml;che zur Erfassung zahnmedizinischer Befund- und Leistungsdaten.
year : 1991
author 0 : Joachim Welters

title : Cooperation and coordination of constraint solvers.
year : 2001
author 0 : Petra Hofstedt

title : Ein mathematisches Modell zur Simulation von Wachstum und Durchforstung gleichaltriger Reinbest&auml;nde.
year : 1983
author 0 : Klaus R&ouml;misch

title : Fehlerlinguistik und computerunterst&uuml;tzte Fremdsprachenerwerbsforschung: ein Beitrag zur Genuskompetenz im Spanischen.
year : 1994
author 0 : Werner B&uuml;nnagel

title : Conditional safety certification for open adaptive systems.
year : 2014
author 0 : Daniel Schneider 0001

title : Konvergenz der TIME-M&auml;rkte: empiriegest&uuml;tzte Entwicklung eines adaptiven und innovativen Konzeptrahmens f&uuml;r ein kooperatives und integrierendes, gesch&auml;ftskundenbezogenes Marketingmanagement Schweizer Anbieter.
year : 2003
author 0 : Sascha G&ouml;tte

title : Rechnergest&uuml;tzte statische und dynamische Spannungsoptik unter Einsatz interpolierender Splinefunktionen zur Spannungsanalyse eben beanspruchter Bauteile.
year : 1983
author 0 : Klaus Klein

title : Ein Beitrag zu Speicherarchitekturen programmierbarer Multiprozessoren der Bildverarbeitung.
year : 1992
author 0 : Hans Volkers

title : Ein Konzept zur entwurfsbegleitenden Leistungsanalyse von Rechensystemen.
year : 1995
author 0 : Uwe Langer

title : Mobility support in IP cellular networks: a multicast based approach.
year : 2003
author 0 : Andreas Festag

title : Memory Efficient Signature Matching in Deep Packet Inspection Applications at Line Rates.
year : 2019
author 0 : Subramanian Shiva Shankar

title : Monitoring in multiprocessor systems.
year : 1995
author 0 : Patricia Hinojosa Probst

title : Computerunterst&uuml;tzte Materialflussplanung f&uuml;r Warenverteilsysteme.
year : 1993
author 0 : Christoph Beumer

title : Supporting continuous media communications and applications by exploiting their special characteristics.
year : 1998
author 0 : Changpeng Fan

title : Measuring and predicting non-functional properties of customizable programs.
year : 2012
author 0 : Norbert Siegmund

title : Modellierung von Zusammenbaubedingungen zur Reihenfolgebildung im cyber-physischen Montagesystem.
year : 2019
author 0 : Nadia R. Galaske

title : Component integration in METAFrame.
year : 1998
author 0 : Andreas Cla&szlig;en

title : Methodische Gestaltung programmierter Studienanleitungen zur Anfertigung von Belegen in Studiengruppen unter dem Aspekt der Bef&auml;higung von Fachschulstudenten zu selbst&auml;ndiger wissenschaftlicher Arbeit.
year : 1987
author 0 : Manfred Heller

title : Beitrag zur Auswahl chemischer Reaktoren mittels heuristisch-numerischer Verfahren.
year : 1995
author 0 : Ulrich Westhaus

title : Zur Entwicklung von Software f&uuml;r die interaktive geometrische Modellierung dreidimensionaler Objekte.
year : 1989
author 0 : Roland Garz

title : Visual analysis of high-dimensional spaces.
year : 2014
author 0 : Georgia Priscylla Cesar de Albuquerque Richers

title : Optical orientation determination for airborne and spaceborne line cameras.
year : 2012
author 0 : J&uuml;rgen Wohlfeil

title : Ein Beitrag zur Konzeption integrativer Informationssysteme.
year : 1992
author 0 : Franz Angenendt

title : Nichtlineare lernf&auml;hige Netzwerke und ihre Anwendung in der Informationsverarbeitung.
year : 1990
author 0 : Thorsten P&ouml;schel

title : A framework for the vectorization of molecular dynamics kernels.
year : 2020
author 0 : Markus H&ouml;hnerbach

title : Konzeption eines unternehmungsspezifischen Informationssystems zur Lenkung betrieblicher Prozesse: "Computer Aided Controlling (CAC)" im Maschinenbaubetrieb.
year : 1991
author 0 : Steffen Syrbius

title : Konzeption eines Informationssystems f&uuml;r die Planung automatisierter Montagesysteme.
year : 1987
author 0 : Peter Kettner

title : Zur temporalen Logik von B&auml;umen.
year : 1990
author 0 : Bernd-Holger Schlingloff

title : A Layered Conversational Recommender System.
year : 2013
author 0 : Sven Radde

title : Systematik f&uuml;r die rechnergest&uuml;tzte &Auml;hnlichteilsuche und Standardisierung.
year : 1997
author 0 : Ulrich Kr&ouml;nert

title : Verfahren zur Verbesserung der Ausfallsicherheit verteilter Informationssysteme: mit 13 Tabellen.
year : 1995
author 0 : Helmut Meitner

title : Improving statistical machine translation using morpho-syntactic information.
year : 2002
author 0 : Sonja Nie&szlig;en

title : Ein Beitrag zur Integration von CAE-Systemen im Chemieanlagenbau.
year : 1997
author 0 : Christopher Bormann

title : Modelling and inversion of high precision gravity data.
year : 1997
author 0 : Elias Lewi

title : Disaggregation von Haushaltsenergiemessdaten mit tiefen neuronalen Netzen.
year : 2021
author 0 : Kaibin Bao

title : Entwicklung einer neuen Zustandsgleichung auf der Basis des Van-der-Waals-Modells.
year : 1981
author 0 : Ingrid Westmeier

title : Beitr&auml;ge zur Analyse und Synthese eines pr&auml;diktiven Regelverfahrens.
year : 1984
author 0 : Yugeng Xi

title : Characterization, avoidance and repair of packet collisions in inter-vehicle communication networks.
year : 2012
author 0 : Jens Mittag

title : Die Steuerhinterziehung: e. betriebswirtschaftl. Systematik d. Methoden im Bereich d. Gewinnsteuern u.e. EDV-System zur Aufdeckung u. Bek&auml;mpfung d. Steuerhinterziehung.
year : 1983
author 0 : Alexander Paufler

title : Verbesserung der &Uuml;berdeckung von Service-Komposition nach Laufzeit-Adaptation.
year : 2017
author 0 : Osama Sammoudi

title : User- and situation-adaptive explanations in dialogue systems.
year : 2015
author 0 : Florian Nothdurft

title : Philosophisch-ethische Probleme der Anwendung der Informatik in der Medizin.
year : 1990
author 0 : R&uuml;diger Sticherling

title : Interorganizational information systems for the efficient utilization of renewable resources: insights from networks in the wood industry.
year : 2017
author 0 : Sebastian Zander

title : Optimierung der Merkmalsrepr&auml;sentation und Klassifikatorstruktur bei der L&ouml;sung von Mustererkennungsaufgaben mit neuronalen Netzen.
year : 1997
author 0 : Axel Doehring

title : Entwurf eines verteilten Multicomputer-Systems.
year : 1983
author 0 : Peter M. Behr

title : Globale Optimierung mit massiv parallelen genetischen Algorithmen.
year : 1997
author 0 : Markus Schwehm

title : Automatische Ausdrucksparallelisierung einer funktional-logischen Programmiersprache.
year : 1995
author 0 : Werner Hans

title : Ein Beitrag zur Anwendung der Optimierung im Mensch-Rechner-Dialog, dargestellt an einem Problem aus der Zuschnittoptimierung.
year : 1987
author 0 : Jens-Uwe Voigt

title : Data mining with graphical models.
year : 2000
author 0 : Christian Borgelt

title : Netzwerke zur simultanen Berechnung Boolescher Funktionen.
year : 1981
author 0 : J&uuml;rgen Sattler

title : A statistical approach to feature detection and scale selection in images.
year : 2000
author 0 : Peter Majer

title : Konversationale graphische Interaktion mit Informationssystemen: ein sprechakttheoretischer Ansatz.
year : 1990
author 0 : Ulrich Thiel

title : Ein System zur Entwicklung paralleler Programme auf Mikrorechnern.
year : 1992
author 0 : Bernd Schwalbe

title : Model-based Algorithm Development with Focus on Biosignal Processing.
year : 2015
author 0 : Yu Yao

title : Physical interaction concepts for knowledge work practices.
year : 2014
author 0 : Mohammadreza Khalilbeigi Khameneh

title : Erkennung gedrehter Gesichter: von Einzelbildern zu Sequenzen.
year : 1999
author 0 : Thomas Maurer

title : Geometrieverarbeitung auf der Basis logischer Operationen mit Tern&auml;rvektorlisten zur R&uuml;ckerkennung von Struktur und Parametern des elektrischen Netzwerkes aus dem Layout.
year : 1984
author 0 : J&uuml;rgen Ulbrich

title : Erweiterte Compilierung von C, C++: verbesserte Code-Optimierung durch Verwendung semantischer Zusatzinformationen.
year : 2000
author 0 : Mark Steffen Dettinger

title : Conception and Assessment of Semantic Feature Descriptors for Earth Observation Images.
year : 2016
author 0 : Reza Bahmanyar

title : Modellierung und effiziente Ausf&uuml;hrung von Softwareentwicklungsprozessen.
year : 2017
author 0 : Ralf Ellner

title : Rechnergest&uuml;tzte Information zur N&auml;hrstoffversorgungssituation von Schwarzer Johannisbeere.
year : 1989
author 0 : Stefanie Bachmann

title : Zur Maximum-Likelihood-Sch&auml;tzung der Modellparameter station&auml;rer ARMA-Prozesse bei stochastischer Beobachtungsst&ouml;rung.
year : 1984
author 0 : Wolfram Halter

title : Rechnereinsatz im Grundlagenpraktikum Physik f&uuml;r Studenten ingenieur-technischer Fachrichtungen.
year : 1993
author 0 : Heike Luft

title : Untersuchungen zur grafischen Systemsoftware eines interaktiven mikrorechnergest&uuml;tzten reissbrettorientierten Konstruktionsarbeitsplatzes.
year : 1983
author 0 : Claus-Dieter Rossbach

title : Wirtschaftlichkeitsbeurteilung von technischen Systemen dargestellt am Beispiel des ASL-Systems.
year : 1986
author 0 : Harald Schlechter

title : Ein Verfahren zur Optimierung heterogener Multiprozessorsysteme mittels linearer Programmierung.
year : 1997
author 0 : Markus Schwiegershausen

title : Architectures for embedded multimodal sensor data fusion systems in the robotics - and airport traffic surveillance - domain.
year : 2015
author 0 : Janis Sch&ouml;nefeld

title : Schaltkreisoptimierung mit Worst-Case-Abst&auml;nden als Zielgr&ouml;ssen.
year : 1993
author 0 : Helmut Gr&auml;b

title : Effects of individual differences on the use of consumer information systems: a series of essays.
year : 2016
author 0 : Tarun Goyal

title : Nonmonotonic reasoning based on minimal models and its implementation.
year : 1999
author 0 : Wenjin Lu

title : Network Traffic Exposed and Concealed.
year : 2014
author 0 : Thomas Zink 0001

title : Mobile augmented reality for semantic 3D models: a smartphone-based approach with CityGML.
year : 2019
author 0 : Christoph Blut

title : Beitrag zur digitalen pneumatischen Informationsverarbeitung mittels tern&auml;rer Logik.
year : 1976
author 0 : Bernd Hofmann 0003

title : High Performance Communication architectures for grids of run-time reconfigurable modules on FPGAs with host system integration.
year : 2015
author 0 : Jochen Strunk

title : Modulare Modellbildung, Synthese und Codegenerierung ereignisdiskreter Steuerungssysteme.
year : 1997
author 0 : Mathias P. Rausch

title : Einsatzm&ouml;glichkeiten von Timesharing-Diensten f&uuml;r den Endbenutzer in der Fachabteilung.
year : 1987
author 0 : Rolf Vetter

title : Software defined networking based data-center services.
year : 2015
author 0 : Marc K&ouml;rner

title : Die maschinelle &Uuml;bersetzung aufgabenorientierter japanisch-deutscher Dialoge: L&ouml;sungen f&uuml;r translation mismatches.
year : 1997
author 0 : Melanie Siegel

title : A knowledge based system for the production of documents: empirical study and specifications.
year : 1998
author 0 : Evelyne Ross

title : Betriebsdatenerfassung: grundlegende Kennzeichnung und Gestaltungsmerkmale im Rahmen der zeitlichen und qualitativen Lenkung der industrieellen Produktion.
year : 1990
author 0 : Edmund Link

title : Strukturbildung und Informationsverarbeitung in Neuronennetzen.
year : 1995
author 0 : Johannes Schuchhardt

title : Realisierung geometrischer Entwurfsbeschreibungen auf der Register-Transfer-Ebene durch Clusterbildung.
year : 1987
author 0 : Joachim Tretter

title : Untersuchungen zur Akzeptanz und zur Effektivit&auml;t herk&ouml;mmlicher (Buch, Vorlesung) und neuer (Computerlernprogramme, Videolehrfilm) Lehrmethoden in der Wissensvermittlung.
year : 1996
author 0 : Ulrike Heinemann

title : Autonome Ver&auml;nderung des Replikationsgrades in verteilten Dateisystemen.
year : 1993
author 0 : Franz Vojik

title : Qualitative Reliability Analysis of Software-Controlled Systems using State/Event Fault Trees.
year : 2017
author 0 : Michael Roth 0006

title : Die Kompliziertheitsklassen raumbeschr&auml;nkter Turingmaschinen: Relativierungen, Inklusionen, Separationen und Immunit&auml;ten.
year : 1991
author 0 : Haiko M&uuml;ller

title : Analysis of user generated spatio-temporal data: Learning from collections of geotagged photos [].
year : 2012
author 0 : Slava Kisilevich

title : Anisotropic Smoothing and Image Restoration Facing Non-Gaussian Noise.
year : 2012
author 0 : Tanja Teuber

title : Marketing-logistische Entscheidungsvariablen f&uuml;r Konsumg&uuml;terverpackungen.
year : 1978
author 0 : Wolfgang Kn&ouml;del

title : Entwicklung und Nutzung mikrorechnergest&uuml;tzter Planspiele: ein Beitrag zur Intensivierung der wirtschaftswissenschaftlichen Aus- und Weiterbildung.
year : 1989
author 0 : Bernd Viehweger

title : Automatische Testdatengenerierung zur Absicherung fehlerbehafteter reaktiver Automatisierungssysteme.
year : 2016
author 0 : Benjamin Kormann

title : Workload-sensitive Timing Behavior Analysis for Fault Localization in Software Systems.
year : 2015
author 0 : Matthias Rohr

title : Schnelle Bilddatenkompression f&uuml;r Raumfahrtanwendungen.
year : 1995
author 0 : Frank Rabe

title : Model-based learning of co-sparse representations for image processing applications.
year : 2019
author 0 : Martin Kiechle

title : Marginale Passgenauigkeit CAD-CAM-gefertigter Titan-Kronenk&auml;ppchen.
year : 2003
author 0 : Julia Halder

title : Zum Zuverl&auml;ssigkeitsaspekt k&ouml;rpergebundener Nachrichtenverkehrsprozesse.
year : 1982
author 0 : Bernd Laurisch

title : Erstellung eines Programmsystems zur Auslegung von HEU-LEU-Gleichgewichts-Mischcores f&uuml;r Kugelhaufenreaktoren und Anwendung auf den AVR-Reaktor.
year : 1984
author 0 : Jung-Eui Kuh

title : Approximationsmodelle und ihr Einsatz bei der Kollisionspr&uuml;fung bewegter Volumenmodelle.
year : 1989
author 0 : Rabanus Diehl

title : Elementarerfahrungen zur Technisierung informationeller Prozesse: Entwicklung und Erprobung eines Lehrsystems.
year : 1993
author 0 : R&uuml;diger Schnause

title : Penalized regression for discrete structures.
year : 2015
author 0 : Margret-Ruth Oelker

title : Realization and evaluation of virtual cockpit simulation and virtual flight simulation.
year : 2000
author 0 : Jens Schiefele

title : Model-based human performance capture in outdoor scenes.
year : 2019
author 0 : Nadia Robertini

title : &Uuml;ber trennende Eckenmengen in homomorphiekritischen Graphen.
year : 1967
author 0 : Wolfgang Mader 0001

title : Analytische und technische Untersuchungen zur Synthese arabischer Sprachsignale.
year : 1989
author 0 : Halim Solaiman Ali

title : Identifikation, Modellvereinfachung und Reglersynthese durch Algebraisierung.
year : 1991
author 0 : Klaus Kr&uuml;ger

title : Persistente Objekte und objektorientierte Datenbanken: Konzepte, Architektur, Implementierung und Anwendung.
year : 1991
author 0 : Duri Schmidt

title : Wissensbasiertes Beratungssystem zur Verbesserung der Spannungsstabilit&auml;t.
year : 1997
author 0 : Thomas Z&ouml;phel

title : Beitrag zur rechnergest&uuml;tzten Anwendungsvorbereitung und Inbetriebnahme von Mikrorechnerreglern.
year : 1983
author 0 : Peter Rieger

title : EskiMo - eine expertensystemkontrollierte Methodenbank: ihre Entwicklung und Anwendung bei der Auswahl von Methoden zur Optimierung von Simulationsmodellen.
year : 1992
author 0 : Stefan Kolb 0003

title : Analyse und Entwurf optoelektronischer Systeme zur schnellen digitalen Bilddatenerfassung und -verarbeitung.
year : 1980
author 0 : Rainer Erhardt

title : Extending the OLAP Technology for Social Media Analysis.
year : 2015
author 0 : Nafees Ur Rehman

title : Optimizing client-server architectures for spoken language dialogue systems.
year : 2013
author 0 : Dmitry Zaykovskiy

title : Das Skolem-Problem und verwandte Entscheidungsprobleme.
year : 1986
author 0 : Gerhard Hensel

title : Visual attention in primates and for machines - neuronal mechanisms.
year : 2020
author 0 : Frederik Beuth

title : Systemgest&uuml;tzte Integration des Usability-Engineerings in den Software-Entwicklungsprozess.
year : 2016
author 0 : Marc Paul

title : Entwicklung eines Projektinformationssystems f&uuml;r Planung, Genehmigung und Realisierung von Deponien als Instrument des Projektmanagements.
year : 1997
author 0 : Hermann-Peter Thole

title : Entwicklung und Implementierung von Werkstattsteuerungssystemen f&uuml;r die Unikatfertigung und -montage am Fall des Schiffbaus.
year : 1993
author 0 : Robert Los

title : Resource allocation and scheduling in dense mobile access networks.
year : 2015
author 0 : Martin Dr&auml;xler

title : Reproduzierbare Aktionen unter UNIX: Entwicklung eines programmierbaren Software-Roboters f&uuml;r die Reproduktion des Eingabeverhaltens eines Benutzers.
year : 1994
author 0 : Bernd Waldbauer

title : Decodierung mit Qualit&auml;tsinformationen bei verketteten Codiersystemen.
year : 1996
author 0 : Elke Offer

title : Entwurf und Implementierung eines Softwaresystems zur automatisierten Erstellung &auml;sthetisch anmutender Dokumentenlayouts.
year : 2017
author 0 : David Sch&ouml;lgens

title : Komplexer Informationsgehalt und effektive Nutzungsformen der externen Schnittwertoptimierung.
year : 1980
author 0 : Friedhelm Lierath

title : Beitrag zum Aufbau durchg&auml;ngiger Programmsysteme f&uuml;r die Baugruppenfertigung.
year : 1985
author 0 : Gerd K&ouml;hler

title : Eine Wissensbasis zur Substrukturierung des menschlichen Thalamus.
year : 1997
author 0 : Hubertus Axer

title : Transparenter Schutz der Aufenthaltsinformation in Mobilfunksystemen.
year : 1999
author 0 : S&ouml;nke Gold

title : Ein modellbasiertes Sicherheitskonzept f&uuml;r die extrakorporale Lungenunterst&uuml;tzung.
year : 2013
author 0 : Andr&eacute; Stollenwerk

title : Efficient hardware for low latency applications.
year : 2012
author 0 : Christian Leber

title : Gesch&uuml;tzte und nicht gesch&uuml;tzte Computerprogramme.
year : 1990
author 0 : Peter Waltl

title : Ans&auml;tze k&uuml;nstlicher neuronaler Netze zur L&ouml;sung von Tourenplanungsproblemen.
year : 1995
author 0 : Robert Mundigl

title : Software-Management und Unternehmensberatung, anwendungsorientierte Analyse der Berater/Klienten-Interaktion bei Softwareprojekten.
year : 1982
author 0 : Elmar Kaspers

title : Automatic Synthesis and Verification of Industrial Commissioning Processes.
year : 2016
author 0 : Richard Mrasek

title : Analyse und Synthese von parallelen Signalprozessor-Architekturen.
year : 1987
author 0 : Markus Thaler

title : H&#8734;-Regelung linearer Systeme mit Totzeiten.
year : 1997
author 0 : Christian Andreas Roduner

title : Datenschutz und Datensicherung in Klein- und Mittelbetrieben.
year : 1989
author 0 : Harry Mucksch

title : Hybrid modeling and optimization of biological processes.
year : 2013
author 0 : Sabrina Pro&szlig;

title : Informationstheoretische Analyse des systemtheoretischen Ansatzes von Organisationstheorien - unter besonderer Ber&uuml;cksichtigung der Arbeiten H. A. Simons und N. Luhmanns.
year : 1984
author 0 : Karla Spyra

title : Zur Verwendung der Kasusgrammatik im faktenorientierten "Information retrieval" von Textdaten.
year : 1982
author 0 : Manfred Thiel

title : A contribution to bridge the design gap between software and hardware for complex signal processing systems in mobile communications.
year : 2010
author 0 : Sergey Kolevatov

title : Verbesserung der Quellentrennung bei mehrkanaligen Audiosignalmischungen mittels neuartiger Ans&auml;tze zur Permutationskorrektur und zur Zeit-Frequenz-Maskierung.
year : 2013
author 0 : Eugen Hoffmann

title : Dynamische Modelle der Lasten elektrischer Energie&uuml;bertragungssysteme.
year : 1983
author 0 : Thomas Reissing

title : Modellbasierte Generierung von Benutzungsoberfl&auml;chen.
year : 2011
author 0 : Andreas Wolff

title : Predicting human behavior in smart environments: theory and application to gaze prediction.
year : 2015
author 0 : Redwan Abdo A. Mohammed

title : Die Verarbeitung multidimensional sortierter Punktmengen mit einem assoziativen Parallelprozessor.
year : 1988
author 0 : Hagen Conradi

title : Einlinige Bedienungssysteme mit Besonderheiten.
year : 1983
author 0 : Klaus-Dieter Wirth

title : Datenbankgest&uuml;tztes Kosten- und Erl&ouml;scontrolling: Konzept und Realisierung einer entscheidungsorienerten Erfolgsrechnung; 2. &uuml;berarbeitete Auflage.
year : 1995
author 0 : Regina Fischer 0001
author 1 : Marlies Rogalski

title : K&uuml;nstliche Intelligenz in der Sozialwissenschaft am Beispiel einer sozialen Institution.
year : 1995
author 0 : Jamel Tazarki

title : Soft Constraints in MiniBrass: Foundations and Applications.
year : 2019
author 0 : Alexander Schiendorfer

title : Verteilte diskrete Simulation komplexer Systeme.
year : 1994
author 0 : Herbert Bauer

title : Learning of information gathering in modular intelligent systems.
year : 2012
author 0 : Cem Karaoguz

title : Analyse von HPEM-St&ouml;rungseffekten in Computer-Netzwerken.
year : 2019
author 0 : Matthias Kreitlow

title : A systematic integration of inspection and testing processes for focusing testing activities.
year : 2012
author 0 : Frank Elberzhager

title : Verbesserung des Finite-Element-Modells einer Rohrleitungslagerung mit Hilfe gemessener Eigenfrequenzen.
year : 1985
author 0 : Florian Steinwender

title : Artificial Bandwidth Extension of Telephone Speech Signals Using Phonetic A Priori Knowledge.
year : 2017
author 0 : Patrick Bauer

title : Zur digitalen System-Analyse und System-Identifikation aus engymetrischen Signalen in der Nuklearmedizin.
year : 1986
author 0 : Hans-Ulrich Haase

title : Mobile service provision in harsh environments = Bereitstellung mobiler Dienste in rauen Umgebungen.
year : 2014
author 0 : Kamill Panitzek

title : Untersuchungen zur Fehlerbehandlung bei kontextfreien Sprachen.
year : 1981
author 0 : Rolf Dottermusch

title : Cross-domain Recommendations based on semantically-enhanced User Web Behavior.
year : 2014
author 0 : Julia Hoxha

title : Theoretische und praktische Untersuchungen zur optimalen Gestaltung von Ferigungsprozessparametern in der Teilefertigung der Spanungstechnik: ein Beitrag zur Prozessoptimierung.
year : 1979
author 0 : Frank Junker

title : A uniform constraint-based framework for the verification of infinite state systems.
year : 2000
author 0 : Supratik Mukhopadhyay

title : Entwicklungsumgebung f&uuml;r Experimentier-Teachware am Beispiel der Elektrotechnik.
year : 1991
author 0 : Uwe M&uuml;ller 0002

title : Gestaltung von Anwendungen mit Bausteinen am Beispiel des AIBAS-Werkzeugsatzes.
year : 1999
author 0 : Michael Dippel

title : Analysis of cognitive models in constraint handling rules.
year : 2021
author 0 : Daniel Gall

title : Low bit rate image and video coding with weighted finite automata.
year : 1999
author 0 : Ullrich Hafner

title : Statistical modeling based random walk for biomedical image processing.
year : 2018
author 0 : Ang Bian

title : Ein Gesamtsystem zur Auswertung von Infrarotspektren durch Lernen und Erkennen spektraler Merkmale sowie Zerlegung und Synthese chemischer Strukturgraphen.
year : 1990
author 0 : Thomas Blaffert

title : Beherrschbares Online-Lernen durch inkrementelle, lokale Regularisierung.
year : 2012
author 0 : Nils Rosemann

title : Verkehrsanalyse von Warteschlangennetze mit Priorit&auml;ten = Traffic analysis of priority queueing networks.
year : 1984
author 0 : Wolfgang Schmitt

title : Ein idealisierter digitaler Atlas des Gehirns: Entwicklung und Konzeption unter Ber&uuml;cksichtigung eines proportionalen Referenzsystems.
year : 1997
author 0 : Jutta van den Boom

title : Aspekte der Konfigurierung technischer Anlagen.
year : 1991
author 0 : J&uuml;rgen Weiner

title : Bildsequenzcodierung auf der Basis des menschlichen visuellen Systems.
year : 1994
author 0 : Bernhard Wegmann

title : MIMO Radar DOD/DOA Estimation and Performance Analysis in the Presence of SIRP Clutter.
year : 2016
author 0 : Xin Zhang 0040

title : Sprachsynthese mit einem einfachen Artikulatormodell und einem vokaltraktanalogen Echtzeitsynthetisator.
year : 1987
author 0 : Peter Meyer

title : Schnittstellen f&uuml;r einen Betriebssystem-Corechner in Echtzeitumgebungen.
year : 1992
author 0 : Behrooz Moayeri

title : Natural language acquisition in recurrent neural architectures.
year : 2016
author 0 : Stefan Heinrich

title : Die Abbildung zwischen der Beschreibung informationeller Systeme und der Modulstruktur von Programmen grosser sequentieller imperativ programmierter Abwicklersysteme.
year : 1988
author 0 : Thomas Seewaldt

title : Die simultane Optimierung mehrerer Zielgr&ouml;ssen mit Hilfe von Experimenten.
year : 1984
author 0 : Bernhard Spiegel

title : Virtualisierung eingebetteter Echtzeitsysteme im Mehrkernbetrieb zur Partitionierung sicherheitsrelevanter Fahrzeugsoftware.
year : 2016
author 0 : Dominik Reinhardt

title : A subjective logic based extensional approach to non-monotonic reasoning under uncertainty and its application to visual surveillance.
year : 2012
author 0 : Seunghan Han

title : IT-gest&uuml;tzte balanced Scorecard-Systeme.
year : 2003
author 0 : Peter Preuss

title : Einsatz objektorientierter Methoden zur Datenverwaltung der Entwurfsphasen von mechatronischen Systemen.
year : 2002
author 0 : Brigitte Pihulak

title : Modellierung und Vorausberechnung von Preisentwicklungen auf dem kapitalistischen Weltmarkt.
year : 1981
author 0 : Christian Franke

title : Benutzerwerkzeuge an Fertigungssteuerungs-Leitst&auml;nden.
year : 1995
author 0 : Manfred Kroneberg

title : Resource Allocation for Multiple Access and Broadcast Channels under Quality of Service Requirements Based on Strategy Proof Pricing.
year : 2015
author 0 : Fei Shen

title : Synchronisierung von Modellen mit schwach strukturierten, nat&uuml;rlich-sprachlichen Dokumenten.
year : 2013
author 0 : Sebastian Meyer 0001

title : Grundlagen zur Modellierung technischer Gebilde f&uuml;r die Anwendung der grafischen Datenverarbeitung.
year : 1986
author 0 : Werner Grahl

title : Semantic sentiment analysis in social streams.
year : 2017
author 0 : Hassan Saif

title : Dialektik und Kybernetik: Studien zu kybernet. Begriffs- u. Theoriebildungen.
year : 1981
author 0 : Heinz Liebscher

title : Integration konzeptioneller Datenbankschemata.
year : 2001
author 0 : Jens Hunstock

title : Ein neues Verfahren zur dynamischen Untersuchung der Entwurfsspezifikation von Echtzeit-Systemen unter Einbeziehung eines Modells des technischen Prozesses.
year : 1990
author 0 : Eberhard Kurz

title : Composition Models for the Representation and Semantic Interpretation of Nominal Compounds.
year : 2019
author 0 : Corina Dima

title : Strukturen wissensbasierter Systeme f&uuml;r die rechnergest&uuml;tzte Konstruktion.
year : 1992
author 0 : Wilfried Adami

title : Die mikrorechnergest&uuml;tzte Berechnung der Stromdichteverteilung elektrochemischer Anordnungen mittels der Finite-Element-Methode.
year : 1991
author 0 : Uwe Pilz

title : Ein einheitliches Verfahren zur L&ouml;sung gewisser diskreter Approximationsprobleme der Getriebetechnik.
year : 1984
author 0 : Heinz Strauchmann

title : On the design and implementation of multi-mode channel decoders.
year : 2013
author 0 : Steffen Kunze

title : A study of the extensibility of logic-based databases with confidentiality-capabilities.
year : 1996
author 0 : Adrian Spalka

title : Multiple-input multiple-output detection algorithms for generalized frequency division multiplexing.
year : 2018
author 0 : Maximilian Matth&eacute;

title : Regularization-based multitask learning with applications in computational biology.
year : 2014
author 0 : Christian Widmer

title : Petrinetze zum Entwurf selbststabilisierender Algorithmen.
year : 2000
author 0 : Tobias Vesper

title : Model-driven development and simulation of distributed communication systems.
year : 2015
author 0 : Mihal Brumbulli

title : Zur Spezifikation und Struktur gr&ouml;sserer Systeme - Untersuchungen am Beispiel von ALGOL 68 und GKS.
year : 1985
author 0 : Hanno Wupper

title : Static Analysis of Pointer Programs - Linking Graph Grammars and Separation Logic.
year : 2017
author 0 : Christina Jansen

title : Neue Algorithmen zur zeitoptimalen Regelung zeitdiskreter linearer Systeme.
year : 1993
author 0 : Myoung-Ho Kim

title : Probabilistic map building and self localization for autonomous mobile robots.
year : 2001
author 0 : Stefan Enderle

title : Verfahren zur Reproduktion, &Uuml;berwachung und Analyse semantischer Softwarefehler auf eingebetteten Plattformen mit einer Portabilit&auml;tsschnittstelle.
year : 2017
author 0 : Hanno Eichelberger

title : Improved backpropagation neural networks for applications to real-time modelling and control of a continuous stirred tank reactor.
year : 1995
author 0 : Xiaosong Deng

title : Efficient methods for physically-based rendering of participating media.
year : 2016
author 0 : Oskar Elek

title : Allgemeine Grundlagen der Systemsimulation auf der Basis kombinierter Modelle.
year : 1982
author 0 : Hans-Detlef Gerhardt

title : Zustandsanalysator: Grundlagen und Realisierung.
year : 1989
author 0 : &Uuml;lo Kontor

title : Beitrag zur Realisierung eines lokalen Datenkommunikationssystems.
year : 1986
author 0 : Dankward Kurze

title : Ein Beitrag zur Modellierung objektorientierter Softwarearchitekturen durch Einf&uuml;hrung einer Komponentenverkn&uuml;pfungsschicht.
year : 1997
author 0 : Robert Hirschfeld

title : Bio IK: A Memetic Evolutionary Algorithm for Generic Multi-Objective Inverse Kinematics: Bio IK: Ein memetischer evolution&auml;rer Algorithmus f&uuml;r generische inverse Kinematik mit mehreren Zielen.
year : 2020
author 0 : Sebastian Starke

title : Entwurf, formale Definition und Implementierung der funktional-logischen Programmiersprache ET.
year : 1992
author 0 : Bernd Gersdorf

title : Effiziente Pixel-Kompression zur Optimierung der End-to-Display-Verschl&uuml;sselung.
year : 2021
author 0 : Sebastian Burg

title : Theoretisches Modell und Programmiersprache zur Einbindung zus&auml;tzlicher Intelligenz in die Kommunikation mit einem Datenbanksystem: dargestellt am Beispiel der Einbeziehung von Lernalgorithmen in den programmierten Dialog bei der Online-Recherche.
year : 1988
author 0 : Helmut Jarosch
author 1 : Hans-Dieter M&uuml;ller

title : Eine Delta-Kinematik f&uuml;r den nichttaktilen Einsatz in der Chirurgie.
year : 2012
author 0 : Tobias Johannes Kraus

title : K&uuml;nstliche neuronale Netze zur Identifizierung von Bakterien auf Basis der FT-IR-Spektroskopie.
year : 2011
author 0 : J&uuml;rgen Schmitt

title : Ein Konzept f&uuml;r ein intelligentes Tutorsystem zum Erlernen des Testens und Debugging paralleler Proze&szlig;systeme.
year : 1997
author 0 : Daniela Rothenh&ouml;fer

title : User-Centric Active Learning for Outlier Detection.
year : 2020
author 0 : Holger Trittenbach

title : Label monitoring on document streams.
year : 2012
author 0 : Ren&eacute; Schult

title : Rechnergest&uuml;tzter Beobachterentwurf f&uuml;r bilineare Systeme.
year : 1991
author 0 : Bernd Tibken

title : Cheating prevention in peer-to-peer based massively multiuser virtual environments.
year : 2013
author 0 : Sebastian Schuster

title : Verschmelzen von Aktionen in Zerteilern.
year : 1983
author 0 : Sophia Drossopoulou

title : Essays on text mining: methodological advances and practical applications to scientific texts.
year : 2020
author 0 : Matthias R&uuml;diger

title : Autoregressive Modelle f&uuml;r die Texturanalyse in digitalen Bildern.
year : 1994
author 0 : Yanjun Pan

title : Dependable Publish/Subscribe Systems for Distributed Application Development.
year : 2018
author 0 : Pooya Salehi

title : Identifikation von Willk&uuml;rsignalen zur Bewegungskontrolle einer Beinprothese.
year : 2012
author 0 : Harald von Rosenberg

title : Rekonstruktion dreidimensionaler Bilder in der Echokardiographie.
year : 1995
author 0 : Martin Tasler

title : Zwischenbetriebliche Kooperation: M&ouml;glichkeiten und Grenzen durch neue Informations- und Kommunikationstechnologien.
year : 1994
author 0 : Marita Rupprecht-D&auml;ullary

title : Entwicklung eines Expertensystems zur Auswahl von Greifern f&uuml;r Handhabungsaufgaben.
year : 1997
author 0 : J&ouml;rg M&uuml;ller 0007

title : Ein Framework f&uuml;r den teilautomatisierten Verifikations- und Integrationsprozess f&uuml;r Daten aus sozialen Netzwerken im Umfeld der zivilen Sicherheit.
year : 2017
author 0 : Frank Geyer

title : Zur Struktur- und Leistungsanalyse eines Multiprozessorsystems nach dem "Pool"-Prinzip.
year : 1985
author 0 : Alamsya Ganardi

title : Satisfiability Characterizations of Upward Planarity Problems.
year : 2014
author 0 : Robert Zeranski

title : Verfahren und Systeme zur Sprecherverifikation.
year : 1992
author 0 : Joachim Zinke

title : PPS-CAQ-Kopplung in der Investitionsg&uuml;terindustrie.
year : 1992
author 0 : Walter Treuling

title : Grundlagen zur ger&auml;tetechnischen Realisierung eines Geometrie-Prozessors.
year : 1984
author 0 : Dieter Monjau

title : Long term motion analysis for object level grouping and nonsmooth optimization methods = Langzeitanalyse von Bewegungen zur objektorientierten Gruppierung und nichglatte Optimierungsmethoden.
year : 2015
author 0 : Peter Ochs

title : Untersuchungen zur automatischen Erkennung kooperativer Sprecher &uuml;ber Telefon.
year : 1983
author 0 : Hermann Ney

title : Zur Pragmatik eines operationalisierten &#955;-Kalk&uuml;ls als Basis f&uuml;r interaktive Reduktionssysteme.
year : 1990
author 0 : Ralf Martin Zimmer

title : Interpretation of visually sensed urban environment for a self-driving car.
year : 2000
author 0 : Frank Paetzold

title : Describing neural networks with graph transformations.
year : 1998
author 0 : Ingrid Fischer

title : Datensicherheit und Datenschutz und ihre Auswirkung auf die Effektivit&auml;t der betrieblichen Strukturen.
year : 1983
author 0 : Franz Stuiber

title : Informationstheoretische Analyse neuronaler Netze.
year : 2000
author 0 : Michael David

title : Automatische Internet-Katalogisierung mit Hilfe des hierarchischen Radius-basierten competitive learnings.
year : 2000
author 0 : Udo Heuser

title : Interactive typed tactic programming in the Coq proof assistant.
year : 2015
author 0 : Beta Ziliani

title : Die Entwicklung und Beurteilung eines Multiprozessorsystems f&uuml;r die digitale Bildverarbeitung.
year : 1990
author 0 : Detlef Prossmann

title : Impact of localized electromagnetic field measurements on implementations of asymmetric cryptography.
year : 2013
author 0 : Johann Heyszl

title : Model interoperability between meta-modeling environments by using m3-level-based bridges.
year : 2016
author 0 : Heiko Kern

title : Efficient Processing of Range Queries in Main Memory.
year : 2019
author 0 : Stefan Sprenger 0001

title : Alignment Strategies for Information Retrieval in Prosocial Human-Robot Interaction.
year : 2013
author 0 : Barbara K&uuml;hnlenz

title : Individuelles Entscheiden in sequentiellen Konfliktspielen: e. theoret. u. experimentelle Unters. zum Entscheidungsprozess im Prisoner's Dilemma Game u. Chicken Game unter Ber&uuml;cksichtigung d. Konfliktmatrix Erfahrung u.d. motivationalen Orientierungen d. Spieler.
year : 1983
author 0 : Theodor W. May

title : Computerauswertung des Elektrokardiogramms vom Hund.
year : 1991
author 0 : Javier de Jesus Chavez Moreno

title : Zur Mathematischen Modellierung der Struktur und Funktion des menschlichen Langzeitged&auml;chtnisses: e. neuer strukturtheoret. Modellansatz.
year : 1981
author 0 : Ingrid Kraft

title : Bewertung der Qualit&auml;t objektorientierter Entw&uuml;rfe.
year : 2002
author 0 : Ralf Rei&szlig;ing

title : The skeleton based parallelization of divide and conquer recursions.
year : 2001
author 0 : Christoph Armin Herrmann

title : Systemdienstleistungserbringung durch intelligente Geb&auml;ude.
year : 2020
author 0 : Sebastian Kochanneck

title : Entwicklung rechnergest&uuml;tzter Methoden der Mehrk&ouml;rperdynamik in der Fahrzeugtechnik.
year : 1989
author 0 : Oskar Wallrapp

title : From supervised to unsupervised support vector machines and applications in astronomy.
year : 2011
author 0 : Fabian Gieseke

title : Ein Beitrag zur Realisierung rechnerinterner optischer Bus-Systeme mit planaren Lichtleitern.
year : 1984
author 0 : Klaus-R&uuml;diger Hase

title : Untersuchung der Aspekte Gewichtigkeit und Invasivit&auml;t bei der Anwendungsintegration.
year : 2016
author 0 : Fred Stefan

title : Routing for supporting real-time applications in high-speed networks.
year : 1999
author 0 : Quan Sun

title : Flexible computation of the well-founded semantics of normal logic programs.
year : 2001
author 0 : Ulrich Zukowski

title : Plugging in trust and privacy: three systems to improve widely used ecosystems.
year : 2014
author 0 : Sebastian Gerling

title : Abstract Execution: Automatically Proving Infinitely Many Programs.
year : 2020
author 0 : Dominic Steinh&ouml;fel

title : Architekturbasierte Bewertung und Planung von &Auml;nderungsanfragen.
year : 2015
author 0 : Johannes Stammel

title : Construction and verification of smooth free form surfaces generated by compatible interpolation of arbitrary meshes.
year : 1994
author 0 : Xiuzi Ye

title : Translational Expressiveness. Comparing Process Calculi using Encodings.
year : 2012
author 0 : Kirstin Peters

title : Der elektronische Minimarkttest.
year : 1989
author 0 : J&ouml;rg Stoffels

title : Einsatzm&ouml;glichkeiten von Karten in der Schaderreger&uuml;berwachung auf EDV-Basis.
year : 1982
author 0 : Konstanze Hamann

title : Spreading Processes in Human Systems.
year : 2020
author 0 : Benjamin F. Maier

title : M&ouml;glichkeiten der EDV-gerechten Erfassung und Ausgabe von Patientendaten am Beispiel eines Dokumentationssystemes an der Frauenklinik der Medizinischen Akademie Dresden.
year : 1977
author 0 : Frank R&ouml;ssel

title : Die Erkl&auml;rungskomponente in hybriden Expertensystemen mit numerischer und symbolischer Wissensverarbeitung: Entwurf und Realisierung der Erkl&auml;rungskomponente f&uuml;r ein Expertensystem in der Diabetestherapie - DIABETEX.
year : 1995
author 0 : D&ouml;rte Funkat

title : Building semantics reasoning by using rules based on available geospatial information.
year : 2020
author 0 : Xuke Hu

title : Beurteilung der menschliche Zuverl&auml;ssigkeit auf der Basis von Betriebserfahrung.
year : 1997
author 0 : Oliver Str&auml;ter

title : Ein Beitrag zur kinematischen Analyse ebener kombinierter Getriebe unter Einbeziehung eines grafischen interaktiven Bildschirmsystems.
year : 1988
author 0 : Matthias Brendler

title : Sensorgest&uuml;tzte Kollisionsvermeidung bei Industrierobotern.
year : 1994
author 0 : Josef Stettmer

title : Automatic authorization analysis.
year : 2015
author 0 : Manuel Lamotte-Schubert

title : Untersuchungen &uuml;ber den Einsatz rechnergest&uuml;tzt ausgewerteter Fruchtbarkeitsdaten von K&uuml;hen zur zuchthygienischen Analyse unter Verwendung zentraler und dezentraler Computertechnik.
year : 1987
author 0 : Volker Manzke

title : Wissensmanagement in verteilten Organisationen: Infrastrukturen f&uuml;r flexible Arbeitsarrangements.
year : 2003
author 0 : Werner Brettreich-Teichmann

title : The role of personal and shared displays in scripted collaborative learning.
year : 2012
author 0 : Sara Streng

title : A reliability-aware fusion concept toward robust ego-lane estimation incorporating multiple sources.
year : 2020
author 0 : Tran Tuan Nguyen

title : Efficient Algorithms for Mumford-Shah and Potts Problems.
year : 2020
author 0 : Lukas Kiefer

title : Wirtschaftlich-technische Optimierung des Energieversorgungssystems der Bundesrepublik Deutschland anhand eines linearen multikriteriellen Optimierungsmodells.
year : 1985
author 0 : Thomas Hanicke

title : Computergest&uuml;tzte Untersuchung circadianer und w&ouml;chentlicher EEG-Schwankungen bei &auml;lteren Probanden.
year : 1989
author 0 : Andreas J. W. Goldschmidt

title : Verdrahtungsprobleme auf planaren Graphen.
year : 1993
author 0 : Gerhard Kl&auml;r

title : Methoden und Strukturen zur effizienten Verwaltung geometrischer Objekte in Geo-Informationssystemen.
year : 1993
author 0 : Bruno Becker

title : Quantentheorie der Information: naturphilosophische Untersuchung der Quantentheorie der Ur-Alternativen nach C. F. von Weizs&auml;cker unter Zugrundelegung einer abstrakten Theorie der Information.
year : 1996
author 0 : Holger Lyre

title : Parameter estimation with additional information.
year : 2012
author 0 : Stefan Uhlich

title : Situationsverstehen f&uuml;r die Risikobeurteilung bei der Mensch-Roboter-Kooperation.
year : 2015
author 0 : Stephan Puls

title : Ethernet-basierte Fahrzeugnetzwerkarchitekturen f&uuml;r zuk&uuml;nftige Echtzeitsysteme im Automobil.
year : 2018
author 0 : Till Steinbach

title : Interaktive Beweissysteme, ihre Eigenschaften und deren Verhalten unter Komposition.
year : 1998
author 0 : Andreas Furch

title : Erkl&auml;rung als Probleml&ouml;sung: die Generierung von Erkl&auml;rungen als Anwendungsproblem von Expertensystemen.
year : 1998
author 0 : Michael Sprenger

title : Verbindungslose Datenkommunikation &uuml;ber ATM-Weitverkehrsnetze: Architekturen, Protokolle und Verkehrsleistung.
year : 1998
author 0 : Uwe Briem

title : Anwendung von Optimierungsverfahren auf das mathematische Modell des Barther Bodden zur Ermittlung optimaler Steuerstrategien.
year : 1992
author 0 : Bernd Kuntze

title : An agent based integrated service platform for wireless and mobile environments.
year : 2003
author 0 : Zhou Wang

title : Eine interpolierende Alternative zu den 180&#176;- und 360&#176;-Aufnahmetechniken bei der Myokard-Emissionscomputertomographie.
year : 1993
author 0 : Franz F. Walser

title : Aesthetics and art in the early development of human-computer interfaces.
year : 2012
author 0 : Nader Salha

title : Heavy meta: Model-driven domain-specific generation of generative domain-specific modeling tools.
year : 2017
author 0 : Stefan Naujokat

title : "Navigation - ich m&ouml;chte nach Calw": Spracherkennung f&uuml;r gro&szlig;e Lexika im Auto.
year : 2002
author 0 : Christoph Schillo

title : A voxel-based visualization pipeline for high-resolution geometry.
year : 2015
author 0 : Matth&auml;us G. Chajdas

title : Bordersearch: Efficient Characterization of Automotive Electronic Systems Through Machine Learning.
year : 2018
author 0 : Markus Dobler

title : Ein Verfahren zur Verfolgung des Komplexit&auml;tsverlaufs im Software-Entwicklungsprozess.
year : 1995
author 0 : Christof Ebert

title : Die Marxsche Theorie als Computersimulation: Versuch einer systemtheoretischen Explikation des Marxschen Forschungsprogramms.
year : 1991
author 0 : Josef Kiefer

title : Expertensystem shell zur Unterst&uuml;tzung der simultanen Produktentwicklung: Ansatz f&uuml;r eine kosten-, fertigungs- und qualit&auml;tsgerechte Konstruktion.
year : 1995
author 0 : Martina Bock

title : A Framework for Knowledge-Based Complex Event Processing.
year : 2014
author 0 : Kia Teymourian

title : Ein Beitrag zu Normen und Standards der Geoinformatik in der arch&auml;ologischen Feldforschung.
year : 2014
author 0 : Stefan Printz

title : Stability test and stability conditions for retarded delay differential systems.
year : 1985
author 0 : Xiyuan Liu

title : Modellbasierte Entwicklung von Mensch-Maschine-Schnittstellen im Maschinen- und Anlagenbau.
year : 2019
author 0 : Christoph Julius Richter

title : Maschinenlesbare Lexika f&uuml;r die maschinelle Sprachverarbeitung: Repr&auml;sentation und Wiederverwendung.
year : 1992
author 0 : Jan Brustkern

title : Ein Datenbankmanagementsystem f&uuml;r verteilte, integrierte Software-Entwicklungsumgebungen.
year : 1999
author 0 : Roland Baumann

title : Hash-Funktionen auf der Basis modularer Arithmetik.
year : 1997
author 0 : Dirk Scheuermann

title : Das Informationssystem als Element des Controlling: konkretisiert am Beispiel der privatwirtschaftlichen Dienstleistungsunternehmung.
year : 1993
author 0 : Philipp A. Hofstetter

title : Modeling biological systems with Answer Set Programming.
year : 2012
author 0 : Sven Thiele

title : Partitions-limitierte Lindenmayer-Systeme.
year : 1995
author 0 : Stefan G&auml;rtner 0002

title : DiaSys: A Method and Tool for Non-Intrusive Runtime Diagnosis of Embedded Software.
year : 2019
author 0 : Philipp Wagner 0001

title : Kontextbezug und Authentizit&auml;t in Sozialen Netzen.
year : 2016
author 0 : Mirco Sch&ouml;nfeld

title : Workload-aware systems and interfaces for cognitive augmentation.
year : 2020
author 0 : Thomas Kosch

title : Stochastic thermodynamics of learning.
year : 2018
author 0 : Sebastian Goldt

title : KnoVA: a reference architecture for knowledge-based visual analytics.
year : 2013
author 0 : Stefan Fl&ouml;ring

title : Heuristisches Lernen von Regeln f&uuml;r die Textkategorisierung.
year : 2001
author 0 : Markus Junker 0002

title : Die Erzeugung optimalen Codes f&uuml;r series-parallel-graphs in polynomieller Zeit.
year : 1982
author 0 : Reiner G&uuml;ttler

title : Learning terminological knowledge with high confidence from erroneous data.
year : 2014
author 0 : Daniel Borchmann

title : An object oriented design for efficient microsystem simulation.
year : 1999
author 0 : Markus Emmenegger

title : Anforderungen an integrierte Telekooperationssysteme zur Steigerung der Effektivit&auml;t und Effizienz verteilter Zusammenarbeit.
year : 1999
author 0 : J&uuml;rgen Padberg

title : Adapting navigation support to positional information of varying quality.
year : 2018
author 0 : Champika Epa Ranasinghe

title : Zu einigen Aspekten der Vermittlung von Datenpaketen im ISDN.
year : 1990
author 0 : J&uuml;rgen Gaber

title : Positionsbasierte Routingverfahren und kooperative Anwendungen f&uuml;r drahtlose Ad-hoc-Netzwerke.
year : 2014
author 0 : Sascha Schnaufer

title : On-line Bildanalyse am Transmissionselektronenmikroskop zur Absch&auml;tzung struktureller und elementarer Eigenschaften biologischer D&uuml;nnschnitte.
year : 1985
author 0 : Andres Kriete

title : A machine-checked proof of correctness of Pastry. (Une preuve certifi&eacute;e par la machine de la correction du protocole Pastry).
year : 2017
author 0 : Noran Azmy

title : Untersuchungen zum Problem der Verarbeitung von F&uuml;hrungssignalen bei der Folgeregelung im Kniegelenk.
year : 1981
author 0 : Gisela Engelhardt

title : Die Ermittlung beruflicher Anforderungen an Facharbeiter der sozialistischen Landwirtschaft unter Einbeziehung statistischer Auswertungsverfahren und der EDV: (untersucht am Beispiel des Grundberufes Zootechniker/Mechanisator - Spezialisierungsrichtung Milchproduktion).
year : 1980
author 0 : Wolfgang Preuss

title : Proposed methodology for the design of the statistical data bank conceptual model and metainformation collection.
year : 1985
author 0 : On&eacute;simo Hern&aacute;ndez

title : &Uuml;ber die Theorie und Entwicklung von Lernverfahren f&uuml;r Feedforward-Netze.
year : 1999
author 0 : J&ouml;rg Wille

title : K&uuml;nstliche Intelligenzen als moralisch verantwortliche Akteure?: begriffliche M&ouml;glichkeiten und pragmatische Notwendigkeiten.
year : 2020
author 0 : Johanna Wagner

title : Zuverl&auml;ssigkeitsverhalten komplexer Automatisierungsanlagen und Einbeziehung des Entwurfsaspektes Zuverl&auml;ssigkeit in den Projektierungsprozess.
year : 1990
author 0 : Tatiana Rudorferov&aacute;

title : Multi-view Part-based Models for 3D Human Pose Estimation in Real-World Scenes.
year : 2018
author 0 : Sikandar Amin

title : Zur Anwendung des Objektmodells in verteilten Systemen.
year : 1998
author 0 : Holger Gr&uuml;nder

title : Cooperative vision for swarm navigation.
year : 2020
author 0 : Chen Zhu

title : Eine Konzeption zur Automatisierung stratifizierter Entw&uuml;rfe digitaler Systeme, basierend auf sukzessiver Detaillierung objektorientierter Modelle.
year : 1985
author 0 : Werner Konrad

title : Visiontool: Methoden zur Erkennung flacher, sich &uuml;berlappender Objekte.
year : 1992
author 0 : Martin Eichenberger

title : Rezeptorstudien an den Gef&auml;ssen des Innenohres mit Hilfe der quantitativen Fluoreszenz-Mikroskopie und digitaler Bild- und Datenverarbeitung mit einer CCD-Kamera.
year : 1995
author 0 : Barbara Sch&auml;fer

title : Spin Valves for Reconfigurable Logic Devices.
year : 2011
author 0 : Bernd G&uuml;de

title : An Architectural Style for Fog Computing: Formalization and Application.
year : 2019
author 0 : Andreas Seitz

title : Entwicklung von Algorithmen und Programmen f&uuml;r ein Archivierungs- und Kommunikationssystem zur internetbasierten Verwaltung medizinischer Bilder.
year : 1999
author 0 : Sergej Chludov

title : Computernutzung im Fachunterricht: obligatorische Schulen, Mittelschulen, gewerblich-industrielle Berufsschulen, kaufm&auml;nnische Berufsschulen.
year : 1992
author 0 : Rudolf Niederer

title : Entwicklung und Realisierung einer problemorientierten Sprache zur L&ouml;sung einer Klasse von Randwertaufgaben bei gew&ouml;hnlichen Differentialgleichungen.
year : 1987
author 0 : Winfried Viessmann

title : Betriebsprofilbasierte Fehlerinjektion als Entscheidungsunterst&uuml;tzung bei Entwurf und Integration von Fehlertoleranzverfahren.
year : 1997
author 0 : Jens G&uuml;thoff

title : Human action parsing in untrimmed videos and its applications for elderly people healthcare.
year : 2020
author 0 : Yan Zhang 0054

title : Grundlagen der digitalen Schaltungstechnik.
year : 1982
author 0 : Dietrich Eckhardt
author 1 : Werner Gross

title : Visualisierung des Ablaufverhaltens paralleler Programme.
year : 1995
author 0 : Peter Braun 0001

title : Informationsfreiheit als Grenze informationeller Selbstbestimmung: verfassungsrechtliche Vorgaben der privatrechtlichen Informationsordnung.
year : 1992
author 0 : Margit Langer

title : Methoden zur computergenerierten Darstellung r&auml;umlicher Gegenst&auml;nde f&uuml;r Blinde auf taktilen Medien.
year : 1998
author 0 : Martin Kurze

title : Information age organizations and success: an empirical analysis of the relationship between the implementation of information age principles and financial success in the information technology industry.
year : 1997
author 0 : Johannes Ziegler

title : Distributed processing of navigational query languages for RDF.
year : 2017
author 0 : Martin Przyjaciel-Zablocki

title : Design and investigation of scheduling mechanisms on accelerator-based heterogeneous computing systems.
year : 2018
author 0 : Ayman Tarakji

title : Interaktive L&ouml;sung schlecht-strukturierter Entscheidungsprobleme: Methoden u. Ergebnisse bei d. Stauung von Chemikalientankern.
year : 1983
author 0 : Hartmut Stadtler

title : Lippenmodellierung zur Merkmalsgewinnung f&uuml;r die audio-visuelle Spracherkennung.
year : 1998
author 0 : Michael Vogt

title : Type-based software-implemented hardware fault tolerance: predicting &amp; limiting the impact of bit flips in data.
year : 2012
author 0 : Gustav Munkby

title : Computerassistierte Detektion in der Mammographie: Vergleich zweier Softwareversionen.
year : 2003
author 0 : Christoph Minkus

title : Mining Functional and Structural Relationships of Context Variables in Smart-Buildings.
year : 2018
author 0 : Luis Ignacio Lopera Gonzalez

title : Prozesssysteme fester und variabler Struktur.
year : 1989
author 0 : Klaus Hering

title : Dataflow-based parallel signal processing and classification on reconfigurable hardware.
year : 2017
author 0 : Hendrik W&ouml;hrle

title : Fast randomized and parallel algorithms for cycle problems on graphs.
year : 1997
author 0 : Carsten Dorgerloh

title : Evaluation von Point-of-Information (POI)-Systemen: die Akzeptanz von Informationskiosken in Abh&auml;ngigkeit von Informationsrelevanz und Informationsaufbereitung.
year : 1997
author 0 : Thomas Wagener

title : Web-based Secure Application Control.
year : 2015
author 0 : Bastian Braun

title : Multidimensional Privacy Quantification for User Empowerment.
year : 2019
author 0 : Spyridon Boukoros

title : Digitale Bildzuordnung mittels Wavelet-Transformation.
year : 1997
author 0 : Ting Jiang

title : &Uuml;ber ein Verfahren zur L&ouml;sung spezieller Probleme der optimalen Steuerung von Systemen mit verteilten Parametern.
year : 1981
author 0 : Peter Burgmeier

title : Indexe auf verschl&uuml;sselten Daten: Konzepte, Performanz, Sicherheitsaspekte.
year : 2019
author 0 : Jan Lehnhardt

title : Ein Beitrag zum rechnergest&uuml;tzten Entwurf lexikaler und syntaktischer Analysatoren f&uuml;r &Uuml;bersetzerprogramme h&ouml;herer Programmiersprachen.
year : 1981
author 0 : Knut von Eckstein

title : An interdisciplinary perspective on the cognitive meaning of linguistic metaphor, its interpretation and computational representation.
year : 1997
author 0 : Gwendolyn Schulte

title : Optimale Lastverteilung in verteilten Systemen.
year : 1992
author 0 : Philipp Mittermaier

title : Synchronisations- und Recoverykonzepte f&uuml;r Transaktionen in kooperativen Entwurfsumgebungen.
year : 1997
author 0 : Axel Meckenstock

title : Direct animation interfaces: an interaction approach to computer animation.
year : 2014
author 0 : Benjamin Walther-Franks

title : Effizienter Einsatz bildgebender Sensoren zur Flexibilisierung automatisierter Handhabungsvorg&auml;nge.
year : 1994
author 0 : Ando Welling

title : Erh&ouml;hung der &ouml;konomischen Wirksamkeit von Versorgungssystemen durch optimierten Vorratsaustausch.
year : 1984
author 0 : Dieter Gerhardt

title : Methode f&uuml;r die simulationsunterst&uuml;tzte Optimierung am Beispiel von Montagesystemen.
year : 1995
author 0 : Yufei Wang 0002

title : Interactive Spacetime Reconstruction in Computer Graphics.
year : 2015
author 0 : Kai Ruhl

title : Reglerentwurf f&uuml;r bilineare Systeme nach der Methode der Exakten Linearisierung.
year : 1995
author 0 : Klaus Ruhland

title : Der rechtliche Schutz bei der Nutzung von Social Networks.
year : 2017
author 0 : Bj&ouml;rn Achtruth

title : Reed Solomon Codes und Newton Interpolation.
year : 1995
author 0 : Ulrich Sorger

title : Beitr&auml;ge zur Realisierung eines Kommunikationssystems f&uuml;r die Prozessdatenverarbeitung.
year : 1988
author 0 : Ulrich Franz

title : Interaktive Steuerung nichtlinearer Finite-Element-Berechnungen.
year : 1985
author 0 : Hans Maag

title : MOSEL: an universal language for modeling computer, communication, and manufacturing systems.
year : 2000
author 0 : Helmut Herold

title : Missing-Data-Probleme in der empirischen Sozialforschung.
year : 1986
author 0 : Rainer Schnell

title : Agent-based real-time coordination of power flow controllers = Agentenbasierte Realzeitkoordinierung von Leistungsflussreglern.
year : 2013
author 0 : Ulf H&auml;ger

title : Virtual video camera: a system for free viewpoint video of arbitrary dynamic scenes.
year : 2013
author 0 : Christian Lipski

title : Die gemeinschaftsrechtliche Harmonisierung des europ&auml;ischen Datenschutzrechts.
year : 1995
author 0 : Christian Oliver Dressel

title : Language family engineering: with features and role-based composition.
year : 2012
author 0 : Christian Wende

title : Generating renderers.
year : 2020
author 0 : Ars&egrave;ne P&eacute;rard-Gayot

title : Dynamische Strukturen in lokal gekoppelten neuronalen Netzwerken.
year : 2001
author 0 : Andreas Burwick

title : Der Stellenwert der digitalen Schnittbildverfahren Computertomographie und Kernspintomographie f&uuml;r die Beurteilung von Tumoren im Kopf-Hals-Bereich und deren Halslymphknotenmetastasen.
year : 1995
author 0 : Guido Freckmann

title : Automatische Generierung von Programmen f&uuml;r SIMD-Parallelrechner aus Spezifikationen.
year : 1989
author 0 : Klaus D. Thalhofer

title : Softwarearchitekturen f&uuml;r die rahmenwerkbasierte Konstruktion gro&szlig;er Anwendungssysteme.
year : 1998
author 0 : Dirk B&auml;umer

title : Interpolation, Approximation und Konvertierung mit rationalen B-Splines.
year : 1993
author 0 : Franz-Josef Schneider

title : Untersuchung und Entwicklung von hardwareorientierten arithmetischen Algorithmen und Architekturen.
year : 1999
author 0 : Steffen Dolling

title : Akquisition und Verarbeitung von Wissen zur Entscheidungsunterst&uuml;tzung im Konstruktionsproze&szlig; unter Einsatz von neuronalen Netzen.
year : 1997
author 0 : Tarek Mashhour

title : Aktive Segmentierung.
year : 2014
author 0 : Martin Horn

title : Strukturalistische Rekonstruktion der ACT*-Theorie von Anderson.
year : 1991
author 0 : Elke Heise

title : Zur Trennung von Klassen ununterscheidbarer Ensembles.
year : 1995
author 0 : Bernd Meyer 0002

title : User experience bei IT-Produkten: eine interdisziplin&auml;re experimentelle Untersuchung mit Web Analytics.
year : 2012
author 0 : Armin Kaser

title : Konstruktivistische Modellbildung in der Informatik.
year : 1994
author 0 : Henk Goorhuis

title : Formale Verifikationsmethode f&uuml;r reale Schaltungen und Systeme.
year : 2019
author 0 : Mohamed Denguir

title : Die Wasserscheidentransformation als Segmentierungsverfahren in der medizinischen Bildverarbeitung.
year : 1999
author 0 : Susan Wegner

title : Untersuchung des Verhaltens von Echtzeitoperationssystemen mit Hilfe der digitalen Simulation.
year : 1988
author 0 : Sigwart Th&uuml;rmer

title : Runtime Verification of Railway Applications with Extended Live Sequence Charts.
year : 2016
author 0 : Ming Chai

title : Complexity theoretical results for randomized branching programs.
year : 1999
author 0 : Martin Sauerhoff

title : Automatic Layout Analysis and Visual Exploration of Multidimensional Datasets with Applications in the Digital Humanities.
year : 2019
author 0 : Swati Chandna 0001

title : Local Algorithms for Distributed Topology Adaptation.
year : 2018
author 0 : Michael Stein

title : A novel design and verification framework for low vertical link density 3D network-on-chip based many core embedded systems.
year : 2015
author 0 : Haoyuan Ying

title : Die organisatorische Gestaltung von mikrocomputergest&uuml;tzten Datenbanksystemen.
year : 1984
author 0 : Gerhard Renner

title : Interaction Design Patterns f&uuml;r NFC-basierte Electronic-Data-Capture-Anwendungen.
year : 2014
author 0 : Andreas Prinz 0002

title : Solving Reasoning Problems for Probabilistic Conditional Logics with Consistent and Inconsistent Information.
year : 2016
author 0 : Nico Potyka

title : Identification of characteristic user behavior with a simple user interface in the context of space heating = Erkennung des spezifischen Nutzerverhaltens mittels einfachem Nutzerinterfaces im Rahmen der Raumbeheizung.
year : 2018
author 0 : Michael Adolph

title : Nutzung von Redundanz bei der Induktion von Klassifikatoren.
year : 1996
author 0 : G&uuml;nter Seidelmann

title : Struktur und Umbruch von Tabellen in Dokumenten.
year : 1999
author 0 : Wiebke Oeltjen

title : Modell- und computergest&uuml;tzte Planung logistischer Systeme: langfristige Optimierung von Standorten u. Lagerkapazit&auml;ten.
year : 1983
author 0 : Kurt Bienert

title : Augmented secure neighbor discovery: aligning security, privacy, and usability.
year : 2013
author 0 : Ahmad AlSa'deh

title : Self-adaptive data quality: automating duplicate detection.
year : 2018
author 0 : Tobias Zieger

title : Machine Learning for Anomaly Detection under Constraints.
year : 2019
author 0 : Bojan Kolosnjaji

title : Improving usability in procedural modeling.
year : 2013
author 0 : Bj&ouml;rn Ganster

title : Facial Texture Super-Resolution by Fitting 3D Face Models.
year : 2018
author 0 : Chengchao Qu

title : Einsatz arbeitsplatzbezogener Kleinrechentechnik am Beispiel der Projektierung hydrostatischer Antriebe.
year : 1986
author 0 : Ulf Haderthauer

title : Neue Wege - alte Barrieren: Beteiligungschancen von Frauen in der Informatik.
year : 1993
author 0 : Bettina Schmitt

title : Passive Koppler, Netzwerkadapter, Netzzugriffsverfahren f&uuml;r optische lokale Netze.
year : 1986
author 0 : Yeung-Cho Ip

title : Integration heterogener Produktdaten in verteilten, komplexen Entwicklungsprozessen.
year : 2019
author 0 : Julian Tiedeken

title : Zur Schwebstoffdynamik in der Tide-Elbe: numerische Simulationen mit einem Lagrangeschen Verfahren.
year : 1997
author 0 : Susanne Rolinski

title : Leistungsf&auml;higkeit von Entscheidung-Unterst&uuml;tzungs-Systemen (EUS) im Unternehmen dargestellt am Beispiel der Preisgestaltung von Mehrproduktunternehmen.
year : 1985
author 0 : Bodo Rieger

title : Elektronische Bankfilialen und virtuelle Banken: das Privatkundengesch&auml;ft von Universalbanken im elektronischen Markt.
year : 1997
author 0 : Carsten Stockmann

title : Tree-Structured Problems and Parallel Computation.
year : 2019
author 0 : Michael Ludwig

title : Structure-aware design of security primitives on reconfigurable hardware.
year : 2018
author 0 : Alexander Wild

title : Modellgetriebene generative Entwicklung von Web-Informationssystemen.
year : 2016
author 0 : Dirk Rei&szlig;

title : Schnitte in einem masstheoretischen Flussmaximierungsproblem.
year : 1989
author 0 : Wolfgang Blum

title : Coherent augmented reality rendering for mobile and non-mobile devices.
year : 2019
author 0 : Kai Rohmer

title : Combining Appearance, Depth and Motion for Efficient Semantic Scene Understanding.
year : 2018
author 0 : Timo Rehfeld

title : Query Flattening and the Nested Data Parallelism Paradigm.
year : 2019
author 0 : Alexander Ulrich

title : Interaktive Illustrationen und Animationen zur Erkl&auml;rung komplexer r&auml;umlicher Zusammenh&auml;nge.
year : 1998
author 0 : Bernhard Preim

title : On distributed and cooperative control design for networks of dynamical systems.
year : 2016
author 0 : Georg S. Seyboth

title : A new lighting model for computer-generated line drawings.
year : 2000
author 0 : J&ouml;rg Hamel

title : Human Activity Recognition in Daily Life and Sports Using Inertial Sensors.
year : 2019
author 0 : Dominik Schuldhaus

title : Modellierung und Leistungsbewertung paketvermittelter verbindungsorientierter Datenkommunikationsnetze f&uuml;r heterogene Verkehrslast.
year : 1986
author 0 : G&uuml;nther O. Strehle

title : Zur Integration von heuristischem Erfahrungswissen, qualitativen und quantitativen Modellen f&uuml;r die Anlagen&uuml;berwachung und Alarmgenerierung.
year : 1992
author 0 : Thomas Sticher

title : Example-Based Urban Modeling.
year : 2018
author 0 : Stefan Hartmann 0001

title : Erfassung von Dokumenten aus Zeichen, W&ouml;rtern und Bildern durch morphologische und graphentheoretische Ans&auml;tze und unter Einsatz der Fuzzy-Logik.
year : 1993
author 0 : Andreas Alef

title : CELLmicrocosmos - Integrative cell modeling at the molecular, mesoscopic and functional level.
year : 2013
author 0 : Bj&ouml;rn Sommer

title : Understanding Site Structure by Reverse Engineering Web Navigation Elements.
year : 2014
author 0 : Matthias Jens Keller

title : Ph&auml;nomene des Verhandlungsverhaltens im 5-Personen-Apex-Spiel: eine systematische Analyse der Auswirkung unterschiedlicher Kommunikationsbedingungen auf Verhandlungsablauf und Endergebnisse bei Kommunikation &uuml;ber Terminals.
year : 1991
author 0 : Wolfgang Havenith

title : Rechnergest&uuml;tzte Aufbereitung von Finite-Elemente-Berechnungsmodellen f&uuml;r Werkzeugmaschinen-Strukturen.
year : 1984
author 0 : Reimund Neugebauer

title : SYS3 - a systolic synthesis system around KARL.
year : 1989
author 0 : Karin Lemmert

title : Betrachtungen zur datenflussorientierten Erfassung und Vorverarbeitung von Signalen in Dataloggern.
year : 1992
author 0 : Eckhard Grass

title : Verified Java bytecode verification.
year : 2003
author 0 : Gerwin Klein

title : Algorithmen und untere Schranken f&uuml;r verallgemeinerte OBDDs.
year : 1995
author 0 : Detlef Sieling

title : Zur Untersuchung optimaler Steuerungsprobleme mit Operator-Zustandsgleichungen unter Benutzung der Dualit&auml;tstheorie.
year : 1982
author 0 : Helmut Dietrich 0002

title : Graph-based Object Understanding.
year : 2021
author 0 : Florian Teich

title : Aufbau eines betrieblichen Teile-Informationssystems dargestellt am Beispiel eines Dichtungsherstellers.
year : 1992
author 0 : Burghard Herrmann

title : Bildsegmentierung mit Spin-Modellen und oszillierenden Neuronalen-Netzen unter Verwendung visueller Latenzen.
year : 1997
author 0 : Ralf Opara

title : Medienzugriffsverfahren f&uuml;r lokale Gigabit-Netze.
year : 1996
author 0 : Thomas Meuser

title : Inkrementell generierte Wortgraphen f&uuml;r eine robuste Spracherkennung.
year : 1997
author 0 : Heike Rautenstrauch

title : Analysis Design &amp; Applications of Cryptographic Building Blocks.
year : 2015
author 0 : Christian Forler

title : Rechnergest&uuml;tzte Konstruktionsarbeit: humane und wirtschaftliche Gestaltung von Organisation, Technik und Qualifikation.
year : 1989
author 0 : Siegfried Schreuder

title : Contributions to time-varying Linear Control Systems.
year : 1987
author 0 : Achim Ilchmann

title : Pervasive Behavior Interventions - Using Mobile Devices for Overcoming Barriers for Physical Activity.
year : 2016
author 0 : Tim Dutz

title : Zur Qualifizierung der Anlagen&uuml;berwachung und Instandhaltungsvorbereitung durch die komplexe Automatisierung von Informationsprozessen.
year : 1985
author 0 : Dietmar Rattey

title : Schule und das neue Medium Internet - nicht ohne Lehrerinnen und Sch&uuml;lerinnen!
year : 1999
author 0 : Hiltrud Westram

title : Dynamic Interdependency Models for Cybersecurity of Critical Infrastructures.
year : 2017
author 0 : Elisa Canzani

title : Entwicklung und Bewertung eines Rapid-prototyping-Ansatzes zur multimodalen Mensch-Maschine-Interaktion im Kraftfahrzeug.
year : 2003
author 0 : Franz Bernhard Niedermaier

title : Die These von Church: zur erkenntnistheoretischen und sprachphilosophischen Bedeutung der Rekursionstheorie.
year : 1997
author 0 : Klaus-Dieter Schulz

title : Uncertainty in localization, mapping, and planning: advanced methods and applications.
year : 2018
author 0 : Joachim Clemens

title : Systemintegration des User level scheduling: Betriebssystemdienste zur Unterst&uuml;tzung der parallelen Programmierung.
year : 1999
author 0 : Christoph Koppe

title : Semantik komponierter modularer logischer Programme mit integrierten objektorientierten Vererbungsmechanismen.
year : 1991
author 0 : Mechthild Rohen

title : Symbolische Analyse analoger BiCMOS-Schaltungen.
year : 1995
author 0 : Gerhard Nebel

title : Information Flow Control with System Dependence Graphs - Improving Modularity, Scalability and Precision for Object Oriented Languages.
year : 2016
author 0 : J&uuml;rgen Graf 0001

title : Datenstrukturierung in der Fertigung.
year : 1992
author 0 : Peter Loos

title : Diskettenspeicher-Magnetk&ouml;pfe unter den realen Bedingungen der hochdichten Speicherung.
year : 1989
author 0 : G&uuml;nter Junghanns

title : Investitionsplanung f&uuml;r CAM-Systeme unter besonderer Ber&uuml;cksichtigung des Zeitverhaltens: ein Beitrag zur Entwicklung eines Instrumentariums zur Informationsanalyse und Gestaltungsunterst&uuml;tzung.
year : 1990
author 0 : Torsten Becker

title : Spinglasmodelle f&uuml;r neuronale Netzwerke und ihre Behandlung mit Methoden der statistischen Physik.
year : 1992
author 0 : Thomas Schnelle

title : Evolution of structures: optimization of artificial neural structures for information processing.
year : 1998
author 0 : Bernhard Sendhoff

title : Towards the Governance of Open Distributed Systems: A Case Study in Wireless Mobile Grids.
year : 2011
author 0 : Tina Balke

title : Modellgetriebene Entwicklung daten- und prozessbasierter Webapplikationen.
year : 2012
author 0 : Ulrich Wolffgang

title : Analog verarbeitende Spezialprozessoren in CCD-Technik: ein Beitrag zur hardwareunterst&uuml;tzten Manipulation von Grauwertbildern im On-line-Betrieb.
year : 1987
author 0 : Lutz Gr&uuml;nwoldt

title : Kartographische Mustererkennung: rasterorientierte Verfahren zur Erfassung von Geo-Informationen.
year : 1995
author 0 : Roland E. Stengele

title : Reconstruction and Scalable Detection and Tracking of 3D Objects.
year : 2020
author 0 : Wadim Kehl

title : Probleme der Anwendung von Operations-research-Verfahren in kleinen und mittleren Unternehmungen.
year : 1981
author 0 : Rainer Asmussen

title : Methoden zur CAD-NC-Integration auf Basis von 2D-Zeichnungsinformationen.
year : 1991
author 0 : J&ouml;rg Sandig

title : Delayed Traffic Models in Multiple Scales: New Macroscopic Models And Their Numerics.
year : 2021
author 0 : Thomas Jung

title : Requirements engineering und programmieren im Grossen: Integration von Sprachen und Werkzeugen.
year : 1992
author 0 : Thorsten Janning

title : 3-D-Atlas des kardiovaskul&auml;ren Systems des Menschen auf der Basis des Visible Human.
year : 2003
author 0 : Sebastian Gehrmann

title : Untersuchung zur Versp&auml;tungsentwicklung von Fernreisez&uuml;gen auf der Datengrundlage der Rechnerunterst&uuml;tzten Zug&uuml;berwachung Frankfurt am Main.
year : 1996
author 0 : Udo Hermann

title : Virtual integration: a game-theoretic approach.
year : 2014
author 0 : Michael Schorer

title : Dynamische, verteilte Prozesszuordnung f&uuml;r Multicomputersysteme auf der Basis von Datenflussgraphen.
year : 1994
author 0 : Johann Rost

title : Towards reproducible simulation studies with JAMES II.
year : 2016
author 0 : Stefan Rybacki

title : Contributions to turbo automatic speech recognition.
year : 2020
author 0 : Simon Receveur

title : Kodierte Anregung und d&auml;mpfungsabh&auml;ngige Mismatched-Filterung im diagnostischen Ultraschall.
year : 2003
author 0 : Kai Eck

title : An Extensible Parallel Computing Framework for Ultra-Fast X-Ray Imaging.
year : 2014
author 0 : Matthias Vogelgesang

title : Operating System Support for Redundant Multithreading.
year : 2014
author 0 : Bj&ouml;rn D&ouml;bel

title : Modelle f&uuml;r Entwurf und Bewertung eines dynamischen Lastverbunds lose gekoppelter Rechensysteme.
year : 1993
author 0 : Inge Weigel

title : Design recovery techniques for object oriented software systems.
year : 2003
author 0 : Ralf Kollmann

title : Transparenz aus Kundensicht: Bausteine zum Monitoring von Cloud-Umgebungen.
year : 2019
author 0 : Matthias Flittner

title : Langfristige Energieeinsatzplanung von Kraftwerksystemen unter Ber&uuml;cksichtigung stochastischer Einfl&uuml;sse.
year : 1984
author 0 : Thomas J. Schroeder

title : Adora-L - eine Modellierungssprache zur Spezifikation von Software-Anforderungen.
year : 2000
author 0 : Stefan Joos

title : Control of harmful effects during the program operation in NAND flash memories.
year : 2011
author 0 : Christoph Friederich

title : Die Korrektheit einer Implementation der Modulpr&auml;figierung mit reiner Static-scope-Semantik.
year : 1986
author 0 : Manfred Krause

title : Algorithmen f&uuml;r VLSI-Layout.
year : 1991
author 0 : Shaodi Gao

title : Surround View pedestrian detection.
year : 2015
author 0 : Markus Gressmann

title : Kombinatorische und logische Eigenschaften von Reduktionen auf einige vollst&auml;ndige Probleme in NP und NL mit einigen Folgerungen.
year : 1982
author 0 : Elias Dahlhaus

title : Simplified Integration of External Sensors in Industrial Robot Programs.
year : 2011
author 0 : Jan Deiterding

title : Systemdesign: Entwicklung eines Anwendungssystems im Rahmen der integrierten B&uuml;rokommunikation.
year : 1992
author 0 : Mark Fietkau

title : Zur unscharfen Datenanalyse von Grautonbildern.
year : 1991
author 0 : Andr&eacute; Kraut

title : Optimierte Robustheitstests f&uuml;r zustandsbehaftete Softwarekomponenten.
year : 2014
author 0 : Patrick Heckeler

title : Virtuelle Beratung: Kundenbegleitung im elektronischen Vertrieb der Finanzdienstleister.
year : 2003
author 0 : Vanessa Niemeyer

title : Modell zur wissensbasierten Probleml&ouml;sung in der Beschaffungs-Logistik.
year : 1991
author 0 : Burkhard F. T. Bonsels

title : Methodik zur Bestimmung der Verf&uuml;gbarkeit von verteilten anwendungsorientierten Diensten.
year : 1999
author 0 : Thomas Kaiser 0002

title : Extremal fixpoints for higher-order modal logic.
year : 2020
author 0 : Florian Bruse

title : Novel approaches for network covert storage channels.
year : 2013
author 0 : Steffen Wendzel

title : Untersuchung zur Analyse computergest&uuml;tzter Waldschadensklassifizierungen.
year : 1989
author 0 : Steffen Kuntz

title : Generische Ans&auml;tze zur Entwicklung hypermedialer biochemischer Lernlaborsysteme.
year : 2001
author 0 : Dieter Lorenz 0002

title : Prozessnahe Roboterprogrammierung unter Einsatz eines inertialen Messsystems: neue Wege zur Programmierung von Industrierobotern f&uuml;r bahnbezogene Handhabungsaufgaben.
year : 1989
author 0 : Frank Wei&szlig; 0002

title : Entwurf, Auswahl und Anpassung aufgabenbezogener Dom&auml;nensoftware.
year : 2000
author 0 : Anita Krabbel

title : Untersuchungen zum Leistungsverm&ouml;gen von Automaten.
year : 1985
author 0 : Lutz Voelkel

title : Enablement of Multi-Core-Based Automotive Embedded Systems through I/O- and Network Virtualization.
year : 2016
author 0 : Christian Herber

title : Ein allgemeines Berechnungsverfahren f&uuml;r Grenzlastzust&auml;nde im Grundbau, dargestellt am Beispiel des Grund- und B&ouml;schungsbruchs.
year : 1986
author 0 : Ulrich Sturm

title : Advanced monitoring in P2P botnets.
year : 2016
author 0 : Shankar Karuppayah

title : Computerunterst&uuml;tztes Sicherheitsmanagement: Gestaltung von Auswertungssystemen f&uuml;r sicherheitskritische Ereignisse in Industrieanlagen mit hohem Gef&auml;hrdungspotential.
year : 2003
author 0 : Steffen Szameitat

title : Die Berechnung von Stoss- und Wellenausbreitungsvorg&auml;ngen in ebenen und rotationssymmetrischen Bauteilen unter Einbeziehung eines elastisch-plastischen Materialverhaltens mit Hilfe der Finite-Element-Methode.
year : 1985
author 0 : Heinz K&ouml;ppe

title : Fehlersch&auml;tzung und Merkmalsselektion bei Bayesschen Klassifikatoren.
year : 1983
author 0 : Klaus-Dieter Wernecke

title : Pattern Discovery in Time Series.
year : 2021
author 0 : Gerhard Klassen

title : Virtuell gemeinsamer Speicher mit integrierter Laufzeitbeobachtung.
year : 1996
author 0 : Martin Mairandres

title : Entwurf eines prozessorientierten Grafiksystems mit GKS-Funktionalit&auml;t.
year : 1988
author 0 : Martin Takats

title : QoS/QoE-Modelle f&uuml;r den Dienst Voice over IP (VoIP).
year : 2016
author 0 : Stefan Paulsen

title : Zur Nutzung von Datenbankmanagementsystemen f&uuml;r Modellierungs- und Simulationssoftware.
year : 1989
author 0 : Frank Humann

title : Datentransportkostenoptimale Gestaltung von Rechnernetzen.
year : 1987
author 0 : Hans Demmer

title : Dendritic organization of sensory inputs in cortical neurons in vivo.
year : 2011
author 0 : Hongbo Jia

title : Untersuchungen zu assoziativen Datenflu&szlig;konzepten.
year : 1999
author 0 : Justin Strohschneider

title : Analysis of Random-access algorithms.
year : 1984
author 0 : Peter Mathys

title : Absch&auml;tzung der Kollisionsfolgen von Robotern zur Bewertung des sicheren Einsatzes in der Mensch-Roboter-Kooperation.
year : 2018
author 0 : Susanne Oberer-Treitz

title : Konformationsuntersuchungen und Formberechnungen an Phospholipid- und Phosphons&auml;uredialkylestermolek&uuml;len mit Hilfe der Monte-Carlo-Methode.
year : 1984
author 0 : Steffen Bilke

title : Maschinelles Lernen in Datenstrommanagementsystemen.
year : 2014
author 0 : Dennis Geesen

title : Automatische Modellierung von Waldlandschaften f&uuml;r virtuelle Welten und mobile Roboter.
year : 2014
author 0 : Arnold B&uuml;cken

title : Specification and analysis of adaptive systems.
year : 2015
author 0 : Bernd Spanfelner

title : Steuerung offener verteilter Anwendungssysteme: Konstruktion interaktionsorientierter Regelverarbeitungs- und Verhandlungsmechanismen - dargestellt am Beispiel elektronischer Dienstem&auml;rkte.
year : 2000
author 0 : Mark Tuan-Viet Tu

title : Grundstrukturen in fehlertoleranten Systemen und ihre formale Darstellung.
year : 1980
author 0 : Johann H. Schlichter

title : Reliable Software for Unreliable Hardware - A Cross-Layer Approach.
year : 2015
author 0 : Semeen Rehman

title : Data-Driven Problem-Solving in International Business Communication: Examining the Use of Bilingual Web-Based Tools for Text Production with Advanced English as a Foreign Language Professionals.
year : 2017
author 0 : Alexander M. Zielonka

title : Entwicklung und Umsetzung eines Entscheidungsunterst&uuml;tzungssystems f&uuml;r das Outsourcing in der komponentenbasierten Softwareentwicklung.
year : 2016
author 0 : Tommi Kramer

title : A methodology for workflow modeling: from business process modeling towards sound workflow specification.
year : 2003
author 0 : Juliane Dehnert

title : Requirements engineering f&uuml;r GIS-Applikationen.
year : 1997
author 0 : Georg K&ouml;sters

title : Hypothesis generation for object pose estimation - from local sampling to global reasoning.
year : 2018
author 0 : Frank Michel 0002

title : Order sorted equational computation with semantical sorts.
year : 1994
author 0 : Lars With

title : Beurteilung und Gestaltung von CAD-Benutzungsoberfl&auml;chen unter Ber&uuml;cksichtigung anwendungsorientierter Merkmale.
year : 1994
author 0 : J&uuml;rgen Pfitzmann

title : Fachsprachliche Wortgruppen in englischen und deutschen Texten der Mikroprozessortechnik.
year : 1995
author 0 : Brunhilde Kissig

title : Stochastic Geometric Distances in Multi-Hop Wireless Ad Hoc Networks.
year : 2012
author 0 : Golaleh Oehlsen

title : Vision-based category agnostic object tracking for mobile robots and intelligent vehicles / Aljose Osep ; Bastian Leibe, David Held.
year : 2019
author 0 : Aljosa Osep

title : Zur Verhaltensanalyse von Rechnernetzen.
year : 1987
author 0 : Dieter Carl

title : Der urheberrechtliche Schutz von Computerprogrammen: e. problemorientierte Unters. d. Werkbegriffs nach schweizer. u. internat. Urheberrecht.
year : 1988
author 0 : Georg Rauber

title : Struktur, Funktion und Effizienz betrieblicher Informationssysteme.
year : 1981
author 0 : G&uuml;nter Hettich

title : Intelligent sensor nodes powered over fiber for cost-effective applications.
year : 2017
author 0 : Christoph Budelmann

title : Ein Ansatz zur Typanalyse einer interaktiven Sprache zum Software Prototyping.
year : 1992
author 0 : J&ouml;rn Thomas Kaule

title : Eine Methode der Mikroprogrammierung im Dialog am Mikrorechnerentwicklungssystem MRES 20.
year : 1984
author 0 : Rainer Sch&uuml;ssler

title : Limit laws for random recursive structures and algorithms.
year : 1999
author 0 : Ralph Neininger

title : Die iterative Erschliessung von Intensivierungsm&ouml;glichkeiten zur Leistungs- und Effektivit&auml;tsverbesserung in Industriekombinaten mittels moderner Informationstechnologien.
year : 1987
author 0 : Dieter Reinhardt

title : Energieeffiziente Schedulingalgorithmen f&uuml;r Echtzeitsysteme.
year : 2011
author 0 : Thorsten Zitterell

title : A Meta Model for Team Recommendations in Open Innovation Networks.
year : 2012
author 0 : Michele Brocco

title : B&uuml;rokommunikation mit Inhouse-Netzen: Entwicklung e. Simulationsmodells d. betriebl. Kommunikationssystems als Hilfsmittel f&uuml;r Entscheidungen &uuml;ber d. Einsatz neuer Kommunikationstechnik.
year : 1985
author 0 : Thomas Wardin

title : Einsatz von Industrierobotern im Paketumschlag der Deutschen Post unter dem besonderen Aspekt der Entwicklung spezifischer Greifer f&uuml;r Paketsendungen.
year : 1989
author 0 : Eckhard Westphal

title : Ger&auml;tetechnisch unterst&uuml;tzte Abwehr ungew&uuml;nschten Eindringens sch&auml;dlicher Programme in Rechnersysteme und -netze.
year : 2001
author 0 : Robert Fitz

title : Indices and Applications in High-Throughput Sequencing.
year : 2013
author 0 : David Weese

title : Eine Methode f&uuml;r Entwurf und Spezifikation von Protokollkonvertern.
year : 1994
author 0 : Uwe Gehrmann

title : Automatisierte Analyse von Bauschuttrezyklaten auf der Basis von Bild- und Spektralinformationen.
year : 2021
author 0 : Petr Kuritcyn

title : Enterprise 2.0: sozio-technische Neuausrichtung von Unternehmen.
year : 2012
author 0 : Michael A. Stecher

title : An object template approach to manipulation for semi-autonomous avatar robots.
year : 2016
author 0 : Alberto Isay Romay Tovar

title : Bahnf&uuml;hrung eines Industrieroboters mit Multiprozessorsystem.
year : 1987
author 0 : Peter Rojek

title : Beitrag zur qualitativen Modellbildung in unscharfer Umgebung.
year : 1993
author 0 : Swetoslaw Beltschew

title : User identification and community exploration via mining big personal data in online platforms.
year : 2021
author 0 : Jiaquan Zhang

title : Abstract state machines: verification problems and complexity.
year : 2000
author 0 : Marc Spielmann

title : From local visual homing towards navigation of autonomous cleaning robots.
year : 2013
author 0 : Lorenz Gerstmayr-Hillen

title : Leittechniksystemunabh&auml;ngiges Strukturierungs- und Programmierungssystem, Verkn&uuml;pfung von Standardfunktionsbausteinen und h&ouml;heren Automatisierungs-Algorithmen.
year : 1985
author 0 : Thomas R&ouml;hrich

title : Hardware Enhanced Run-Time Management for Many-Core Processors.
year : 2019
author 0 : Daniel Gregorek

title : Mathematische Probleme des rekursiven Entwurfs.
year : 1990
author 0 : Ernst-G&uuml;nter Giessmann

title : Experimentelle Kaukraftmessung mit Druckmessfolie und digitaler Bildverarbeitung.
year : 1995
author 0 : Christoph Hardt

title : Wissensbasiertes Controlling von Fertigungseinzelkosten: Konzeption, Implementierung und Evaluierung des Systems OpCon.
year : 1996
author 0 : Michael Kluth

title : Standardisierte Konzeptionen f&uuml;r die B&uuml;rokommunikation: dargestellt am Beispiel mittelst&auml;ndischer Grosshandelsunternehmungen ausgew&auml;hlter Branchen.
year : 1989
author 0 : Rolf-Eugen K&ouml;nig

title : Modular timing analysis of component-based real-time embedded systems.
year : 2013
author 0 : Stefan Neumann 0002

title : Incremental model synchronization with precedence-driven triple graph grammars.
year : 2013
author 0 : Marius Paul Lauder

title : From planar patches to grasps: a 3-D robot vision system handling unmodeled objects.
year : 1995
author 0 : Marjan Trobina

title : Modellgetriebene Entwicklung mit Graphtransformationen.
year : 2015
author 0 : Sabine Winetzhammer

title : Expertensystem-Entwicklung f&uuml;r Personalplanung und Personal-Controlling.
year : 1997
author 0 : Kurt Helms

title : Neue Boolesche Orthogonalisierende Operative Methoden und Gleichungen.
year : 2016
author 0 : Yavuz Can

title : Werkzeuge zur syntaktischen Analyse f&uuml;r die selbstdefinierende erweiterbare Sprachfamilie CONLAN.
year : 1985
author 0 : Achim Kappas

title : Validierung der Leistungsf&auml;higkeit von Bewertungsfunktionen zur Vorhersage von Bindungsaffinit&auml;tsdifferenzen auf Basis von Ligand-Paar-Datens&auml;tzen.
year : 2019
author 0 : Shantheya Balasupramaniam

title : Enhanced Usability and Applicability for Simultaneous Geometry and Reflectance Acquisition.
year : 2016
author 0 : Johannes K&ouml;hler

title : Object matching on real-world problems.
year : 2014
author 0 : Hanna K&ouml;pcke

title : Bestimmung des Bedarfs an analytischen Informationen zur Unterst&uuml;tzung der Leitung der betrieblichen Absatzwirtschaft: e. Beitr. zur Entwicklung automatisierter Auswertungssysteme in Kombination u. Betrieben d. Industrie.
year : 1981
author 0 : Marlis Rothe

title : Surface reconstruction from planar contours via angle criteria.
year : 1997
author 0 : Barbara Wolfers

title : Generation of Virtual Humans for Virtual Reality, Medicine, and Domestic Assistance.
year : 2019
author 0 : Jascha Achenbach

title : Multimodal human computer interaction in virtual realities based on an exoskeleton.
year : 2012
author 0 : Ingo Kossyk

title : Laufzeit&uuml;berwachung in selbst-organisierenden Industriesystemen.
year : 2019
author 0 : Marie Kiermeier

title : Language support for dynamic and evolving software architectures.
year : 2002
author 0 : Uwe Zdun

title : Erfolgsprognosen auf der Basis von R&uuml;ckberichten als Beitrag zu einem zukunftsorientierten F&uuml;hrungsinstrument.
year : 1985
author 0 : Klaus Henn

title : Re-composition of distributed social media content.
year : 2014
author 0 : Mohamad Rabbath

title : Distributed algorithms for nonlinear tree-sparse problems.
year : 2016
author 0 : Jens H&uuml;bner

title : Usability evaluation of modeling languages: an empirical research study.
year : 2013
author 0 : Christian Schalles

title : Model-Based Development of Software-intensive Automotive Systems.
year : 2012
author 0 : Stefan Kugele

title : On improving automated program analysis to secure software systems.
year : 2020
author 0 : Andre Pawlowski

title : Verfahrensfortschritte in der robusten Echtzeiterkennung von Schriftzeichen.
year : 2013
author 0 : Martin Grafm&uuml;ller

title : Numerisches Modell zur Simulation von Str&ouml;mungsvorg&auml;ngen in isothermen physikalischen Feuerungsmodellen.
year : 1980
author 0 : Joachim Hoitz

title : L&ouml;sung elliptischer Randwertaufgaben mit approximativen und iterativen Reduktionsverfahren.
year : 1981
author 0 : Manfred Ries

title : Registration methods for pulmonary image analysis: integration of morphological and physiological knowledge.
year : 2014
author 0 : Alexander Schmidt-Richberg

title : Richterliches Informationsmanagement und Datenschutz.
year : 1996
author 0 : Franz-Josef Kockler

title : A flexible framework for investigating chromatin state trajectories.
year : 2020
author 0 : Henriette Miko

title : Hybrid Geometric-Algebraic Matrix-Free Multigrid on Spacetrees.
year : 2013
author 0 : Marion Weinzierl

title : Architektur eines wissensbasierten Systems zur Interpretation multisensorieller Fernerkundungsdaten.
year : 2003
author 0 : Martin Pahl

title : Zum Einfluss von Datenstruktur und Stichprobenumfang auf die Trennwirksamkeit von Diskriminanzanalysen mit verschiedenen Dichtesch&auml;tzern.
year : 1986
author 0 : Hans-Joachim Kaiser

title : Hypertext und tutorielle Lernumgebungen: ein Ansatz zur Integration.
year : 1994
author 0 : Dirk Meyerhoff

title : Messung von Positronenspektren nach Schwerionenst&ouml;ssen mit besonderer Wichtung der Datenverarbeitung.
year : 1981
author 0 : Friedemann Weik

title : Computergest&uuml;tzte Analyse der dreidimensionalen Gestalt der Papille des Sehnerven.
year : 1988
author 0 : Nicola Schulte-Kellinghaus

title : Active Vision for Scene Understanding.
year : 2021
author 0 : Markus Grotz

title : Fast online control based on homotopies for systems subject to time-varying constraints.
year : 2020
author 0 : Damian Kontny

title : Entwurf und Gestaltung automatischer Prozesssicherungssysteme.
year : 1987
author 0 : Bernd Koch

title : Modellbildung und Analyse eines OCR-Systems mit verteilter k&uuml;nstlicher Intelligenz.
year : 2001
author 0 : Frank Moelter

title : Parametrisierung und Klassifikation gesprochener Sprache.
year : 1995
author 0 : Stefan Rieck

title : Verification of software for Contiki-based low-power embedded systems using software model checking.
year : 2018
author 0 : Thilo V&ouml;rtler

title : Zu Problemen der Datensicherheit.
year : 1987
author 0 : Ernst Kutschbach

title : Simulation und Optimierung von Querschnitten verlustbehafteter Leitungen der Aufbau- und Verbindungstechnik.
year : 1992
author 0 : Martin Borst

title : Justifying the strong memory semantics of concurrent high-level programming languages for system programming.
year : 2018
author 0 : Jonas Oberhauser

title : M&ouml;glichkeiten und Grenzen der automatischen Kodierung mimischen Verhaltens.
year : 1990
author 0 : Susanne Kaiser

title : Enhanced Virtuality: Increasing the Usability and Productivity of Virtual Environments.
year : 2021
author 0 : Adrian Heinrich Hoppe

title : Gestaltungsformen urheberrechtlicher Softwarelizenzvertr&auml;ge: eine juristische und &ouml;konomische Untersuchung unter besonderer Ber&uuml;cksichtigung des Zweiten Gesetzes zur &Auml;nderung des Urheberrechtsgesetzes vom 9. Juni 1993.
year : 1994
author 0 : Andreas Pres

title : Die &ouml;konomische Vorbereitung von automatisierten Fertigungssystemen im Kombinat.
year : 1987
author 0 : Maren Gerasch

title : Algebraische Strukturen ausgew&auml;hlter diskreter Optimierungsprobleme.
year : 1989
author 0 : Michael Hoeding

title : Methoden verteilter Simulation.
year : 1994
author 0 : Horst Mehl

title : CoRE - komponentenorientierte Entwicklung offener verteilter Softwaresysteme im Telekommunikationskontext.
year : 2002
author 0 : Marc Born
author 1 : Olaf Kath

title : Modellierung der Erkenntnist&auml;tigkeiten der Sch&uuml;ler im rechnergest&uuml;tzten Bildungsprozess.
year : 1989
author 0 : Stefan Kwiatkowski

title : Autonomous resource management in dynamic data centers.
year : 2013
author 0 : Oliver Nieh&ouml;rster

title : Geometrische Interpretation neuronaler Netze.
year : 1999
author 0 : Andreas Bernatzki

title : Konzeption eines Produktionssystems zur Syntax-orientierten Compiler- und Programmentwicklung.
year : 1983
author 0 : G&uuml;nter Dollny

title : Mathematische Simulation betriebswirtschaftlicher Kennzahlen des Verfahrens der Broilermast als Bestandteil einer Softwarel&ouml;sung f&uuml;r die Prozesskontrolle und -steuerung.
year : 1992
author 0 : Dorothea Heide

title : Semantische Wiki-Systeme in der wandlungsf&auml;higen Produktion.
year : 2014
author 0 : Matthias Zapp

title : Die Simulation von Vermittlungssystemen unter Anwendung von Techniken der parallelen Datenverarbeitung.
year : 1992
author 0 : Reinhard Habermann

title : Order reduction for nonlinear dynamic models of district heating networks.
year : 2020
author 0 : Markus Rein

title : Nutzung von Verhaltensmodellen f&uuml;r die Effektivit&auml;tsanalyse von Prozessrechnereins&auml;tzen.
year : 1980
author 0 : Frank Richter 0002

title : Die Genauigkeit von Hologrammen im Vergleich zu anderen Modellvermessungen.
year : 1992
author 0 : Dimitrios Miras

title : Computerunterst&uuml;tzte, nichtinvasive Methoden zur Analyse von Lungenfunktionen beatmeter Patienten: Untersuchungen zur Optimierung der Beatmung.
year : 1985
author 0 : Josef Xaver Brunner-Leuppi

title : Architekturen zum transparenten Entwurf mit Petrinetzen.
year : 1997
author 0 : Markus Christian Meyer

title : &Auml;nderungstolerante Serialisierung gro&szlig;er Datens&auml;tze f&uuml;r mehrsprachige Programmanalysen.
year : 2017
author 0 : Timm Felden

title : Die Pr&uuml;fung von ADV-Programmen: e. entscheidungsorientierte Analyse d. Methoden zur Revision von Softwaresystemen.
year : 1985
author 0 : Klaus Duck

title : Specification and Analysis of Software Systems with Configurable Real-Time Behavior.
year : 2020
author 0 : Lars Luthmann

title : Symbolische Programmierung in der Mehrk&ouml;rperdynamik.
year : 1993
author 0 : Bernd Weber 0003

title : Subtour-Eliminations-Verfahren zur L&ouml;sung asymmetrischer Routing-Probleme.
year : 1991
author 0 : Joachim Pautsch

title : Informationstechnische Bildung im Unterricht allgemeinbildender Schulen der BRD: eine auslandsp&auml;dagogische Untersuchung.
year : 1988
author 0 : Konrad Berger

title : Ein Konzept zur optimalen Steuerung und Regelung von mobilen Manipulatoren.
year : 1995
author 0 : Willy Miksch

title : Interactive Sample-Based Rendering of High-Resolution Data Sets.
year : 2015
author 0 : Florian Reichl

title : Theoretische Grundlagen der Visualisierung molekularer Schwingungen.
year : 1992
author 0 : Holger Dachsel

title : Objekterkennung in Grauwertbildern.
year : 1992
author 0 : Stefan Vey

title : Interactive learning of dynamic systems: a cognitive modeling approach to mental model building and updating.
year : 2019
author 0 : Sabine Prezenski

title : Beitrag zur Feinstrukturierung von Arbeitsgangvorprogrammen nach dem Generierungsprinzip.
year : 1982
author 0 : Wolfgang Leidholdt
author 1 : Hans-Werner Ratzeburg

title : Efficient runtime systems for speculative parallelization.
year : 2017
author 0 : Clemens Hammacher

title : Network and process communication for the H1-experiment at HERA.
year : 1993
author 0 : Patrick Fuhrmann

title : Algebraic complexity in finite fields.
year : 1994
author 0 : J&uuml;rg Ganz

title : Referenzmodellgest&uuml;tztes Gesch&auml;ftsprozessmanangement: ein Ansatz zur prozessorientierten Gestaltung vertriebslogistischer Systeme.
year : 1996
author 0 : Christian Kruse

title : Algebraic Systems of Fixpoint Equations over Semirings: Theory and Applications.
year : 2016
author 0 : Maximilian Schlund

title : Eine Entwurfsmethode f&uuml;r verteilte digitale Systeme auf der Grundlage von Restriktionen.
year : 1986
author 0 : Shiwko Kostadinow

title : Leistungsbewertung eingebetteter Neurocomputersysteme.
year : 2002
author 0 : Mario Porrmann

title : Akzeptanzverbesserung medizinischer Dokumentationssysteme durch graphische Benutzerschnittstellen am Beispiel des "Frankfurter Modellprojekt Schlaganfallpatient".
year : 1994
author 0 : Ullrich Schricke

title : Computing platforms for parallel molecular dynamics.
year : 2000
author 0 : Thomas Peter G&ouml;ssi

title : Beitrag zur Beschreibung, rechnerinternen Abbildung und Darstellung technischer Objekte.
year : 1985
author 0 : Gabriele Fuchs

title : Experimentelle Analyse der Echtzeiteigenschaften von Token-Ring Netzwerken.
year : 1990
author 0 : J&uuml;rgen Tusch

title : Entwicklung einer rechnergest&uuml;tzten Entwurfsmethode f&uuml;r optische Mikrosysteme und deren Anwendung auf einen Heterodynempf&auml;nger.
year : 1999
author 0 : Ingo Sieber

title : Automatisierte Analyse integrierter Software-Produktlinien-Spezifikationen.
year : 2019
author 0 : Markus Weckesser

title : Software&uuml;berlassung als Sachkauf: ausgew&auml;hlte Rechtsprobleme des Erwerbs von Standardsoftware.
year : 1989
author 0 : Thomas Hoeren

title : An Actual Causality Framework for Accountable Systems.
year : 2021
author 0 : Amjad Ibrahim

title : Using model checking for system verification.
year : 2000
author 0 : Monika Maidl

title : Aufgaben, Struktur und Realisierung intelligenter Mikrorechnerperipheriesysteme.
year : 1985
author 0 : Peter Mohr

title : Reziproke Verbindung neuronaler Netze zur Mustererkennung mit der biologischen Erforschung des visuellen Systems der Kr&ouml;te.
year : 1994
author 0 : Stephan Fingerling

title : Rechnergest&uuml;tzte Planung von &Uuml;bergabesystemen zwischen Transport und Fertigung.
year : 1985
author 0 : Werner Fricke

title : Verteiltes Modell-Management und Objektbanken f&uuml;r diskrete Probleme und diskrete Strukturen.
year : 1996
author 0 : Peter Becker 0001

title : A Bio-Inspired Autonomous Authentication Mechanism in Mobile Ad Hoc Networks.
year : 2012
author 0 : Parisa Memarmoshrefi

title : Ein Modell f&uuml;r Sicherheit und Verteiltheit von Managementinformationssystemen.
year : 1992
author 0 : Lutz Kleinholz

title : Funktionstrennung in ERP-Systemen: Konzepte, Methoden und Fallstudien.
year : 2013
author 0 : Petra Maria Asprion

title : A framework for the successful design and deployment of electronic triage systems.
year : 2018
author 0 : Erion Elmasllari

title : Objektorientierte multimediale Erweiterungen eines verteilten Visualisierungssystems.
year : 2000
author 0 : Lei Wang 0075

title : Learning from limited labeled data - Zero-Shot and Few-Shot Learning.
year : 2020
author 0 : Yongqin Xian

title : Ein modellbasierter regionenorientierter Ansatz zur Segmentation von Infrarot-Bildsequenzen.
year : 1995
author 0 : Wolfgang Smeets

title : Ein neuro-fuzzy basiertes Verfahren zur Adaption von Regeln.
year : 1996
author 0 : Thomas Meier 0002

title : Computational Insights into Zebrafish Brain Development during Gastrulation.
year : 2017
author 0 : Claude Sinner

title : Objektorientierte Architektur f&uuml;r grafische Benutzungsoberfl&auml;chen: Realisierung der portablen Fenstersystemschnittstelle von ET++.
year : 1992
author 0 : Andr&eacute; Weinand

title : Fertigungsgerecht konstruieren mit CAD: Konzept eines Konstruktionssystems zur Informationsverarbeitung mit CAD-Systemen.
year : 1990
author 0 : Klaus-Werner Finkenwirth

title : Wissensentdeckung in Datenbanken mit adaptiven Regelsystemen: Entwicklung eines Data-mining-Methodenbaukastens auf Basis von Neuro-fuzzy-Systemen.
year : 1999
author 0 : Thomas Wittmann

title : Gaze-contingent Computer Graphics.
year : 2017
author 0 : Michael Stengel

title : Design and Analysis of Statistical Learning Algorithms which Control False Discoveries.
year : 2018
author 0 : Arijit Das

title : Flow processing-aware control application placement.
year : 2017
author 0 : S&eacute;bastien Auroux

title : Softwaresanierung durch objektorientiertes Reengineering eines relationalen Datenbanksystems.
year : 1994
author 0 : Andreas Drasdo

title : Synchronization in distributed multimedia applications.
year : 2000
author 0 : Christina Class

title : Methoden der Bereichsanalyse und der Orientierungskurven zur L&ouml;sung von Aufgaben der optimalen Steuerung mit Zustandsbeschr&auml;nkungen.
year : 1987
author 0 : Hoang Xuan Phu

title : K&uuml;nstliche Intelligenz, Expertensysteme und die Folgen.
year : 1992
author 0 : Andreas H&ouml;pken

title : A model for the digital representation and transaction of complex pricing and ordering for high-value spatial products and services.
year : 2003
author 0 : Roland M. Wagner

title : Portability of Process-Aware and Service-Oriented Software: Evidence and Metrics.
year : 2016
author 0 : J&ouml;rg Lenhard

title : New results on probabilistic verification: automata, logic and satisfiability.
year : 2019
author 0 : Souymodip Chakraborty

title : Towards effective research-paper recommender systems and user modeling based on mind maps.
year : 2015
author 0 : J&ouml;ran Beel

title : Ein formal spezifiziertes objektorientiertes Datenmodell mit Anfragesprache und algebraischer Optimierung.
year : 1995
author 0 : Tilo Hegel

title : Cluster abstraction of graph transformation systems.
year : 2015
author 0 : Peter Backes

title : Ein CAD-Werkzeug f&uuml;r Entwurf und Simulation leistungselektronischer Anlagen mit Steuer- und Regeleinrichtungen.
year : 1990
author 0 : Helfried Richter

title : Towards a better understanding of eye movements in natural contexts.
year : 2020
author 0 : Ioannis Agtzidis

title : Entwicklung einer objektorientierten Prozessmodellierungssprache.
year : 2016
author 0 : Jochen Ra&szlig;ler

title : Automatic 3D face reconstruction and feature transfer.
year : 2019
author 0 : Marcel Piotraschke

title : Entwicklung eines Systemkonzeptes zur wissensbasierten, systemtechnisch unterst&uuml;tzten Versuchsmethodik.
year : 1995
author 0 : Rolf Flamm

title : Strategisches Produktionsmanagement: ein Modellsystem zur Unterst&uuml;tzung produktionsstrategischer Entscheidungen.
year : 1995
author 0 : Stefan Foschiani

title : Bias and locality in grammatical evolution.
year : 2017
author 0 : Ann Thorhauer

title : Ein direktes Verfahren zum Entwurf strukturbeschr&auml;nkter Zustandsr&uuml;ckf&uuml;hrungen durch Polvorgabe.
year : 1988
author 0 : Ulrich Konigorski

title : Interactive Visualization for Assistance of Needle-Based Interventions.
year : 2013
author 0 : Christian Rieder

title : Neue Gatter f&uuml;r Mehrparteienprotokolle mit ehrlicher Mehrheit.
year : 1994
author 0 : Marcus Otten

title : Multi-view Representation Learning for Unifying Languages, Knowledge and Vision.
year : 2019
author 0 : Aditya Mogadala

title : Rechnergest&uuml;tzter Entwurf und Simulation zweistufiger Schaltnetze und mikroprogrammierter Steuerwerke.
year : 1983
author 0 : Raimund F&auml;hnrich

title : Sch&auml;tzen und Steuern in linearen Differenzengleichungen.
year : 1980
author 0 : Jens Goebel

title : Transduktionsgrammatiken, ein Spezifikationswerkzeug f&uuml;r kontext-freie Compiler.
year : 1985
author 0 : Bernhard Zimmermann

title : Entwicklung einer Programmierumgebung f&uuml;r die Parallelverarbeitung in der Computer-Algebra.
year : 1997
author 0 : Oliver Kluge

title : Paradox, arithmetic and nontransitive logic.
year : 2020
author 0 : Jonathan Georg Dittrich

title : Applications of Information Theory and Factor Graphs for Machine Learning.
year : 2019
author 0 : Rana Ali Amjad

title : Untersuchungen zur St&ouml;rreduktion bei der automatischen sprecherabh&auml;ngigen Erkennung von isoliert gesprochenen Einzelw&ouml;rtern.
year : 1992
author 0 : Dieter Becker 0001

title : Gestaltung vernetzter Produktinstandsetzungsprozesse.
year : 1999
author 0 : Helmut F&ouml;rster

title : Beitr&auml;ge zum Einsatz von "Workstationclustern" als Parallelrechner.
year : 1995
author 0 : J&ouml;rg-Thomas Pfennig

title : Video and image manipulation for enhanced perception.
year : 2014
author 0 : Christoph R&ouml;&szlig;ing

title : Zur Modellierung digitaler Schaltungen mit AND/OR-Graphen f&uuml;r die automatische Testmustergenerierung.
year : 1989
author 0 : Erwin Trischler

title : Datenschutz und Datensicherheit in offenen Rechnernetzen: eine technische L&ouml;sung exemplarisch ausgef&uuml;hrt f&uuml;r den Krankenhausbereich.
year : 1996
author 0 : Marjan Jurecic

title : Defuzzifikationsstrategie und Defuzzifikationsanalyse: Verbindung zwischen unscharfer Mengentheorie und praktischen Anwendungen.
year : 1996
author 0 : Baodong Li

title : Arbeitsgestaltung f&uuml;r Bedienerschnittstellen im Informationsfluss der Prozessebene flexibler Fertigungssysteme.
year : 1990
author 0 : Holger Hanse

title : Tunnelbemessung unter Ber&uuml;cksichtigung der r&auml;umlichen Spannungs-Verformungszust&auml;nde an der Ortsbrust.
year : 1981
author 0 : Bernd Pierau

title : Design entropy - a measure for complexity.
year : 2017
author 0 : Benjamin Menhorn

title : Beitrag zum Einsatz digitaler Vermittlungszentralen unter besonderer Ber&uuml;cksichtigung der DVZ 2000.
year : 1985
author 0 : G&uuml;nther Reissner

title : Analytische Modellierung zur Systemdimensionierung von 4G WiMAX Mobilfunknetzen.
year : 2018
author 0 : Volker Richter

title : Akzeptanzorientierte Systemgestaltung: M&ouml;glichkeiten und Grenzen von Prototyping mit Benutzerbeteiligung am Beispiel eines Informations- und Kommunikationssystems im Rechnerverbund.
year : 1991
author 0 : Karin Anst&ouml;tz

title : Automatische Generierung ebener Netze als Kernst&uuml;ck eines FEM-Preprozessors.
year : 1990
author 0 : Lutz Klingbeil

title : Discovering structural similarities in narrative texts using event alignment algorithms.
year : 2014
author 0 : Nils Reiter

title : Architectural modelling and verification of open service-oriented systems of systems.
year : 2014
author 0 : Basil Becker

title : Erweiterung der Reflexionsmethode zur Zusammenfassung von Produktarchitekturen zu einer Produktlinienarchitektur.
year : 2014
author 0 : Pierre Frenzel

title : Semantische Optimierung rekursiver, insbesondere &#916;-transformierter Logikprogramme.
year : 1991
author 0 : Wolfgang L. J. Kowarschick

title : Causality-based verification.
year : 2016
author 0 : Andrey Kupriyanov

title : Physical attacks and countermeasures on the advanced encryption standard.
year : 2016
author 0 : Oliver Mischke

title : Evolutionary Models for Signal Enhancement and Approximation.
year : 2020
author 0 : Leif Bergerhoff

title : Content-based routing in software-defined networks.
year : 2017
author 0 : Sukanya Bhowmik

title : Datenbanksysteme f&uuml;r Rechenanlagen mit intelligenten Subsystemen: Architektur, Algorithmen, Optimierung.
year : 1983
author 0 : Werner Kie&szlig;ling

title : Untersuchungen zur Konzeption eines automatisierten Informationsverarbeitungssystems (AIVS) f&uuml;r die Mensch-Maschine-Kommunikation am Beispiel eines Auskunftssystems unter besonderer Ber&uuml;cksichtigung der Anforderungen seitens eines staatlichen Leiters von sozialistischen Wirtschaftseinheiten.
year : 1975
author 0 : J&uuml;rgen Renger

title : Regionenorientierte Bildsegmentierung unter Verwendung stochastischer Bildmodelle.
year : 1989
author 0 : Rudolf Mester

title : Konzepte der CAD-PPS-Kopplung.
year : 1990
author 0 : Markus Braun 0001

title : Analyse schaltender und driftender Dynamik mit neuronalen Netzen.
year : 1998
author 0 : Jens Kohlmorgen

title : Lower and upper bounds for operations on sets.
year : 1993
author 0 : Christian Uhrig

title : Eine Sprachverstehenskomponente in einem Konstruktionsszenario.
year : 1999
author 0 : Hans Brandt-Pook

title : Methodik des Struktur- und Diagnoseentwurfes komplexer digitaler Systeme.
year : 1983
author 0 : Dietmar Reinert 0002

title : A Pure Embedding of Roles: Exploring 4-dimensional Dispatch for Roles in Structured Contexts.
year : 2017
author 0 : Max Leuth&auml;user

title : Convex Optimization Methods for Single View 3D Reconstruction.
year : 2013
author 0 : Eno T&ouml;ppe

title : Eine Methodenbank zur Evaluierung von Stereo-Vision-Verfahren.
year : 1991
author 0 : Andreas F. Koschan

title : Informationsmodell zum Abbilden funktionaler und wirkstruktureller Zusammenh&auml;nge im Maschinenbau.
year : 1990
author 0 : Ulf St&uuml;rmer

title : High-speed analog fuzzy logic controller.
year : 1995
author 0 : Shuwei Guo

title : Darstellung und Lesbarkeit von Logikpl&auml;nen und Aspekte ihrer automatischen Erstellung.
year : 1992
author 0 : Ingolf Schr&ouml;der

title : Probleme eines Informationsrecherchesystems Archivwesen in den Staatsarchiven der DDR unter Ber&uuml;cksichtigung der thesaurusgebundenen Methode und mit Blick auf die Entwicklung der Verzeichnung.
year : 1984
author 0 : Volkmar Elstner

title : Interoperable Information Exchange, Resource Discovery, and Service Quality Monitoring Across Virtual Organizations in Distributed Research Infrastructures.
year : 2017
author 0 : Tibor K&aacute;lm&aacute;n

title : Applying advanced SAT-based techniques to circuit testing.
year : 2018
author 0 : Jan Burchard

title : Wechselwirkungen zwischen Transaktionen in einem Datenbankverwaltungssystem mit Zweiphasensperrprotokoll.
year : 1985
author 0 : Albrecht Becker

title : Off-line-Programmierung von Industrierobotern f&uuml;r die konturgebundene Fertigung.
year : 1997
author 0 : Shouzhi Dou

title : Zellulare Zeitmultiplex- und Codemultiplex-Funksysteme.
year : 1996
author 0 : G&uuml;nter Kleindl

title : Security Analysis of System Behaviour - From "Security by Design" to "Security at Runtime" -.
year : 2015
author 0 : Roland Rieke

title : CASC: compiler assisted self-checking of structural integrity.
year : 1997
author 0 : Uwe Wildner

title : A data model for ship hydromechanics.
year : 1999
author 0 : Frank Stolte

title : Architekturen f&uuml;r die Codierung mit variablen Codewortl&auml;ngen auf der Basis inhaltsadressierter Speicher.
year : 1997
author 0 : Richard Hoffer

title : Ereignisdiskrete Beobachter zur modellbasierten Proze&szlig;f&uuml;hrung.
year : 1997
author 0 : Mathias Kluwe

title : Trajectory data analysis in biomedical applications.
year : 2021
author 0 : Johannes Waschke

title : Zur methodischen Gestaltung ausgew&auml;hlter Stoffgebiete des berufstheoretischen Unterrichts der Facharbeiterausbildung Datenverarbeitung: e. Beitr. zur Entwicklung e. "Methodik des Informatikunterrichts".
year : 1987
author 0 : Christian H&uuml;tter 0003

title : Parameterized verification and repair of concurrent systems.
year : 2021
author 0 : Mouhammad Sakr

title : Integrierte kooperierende Agenten f&uuml;r Teamwork.
year : 1999
author 0 : Indra Gunawan Harijono

title : Entwicklung eines Emulationsprozessors f&uuml;r das System K 1600, mit dessen Hilfe die Abarbeitung von Programmen der Kleinrechner KRS 4200 und KRS 4201 erm&ouml;glicht wird.
year : 1984
author 0 : Siegmar Sch&ouml;ne

title : Encoding and decoding complexity reduction and VQ aspects of fractal image compression.
year : 1998
author 0 : Raouf Hamzaoui

title : CHRvis: an animation extension for animating constraint handling rules.
year : 2019
author 0 : Nada Sharaf

title : Context and communication profiling for IoT security and privacy: techniques and applications.
year : 2019
author 0 : Markus Miettinen

title : Faktorisierung von Matrizen mit maximaler Genauigkeit.
year : 1987
author 0 : Gerhard Klotz

title : Rechtsinformatik im Gestaltungsprozess des Tarifrechts.
year : 1991
author 0 : Michael Schremmer

title : Analysis f&uuml;r Informatiker: Skript zur Vorlesung.
year : 1993
author 0 : Henning Esser
author 1 : Hubertus Th. Jongen

title : Ambiguity in 3D reconstruction by Shape-from-Shading = Mehrdeutigkeiten in der 3D Rekonstruktion mit Shape-from-Shading.
year : 2019
author 0 : Ashkan Mansouri Yarahmadi

title : Integration und Abgrenzung von Datenbasen f&uuml;r die Planung, Lenkung und Kontrolle der Produktion.
year : 1987
author 0 : Kurt Porkert

title : Untersuchungen zur prinzipiellen L&ouml;sung eines linearen Optimierungsproblems, bei welchem die Koeffizienten der Zielfunktion und die rechten Seiten der Restriktionen spezielle Funktionen von zwei voneinander unabh&auml;ngigen Parametern sind.
year : 1984
author 0 : Manfred Stefek

title : Eine konstruktive Theorie der Architektur abstrakter Objekte.
year : 1984
author 0 : Kuno Schmidt

title : Semantische Concurrency Control in objektorientierten Datenbanksystemen.
year : 1997
author 0 : Thomas C. Rakow

title : Das NetworkParser-Framework: Ein Entwicklungtool f&uuml;r den SDM-Ansatz vom Stories bis zur fertigen Anwendung.
year : 2019
author 0 : Stefan Lindel

title : Machine learning of timed automata.
year : 2013
author 0 : Jana Schmidt

title : Hierarchical connectionist acoustic modeling for domain adaptive large vocabulary speech recognition.
year : 2000
author 0 : J&uuml;rgen Fritsch

title : Methods for Semantic Interoperability in AutomationML-based Engineering.
year : 2021
author 0 : Yingbing Hua

title : Beitrag zur optimierten Abarbeitung von Vektorzuweisungen auf einem Multiprozessorsystem.
year : 1991
author 0 : Uwe Schmelzer

title : Objekt- und prozessorientierte Strukturierung einer technologischen Datenbasis als Voraussetzung einer effektiven St&uuml;cklistenorganisation.
year : 1984
author 0 : Karl-Heinz Herwig

title : Rechnergest&uuml;tzte &Uuml;berwachung und Steuerung des Postgutrollbeh&auml;lterverkehrs.
year : 1990
author 0 : Thomas Bonin

title : Systematik f&uuml;r die leistungs- und zuverl&auml;ssigkeitsorientierte Modellierung von Arbeitsprozessen mit kontrollflussorientierten Notationssystemen.
year : 2014
author 0 : Alexander Nielen

title : Eine feink&ouml;rnige Sortendisziplin und ihre Anwendung in der Programmkonstruktion.
year : 1993
author 0 : Jochen Burghardt

title : Games on dynamic networks: routing and connectivity.
year : 2013
author 0 : Frank G. Radmacher

title : An interior-point-method for semi-infinite programming problems.
year : 1992
author 0 : Ulrich Sch&auml;ttler

title : Polygon scheduling.
year : 1992
author 0 : Johann L. Hurink

title : Anwendung eines gegliederten Niederschlag-Abfluss-Modells unter besonderer Ber&uuml;cksichtigung der seitlichen Zufl&uuml;sse des Gerinnesystems und der Folgen anthropogener Ver&auml;nderungen.
year : 1979
author 0 : Hans-Joachim Schultz-Wildelau

title : Kosten-Nutzen-Analysen bei neuen Medien: eine Analyse an ausgew&auml;hlten Beispielen des Btx-Einsatzes im Dienstleistungsmarketing.
year : 1988
author 0 : Kay Hafner

title : Verfahren f&uuml;r die hierarchische Codierung von Einzelbildern in medizinischen Bildinformationssystemen.
year : 1987
author 0 : Thomas Wendler 0002

title : Parallele Algorithmen zum Berechnen der Schnittpunkte von Liniensegmenten.
year : 1990
author 0 : Christine R&uuml;b

title : Modellierung und Generierung kombinierbarer Benutzungsschnittstellenvarianten und deren gemeinschaftliche Nutzung in Dienst-&Ouml;kosystemen.
year : 2021
author 0 : Michael Hitz

title : Beitr&auml;ge zur Anwendung mikroprogrammierbarer Mehrprozessorsysteme zur digitalen Simulation dynamischer Systeme.
year : 1981
author 0 : Aldo Cipriano

title : Optimization-based modeling of suprasegmental speech timing.
year : 2016
author 0 : Andreas Windmann

title : Vergleich von vier Werkzeugen zur Erstellung von Expertensystemen am Beispiel der Thyreoiditis.
year : 1993
author 0 : Suzanne Gertrud Lenferink

title : Interaktive Datenanalyse bei biotechnischen Prozessdaten.
year : 1990
author 0 : Wolfgang Wiechert

title : Funktionale Absicherung kamerabasierter aktiver Fahrerassistenzsysteme durch Hardware-in-the-Loop-Tests.
year : 2012
author 0 : Florian Schmidt 0004

title : Analyse nichthyperbolischer Gleichgewichtspunkte in dynamischen Systemen unter Ausnutzung von Symmetrien, mit Anwendungen von Computeralgebra.
year : 1992
author 0 : J&uuml;rgen Menck

title : Adaptives Regelger&auml;t auf Mikrorechnerbasis f&uuml;r ger&auml;tetechnische Pr&auml;zisionsantriebe.
year : 1991
author 0 : Frank Rutzen

title : Das Essential-facility-Prinzip und seine Verwendung zur &Ouml;ffnung immaterialg&uuml;terrechtlich gesch&uuml;tzter De-facto-Standards f&uuml;r den Wettbewerb.
year : 2003
author 0 : Thilo Stapper

title : Similarity search applications in medical images.
year : 2012
author 0 : Marisa Petri

title : Kopplung von PROFIBUS-Systemen &uuml;ber ATM.
year : 1999
author 0 : Oliver Kunert

title : Structured Models with Gaussian Processes.
year : 2021
author 0 : Markus Kaiser 0001

title : Assessing the Impact of Data Practices on User Privacy.
year : 2018
author 0 : Ashwini Rao

title : Quellenmodellierung und Quellenanalyse in ATM-Vermittlungssystemen.
year : 1991
author 0 : Manfred Kr&uuml;ger

title : On the complexity of fundamental problems in dynamic ad-hoc networks.
year : 2015
author 0 : Sebastian Abshoff

title : Hochgeschwindigkeitsnetze im Grenzlastbereich: Leistungsbewertung und ein Ansatz zur messtechnischen Durchf&uuml;hrung.
year : 2003
author 0 : Armin Pollak

title : Automation in model-based usability evaluation of adaptive user interfaces by simulating user interaction.
year : 2015
author 0 : Michael Quade

title : Serema: self-organized routing in heterogeneous mobile ad hoc networks.
year : 2016
author 0 : Thomas Finke

title : Contributions to architectural design in digital signal processing.
year : 1990
author 0 : Christoph L&ouml;ffler

title : Verwendung von Hover Detection zur Verbesserung der Texteingabe auf Smartphones.
year : 2017
author 0 : Frederic Pollmann

title : Ein Reimtest f&uuml;r Verst&auml;ndlichkeitsmessungen mit deutscher Sprache als ein verbessertes Verfahren zur Bestimmung der Sprach&uuml;bertragungsg&uuml;te.
year : 1982
author 0 : Jochem Sotscheck

title : Entdeckung von Metadaten zur semantischen Anfrageoptimierung in relationalen Datenbanken.
year : 1997
author 0 : Siegfried Bell

title : Bilaterale Preisverhandlungen von Software-Agenten: ein Modell und System zur Analyse des marktplatzspezifischen Verhandlungsspielraumes.
year : 2003
author 0 : Stefan Sackmann

title : Kisses, ambivalent models and more: Contributions to the analysis of RNA secondary structure.
year : 2014
author 0 : Stefan Janssen

title : Computergest&uuml;tzte Entscheidungsfindung in der An&auml;sthesie: Entwicklung eines Referenzsystems am Beispiel der neurochirurgischen An&auml;sthesie.
year : 1990
author 0 : Christian Zapf

title : Realisierung eines Logistikberater-Arbeitsplatzes f&uuml;r das Frachtkostencontrolling mit wissensbasierten Elementen.
year : 1995
author 0 : Winfrid Meusel

title : Urban Edge Computing.
year : 2020
author 0 : Julien Gedeon

title : On Equidomination in Graphs.
year : 2018
author 0 : Fabian Senger

title : Entwicklung eines prozessorientierten Modells zur konstruktiven Qualit&auml;tssicherung mobiler Unternehmens-Applikationen.
year : 2018
author 0 : Andr&eacute; Nitze

title : Vergleichende Untersuchung zur Implementierung eines neuen Mustererkennungsverfahrens am EKG.
year : 1984
author 0 : Eckhard Meisel

title : Performance tracking of human motion.
year : 2018
author 0 : Andreas Kuhner

title : Synchronisation in konkurrenten Objekt-orientierten Programmiersprachen.
year : 1991
author 0 : Christian Neusius

title : Simulating Human Associations with Linked Data.
year : 2018
author 0 : J&ouml;rn Hees

title : L&ouml;sungsans&auml;tze f&uuml;r juristische Expertensysteme: (warum kann u. soll es jurist. Expertensysteme geben?).
year : 1987
author 0 : Christian Kowalski

title : M&ouml;glichkeiten der Nutzung von "Knowledge based systems" zur Gestaltung von verteilten Datenbanken und die Bedeutung der Metadaten als Wissensbasis.
year : 1989
author 0 : Heinz L&uuml;bbe

title : Formale Kriterien der Nachrichtenrezeption im Internet: zur Selektion technischer Nachrichtenangebote.
year : 2002
author 0 : Dietmar M&uuml;ller 0003

title : Beitrag zur optimalen Lageranordnung in der Landwirtschaft aus transporttechnologischer Sicht.
year : 1984
author 0 : Christiane Ander

title : Full-Stack Static Security Analysis for the Java Platform.
year : 2016
author 0 : Ben Hermann 0001

title : Effiziente Algorithmen f&uuml;r das verteilte Rechnen auf Workstation-Clustern.
year : 2000
author 0 : Thomas Schilz

title : Analyzing memory accesses for performance and correctness of parallel programs.
year : 2017
author 0 : Tim Cramer

title : Utilizing Change Impact Analysis for Improving Effort Estimation in Agile Software Development.
year : 2020
author 0 : Binish Tanveer

title : Software-Architektur f&uuml;r virtuelle Maschinen.
year : 1999
author 0 : J&oacute;zsef Albert

title : Invariante Textursegmentierung mit Mehrkanalmethoden.
year : 2001
author 0 : Manfred Bresch

title : Coordinating selfish players in scheduling games.
year : 2015
author 0 : Fidaa Abed

title : Energieeffiziente Verarbeitung fein granular verteilbarer Lasten auf heterogenen Rechnerverb&uuml;nden.
year : 2016
author 0 : J&ouml;rg Lenhardt

title : Entwicklung und Erprobung eines Analyseinstrumentariums zur Bestimmung wirtschaftlicher Auftragsabwicklungsverfahren in der Warenverteilung.
year : 1983
author 0 : Peter Reinecke

title : Dezentrale Realisierung zentraler Optimalsteuerungsstrategien unter LQG-Voraussetzungen.
year : 1987
author 0 : Bernd Hentschel 0002

title : Formal language theory of logic fragments.
year : 2015
author 0 : Alexander Lauser

title : Vergleich von Festkomma- und Gleitkommaarithmetik f&uuml;r integrierte Signalprozessoren hinsichtlich Genauigkeit und Aufwand.
year : 1984
author 0 : Rolf Block

title : Passive Sonnenenergienutzung in der Bauleitplanung: Entwicklung einer computerunterst&uuml;tzten Methode zur quantitativen solarenergetischen Bewertung und Modifizierung von Bebauungs- und Fl&auml;chennutzungspl&auml;nen.
year : 1993
author 0 : Peter Goretzki

title : Rekursives Lernen: eine pr&auml;zise Implikationsprozedur und ihre Anwendung auf die Testmustergenerierung in digitalen Schaltungen.
year : 1992
author 0 : Wolfgang Kunz

title : Effective and Efficient Summarization of Two-Dimensional Point Data: Approaches for Resource Description and Selection in Spatial Application Scenarios.
year : 2019
author 0 : Stefan Kufer

title : Computer-Vision-basierte Tracking- und Kalibrierungsverfahren f&uuml;r augmented reality.
year : 2002
author 0 : Didier Stricker

title : Leistung und G&uuml;te von Datenflussrechnern.
year : 1994
author 0 : Werner Massonne

title : 3D Shape Representations for Learning.
year : 2021
author 0 : Kripasindhu Sarkar

title : Zur Einbeziehung von Aspekten der Optimierung in die kontinuierliche digitale Simulation.
year : 1985
author 0 : Rita Schindler

title : Methodik und Techniken zur Entwicklung universeller Standard-Anwendungssoftware, mit einem Anwendungsbeispiel f&uuml;r die Kostenarten- und Kostenstellenrechnung.
year : 1982
author 0 : Gerd Waszkowiak

title : Effective and efficient reuse with software libraries.
year : 2012
author 0 : Lars Heinemann

title : Vorstellungen von Lernenden zum Aufbau von Informatiksystemen: eine multimethodische Untersuchung von Lernvoraussetzungen zum Denken in Teilen von Ganzen.
year : 2021
author 0 : Nils Pancratz

title : Cross-lingual question answering.
year : 2012
author 0 : Bogdan Sacaleanu

title : Automatische Klassifikation und Information retrieval: Anwendung u. Entwicklung komplexer Verfahren in Information-retrieval-Systemen u. ihre Evaluierung.
year : 1986
author 0 : Jir&iacute; Panyr

title : Einsatz eines Linearen Programmierungsmodells zur projektbegleitenden Planung und Evaluierung und im Rahmen von gesamtwirtschaftlichen Kosten-Ertragsanalysen, dargestellt am Beispiel des Tinajones-Bew&auml;sserungsprojektes in Peru.
year : 1981
author 0 : Thilo Hatzius

title : A multiscale matching pursuit approach for image coding = (Ein Multiscale-Matching-Pursuit-Verfahren zur Bildcodierung).
year : 2001
author 0 : Hui Li 0023

title : Taktile Interaktion auf fl&auml;chigen Brailledisplays.
year : 2016
author 0 : Denise Prescher

title : Die Entwicklung von portabler Grafiksoftware und ihre Anwendung.
year : 1990
author 0 : Wolfgang Michels

title : OctopusDB : flexible and scalable storage management for arbitrary database engines.
year : 2012
author 0 : Alekh Jindal

title : Worst case execution time estimation for advanced processor architectures.
year : 2002
author 0 : Stefan M. Petters

title : Learning with kernels.
year : 1998
author 0 : Alexander J. Smola

title : Design of virtual reality systems for animal behavior research.
year : 2018
author 0 : Nicholas Andrew Del Grosso

title : Algorithms for Incremental Planar Graph Drawing and Two-page Book Embeddings.
year : 2015
author 0 : Martin Gronemann

title : Steuerung und &Uuml;berwachung einer Zeitprojektionskammer mit GEM-Auslese.
year : 2014
author 0 : David Kaiser

title : Towards nonlinear model based online optimal control of chemical engineering plants: parameterised controls and sensitivity functions for very large-scale index-2 DAE systems with dependent discontinuities.
year : 2003
author 0 : Thomas Kronseder

title : Wissensverarbeitung mit einem Expertensystem im Stahlbau: Grundlagen u. prakt. Anwendung.
year : 1987
author 0 : Ulrich Samberg

title : Wissensbasierte Kapazit&auml;ts-, Terminplanung von Konstruktionsprozessen.
year : 1997
author 0 : Gunther Grein

title : FPS-AM: eine abstrakte Maschine f&uuml;r funktionale Produktionssysteme ; Speicherstrukturen, Maschinenbefehle und &Uuml;bersetzung.
year : 1993
author 0 : Kai Oesterle

title : An Evaluation of Architectural Threats to Internet Routing.
year : 2016
author 0 : Johann Schlamp

title : Parallele Implementierung der funktional-logischen Programmiersprache BABEL.
year : 1996
author 0 : Stephan Winkler

title : &Uuml;ber Schnittverfahren zur L&ouml;sung des linearen Komplementarit&auml;tsproblems.
year : 1981
author 0 : Elsayed Abdel Aziz

title : Geschlechterunterschiede beim Zugang zu Neuen Technologien: eine empirische Studie zur Gestaltung von Schulungsmassnahmen am Personalcomputer.
year : 1995
author 0 : Margot Haussmann
author 1 : Cornelia Hettich

title : Analysis of HIV-host interaction on different scales.
year : 2012
author 0 : Katarzyna Bozek

title : Untersuchungen zur synthesegerechten Verhaltensbeschreibung mit VHDL.
year : 1994
author 0 : Manfred Selz

title : Feynman diagram sampling for quantum field theories on the QPACE 2 supercomputer.
year : 2016
author 0 : Florian Rappl

title : On generalized visibility.
year : 1991
author 0 : Sven Schuierer

title : Multi sensor data fusion in the scope of an automotive collision imminent braking system.
year : 2014
author 0 : Dennis M&uuml;ller 0002

title : Multivariate Qualit&auml;tssicherung in der Prozessfertigung.
year : 1983
author 0 : Karl-Heinrich B&ouml;se

title : Opportunistische Weiterleitung von netzwerkcodierten Multicast-&Uuml;bertragungen in drahtlosen Sensornetzen.
year : 2015
author 0 : Jens Horneber

title : M&ouml;glichkeiten zur besseren Ausnutzung der Kapazit&auml;ten und zur Anwendung rechnergest&uuml;tzter Methoden als Voraussetzung f&uuml;r eine intensive Grundfondsreproduktion in den Kombinaten und Betrieben.
year : 1987
author 0 : Regina Grosser

title : Visualisierungsdesign f&uuml;r 3D-Benutzerschnittstellen unter Verwendung komponierter Darstellungsverfahren.
year : 2014
author 0 : Jan Wojdziak

title : Grundlagen der rationellen Gestaltung von Informationsprozessen in der Wirtschaft mittels grafischer Daten und Beispiell&ouml;sungen zur Anwendung grafischer Datenausgabe im Binnenhandel der DDR.
year : 1983
author 0 : Klaus J. Reichstein

title : Adaptive hyperbooks: adaptation for project-based learning resources.
year : 2000
author 0 : Nicola Henze

title : Knowledge-based verification of service compositions.
year : 2018
author 0 : Sven Walther

title : Retrospective semi-automated software feature extraction from natural language user manuals.
year : 2018
author 0 : Thomas Quirchmayr

title : Entwurf und Evaluierung von Strategien zur 2D-, 3D-Objekterkennung in aktiven Sehsystemen.
year : 2000
author 0 : Steffen Schmalz

title : Fragmentierte Objekte f&uuml;r die Implementierung mobiler Agenten.
year : 2001
author 0 : Martin Geier

title : Affective automotive user interfaces.
year : 2020
author 0 : Michael Braun 0003

title : Realisierung von Telearbeit: Erfolgsfaktoren und Gestaltung der Organisationsstruktur.
year : 2003
author 0 : Regina C. Krieg

title : Modellierung und Bewertung von Fertigungssystemen mit Petri-Netzen.
year : 1997
author 0 : Armin Zimmermann

title : Digitale Evolution, Revolution, Devolution?: Das Kunstwerk im Zeitalter seiner digitalen Reproduzierbarkeit am vergleichenden Beispiel der Musik- und Literaturbranche.
year : 2016
author 0 : Brendan Erler

title : Stochastic programming for global supply chain planning.
year : 2017
author 0 : Yingjie Fan 0002

title : User modeling for multimedia interfaces: studies in text and graphics understanding.
year : 1999
author 0 : Susanne van Mulken

title : Entwurf einer Anwendersprache zur Steuerung psychologischer Reaktionszeitexperimente.
year : 1993
author 0 : J&ouml;rg Beringer

title : Ein nichtlineares Signalmodell f&uuml;r Zufallsprozesse auf der Basis der Multilayer Perzeptrons.
year : 1995
author 0 : Alexander Fischer

title : Investigating methods for computational modelling of places with unclear spatial extents.
year : 2017
author 0 : Mohammed Imaduddin Humayun

title : Ein Simulationsmodell zur Untersuchung alternativer Organisationsformen und -strategien im station&auml;ren Krankenhausbereich.
year : 1982
author 0 : Rainer Ackermann

title : Dynamic Injection of Scribble Features into Graphical Diagram Editors.
year : 2015
author 0 : Andreas Scharf

title : Optimizing and Incrementalizing Higher-order Collection Queries by AST Transformation.
year : 2020
author 0 : Paolo G. Giarrusso

title : Zur stochastischen dynamischen Optimierung mit allgemeinen Ertragsfunktionalen.
year : 1980
author 0 : Wilfried Lipfert

title : Marketing innovativer Dienstleistungen am Beispiel elektronischer Wirtschaftsinformationsdienste.
year : 1985
author 0 : Matthias Krups

title : Interactive visual analysis of biomolecular simulations.
year : 2016
author 0 : Michael Krone

title : Analysis of coexisting graphical and textual representations of requirements based on activity diagrams and structured text.
year : 2019
author 0 : Martin Beckmann 0002

title : Automatic Classification of Seafloor Image Data by Geospatial Texture Descriptors.
year : 2014
author 0 : Andree L&uuml;dtke

title : Enclave Computing Paradigm: Hardware-assisted Security Architectures &amp; Applications.
year : 2020
author 0 : Franz Ferdinand Peter Brasser

title : Untersuchungen zum Wesensverst&auml;ndnis des normalen und gest&ouml;rten Organismus auf der Grundlage der Modellmethode.
year : 1986
author 0 : Wolfram Behr
author 1 : Uwe Herrmann

title : Performance modeling of QoE-aware multipath video transmission in the future internet.
year : 2012
author 0 : Thomas Zinner

title : Foundations, Inference, and Deconvolution in Image Restoration.
year : 2018
author 0 : Kevin Schelten

title : Erkennung von Sehzeichen in unterschiedlichen Strukturen auf dem Bildschirm.
year : 1992
author 0 : Harald Zwerina

title : Ein verteiltes Kommunikationssystem f&uuml;r einen Verbund aus lokalen Mikrorechner-Netzwerken.
year : 1983
author 0 : Heinrich Dietsch

title : Einsatz digitaler Bildverarbeitung in der Raster-Elektronenmikroskopie.
year : 1984
author 0 : Arno Niemietz

title : Normungsprozesse: eine transaktionskostentheoretische Analyse.
year : 1995
author 0 : Kai Reimers

title : Prinzipien sicherer Steganographie.
year : 2000
author 0 : Andreas Westfeld

title : On the storage capacity of generalized Hopfield models.
year : 2020
author 0 : Sven Upgang

title : Ausgew&auml;hlte Probleme zur rechnergest&uuml;tzten Herstellung von Informationsmitteln unter Nutzung der Dokumentennachweise des zentralen Fonds im IRS AGROSELEKT bei Anwendung der Lichtsatztechnologie.
year : 1988
author 0 : Hubertus Griese

title : Systeme kombinierter multimodaler Mensch-Rechner-Interaktionen.
year : 1993
author 0 : Karl-Heinz Hanne

title : Problemorientierte Programmierung von Mikrorechnern auf der Grundlage von Steuergraphen.
year : 1981
author 0 : Hans-G&uuml;nter Despang

title : Handlungszielsysteme zur Unterst&uuml;tzung der Anbieterselektion: theoret. Grundlagen u. erste Schritte e. Systementwicklung.
year : 1982
author 0 : J&uuml;rgen Treffert

title : Rechtsschutz von Datenbanken: (EU - USA - Schweiz).
year : 1999
author 0 : Philip K&uuml;bler

title : Eine Untersuchung &uuml;ber Multiprozessor-Busnetzwerke.
year : 1990
author 0 : Wisam Farouk Marcos Michael

title : Grundlagen f&uuml;r die vollautomatische, wissensbasierte Repr&auml;sentation von Klartextdiagnosen.
year : 1995
author 0 : Hans Fischer

title : Der minimale Informationsgehalt neuronaler Netzwerke, die objektangepasste algorithmische und logische Leistungen vollbringen.
year : 1994
author 0 : Barbara M. Ritz

title : Corporate Probability Default Prediction With Industry Effects Using Data Mining Techniques.
year : 2016
author 0 : Maryam Mirzaei

title : Ein rechnergest&uuml;tzter Ingenieurarbeitsplatz und seine Anwendung zur Sicherung fehlerfreier Mikrorechnersysteme.
year : 1989
author 0 : Knut Wutschke

title : Zur Begr&uuml;ndung und Formalisierung eines Instruments zur Aufgabenverteilung unter besonderer Ber&uuml;cksichtigung der Aufgaben der Gestaltung und des Betriebs von computergest&uuml;tzten Informationssystemen.
year : 1981
author 0 : Ulrich Stremmel

title : Sozialwirtschaftlicher Entwicklungsindex auf der Basis der Hauptkomponentenanalyse: Erfassung d. sozialwirtschaftl. Entwicklungsstandes mit neuen Vergleichsmethoden u. Entwicklung neuer analyt. Modelle.
year : 1982
author 0 : Makoto Sato

title : Zur Unterst&uuml;tzung des Entwurfs und der Implementierung von Dialoganwendungen einer bestimmten Benutzerklasse.
year : 1985
author 0 : Holm-Arwed Weigel

title : Modelling of natural dialogues in the context of speech-based information and control systems.
year : 2014
author 0 : Markus M. Berg

title : Syntheseplanung in der Peptidchemie mit Hilfe der elektronischen Datenverarbeitung.
year : 1982
author 0 : Erich Schmid-Siegmann

title : Dreidimensionale Computermodelle anatomischer und pathologischer Strukturen in der Hals/Nasen-Ohrenheilkunde: e. Prototyp.
year : 1988
author 0 : Henry Lee Seldon

title : Social Motorics - a predictive processing model for efficient embodied communication.
year : 2020
author 0 : Sebastian Kahl

title : Worst-Case Execution Time Guarantees for Runtime-Reconfigurable Architectures.
year : 2019
author 0 : Marvin Damschen

title : Ein mathematisch-physikalisches Modell f&uuml;r Kraftwerksbl&ouml;cke zur Simulation von Leistungserh&ouml;hungen.
year : 1982
author 0 : Wulf Rettemeier

title : Learning Behavior Models for Interpreting and Predicting Traffic Situations.
year : 2014
author 0 : Tobias Gindele

title : Simulation grauwertverarbeitender Bilderkennungsverfahren auf der Basis der Haartransformation zur Automatisierung des Chipbondprozesses.
year : 1988
author 0 : Ralf Wenzel

title : Verfahren zur Propagierung von Zeitbedingungen und zur formalen Verifikation des zeitlichen Verhaltens beim Entwurf von Automatisierungssystemen.
year : 1993
author 0 : Reinhold Barei&szlig;

title : Wissensbasiertes Protein-Protein-Docking.
year : 1997
author 0 : Grit Herrmann

title : Betriebswirtschaftliche Auswirkungen einer verz&ouml;gerten Informations&uuml;bermittlung.
year : 1982
author 0 : Anton Reich

title : Aufbau eines wissensbasierten Systems zur Kontrolle von lokalen Netzwerken.
year : 1992
author 0 : Karsten Hartmann

title : Bildsequenzanalyse f&uuml;r die passive Navigation.
year : 1994
author 0 : Michael Hahn 0003

title : Methoden zur applikationsspezifischen Effizienzsteigerung adaptiver Prozessorplattformen.
year : 2016
author 0 : Carsten Tradowsky

title : Modellbildung und Verifikation von komplexen digitalen Schaltungen in einem Designflow basierend auf VHDL und Synthese.
year : 1999
author 0 : Markus Schutti

title : A composite model for computing similarity between texts.
year : 2013
author 0 : Daniel B&auml;r

title : Durchg&auml;ngiges Engineering durch die Integration von PLM und MBSE.
year : 2017
author 0 : Michael Pfenning

title : Entscheidungsunterst&uuml;tzung bei mehrfachen Zielen durch freie Algorithmenwahl im Computerdialog: Realisierung u. experimentelle Analyse.
year : 1984
author 0 : Hans-Wolfgang Neumann

title : Informationsverarbeitung und mentale Repr&auml;sentation: die Analyse menschlicher kognitiver F&auml;higkeiten am Beispiel der visuellen Wahrnehmung.
year : 1990
author 0 : Martin Eimer

title : Senioren im Internet.
year : 2003
author 0 : Jens Ochel

title : Human resource management in emerging firms: the role of founders' human capital and sophisticated HRM systems in German IT ventures.
year : 2014
author 0 : Johannes Willberg

title : Maschineller Erwerb lexikalischen Wissens aus kleinen und verrauschten Textkorpora.
year : 1999
author 0 : Ren&eacute; Schneider

title : The Cognitive Robot Abstract Machine: A Framework for Cognitive Robotics.
year : 2016
author 0 : Lorenz M&ouml;senlechner

title : Effiziente Nutzung der Finite-Element-Methode auf Mehrprozessorrechnern.
year : 1997
author 0 : Hinderk van Lengen

title : Hard- und Software im Entwicklungsprozess integrierter Produkte: die Anwendung des Just-in-Time-Konzeptes in Forschung &amp; Entwicklung.
year : 1995
author 0 : Roman Bauer

title : Der Computer als Demonstrationsmittel im Mathematikunterricht: dargestellt am Beispiel der Behandlung von Funktionen.
year : 1989
author 0 : G&uuml;nter Heine

title : &Uuml;berwachung technischer Prozesse mit Zeitconstraintnetzen.
year : 1992
author 0 : Mark Minas

title : Processes of making: algorithmic methods in architectural practise.
year : 2016
author 0 : Kathrin M. Wiertelarz

title : Evaluation distanzbasierter Lokalisierung in Geb&auml;uden.
year : 2019
author 0 : Simon Schmitt

title : Texte und Bilder in maschinellen Modellbildungen.
year : 1992
author 0 : Karl-Heinrich Schmidt 0002

title : HTR-2000: Programmcode zur rechnerischen Betriebsbegleitung von HTR's.
year : 1989
author 0 : Felix Thomas

title : Coordination in open distributed systems.
year : 1995
author 0 : Robert Tolksdorf

title : Finite Field Arithmetic over GF(2 to m) on FPGAs - Analysis, Evaluation and Implementations.
year : 2015
author 0 : Gang Zhou

title : Programmierfreie Modellierung von offenen Entscheidungsunterst&uuml;tzungssystemen (DSS) f&uuml;r das Management.
year : 1996
author 0 : Michael Veckenstedt

title : Building information extraction and refinement from VHR satellite imagery using deep learning techniques.
year : 2019
author 0 : Ksenia Bittner

title : Role-based Adaptation of Business Reference Models to Application Models: An Enterprise Modeling Methodology for Software Construction.
year : 2020
author 0 : Hendrik Sch&ouml;n

title : Spezifikation von Codeerzeugern auf der Basis erweiterter attributierter Baugrammatiken.
year : 1981
author 0 : Rainer Petereit

title : Wiederverwendbare betriebliche Anwendungssysteme: Grundlagen und Methoden ihrer objektorientierten Entwicklung.
year : 1996
author 0 : Heiko Raue

title : Der Entwurf von inkrementellen &Uuml;bersetzern f&uuml;r interaktive Programmiersysteme.
year : 1986
author 0 : Matthias Zwoch

title : Functional Implications of Synaptic Spike Timing Dependent Plasticity and Anti-Hebbian Membrane Potential Dependent Plasticity.
year : 2015
author 0 : Christian Albers

title : Understanding the message of images.
year : 2018
author 0 : Lydia Weiland

title : Towards Source-Level Timing Analysis of Embedded Software Using Functional Verification Methods.
year : 2020
author 0 : Martin Becker 0001

title : Wissenschaftliche Beratung der Politik, dargestellt am Beispiel von IPEKS: integriertes Planungs-, Entscheidungs- u. Kontrollsystem f&uuml;r e. Landesregierung.
year : 1983
author 0 : Liesel Hollmann

title : Ein methodischer &Uuml;bergang von asynchron zu synchron kommunizierenden Systemen.
year : 1998
author 0 : Bernhard Sch&auml;tz

title : Entwicklung einer Klassenbibliothek zur Modellierung von medizinischen Prozessen.
year : 2011
author 0 : Katja Eisentraut

title : Entwicklung und Umsetzung von Architekturprototypen f&uuml;r Anwendungssoftware.
year : 1993
author 0 : Horst Lichter

title : Blind packet forwarding: a clean-slate security approach for future networks.
year : 2016
author 0 : Irfan Simsek

title : Einsatz von Mikrorechnern beim UP-Schweissen.
year : 1986
author 0 : Wolfgang G&ouml;ttert 0001

title : Untersuchungen von Kommunikationsmechanismen in heterogenen Mehrprozessorsystemen.
year : 2015
author 0 : Benedikt N&ouml;then

title : Feldorientierte Kaskadenregelung einer Asynchronmaschine mit Parallelrechner und Fuzzy-Algorithmen zur Parameteradaption.
year : 1997
author 0 : Masood Shahkarami

title : People detection and tracking in crowded scenes.
year : 2017
author 0 : Siyu Tang

title : Deduktiv unterst&uuml;tzte Rekonstruktion biologischer Netzwerke aus flexibel analysierten Textdaten.
year : 2016
author 0 : Thorben Wallmeyer

title : Physical and virtual worlds: towards interaction in distinct realities.
year : 2020
author 0 : Michael Rietzler

title : Entwicklung und Evaluation eines rotationsinvarianten Texturmodells f&uuml;r die &uuml;berwachte Bildmustererkennung.
year : 2012
author 0 : Dennis Sandk&uuml;hler

title : Universalprozessoren und ihre Realisierung.
year : 1990
author 0 : Norbert Drescher

title : Probleme der Datenverwaltung f&uuml;r Programmentwicklungssysteme unter besonderer Ber&uuml;cksichtigung der Datensicherheit.
year : 1986
author 0 : Harald Schuster

title : A Cognitive Systems Framework for Creative Problem Solving.
year : 2016
author 0 : Ana-Maria Olteteanu

title : Beitrag zur Gestaltung eines CAD-Systems f&uuml;r den Rohrleitungsprojektierungsprozess.
year : 1987
author 0 : Manfred Quabis

title : Die Berechnung von Wortbedeutung in Sprachverarbeitungsprozessen: Possessivkonstruktionen als Vermittler konzeptueller Information.
year : 1994
author 0 : Peter Gerstl

title : Balanced partitioning of grids and related graphs: a theoretical study of data distribution in parallel finite element model simulations.
year : 2012
author 0 : Andreas Emil Feldmann

title : Parallelization of automotive control software.
year : 2016
author 0 : Sebastian Kehr

title : Realisierung der linguistisch-phonetischen Transkription f&uuml;r die Sprachsynthese durch neuronale Netze mit Multilayer-Perceptron-Struktur.
year : 1996
author 0 : Katrin Rosenke

title : Rekursive Parameter-Identifikationsalgorithmen f&uuml;r stochastische nichtlineare Systeme.
year : 1987
author 0 : Walter Jakoby

title : Wearables: Kontrollregime zwischen Affekt und Technologie.
year : 2021
author 0 : Anna Potocka

title : A compositional approach to embedded system design.
year : 2002
author 0 : Dirk Ziegenbein

title : Die Rekonstruktion von B&uuml;roarbeiten als Grundlage f&uuml;r die B&uuml;roautomation.
year : 1990
author 0 : Hans W. Nau

title : Reduction of CO2 emissions from road transport in cities: impact of dynamic route guidance system on greenhouse gas emission.
year : 2017
author 0 : Michal Markiewicz

title : Betrugserkennung in secret sharing schemes durch Tests auf Konsistenz.
year : 2002
author 0 : Hans-Georg Stambke

title : On the performance and conformance of triple graph grammar implementations.
year : 2014
author 0 : Stephan Hildebrandt

title : Image processing for computed tomography applications: segmentation of vascular structures in human organs.
year : 2012
author 0 : Jens N. Kaftan

title : Das Kaleidoskop-Prinzip: ein informationswissenschaftlicher Beitrag zum Redesign von Benutzungsoberfl&auml;chen in existierenden Lehr-, Lernsystemen.
year : 2000
author 0 : Gunter Dubrau

title : Musik und Virtualit&auml;t: digitale Virtualit&auml;t im Kontext computerbasierter Musikproduktion.
year : 2014
author 0 : Arne Bense

title : Constraintbasierte Codegenerierung f&uuml;r eingebettete Prozessoren.
year : 2000
author 0 : Steven Bashford

title : Nichtkonvexe quadratische Optimierungsprobleme und Cremonatransformationen.
year : 1982
author 0 : Ernst-Adam Pforr

title : Projektierung der Automatisierung mit verteilten Mikrorechnern am Beispiel der Abwassertechnik.
year : 1988
author 0 : Walter Haase

title : Scalable group communication in tightly coupled environments.
year : 2000
author 0 : Dirk Trossen

title : Multi party computation: efficient protocols, general adversaries, and voting.
year : 2001
author 0 : Martin Hirt

title : Ein Beitrag zur Realisierung neuronaler Netze unter dem Aspekt des Einsatzes in Multisensor-Systemen.
year : 1994
author 0 : Axel Pannwitz

title : Bedienungsstrategien des Menschen bei konkurrierenden Forderungen in Mensch-Maschine-Systemen.
year : 1981
author 0 : Wilfried Schumacher

title : Reconstituting internet normativity: the role of state, private actors, global online community in the production of legal norms.
year : 2015
author 0 : Dimitrios Koukiadis

title : Cryptographic reductions: classification and applications to ideal models.
year : 2014
author 0 : Paul Baecher

title : Interaktives wissenschaftliches Illustrieren von Texten.
year : 1999
author 0 : Stefan Schlechtweg

title : Weiterentwicklung und Anwendung der methodisch-systemwissenschaftlichen Arbeitsweise f&uuml;r den Prozess der L&ouml;sungsprinzipermittlung im Maschinenbau.
year : 1986
author 0 : Joachim Friedemann

title : Improving Model-Based Software Synthesis: A Focus on Mathematical Structures.
year : 2021
author 0 : Andres Wilhelm Goens Jokisch

title : Synthesis of winning strategies for interaction under partial information.
year : 2013
author 0 : Bernd Puchala

title : Testing cyclic software components of reactive systems on the basis of formal specifications.
year : 1998
author 0 : Sadegh Sadeghipour

title : Nutzung und Unterst&uuml;tzung von interaktiven Arbeitsweisen im Prozess der Informatik - Ausbildung in technischen Fachrichtungen an Computern des SKR.
year : 1987
author 0 : Helmar Seidel

title : It's getting crowded!: improving the effectiveness of microtask crowdsourcing.
year : 2017
author 0 : Ujwal Gadiraju

title : Globale Beleuchtungs-Simulation in interaktiven Umgebungen.
year : 2002
author 0 : Frank Sch&ouml;ffel

title : Einsatz von Empfehlungssystemen zur Kundenansprache in Banken: eine konzeptionelle Untersuchung anhand des Retailgesch&auml;fts traditioneller Universalbanken.
year : 2017
author 0 : Fabian Leonhardt

title : Congestion control for interconnection of DQDB metropolitan area networks via a connectionless overlay network.
year : 1997
author 0 : Rugang Vogt

title : Architectures for Softwarized Networks and Their Performance Evaluation.
year : 2017
author 0 : Steffen Gebert

title : Automatisierte Wahl von Kommunikationsprotokollen f&uuml;r das heutige und zuk&uuml;nftige Internet.
year : 2012
author 0 : Lars V&ouml;lker

title : Die rechtlichen Aspekte des Cloud Computing unter besonderer Ber&uuml;cksichtigung vertrags- und datenschutzrechtlicher Fragen.
year : 2016
author 0 : Martin Linsenbarth

title : Rechnergest&uuml;tzter Entwurf von SPS-Programmen mittels Steuernetzen.
year : 1988
author 0 : Steffen Zeidler 0002

title : Improving supervised music classification by means of multi-objective evolutionary feature selection.
year : 2013
author 0 : Igor Vatolkin

title : Codesign of hardware, software systems based on Java.
year : 2000
author 0 : Josef Fleischmann

title : PBlaman: kontraktbasierte Performance-Blame-Analysis.
year : 2015
author 0 : Frank Br&uuml;seke

title : Computergest&uuml;tztes Analysesystem zur sonographischen Quantifizierung der Dicke und Morphologie des Intima-Media-Komplexes der Arteria carotis communis.
year : 2003
author 0 : Markus Sandrock

title : Statistical pattern recognition for audio-forensics : empirical investigations on the application scenarios audio steganalysis and microphone forensics.
year : 2013
author 0 : Christian Kr&auml;tzer

title : Die Erweiterung von Software-Bibliotheken zur effizienten Verifikation der Approximationsl&ouml;sung linearer Gleichungssysteme.
year : 1993
author 0 : Carlos Falc&oacute; Korn

title : Bestimmung zeitabh&auml;ngiger Blutdruckfelder aus Str&ouml;mungsdaten der Magnetresonanztomographie.
year : 2014
author 0 : Michael Delles

title : Minimum-Varianz-Sch&auml;tzer zur Ger&auml;usch-Reduktion bei der Einzelworterkennung.
year : 1994
author 0 : Jan Kobler

title : Einfluss des Netzmanagements auf die Struktur von OSI-Systemen und eine Methode f&uuml;r die erstmalige Konfiguration.
year : 1995
author 0 : Georg R&ouml;&szlig;ler

title : Die &Uuml;bertragbarkeit der Kommunikationsfreiheiten des Artikel 5 GG auf das Internet.
year : 2018
author 0 : Michael Bock

title : Development of communication protocols with algebraic temporal specifications.
year : 1996
author 0 : Mohamed Jmaiel

title : Wissensbasierte Systeme aus wirtschaftsp&auml;dagogischer Perspektive: eine Untersuchung zur Relevanz von Ans&auml;tzen und Techniken der K&uuml;nstliche-Intelligenz-Forschung f&uuml;r eine Fachdidaktik mit Schwerpunkt auf der Weiterbildung.
year : 1996
author 0 : Thomas Jansen 0006

title : Zeitoptimale Aufteilung nichtlinearer Differentialgleichungssysteme zur L&ouml;sung auf parallelen Prozessoren.
year : 1995
author 0 : Detlef Sch&uuml;cker

title : An algorithmic approach for collaborative-based prediction of user contexts in ubiquitous environments under consideration of legal implications.
year : 2014
author 0 : Christian Voigtmann

title : Methoden zur Ermittlung montagerelevanter Eigenschaften in der Automobilindustrie mithilfe von Konnektivit&auml;tsgraphen.
year : 2017
author 0 : Philipp Hoffmann-Berling

title : Simulation von 3D-Halbleiterbauelementen auf einem MIMD-Multiprozessorsystem.
year : 1995
author 0 : Olaf Kalz

title : Zu Problemen der Ressourcenzuteilung in Dialogsystemen: dargestellt am Beispiel des THS/DOS.
year : 1982
author 0 : Dietmar Reimann

title : A timing driven RTL based design flow for multi-FPGA rapid prototyping systems.
year : 2003
author 0 : Klaus Harbich

title : Vervollkommnung der objektbezogenen Instandhaltungsplanung durch den Aufbau und die Nutzung einer rechnergest&uuml;tzten Datenbasis.
year : 1986
author 0 : Erhard Alde

title : Ansatz f&uuml;r ein personalisiertes sequenzielles Empfehlungssystem f&uuml;r kleine divergierende Benutzergruppen am Beispiel einer Produktentwicklung.
year : 2019
author 0 : Ralf Thei&szlig;

title : Querying and mining heterogeneous spatial, social, and temporal data.
year : 2019
author 0 : Maximilian Franzke

title : Continuous Adjoint-Based Shape Optimization for Particle Transport Problems in Fluids.
year : 2020
author 0 : Raphael Hohmann

title : Rationalisierung der rechnerunterst&uuml;tzten Konstruktion durch software-ergonomische Interaktionsgestaltung.
year : 1996
author 0 : Leonidas Drisis

title : Beitr&auml;ge zur Gestaltung von Hardware lokaler Netze am Beispiel der Entwicklung von LOTUNET-Komponenten.
year : 1992
author 0 : Thomas Tr&auml;nkner

title : Affective Image Captioning: Extraction and Semantic Arrangement of Image Information with Deep Neural Networks.
year : 2020
author 0 : Tushar Karayil

title : Device Information Modeling in Automation - A Computer-Scientific Approach.
year : 2014
author 0 : Andreas G&ouml;ssling

title : Theoretische und methodologische Beitr&auml;ge zur Intensivierung der Unfallverh&uuml;tung im Strassenverkehr.
year : 1987
author 0 : Hans-J&uuml;rgen Neumann

title : Generierung des Digitalen Zwillings f&uuml;r den Sondermaschinenbau mit Losgr&ouml;&szlig;e 1.
year : 2020
author 0 : Stefan Scheifele

title : Editing Encrypted Messages Without Decrypting Nor Understanding Them.
year : 2019
author 0 : G&uuml;nter Fahrnberger

title : User-centric knowledge extraction and maintenance.
year : 2014
author 0 : Steffen Metzger

title : Genomic and clinical data correlation for relapse prediction in cancer samples.
year : 2014
author 0 : Sonia Victoria Vivas Prieto

title : Embedding model specifications in object-oriented program code: a bottom-up approach for model-based software development.
year : 2011
author 0 : Moritz Balz

title : Model difference representation.
year : 2019
author 0 : Dilshodbek Kuryazov

title : High performance communication in stream-based multichannel wireless sensor networks.
year : 2020
author 0 : Muhammad Waqas Rehan

title : Extraktion von hochgenauer Fahrspurgeometrie und -topologie auf der Basis von Fahrzeugtrajektorien und Umgebungsinformationen.
year : 2018
author 0 : Oliver Bertin R&ouml;th

title : BRIX&#8322; - A Versatile Toolkit for Rapid Prototyping and Education in Ubiquitous Computing.
year : 2018
author 0 : Sebastian Zehe

title : Modellbasierte Bildsegmentierung mit aktiven Konturmodellen.
year : 1998
author 0 : Frank Weiler

title : Zur Untersuchung und Optimierung von Spracherkennungssystemen f&uuml;r isoliert gesprochene W&ouml;rter.
year : 1989
author 0 : Jin Liu 0001

title : &Uuml;ber die Vermeidbarkeit spezieller Muster in unendlichen W&ouml;rtern.
year : 1991
author 0 : Peter Roth

title : Neural information extraction from natural language text.
year : 2019
author 0 : Pankaj Gupta

title : Optimierung linearer Systeme mit zus&auml;tzlichen Disjunktivit&auml;tsbedingungen.
year : 1981
author 0 : Hans Weinberger

title : Optimierung von Distributionsnetzwerken unter Ber&uuml;cksichtigung von Tourenplanungsaspekten und zeitlichen Restriktionen.
year : 2011
author 0 : Halil Ibrahim G&uuml;nd&uuml;z

title : Beitr&auml;ge zur Theorie, zu Verfahren und zu den Anwendungen der linearen Optimierung in topologischen Vektorr&auml;umen.
year : 1982
author 0 : Helmut Rudolph

title : Performance Analysis of Complex Shared Memory Systems.
year : 2017
author 0 : Daniel Molka

title : Concepts and algorithms for efficient distributed processing of data streams.
year : 2014
author 0 : Stamatia Rizou

title : A Behavioral Economics Perspective on the Formation and Effects of Privacy Risk Perceptions in the Context of Privacy-Invasive Information Systems.
year : 2018
author 0 : Hendrik Brakemeier

title : Extending the Object Teams Programming Model into Distributed Environments.
year : 2012
author 0 : Abdullah Odeh Al-Zaghameem

title : Unterst&uuml;tzung von Information-Retrieval-Dialogen mit Informationssystemen durch interaktive Informationsvisualisierung.
year : 1999
author 0 : Matthias L. Hemmje

title : Data Mining Multi-Attribute Decision System. Facilitating Decision Support Through Data Mining Technique by Hierarchical Multi-Attribute Decision Models.
year : 2020
author 0 : Pankaj Pathak
author 1 : Parashu Ram Pal

title : Dynamik und Lernregeln r&uuml;ckgekoppelter k&uuml;nstlicher neuronale Netzwerke.
year : 1996
author 0 : Peter Schildberg

title : Kooperative Informationsagenten im Internet.
year : 1998
author 0 : Matthias Klusch

title : Combining user-interaction and automation to evolve source code.
year : 2017
author 0 : Krishna Narasimhan

title : Towards auto-scaling in the cloud: online resource allocation techniques.
year : 2017
author 0 : Lenar Yazdanov

title : Upward planarization and layout.
year : 2011
author 0 : Hoi-Ming Wong

title : A generic implementation of a quantified predictor applied to a DRAM power-saving policy.
year : 2014
author 0 : Gervin Thomas

title : Die Boltzmann-Maschine: Realisierbarkeit und VLSI-Implementierung.
year : 1990
author 0 : Ingo Kreuzer

title : Die Nachfrage und das Angebot von externen Informationen zu Unternehmensstrategien in einem Online-Informationssystem: entscheidungsorientierte Analyse am Beispiel des europ&auml;ischen Binnenmarktes, Anforderungen und Konzepte.
year : 1995
author 0 : Ute Weber-Sch&auml;fer

title : Modeling and formal verification of probabilistic reconfigurable systems.
year : 2020
author 0 : Oussama Khlifi

title : Peer-to-Peer algorithms in wireless ad-hoc networks for Disaster Management.
year : 2016
author 0 : Joanna Geibig

title : Die Industrialisierung von Programmierarbeit: ihr Ausdruck in Kontroversen um Programmiersprachen u. Sprachelemente.
year : 1985
author 0 : J&ouml;rn Eggeling

title : Bilateral and multilateral negotiation for agreement discovery and formation.
year : 2012
author 0 : Andreas Klenk

title : Entscheidungsorientiertes Rechnungswesen mit Daten- und Methodenbanken.
year : 1987
author 0 : Peter Haun

title : Trust building and managing in service-oriented environment.
year : 2015
author 0 : Huiying Duan

title : Ein Modell f&uuml;r CAD-Entwurfsumgebungen: Beschreibung und Formalisierung wesentlicher Konzepte auf der Basis von Hypermedia.
year : 1996
author 0 : Thomas Dettmer

title : Modellierung, Spezifikation und korrekte Realisierung von asynchronen Systemen.
year : 1983
author 0 : Lothar F. Mackert

title : Versuchsplanung und -auswertung bei Systemen mit Kaskadenstruktur.
year : 1989
author 0 : Frank Oelschl&auml;gel

title : Fault-tolerant and secure long term data storage.
year : 2012
author 0 : Henning Klein

title : Dynamic Resource Scheduling in Cloud Data Center.
year : 2015
author 0 : Yuan Zhang 0013

title : Ein Bayessches Expertensystem zur Strukturanalyse von medizinischen R&ouml;ntgenbildern.
year : 1994
author 0 : Manfred Guckes

title : Modellierung von Reaktionszeiten mit neuronalen Netzen aus leaky integrator units.
year : 2001
author 0 : Thomas Liebscher

title : Modellierung des Signalverlaufs dynamischer T1-gewichteter Magnetresonanztomographie Sequenzen zur Bestimmung des Austauschkoeffizienten zwischen Intravaskular- und Extravaskularraum bei Gehirntumoren.
year : 2014
author 0 : Clemens Alexander Decker

title : Vergleichende Untersuchungen von algorithmischen und neuronalen Klassifikatoren f&uuml;r die automatische Spracherkennung.
year : 1991
author 0 : Dietmar Neumerkel

title : Zur Problematik automatenunterst&uuml;tzter vielseitiger Auswertung vorhandener Daten, dargestellt an Beispielen aus der patientenbezogenen Informationsverarbeitung.
year : 1986
author 0 : J&uuml;rgen Melzer

title : Automatisierte Engpassanalyse zur Leistungsoptimierung von Rechensystemen.
year : 1994
author 0 : G&uuml;nther Nagel

title : Approximate String Matching: Improving Data Structures and Algorithms.
year : 2019
author 0 : Christopher Pockrandt

title : Mathematische und operationale Semantik funktionaler Programmiersprachen.
year : 1995
author 0 : Stefan H&ouml;lscher

title : New approaches for object tracking and image-based quality control.
year : 2020
author 0 : Ahmad Delforouzi

title : Optimierung von Leistungen und Kosten des Werkzeugwesens in spanenden Fertigungen.
year : 1996
author 0 : Ulf Leinh&auml;user

title : Die CREW-PRAM-Komplexit&auml;t Boolescher Funktionen.
year : 1987
author 0 : Ute Sch&uuml;rfeld

title : Inference and Learning Systems for Uncertain Relational Data.
year : 2018
author 0 : Giuseppe Cota

title : Analysis and manipulation of repetitive structures of varying shape.
year : 2013
author 0 : Alexander Berner

title : Ein Vergleich verschiedener Implementationen bin&auml;rer neuronaler Assoziativspeicher.
year : 1994
author 0 : Olaf Holthausen

title : K&uuml;nstliche-Intelligenz-Forschung in Deutschland: die Etablierung eines Hochtechnologie-Fachs.
year : 1995
author 0 : Petra Ahrweiler

title : Effizientes Lernen fast optimaler Entscheidungen aus Beispielen.
year : 1994
author 0 : Stefan P&ouml;lt

title : Beitr&auml;ge zur Entwicklung eines Modells f&uuml;r MAG-Schweissroboter, dargestellt am Beispiel des Industrieroboters ZIM 60-1.
year : 1986
author 0 : Rainer Marsch

title : Article usage in English: a computer-based self-teaching programme on the basis of a functional theory of reference.
year : 1995
author 0 : Monika Klages-Kubitzki

title : Probabilistic neural computation and neural simulation technology.
year : 2018
author 0 : Jakob Jordan

title : Analyzing and Predicting Large Vector-, Graph- and Spatio-Temporal Data.
year : 2017
author 0 : Nina Hubig

title : Closed-World Semantics for Query Answering in Temporal Description Logics.
year : 2021
author 0 : Walter Forkel

title : Distributional Tensor Space Model of Natural Language Semantics.
year : 2014
author 0 : Eugenie Giesbrecht

title : Vergleichende Bewertung statischer Tiefenkriterien in computergenerierten Aussensichtdarstellungen.
year : 1990
author 0 : Dieter Pfeffer

title : Enhanced E-Books: eine empirische Studie zum immersiven Erleben.
year : 2019
author 0 : Stefanie Lange

title : Objektorientierte Programmierung in der Getriebetechnik.
year : 1993
author 0 : Franz Irlinger

title : Zur Modellpr&uuml;fung von parallelen und verteilten Programmabl&auml;ufen.
year : 1998
author 0 : Maximilian Frey

title : Synchronous data acquisition with wireless sensor networks.
year : 2018
author 0 : J&uuml;rgen Funck

title : Die Softwareoberfl&auml;che f&uuml;r einen assoziativen Prozessor.
year : 1994
author 0 : Mario Schulz

title : Dezentrale Koordination mobiler Stationen in Datenfunknetzen.
year : 1991
author 0 : Frank Reichert

title : Parallel algorithms for verification on large systems.
year : 2006
author 0 : Michael Weber 0005

title : Untersuchung und Festlegung effizienter Strukturen zur Echtzeit-Kettenfilteranalyse und -synthese von Sprachsignalen.
year : 1981
author 0 : Hans-J&uuml;rgen Braun

title : Rechnergest&uuml;tzte Analyse elektrodiagnostischer Daten und deren Merkmalbewertung: ein Beitrag f&uuml;r die Entwicklung des Expertensystems VISIS.
year : 1991
author 0 : Robert Millak

title : Subjektive Parametererkennung und -bewertung f&uuml;r Planungs- und Betriebsprobleme in der Elektroenergieversorgung.
year : 1985
author 0 : Fritz-J&uuml;rgen Werner

title : Ein Datenmodell des sozio-technischen Systems Tunnelbau als Grundlage f&uuml;r ein baugeologisch-geotechnisches Informationssystem.
year : 1997
author 0 : Detlef Bringemeier

title : Modular Software Architecture for FPGA based Payload Module Computers.
year : 2020
author 0 : Philipp Hagel

title : Unterst&uuml;tzung der objektorientierten Softwareentwicklung unter Ber&uuml;cksichtigung von Echtzeitbetriebssystemen.
year : 1994
author 0 : J&ouml;rg Fiedler

title : Bestimmung des Temperaturfeldes elektronischer Ger&auml;te unter Einbeziehung der elektronischen Rechentechnik.
year : 1982
author 0 : Wolf-Eckart Gr&uuml;ning

title : Adaptation-Aware Architecture Modeling and Analysis of Energy Efficiency for Software Systems.
year : 2018
author 0 : Christian Stier

title : Nicht-intrusive Erkennung isolierter Gesten und Geb&auml;rden.
year : 2003
author 0 : Suat Akyol

title : Uncertainty handling in mobile community information systems.
year : 2012
author 0 : Yiwei Cao

title : Machine learning techniques for neurotechnology with applications for healthy users and patients.
year : 2015
author 0 : Johannes H&ouml;hne

title : Introducing Privacy in Current Web Search Engines.
year : 2017
author 0 : Albin Petit

title : Ein Beitrag zur Methodik der Architekturbewertung und Optimierung von Fileservern durch Simulation auf der Basis stochastischer Petri-Netze.
year : 1993
author 0 : Wolf Garbe

title : Computergest&uuml;tzte Erzeugung und Optimierung von arrayartigen Layouts f&uuml;r allgemeine SC-Netzwerke und -Filter.
year : 1993
author 0 : Paul Zbinden

title : Aufbau eines Dialogplanungssystems, dargestellt am Beispiel der Arbeitsplanerstellung.
year : 1983
author 0 : Udo Loersch

title : Grafische Darstellung Computer-interpretierbarer medizinischer Leitlinien: vergleichende Studie zur Verst&auml;ndlichkeit f&uuml;r Anwender.
year : 2011
author 0 : Bj&ouml;rn B&uuml;ngeler

title : Entwicklung der permanenten &ouml;konomischen Prozessf&uuml;hrung durch Integration der Informationsverarbeitung, insbesondere der dezentralen Datentechnik, als Instrument der rechnergest&uuml;tzten sozialistischen Betriebswirtschaft.
year : 1989
author 0 : Joachim Schneidewind

title : Importance sampling Techniken zur effizienten Simulation von Kommunikationssystemen.
year : 1991
author 0 : Heinz-Josef Schlebusch

title : Systemtheoretische Analyse der zeitlichen Einschwingvorg&auml;nge im visuellen System.
year : 1981
author 0 : Uwe Lupp

title : Kombinatiorisch optimierte Konstruktion fast-regul&auml;rer Viereckgitter.
year : 1995
author 0 : Rolf Schreiber

title : Model based security guarantees and change.
year : 2012
author 0 : Mart&iacute;n Ochoa Ronderos

title : Von der Energieeffizienz zur Ressourceneffizienz mittels Stoffstrommanagement: Ein Beitrag zur Operationalisierung des industriellen Stoffstrommanagements bei einem Automobilhersteller.
year : 2015
author 0 : Benjamin Boehnke

title : Optimale Steuerung der Bedienung exponentieller Wartesysteme mit vorgegebener Kundenzahl.
year : 1985
author 0 : Peter P. Lehleiter

title : Verteiltes Information-Retrieval f&uuml;r nicht-kooperative Suchserver im WWW.
year : 2002
author 0 : Martin He&szlig;

title : Conceptual design of an ALICE Tier-2 centre integrated into a multi-purpose computing facility.
year : 2012
author 0 : Mykhaylo Zynovyev

title : Ein Rechenprogramm zur Ber&uuml;cksichtigung von Dosis und Zeit nach dem NSD- und dem linearquadratischen Modell in der Strahlentherapie.
year : 1988
author 0 : Dimos Baltas

title : Berechnung von Testvektoren in digitalen Schaltungen auf der Basis von Klauselsystemen.
year : 1997
author 0 : Manfred Henftling

title : Automatisierter Entwurf von kombinatorischen Schaltungen mit dekompositorischen Methoden.
year : 1988
author 0 : J&uuml;rgen Fehmel

title : On periodic comparator networks.
year : 1997
author 0 : Brigitte Oesterdiekhoff

title : Abstraction and refinement of probabilistic automata using modal stochastic games.
year : 2015
author 0 : Falak Sher

title : Multi-frame motion compensated prediction for video transmission.
year : 2000
author 0 : Thomas Wiegand

title : Human-centered control design for haptic telepresence systems over communication networks.
year : 2012
author 0 : Iason Vittorias

title : Probleme und L&ouml;sungsans&auml;tze beim Einsatz relationaler Datenbanksysteme f&uuml;r das rechnerunterst&uuml;tzte Konstruieren.
year : 1989
author 0 : Haluk Sarlan

title : Planung und Erstellung einer Datenbank zur Qualit&auml;tssicherung laparoskopischer Eingriffe und Vergleich mit einem bestehenden Dokumentationssystem.
year : 2013
author 0 : Natalie Guttmann

title : Analysis of trajectories by preserving structural information.
year : 2012
author 0 : Ahmed Jawad 0001

title : Modellgetriebene Entwicklung sicherer Web Service-Anwendungen.
year : 2017
author 0 : Marian Borek

title : Universelle Schaltelemente f&uuml;r bin&auml;re und h&ouml;herwertige Logik, mit Gleichungssystemen beschreibbare Strukturen unter Anwendung der semianalogen Potentialdifferenzbildung.
year : 1981
author 0 : Franz-Joachim Kauffels

title : Formerkennung kleiner K&ouml;rper durch digitale Verarbeitung reflektierter Ultraschallsignale.
year : 1983
author 0 : Manfred Philipps

title : Station&auml;re Politiken in stochastischen Entscheidungsmodellen.
year : 1984
author 0 : Rolf van Dawen

title : Sonographische Beurteilung von Nierentransplantaten mit Hilfe computergest&uuml;tzter Texturanalyse.
year : 1996
author 0 : Joachim Mauruschat

title : Semantikbeschreibende Metadaten zur Integration heterogener Daten aus dem Internet.
year : 2001
author 0 : Christof Bornh&ouml;vd

title : Erweiterbarkeit in Betriebssystemen durch Integration einer Hochsprache.
year : 2001
author 0 : Sven Wischnowsky

title : The probabilistic model checker Storm: symbolic methods for probabilistic model checking.
year : 2018
author 0 : Christian Hensel

title : Parallelization Strategies for Density Functional Software.
year : 2012
author 0 : Martin Roderus

title : Produktionsplanung mit Hilfe der Linearen Planungsrechnung, eine kritische Analyse unter besonderer Ber&uuml;cksichtigung der Anwendung von Betriebs- und Produktionsprogrammplanungsmodellen.
year : 1983
author 0 : Alexander Basting

title : Verfahren zur Klassifikation melanozyt&auml;rer Tumoren mit Hilfe der digitalen Farbbildanalyse.
year : 1997
author 0 : Thomas Schindewolf

title : Modellierung lokaler Wechselwirkungen in diskreten cortikalen Strukturen mittels nichtlinearer Dynamik.
year : 1992
author 0 : J&ouml;rg Kopecz

title : Wirtschaftlichkeitsanalyse des Einsatzes der Informationstechnik in der Kommunalverwaltung.
year : 1987
author 0 : Johannes Weingart

title : New Concepts for Presence and Availability in Ubiquitous and Mobile Computing - Enabling Selective Availability through Stream-Based Active Learning.
year : 2018
author 0 : Mirko Fetter

title : Qualifizierung und Rationalisierung der vorausschauenden &ouml;konomischen Analyse betriebswirtschaftlicher Kenngr&ouml;ssen in der Seeverkehrswirtschaft mittels Zeitreihenanalyse.
year : 1987
author 0 : Hellmut Haenichen

title : Farbeinflussfaktoren zur emotionalen Bildwirkung und ihre Bedeutung f&uuml;r das Retrieval von Tourismusbildern.
year : 2017
author 0 : Anke Schneider

title : Rechnergest&uuml;tzte Methoden zur interaktiven Modellierung biotechnologischer Prozesse.
year : 1999
author 0 : Peter Marenbach

title : SpoookyJS. Ein multiagentenbasiertes JavaScript-Framework zur flexiblen Implementation digitaler browserbasierter Brettspiele und spiel&uuml;bergreifender k&uuml;nstlicher Intelligenz.
year : 2015
author 0 : Jan Gerrit Wieners

title : Anwendung von Methoden der Thermodynamik zur Beschreibung von Lernvorg&auml;ngen und Konstruktion von Merkmalextraktoren.
year : 1997
author 0 : Arnd Kr&ouml;nig

title : Scalable and Distributed Resource Management for Many-Core Systems.
year : 2015
author 0 : Sebastian Kobbe

title : Verfahren zur Planung des Einsatzes von Cyber-Physischen-Systemen in der Produktion.
year : 2019
author 0 : Christoph Werner Josef Taphorn

title : Ein Objekt-Beziehungs-Modell als Grundlage eines CAD-Systems am Beispiel der Tragwerksberechnung.
year : 1987
author 0 : Erich Wohlfarth

title : Authentische Verdeckung virtueller 3D-Objekte in Bilderwelten.
year : 2013
author 0 : Frank Nagl

title : GIS-orientierte Methoden der digitalen Reliefanalyse zur Modellierung von Bodenerosion in kleinen Einzugsgebieten.
year : 1995
author 0 : Michael von Werner

title : Legacy software migration based on timing contract aware real-time execution environments.
year : 2020
author 0 : Irune Yarza Perez

title : Three-Dimensional Second-Order Tensor Fields: Exploratory Visualization and Anisotropic Sampling.
year : 2013
author 0 : Andrea Kratz

title : Entwicklung und Anwendung einer extrapolierenden (2+&#955;)-Evolutionsstrategie f&uuml;r Simulationsprogramme.
year : 1992
author 0 : Norbert G&uuml;nter Tengler

title : GIPSY: ein Ansatz zum Entwurf integrierter Softwareentwicklungssysteme.
year : 1994
author 0 : Reto Marti

title : Reconstruction of building objects from point clouds of built environment and construction sites.
year : 2019
author 0 : Yusheng Xu

title : Analyse und Optimierung mobiler Kommunikationssysteme.
year : 1994
author 0 : J&uuml;rgen Mattfeldt

title : Einf&uuml;hrung integrierter Standardsoftware: ein ganzheitlicher Ansatz.
year : 1997
author 0 : Michael Jochem

title : Ein integrierender Ansatz zur possibilistischen Inferenz in wissensbasierten Systemen.
year : 1992
author 0 : J&ouml;rg Gebhardt

title : Object detection using feature mining in a distributed machine learning framework.
year : 2017
author 0 : Arne Ehlers

title : Multimodal Shared-Control Interaction for Mobile Robots in AAL Environments.
year : 2013
author 0 : Cui Jian

title : Load dependent sensor placement method based on representative least squares: applications in structural health monitoring.
year : 2012
author 0 : Dongsheng Li

title : Engineering SAT Applications.
year : 2015
author 0 : Christian Zielke

title : Probleme der rechnergest&uuml;tzten Elektrokardiogrammauswertung, Vergleich zweier Systeme (Quinton 740 und Marquette CASE).
year : 1982
author 0 : Peter Michaelis

title : A scalable workflow for a configurable neuromorphic platform.
year : 2014
author 0 : Sebastian Jeltsch

title : Akquisition komplexer Lexeme aus Textkorpora.
year : 1997
author 0 : Lothar Lemnitzer

title : Absatzanalyse bei der Produktinnovation: Bedeutung, Erhebung und wissensbasierte Verarbeitung.
year : 1994
author 0 : Regina Polster

title : Dependent defects and aspects of efficiency in model based diagnosis.
year : 1997
author 0 : Mugur M. Tatar

title : Intelligente Steuerung von automatischen Kamerasystemen in Nachrichtenstudios durch verbale Kontrolle.
year : 2015
author 0 : Sebastian Fr&uuml;hling

title : Automatische Indexierung von Volltexten mit der systematisierten Nomenklatur der Medizin (SNOMED).
year : 1988
author 0 : Petra Heyen

title : Proaktive Agenten im Lernkontext: Die Auswirkungen neuer Inputkan&auml;le in der lernstoffvermittelnden Mensch-Computer-Interaktion.
year : 2018
author 0 : Madlen Wuttke

title : Distributively Observed Events in Wireless Sensor Networks.
year : 2016
author 0 : Norman Dziengel

title : Computer aided Team und Produktivit&auml;t: Einsatzm&ouml;glichkeiten und Erfolgspotentiale.
year : 1995
author 0 : Henrik Lewe

title : Lightweight Intrusion Detection in Wireless Sensor Networks.
year : 2015
author 0 : Michael Riecker

title : Sprecherunabh&auml;ngige Erkennung von isoliert gesprochenen Einzelw&ouml;rtern unter Verwendung der Vektorquantisierung und von neuronalen Netzen.
year : 1992
author 0 : Ming Zhu 0005

title : Beitrag zur Anwendung der Theorie der unscharfen Mengen auf ausgew&auml;hlte Probleme der Elektroenergieversorgung.
year : 1982
author 0 : Mohamed Desouki

title : Erweiterte Mensch-Produktkommunikation: Analyse u. method. Konstruktion d. Benutzerebene feinwerktechn. Produkte.
year : 1985
author 0 : Coloman Lenart

title : Ein Trainingssimulator f&uuml;r die Zustands&uuml;berwachung elektrischer Energieversorgungssysteme.
year : 1987
author 0 : Khaled El-Homsi

title : Aufstellen von Steuerungsstrukturen zur Bahnregelung moderner Industrieroboter aus den mechanischen Bewegungsgleichungen und ihre Optimierung durch simulative Untersuchungen unter Einbeziehung realer Einflussgr&ouml;ssen.
year : 1986
author 0 : Hendrik Latwesen

title : Verst&auml;ndlichkeit von EDV-Handb&uuml;chern: semiotische und rhetorische Textbeschreibungen.
year : 1999
author 0 : Jasmin B. Franz

title : Erweiterung eines betriebswirtschaftlichen Programmiersystems zur Einbeziehung von Multigoal-Problemen des betriebswirtschaftlichen Operations Research.
year : 1984
author 0 : Klaus Tr&uuml;tzschler

title : Streng zerlegbare Graphen und Hypergraphen.
year : 1985
author 0 : Hanns-Georg Leimer

title : Multi-provider network service embedding.
year : 2016
author 0 : David Dietrich

title : Analyse des Arbeitsprozesses und Ermittlung von Gestaltungsdaten f&uuml;r die Schnittstelle Mensch-Maschine in Fahrzeugf&uuml;hrungssystemen mit Hilfe der digitalen Rechnersimulation.
year : 1983
author 0 : Bernhard D&ouml;ring

title : ASITA: advanced security infrastructure for multi-agent applications in the telematic area.
year : 2002
author 0 : Torge Schmidt

title : Generic object categorization in PolSAR images - and beyond.
year : 2014
author 0 : Ronny H&auml;nsch

title : Spezifikation graphisch interaktiver Benutzerschnittstellen.
year : 1987
author 0 : Jutta Schaub

title : Polnische Version des Systems LEFO: spezielle Portierung eines Programmsystems.
year : 1990
author 0 : Krystyna Moszner

title : Ein koh&auml;rentoptisches Filterverfahren f&uuml;r die Zeichenerkennung.
year : 1981
author 0 : Eckhard Koch 0002

title : Zur L&ouml;sung komplexer mehrkriterieller Entscheidungsprobleme mittels Decision Support Systemen.
year : 1994
author 0 : Salehu Anteneh

title : Integration of neural networks and probabilistic spatial models for acoustic blind source separation.
year : 2020
author 0 : Lukas Drude

title : Konzeption eines rechnergest&uuml;tzten Vertriebs-, Informations- und Kommunikationssystems und dessen Umsetzung in die Praxis.
year : 2003
author 0 : Hans Jochen Grisse

title : Ein mathematisch-statistisches Modell zur Beschreibung von Regenereignissen.
year : 1989
author 0 : Werner Maier 0002

title : Ans&auml;tze zum Flexibilisieren von Systemen zur elektronischen Vorgangsbearbeitung: Konzeption und prototypische Realisierung anhand ausgew&auml;hlter Beispiele.
year : 1997
author 0 : Martin Lehnert

title : Identifikation von Systemen mit Kaskadenstruktur.
year : 1985
author 0 : Dagmar Urbansky

title : Quantitative Analyse der menschlichen Hautoberfl&auml;che mit Methoden der digitalen Bildverarbeitung.
year : 1994
author 0 : Martin Fiedler

title : Design and implementation of a collaborative virtual problem-based learning environment.
year : 2000
author 0 : Yongwu Miao

title : Fr&uuml;hergebnisse nach computerunterst&uuml;tztem Robotereinsatz in der zementfreien H&uuml;ftgelenkstotalendoprothetik.
year : 1999
author 0 : Alae Alwan

title : Constructing a user experience-based mobile learning environment: problems and solutions.
year : 2014
author 0 : Ruimin Shen

title : On value based identification in object oriented data models.
year : 1998
author 0 : Jochen Rasch

title : Rechnerunterst&uuml;tztes Konstruieren im Rahmen des algorithmischen Auswahlverfahrens zur Konstruktion mit Katalogen.
year : 1982
author 0 : Detlef Bohle

title : Fr&uuml;hformen des Datenschutzes?: Die historische Entwicklung der Amtsverschwiegenheit vom Beginn der Neuzeit bis zur Datenschutzgesetzgebung als Beispiel einer Beschr&auml;nkung der verwaltungsinternen Informationsweitergabe.
year : 1985
author 0 : Wolfgang van Rienen

title : Modeling and learning of complex motor tasks: a case study with robot table tennis (Modellierung und Lernen von komplexen motorischen Aufgaben anhand von Fallstudien in Roboter-Tischtennis).
year : 2013
author 0 : Katharina M&uuml;lling

title : Current mode analog integrated circuits and linearization techniques in CMOS technology.
year : 1990
author 0 : Zhenhua Wang 0006

title : Statistical mechanics of pattern recognition in a neural network.
year : 1997
author 0 : Zuguo Tan

title : On the evaluation of defect prediction models.
year : 2011
author 0 : Thilo Mende

title : Codebook-Based Speech Enhancement - Robust and Efficient Approaches.
year : 2012
author 0 : Tobias Rosenkranz

title : Interactive Analysis of Multispectral and Hyperspectral Image Data.
year : 2017
author 0 : Johannes Jordan

title : Holismus und Elementarismus in der Systemtheorie.
year : 1985
author 0 : Hans-Gerd R&ouml;wer

title : Lernen im Kontext: Digitale Medien f&uuml;r Menschen mit Lernschwierigkeiten Entwicklung und Erprobung eines mobilen Assistenzsystems f&uuml;r kontextbezogenes Lernen.
year : 2017
author 0 : Benjamin Tannert

title : Beitr&auml;ge zur Verbesserung der Indoor-Lokalisierung auf der Basis von drahtlosen Technologien.
year : 2021
author 0 : Nizam Kuxdorf-Alkirata

title : Active learning for recommender systems.
year : 2014
author 0 : Rasoul Karimi

title : Towards automation of code-reviews based on checklists.
year : 1998
author 0 : Radu Crisan

title : Zur Reduktion der Zeitkomplexit&auml;t von Algorithmen f&uuml;r den Entwurf integrierter Schaltungen.
year : 1988
author 0 : Uwe Schwiegelshohn

title : A Fault Tolerant Spaceborne Memory System with Very High Data Integrity Requirements.
year : 2011
author 0 : Mike Cassel

title : Towards Patient-specific Electrical Impedance Tomography using 3D Thorax Models.
year : 2014
author 0 : Peter Salz

title : Workflow-Unterst&uuml;tzug von IT-basierten Engineering-Prozessen in der Bahnautomatisierung.
year : 2019
author 0 : Heiko Seidel

title : Rechtsfragen des Kreditvertriebs &uuml;ber Internet.
year : 2003
author 0 : Klaus Felke

title : Supporting diversity and evolvability in communication protocols.
year : 2012
author 0 : Stefan G&ouml;tz

title : Allokation alternativer stochastischer Experimente: Charakterisierung optimaler Strategien mittels einer Verallgemeinerung des Gittins-Index.
year : 1988
author 0 : Gerhard Wurm-Sch&ouml;nert

title : Schedules for dynamic bidirectional simulations on parallel computers.
year : 2003
author 0 : Uwe Lehmann

title : Mechanizing inductive theorem proving in conditional theories.
year : 1995
author 0 : Ulrich Fraus

title : Orion: Konzept und Realisierung des Betriebssystems f&uuml;r ein allgemeines eng gekoppeltes Mehrprozessorsystem.
year : 1987
author 0 : Rudolf H. Fischer

title : Entwicklung und Analyse verteilter Echtzeitsysteme.
year : 1993
author 0 : Peter Kneisel

title : Automated Hybrid Time Series Forecasting: Design, Benchmarking, and Use Cases.
year : 2021
author 0 : Andr&eacute; Bauer

title : From Adversarial Learning to Reliable and Scalable Learning.
year : 2015
author 0 : Han Xiao 0002

title : Automatic parallelization for distributed-memory multiprocessing systems.
year : 1989
author 0 : Hans Michael Gerndt

title : Evolution of cellular systems - optimization of gene regulatory networks for the development of morphology and control.
year : 2012
author 0 : Lisa Schramm

title : Towards the pervasive formal verification of multi-core operating systems and hypervisors implemented in C.
year : 2013
author 0 : Sabine Schmaltz

title : Einsatz von Arithmetikbaugruppen mit begrenzter &Uuml;bertragsweiterleitung zur Realisierung des Systemalgorithmus eines Nur-Pole-Digitalfilters.
year : 1993
author 0 : Frank Giesecke

title : K&uuml;nstliche neuronale Netze in der genetischen Epidemiologie.
year : 2012
author 0 : Frauke G&uuml;nther

title : Strukturuntersuchungen zur Informationsverarbeitung in neuronaler Architektur am Beispiel der Modellierung von Augenbewegungen f&uuml;r aktives Sehen.
year : 1992
author 0 : Sebastian T&ouml;lg

title : Counteracting phishing through HCI: detecting attacks and warning users.
year : 2013
author 0 : Max-Emanuel Maurer

title : Optimization Based Coverage Path Planning for Autonomous 3D Data Acquisition.
year : 2020
author 0 : Silvan Lindner

title : Zur Effizienz der Beweissuche in der Logikverarbeitung.
year : 1997
author 0 : Ulf Dunker

title : Modellierung, Integration und Analyse von Ressourcen in Gesch&auml;ftsprozessen.
year : 2012
author 0 : Thomas Schuster

title : Lilith: a workstation computer for Modula-2.
year : 1984
author 0 : Richard Stanley Ohran

title : Ad-hoc-Bewertung von Open-source-Komponenten in der Softwareentwicklung: ein automatisierter Ansatz zur Qualit&auml;tsanalyse auf Basis historischer Daten in Software-Repositories.
year : 2014
author 0 : Steffen Kram

title : Memory organization for invariant object recognition and categorization.
year : 2016
author 0 : Guillermo S. Donatti

title : Learning social links and communities from interaction, tropical, and spatio-temporal information.
year : 2014
author 0 : Tran Van Canh

title : Dynamische Systeme zum Entwurf von Navigationssystemen autonomer mobiler Serviceroboter.
year : 2001
author 0 : Carsten Bruckhoff

title : Konkurrierende neuronale Netze und ihre Anwendungen.
year : 1998
author 0 : Frank Reine

title : Application of biometric authentication systems in the context of highly flexible business processes.
year : 2012
author 0 : Christian Senk

title : Systemarchitekturen elektronischer M&auml;rkte.
year : 1994
author 0 : Thomas Langenohl

title : Geometrische Rekonstruktion von dreidimensionalen Szenen aus Abstandsdaten.
year : 1994
author 0 : Albrecht Swietlik

title : Linguistisches Wissen zur automatischen Lexikon-Akquisition aus deutschen Textcorpora.
year : 1999
author 0 : Judith Eckle-Kohler

title : Symmetrische Netze f&uuml;r Parallelrechner.
year : 1992
author 0 : Kurt Siedenburg

title : Automatische Texturierung von Fassaden aus terrestrischen Infrarot-Bildsequenzen.
year : 2014
author 0 : Ludwig Hoegner

title : Spatio-temporal data analysis framework for moving entities based upon heterogeneous tracking systems.
year : 2011
author 0 : Mareike Kritzler

title : Automated analysis of software artefacts - a use case in e-assessment.
year : 2015
author 0 : Michael Striewe

title : Zur Robustheit von Sch&auml;tzern in &Uuml;berlebenszeitmodellen mit Censoring.
year : 1982
author 0 : Cornelia Baldauf

title : Feature-Based Probabilistic Data Association for Video-Based Multi-Object Tracking.
year : 2018
author 0 : Michael Grinberg

title : Konfirmatorische Analysen von Modellen des Konsumentenverhaltens.
year : 1983
author 0 : Lutz Hildebrandt

title : Modelle und Methoden f&uuml;r die Kopplung automatischer und visuell-interaktiver Verfahren f&uuml;r die Datenanalyse.
year : 2011
author 0 : Thorsten May

title : Synchronization of chaotic systems.
year : 1995
author 0 : Ute Feldmann

title : Das Beschlagnahmeprivileg der steuerberatenden Berufe gem. &#167; 97 StPO unter besonderer Ber&uuml;cksichtigung der Bedingungen der modernen Informationsverarbeitung.
year : 1993
author 0 : Egbert B&ouml;ing

title : Energy savings in Phantom Cell Concept heterogeneous networks.
year : 2017
author 0 : Emmanuel Ternon

title : Qualifizierung an Industrierobotern: Ziele, Inhalte u. Methoden.
year : 1987
author 0 : Volker Kornd&ouml;rfer

title : Ein wissensbasiertes System zur Instrumentierung von Chemieanlagen.
year : 1995
author 0 : Raymund Sonnenschein

title : Die Sozialauswahl bei betriebsbedingter K&uuml;ndigung: e. Versuch d. Entwicklung datenverarbeitungsgeeigneter Kriterien im Spannungsfeld zwischen Datenschutz, Rechtssicherheit u. sozialer Gerechtigkeit.
year : 1986
author 0 : Ulrich Ph. Rass

title : Anwendung systemtechnischer Hilfsmittel bei der Planung und Durchf&uuml;hrung von Entwicklungsprojekten.
year : 1982
author 0 : Hartmut Hoffmann

title : Design of efficient and correct algorithms: theoretical results and runtime prediction of implementations in practice.
year : 1997
author 0 : Ulrich Finkler

title : Die Entwicklung der elektronischen Datenverarbeitung in der deutschen Investitionsg&uuml;terindustrie als beeinflussender Unternehmensfaktor seit Beginn ihrer industriellen Anwendung.
year : 1994
author 0 : Stephan Rinck

title : Hybrid planning - from theory to practice.
year : 2018
author 0 : Pascal Bercher

title : Konzeption und Gestaltung multimedialer Computer-Anwendungen im betrieblichen Bereich am Beispiel von Informations- und Schulungssystemen.
year : 1993
author 0 : Ina Mai

title : Rationale Entscheidungen bei unscharfen Wahrscheinlichkeiten.
year : 1982
author 0 : Hartmut Wollenhaupt

title : Probabilistic Models for 3D Urban Scene Understanding from Movable Platforms.
year : 2013
author 0 : Andreas Geiger 0001

title : Scheduling jobs with communication delays: complexity results and approximation algorithms.
year : 1996
author 0 : Markus W. Sch&auml;ffter

title : Die informationelle Qualit&auml;t einer operativen G&uuml;terwagendatei f&uuml;r die Deutsche Reichsbahn.
year : 1981
author 0 : Manfred Kurrat

title : Atome und Pr&auml;fixe in der Wissenslogik.
year : 1995
author 0 : Beat Georges Scherer

title : Syntaxfehlerbehandlung ohne Korrekturversuche.
year : 1982
author 0 : Helmut Richter

title : Algorithmen zur Bestimmung der Struktur konvexer H&uuml;llen und der Eckenmenge von Polyedern: eine vergleichende probabilistische Analyse.
year : 2011
author 0 : Thomas W&ouml;rle

title : Werttypen in objektorientierten Programmiersprachen.
year : 2015
author 0 : Beate Ritterbach

title : Vorgehensmodelle f&uuml;r die technische Dokumentation eingebetteter Systeme.
year : 2013
author 0 : Beate Kapturek

title : Methoden zur Quantifizierung des externen Terms-of-trade-Effekts.
year : 1982
author 0 : Gerhard Meinlschmidt

title : Integrating machine learning approaches into network science: exemplary applications and novel algorithms.
year : 2010
author 0 : Florian Bl&ouml;chl

title : Untersuchungen zur bildbasierten Navigationsleistung in virtuellen Welten.
year : 1997
author 0 : Sabine Gillner

title : Cryptographically relevant contributions to combinational complexity theory.
year : 1994
author 0 : Alain P. Hiltgen

title : Computergest&uuml;tzte Visualisierungstechniken in der Stadtplanung: Bedingungen und Potentiale des Ersatzes traditioneller durch computergest&uuml;tzte Visualisierungstechniken in der Stadtplanungspraxis.
year : 1999
author 0 : Stefan Lehmk&uuml;hler

title : Blocksicherungsverfahren f&uuml;r Schreib/Lesespeicher.
year : 1988
author 0 : Markus Wagner 0001

title : Pattern discovery from event data.
year : 2014
author 0 : Van Quoc Anh Le

title : Why-Query Support in Graph Databases.
year : 2017
author 0 : Elena Vasilyeva

title : Rechnerunterst&uuml;tzte Verarbeitung von Anforderungen im methodischen Konstruktionsprozess.
year : 1995
author 0 : Heiner Kickermann

title : Statische und dynamische Analyse von bipolaren Assoziativspeicherzellen sowie deren Dimensionierung.
year : 1973
author 0 : Harald Curian

title : &Ouml;konomische Bewertung flexibler Automatisierungstechnik.
year : 1990
author 0 : Peter Pr&ouml;frock

title : Theoretische Begr&uuml;ndung und Erarbeitung einer methodischen Empfehlung zur System-bezogenen Zuordnung &ouml;konomisch-mathematischer Modelle zu klassifizierten betrieblichen Anwendungsbedingungen - dargestellt f&uuml;r Teilprozesse der operativen Planung der Produktion in Betrieben der metallverarbeitenden Industrie.
year : 1983
author 0 : Volker R&ouml;ssel

title : Musterbasiertes Filtern von Schadprogrammen und Spam.
year : 2011
author 0 : Philipp Trinius

title : Kompressionsbasierte Mustererkennung.
year : 2013
author 0 : Sebastian Klenk

title : Adaptive Suchverfahren.
year : 2000
author 0 : Frank Schulz 0002

title : Beitr&auml;ge zur visuellen F&uuml;hrung zweibeiniger Laufroboter in einem strukturierten Szenario.
year : 2003
author 0 : Oliver Lorch

title : Halbordnungsbasierte Verfeinerung zur Verifikation verteilter Algorithmen.
year : 2001
author 0 : Sibylle Peuker

title : Entwicklung von Bediensystemen f&uuml;r Leitst&auml;nde zur operativen Steuerung diskreter betrieblicher Prozesse.
year : 1991
author 0 : Hanno Gutbier

title : Blinde probabilistische Beweisverifikation: ein Zwei-Phasen-Ansatz.
year : 1996
author 0 : Eric Claus Schank

title : Konzeption einer graphischen Kommunikationsschnittstelle zur Organisation und Weiterverarbeitung geowissenschaftlicher Daten.
year : 1987
author 0 : Anne-Dore Uthe

title : Spatial interaction with mobile projected displays.
year : 2014
author 0 : Markus L&ouml;chtefeld

title : Automatic methods for low-cost evaluation and position-aware models for neural information retrieval.
year : 2017
author 0 : Kai Hui

title : Electroencephalographic Responses to Frictional Stimuli: Measurement Setup and Processing Pipeline.
year : 2018
author 0 : Novaf &Ouml;zg&uuml;n

title : Semantikkonstruktion.
year : 1999
author 0 : Michael Schiehlen

title : Vergleich technischer Implementierungen f&uuml;r GridFlow-Systeme.
year : 2015
author 0 : Christoph Nobbe

title : TQM-Regelkreise in Kleinunternehmen der Werkzeug- und Schneidwarenindustrie.
year : 1997
author 0 : Christoph Wunn

title : Ein organisches Taskverarbeitungssystem f&uuml;r zuverl&auml;ssige Multi-Core SoC-Architekturen.
year : 2016
author 0 : Benjamin Betting

title : A Learning Twist on Controllers: Synthesis via Partial Exploration and Concise Representations.
year : 2021
author 0 : Pranav Ashok

title : Rechnergest&uuml;tztes Faktenrecherche-/Faktenverarbeitungssystem unter Nutzung von Kleinrechnern.
year : 1983
author 0 : Lothar Beck

title : Erasure and corruption resilience methods for high performance parallel file systems.
year : 2018
author 0 : Gvozden Neskovic

title : Reflective embedding of domain-specific languages.
year : 2011
author 0 : Tom Dinkelaker

title : Interlacing Self-Localization, Moving Object Tracking and Mapping for 3D Range Sensors.
year : 2013
author 0 : Frank Moosmann

title : Ein Basisaustauschverfahren zur Behandlung eines linearen kombinierten Strom-Spannungs-Problems und Anwendungen.
year : 1985
author 0 : Ekkehard Schneider

title : Untersuchungen zur effizienten interpolierenden Speicherung von nichtlinearen Proze&szlig;modellen und Vorsteuerstrategien: Methodik und Anwendungen in der Automobilelektronik.
year : 1999
author 0 : Thorsten Ullrich

title : Visual Analytics of Change in Natural Language.
year : 2014
author 0 : Christian Rohrdantz

title : Ein Workflow-Management-Dienst f&uuml;r ein verteiltes Objektverwaltungssystem.
year : 1999
author 0 : Wolfgang Schulze

title : Logischer Aufbau von Datenstrukturen in der Logistik industrieller Fertigungsprozesse.
year : 1981
author 0 : Joachim T&uuml;rk

title : Untersuchung zur Realisierung von Zielen der Pers&ouml;nlichkeitsentwicklung auf dem Gebiet der Informationsverarbeitung und Prozessautomatisierung beim Einsatz von Sch&uuml;lern an numerisch gesteuerten Werkzeugmaschinen: (e. Beitr. zur Realisierung d. Arbeitsgebietes "Mithilfe beim Bedienen, &Uuml;berwachen, Warten u. Pflegen von automatisierten Werkzeugmaschinen u. Anlagen" d. Planes f&uuml;r d. produktive Arbeit d. Sch&uuml;ler d. Klassen 9 u. 10 unter Beachtung d. qualitativ neuen Beziehungen zum Fach ESP, dargest. am Beisp. ausgew. Betriebe d. Forschungsst&uuml;tzpunktes Metallindustrie/Automatisierung).
year : 1987
author 0 : Klaus Turke

title : Zum Lernverhalten von Backpropagation-Netzen auf der Bais stochastischer Rechentechnik.
year : 2000
author 0 : Liyun Zhu

title : High resolution coding of stochastic processes and small ball probabilities.
year : 2003
author 0 : Steffen Dereich

title : Das Netzwerk der SB-PRAM.
year : 1997
author 0 : Thomas Walle

title : Neuronale Netzwerke und evolution&auml;re Information: verbesserte Vorhersage der Sekund&auml;rstruktur von Proteinen ; (abgefasst in Englisch).
year : 1994
author 0 : Burkhard Rost

title : Entwurf und Vergleich von Varianten verteilter Datenbasen f&uuml;r eine durchg&auml;ngig rechnergest&uuml;tzte Planung, Lenkung, Kontrolle und Abrechnung der Produktion.
year : 1989
author 0 : Andreas Walther

title : Modellierung und Identifikation dreidimensionaler Objekte mit gekr&uuml;mmten Oberfl&auml;chen.
year : 1992
author 0 : Jian Xu 0011

title : Aphasie und Kernbereiche der formalen Grammatiktheorie.
year : 1997
author 0 : Annegret Bender

title : &#955;-rewriting.
year : 1991
author 0 : Stefan Kahrs

title : Agiles Informationsmanagement : Vorgehensmodell f&uuml;r die agile Entwicklung von Informations- und Kommunikationssystemen.
year : 2012
author 0 : Ursula Rick

title : Ein gebrauchstaugliches Augmented Reality-System f&uuml;r geometrische Analysen in der Produktentstehung.
year : 2019
author 0 : Bj&ouml;rn Bliese

title : Built-in recovery support for explorative programming: preserving immediate access to static and dynamic information of intermediate development states.
year : 2014
author 0 : Bastian Steinert

title : Ordnungsbildung und Ordnungswandel in komplexen sozialen Systemen: ein empirischer Beitrag zur sozialwissenschaftlichen Synergetik mit Hilfe der Systemspielmethode.
year : 1995
author 0 : Andreas Manteufel

title : Object-based Image Analysis for Detection and Segmentation Tasks in Biomedical Imaging.
year : 2016
author 0 : Michael Schwier

title : Sprachenidentifizierung zur automatischen Graphem-zu-Phonem-Umsetzung von Fremdw&ouml;rtern in einem deutschsprachigen Vorleseautomaten.
year : 1989
author 0 : Peter Henrich

title : Temperaturbeanspruchte Stahlbetonschalen im gerissenen Zustand.
year : 1981
author 0 : G&uuml;nter Schmidt 0003

title : Beratungssystem zum Entwurf von Prozessf&uuml;hrungskonzepten f&uuml;r Rektifikationskolonnen mit Seitenabzug.
year : 1995
author 0 : Christiane Glasmacher-Remberg

title : Stabilit&auml;t kostenminimaler L&ouml;sungen bei der Planung von Abwasserentsorgungssystemen.
year : 1983
author 0 : Hans-J&uuml;rgen Heiss

title : Constructing and extending description logic ontologies using methods of formal concept analysis.
year : 2019
author 0 : Francesco Kriegel

title : Flexible processing of streamed context data in a distributed environment.
year : 2014
author 0 : Nazario Cipriani

title : Modeling spatial, temporal and spatio-temporal data in object-relational database systems.
year : 2003
author 0 : Carsten Kleiner

title : Adaptive Datensicherung mit algebraischer Blockcodierung f&uuml;r digitale Mobilfunkkan&auml;le.
year : 1989
author 0 : Herbert Schneider

title : Ein wissensbasiertes System f&uuml;r die Durchf&uuml;hrung von systematischen Sicherheitsbetrachtungen bei verfahrenstechnischen Anlagen auf der Grundlage von RI-Fliessbildern.
year : 1993
author 0 : Matthias G&ouml;ring

title : Visual Place Recognition in Changing Environments.
year : 2019
author 0 : Olga Vysotska

title : On the implementation of systems for realistic visualization of step models.
year : 1994
author 0 : Rog&eacute;rio Almeida Barra

title : Inhibition and loss of information in unsupervised feature extraction.
year : 2018
author 0 : Arash Kermani Kolankeh

title : A regularized fusion based 3D reconstruction framework: analyses, methods and applications.
year : 2018
author 0 : Muhammad Asif Ali Rajput

title : Entwurf systolischer Felder f&uuml;r Industrierobotersteuerungen.
year : 1986
author 0 : Andrej Wnukow

title : Information-Theoretic Causal Discovery.
year : 2021
author 0 : Alexander Marx

title : Prozessorientierte Wirtschaftlichkeitsbetrachtung von CA-Technologien.
year : 1995
author 0 : Frank Bauer 0003

title : Integration wissensbasierter Komponenten in Datenbankapplikationen.
year : 1996
author 0 : Andreas Tietz

title : Ein Beitrag zur Entwicklung computergrafischer Systeml&ouml;sungen f&uuml;r verkehrs- und betriebsdienstliche Automatisierungsaufgaben.
year : 1989
author 0 : Arend Flemming
author 1 : Jens Hertlein

title : Charakterisierung por&ouml;ser Medien mit Hilfe der digitalen Bildverarbeitung: Methoden der Bildgewinnung und -auswertung.
year : 1998
author 0 : Roland Scharfenberg

title : Informationsarchitekturen f&uuml;r k&uuml;nftige Energievertriebe.
year : 2017
author 0 : Christian Gitte

title : Lohn- und Preisbewegungen in der Bundesrepublik Deutschland von 1968 bis 1979: e. Analyse mit Hilfe d. Box-Jenkins-Verfahrens.
year : 1983
author 0 : Ingrid Cox

title : Vor- und Nachteile beim Indexieren mit Informationsrecherchesprachen vom Klassifikationstyp im Hinblick auf ihre Anwendung in der Information und Dokumentation in der DDR.
year : 1988
author 0 : Inge Lindtner

title : Metacomputing f&uuml;r Simulationsanwendungen.
year : 2001
author 0 : Michael M. Resch

title : Ein Beitrag zur Verifikation von Kommunikationsprotokollen mit Petri-Netzen.
year : 1989
author 0 : Lutz Augustin

title : Rechnergest&uuml;tztes System zur automatisierten 3D-Layoutoptimierung.
year : 1994
author 0 : Christoph Woenckhaus

title : Modellierung von B&uuml;ro-Informationssystemen: ein organisationsorientierter Ansatz.
year : 1992
author 0 : Stephanie Schmidt

title : Automatische morphologische und syntaktische Analyse im Chinesischen und Deutschen: eine vergleichende Untersuchung der linguistischen Grundlagen.
year : 1994
author 0 : Shuo Wang 0007

title : Warteraum M/G/1: die SRPT-Optimalstrategie im Vergleich mit der Zeitscheibenstrategie unter Ber&uuml;cksichtigung von Verwaltungszeiten.
year : 1983
author 0 : Carmelita G&ouml;rg

title : Instanzennetze mit ver&auml;nderlicher Systemstruktur.
year : 1983
author 0 : Michael M&uuml;ller 0007

title : Wissensbasierte Erkennung und Lokalisierung von Objekten.
year : 1997
author 0 : Richard Salzbrunn

title : Structure-aware content creation: detection, retargeting and deformation.
year : 2017
author 0 : Xiaokun Wu 0001

title : Prototypengest&uuml;tzte Objekterkennung auf der Basis ortstoleranter Konturrepr&auml;sentationen.
year : 1998
author 0 : J&uuml;rgen Dunker

title : Die Methode der Zelte in der Vektoroptimierung.
year : 1986
author 0 : G&uuml;nter Thoms

title : A Functional, Comprehensive and Extensible Multi-Platform Querying and Transformation Approach.
year : 2016
author 0 : Tassilo Horn

title : What Search Engines Can't Do. Holistic Entity Search on Web Data.
year : 2015
author 0 : Silviu Homoceanu

title : Anti-Aliasing and Visibility Preprocessing Algorithms for Mobile Graphics Devices.
year : 2017
author 0 : Christoph Weber

title : Shared Grasping: a Combination of Telepresence and Grasp Planning.
year : 2016
author 0 : Katharina Hertkorn

title : Ein offenes Rahmensystem zur Wissenskristallisierung &ouml;konomischer Daten.
year : 2000
author 0 : Miriam Lux

title : VLSI-Plazierung mit neuronalen Lernalgorithmen.
year : 1992
author 0 : Chen-Xiong Zhang

title : Graphischer Einsatz zyklusorientierter Tests im digitalen VLSI-Entwurf.
year : 1993
author 0 : Rainer H. Werthebach

title : Verifikation von Schaltungsbeschreibungen auf h&ouml;heren Ebenen durch R&uuml;ck&uuml;bersetzung.
year : 1993
author 0 : Fridtjof Feldbusch

title : Rechnergest&uuml;tztes Layout von Leiterplatten und integrierten Schaltungen.
year : 1981
author 0 : Manfred Wiesel

title : Ein Verfahren zur rechnergest&uuml;tzten Erstellung von Testfolgen f&uuml;r digitale Schaltungen.
year : 1976
author 0 : Werner Goltz

title : Generierung effizienter Compilerteile durch attributierten Grammatiken verwandte Konzepte.
year : 1983
author 0 : Michael Sonnenschein

title : Datenschutz und Smartphone-Nutzung im Konflikt?: mobile Anwendungen nicht&ouml;ffentlicher App-Anbieter auf dem Pr&uuml;fstand.
year : 2020
author 0 : Anke Dieckhoff

title : Virtual Manipulations with Force Feedback in Complex Interaction Scenarios.
year : 2019
author 0 : Mikel Sagardia Erasun

title : Bidirektionale Sprachverarbeitung mit Unifikationsgrammatiken.
year : 1994
author 0 : Ulrich Schatz

title : Implementation of an AMIDAR-based Java Processor.
year : 2019
author 0 : Changgong Li

title : Die me&szlig;technische Ermittlung von Assoziationen zwischen Worten in koh&auml;rentem Text und ihre Nutzung bei Pr&auml;diktionen verschiedener Reichweite.
year : 1999
author 0 : Horst-Dieter Burschel

title : Interactive latency-sensitive applications in mobile ad-hoc networks.
year : 2012
author 0 : Oliver Wellnitz

title : Mobile Roboter in Elektroh&auml;ngebahnsystemen: technische Gestaltung und Auslegung.
year : 1990
author 0 : J&uuml;rgen Schieleit

title : Funktionspl&auml;ne, ein Hilfsmittel zur Modellbildung von Materialflusssystemen.
year : 1983
author 0 : Roland Thumm

title : Extending Dynamic-Programming-Based Plan Generators: Beyond Pure Enumeration.
year : 2017
author 0 : Marius Eich

title : Prozess-Management - Versuch eines integrierten Konzeptes situationsad&auml;quater Gestaltung von Verwaltungsprozessen, dargestellt am Beispiel in einem multinationalen Unternehmen - IBM Deutschland GmbH.
year : 1988
author 0 : Hans-Dieter Striening

title : A Virtual Core Facility for Mulit-Center Applications in Medical Engineering.
year : 2014
author 0 : Stefan Pfeifer

title : Aufgabenorientierte Offline-Programmierung von Industrierobotern.
year : 1999
author 0 : Doris Kugelmann

title : Unterst&uuml;tzung des Managements von Software-Projekten durch eine Erfahrungsdatenbank.
year : 1987
author 0 : Thomas Noth

title : Schnelle Identifizierung von Peptiden durch sensitive Bestimmung ihrer Aminos&auml;urezusammensetzung und Zugriff auf Sequenzdatenbanken.
year : 1989
author 0 : Hans-Werner Mewes

title : Zeitdiskrete, parametrische Steuerprobleme bei Fuzzy-Information &uuml;ber die Parameter.
year : 1988
author 0 : Bernd Salzer

title : Meander: ein graph-basierter Ansatz zur Unterst&uuml;tzung der Konstruktion explizit paralleler Programme f&uuml;r Parallelrechner mit verteiltem Speicher.
year : 1998
author 0 : Guido Wirtz

title : EDV-m&auml;&szlig;ige Erfassung von Mi&szlig;bildungen im Kiefer-Gesichtsbereich.
year : 1997
author 0 : Alfons Andreas Striebich

title : Deletion of content in large cloud storage systems.
year : 2017
author 0 : Tim Waizenegger

title : Modularity and determinism in compositional Markov models.
year : 2015
author 0 : Pepijn Crouzen

title : Kopplung von Bit-Slice Mikroprozessoren.
year : 1981
author 0 : Dusan Baciak

title : Strukturierung eines st&ouml;rgr&ouml;ssenkompensierenden Mehrgr&ouml;ssenreglers.
year : 1983
author 0 : Detlef Biedermann

title : "Office Automation", B&uuml;roautomation in der Bundesrepublik Deutschland.
year : 1987
author 0 : Holger H. Stutzke

title : Lernf&auml;higes wissensbasiertes Bilderkennungssystem auf der Grundlage des hierarchischen Strukturcodes.
year : 1991
author 0 : B&auml;rbel Mertsching

title : Online Scheduling-Spiele.
year : 2014
author 0 : Matthias Kretschmer

title : Effiziente Algorithmen f&uuml;r Probleme der Kollisionserkennung und der geometrischen Optimierung.
year : 1996
author 0 : Christian Thiel 0003

title : Business process model abstraction.
year : 2012
author 0 : Sergey Smirnov 0002

title : Aufbau eines mikrocomputergest&uuml;tzten Ger&auml;te- und Programmsystems zur Erfassung und Verarbeitung von vibroakustischen Signalen.
year : 1987
author 0 : Thoralf Schober

title : Information Complexity and Data Stream Algorithms for Basic Problems.
year : 2010
author 0 : Andr&eacute; Gronemeier

title : Hyperfl&auml;chen-Annealing: ein paralleles Optimierungsverfahren basierend auf selbstorganisierter Musterbildung durch Relaxation auf gekr&uuml;mmten Hyperfl&auml;chen.
year : 1992
author 0 : Thomas Lau&szlig;ermair

title : Beitrag zur rechnergest&uuml;tzten Bestimmung des Fertigungsaufwandes f&uuml;r elektronische Funktionseinheiten auf Grundlage der Pflichtenheftwerte und weiterer Gebrauchswerteigenschaften f&uuml;r die Verbesserung der Leitungs- und Entscheidungsprozesse zur Entwicklungsaufnahme von Ger&auml;ten.
year : 1988
author 0 : Karl-Heinz Lohwasser

title : Adaptive and reactive rich internet applications.
year : 2010
author 0 : Kay-Uwe Schmidt

title : An Intelligent and Robust System for Underwater Vision.
year : 2018
author 0 : Tomasz Luczynski

title : Qualitative spatial configuration queries: towards next generation access methods for GIS.
year : 2012
author 0 : Paolo Fogliaroni

title : Workflow-Management in verteilten Systemen.
year : 1993
author 0 : Berthold Reinwald

title : Modellierung und parallele Simulation von Verbindungsnetzen.
year : 1996
author 0 : Michael Jurczyk

title : Feature model-based software product line testing.
year : 2011
author 0 : Sebastian Oster

title : Eine systematische Analyse der Grundlagen und Ans&auml;tze f&uuml;r eine Konstruktionsmethodik zu verteilten Betriebssystemen.
year : 1989
author 0 : Nguyen Anh Tuan 0001

title : &Uuml;ber station&auml;re Verteilungen Nicht-Markovscher Ketten mit linearem &Uuml;bergangsgesetz.
year : 1981
author 0 : Michael Junge

title : Beitr&auml;ge zum Computer-gest&uuml;tzten Wissenstesten.
year : 1987
author 0 : Ruslan Mitkov

title : Approximation and online algorithms for selected network optimization problems.
year : 2013
author 0 : Marcel Ochel

title : Synthese assoziativer Steuerwerke.
year : 1996
author 0 : J&ouml;rg Kottsieper

title : Specifying and validating consistent and dynamically evolving concurrent information systems: an object Petri net based approach.
year : 2002
author 0 : Nasreddine Aoumeur

title : Applied Mobile Visualization and Interaction.
year : 2021
author 0 : Alexander Schiewe

title : Wortwahl in Fachsprachen: Analysen und automatische Erstellung einer individuellen Wortempfehlung am Beispiel der Informationstechnik.
year : 1999
author 0 : Janine Magnussen

title : Optimierung der Kosten und Verf&uuml;gbarkeit von IT-Dienstleistungen durch L&ouml;sung eines Redundanz-Allokation-Problems.
year : 2016
author 0 : Sascha Bosse

title : Die Integration von Expertensystemen in den betrieblichen Problembearbeitungsprozess.
year : 1990
author 0 : Wolfgang Pfau

title : Videobasierte Rauchdetektion durch mehrfache Bewegungssch&auml;tzung und Anpassungen f&uuml;r geringe Rauchdichten.
year : 2017
author 0 : Anton Stadler

title : Automated in silico protein modeling strategies : applications and limits in G-protein coupled receptor modeling.
year : 2012
author 0 : Benny Kneissl

title : Informations- und Kommunikationssysteme in der Kreislaufwirtschaft.
year : 1999
author 0 : Michael Sommer

title : Sequentielles Entscheiden bei der Bew&auml;ltigung komplexer unternehmerischer Probleme: Deskription u. Analyse e. Verhaltensstrategie unter bes. Ber&uuml;cks. entscheidungslog. Implikationen.
year : 1981
author 0 : Rainer Konietzka

title : Learning Context For Semantic Segmentation and Applications.
year : 2018
author 0 : Vladimir Haltakov

title : Mining the evolution of software component usage.
year : 2012
author 0 : Yana Momchilova Mileva

title : Netzgest&uuml;tztes Musizieren: Network-centic Music Performance (NMP).
year : 2013
author 0 : Zefir Kurtisi

title : Maritime Augmented Reality mit a priori Wissen aus Seekarten (Maritime Augmented Reality with a priori knowledge of sea charts).
year : 2012
author 0 : Kristine Haase

title : Planung von aufmerksamkeitssteuernden Diskursen: Erwartungsverletzung als Strategie f&uuml;r die Inhaltsplanung.
year : 1994
author 0 : Jutta Krey&szlig;

title : Visualisierung f&ouml;rdertechnischer Prozesse mittels Kleinstrechnern.
year : 1989
author 0 : Sharif Sharaf

title : Color, Metaphor and Culture - Empirical Foundations for User Interface Design.
year : 2017
author 0 : Diana L&ouml;ffler

title : Entwicklung einer modularen Methode zur Bewertung der Mensch-Maschine-Interaktion mit Applikation bei Medizinprodukten.
year : 2017
author 0 : Stefan Pfeffer

title : Morphometric characterization of biological structures.
year : 2002
author 0 : Christian St&ouml;cklin

title : Entwicklung eines Patternkatalogs f&uuml;r Augmented Reality Interfaces in der Industrie.
year : 2021
author 0 : Regina Koreng

title : Ganzheitliche B&uuml;roraumgestaltung: Arbeitsplatz und B&uuml;roraum als wesentliche Gestaltungskomponenten des B&uuml;rokommunikationssystems.
year : 1995
author 0 : Roland Schweighofer

title : A polymorphic sort system for axiomatic specification languages.
year : 1995
author 0 : Dieter Nazareth

title : Ressourcenadaptive Anwendungen f&uuml;r die operative Prozessleittechnik.
year : 2017
author 0 : Sten Gr&uuml;ner

title : Ein wissensbasiertes Autorenwerkzeug im Rahmen von Nutzerinterface-Verwaltungssystemen.
year : 1991
author 0 : Egbert Schlungbaum

title : Cellular neural networks: stability, dynamics and design methods.
year : 1993
author 0 : Fan Zou

title : On positive connections between cryptography and differential privacy in the distributed model.
year : 2018
author 0 : Filipp Valovich

title : PaRArch: an alternative routing architecture for the internet.
year : 2013
author 0 : Pedro Andr&eacute;s Aranda-Guti&eacute;rrez

title : Interaktives Planungssystem f&uuml;r den &ouml;ffentlichen Personennahverkehr, ein Beitrag zur Optimierung von Wagenumlaufpl&auml;nen.
year : 1984
author 0 : Hans-Henning Bertram

title : Informatisierung in verschiedenen Funktionsbereichen der Frauenklinik der Universit&auml;t Erlangen-N&uuml;rnberg.
year : 1997
author 0 : Gabriele Katalinic

title : Verkehrslenkung und Kapazit&auml;tsanpassung in ATM-Netzen mit virtuellen Pfaden.
year : 1996
author 0 : Rainer Siebenhaar

title : Preliminaries for distributed natural computing inspired by the slime mold Physarum Polycephalum.
year : 2017
author 0 : Michael Dirnberger

title : Probabilistic incremental program evolution.
year : 2003
author 0 : Rafal Salustowicz

title : Fachsprach- und Betriebssystementwurf f&uuml;r die Mikroprozessor-Ger&auml;tetechnik.
year : 1989
author 0 : Ilka Philippow

title : Ergonomische Grundlagen f&uuml;r das Raumsehen mit 3D-Anzeigen.
year : 1994
author 0 : Andr&eacute; Geiser

title : Backtrack-Algorithmen f&uuml;r ausgew&auml;hlte Probleme beim Entwurf von Schaltsystemen mit programmierbaren logischen Feldern (PLA's).
year : 1984
author 0 : Andreas Roth 0003

title : Data-efficient and safe learning with Gaussian processes.
year : 2020
author 0 : Jens Schreiter

title : &Uuml;ber approximative Methoden der dynamischen Programmierung in der optimalen Steuerung.
year : 1999
author 0 : Birgit Naumer

title : Strukturierung und Datenanalyse mit Hilfe von GIS-Methoden am Beispiel der Zentralanden.
year : 1999
author 0 : Sabine Mohr

title : Trusted and privacy-preserving embedded systems advances in design, analysis and application of lightweight privacy-preserving authentication and physical security primitives.
year : 2013
author 0 : Christian Wachsmann

title : The integrative use of qualitative and quantitative knowledge in physics problem solving.
year : 1994
author 0 : Rolf Pl&ouml;tzner

title : Erschliessung unbestimmter Rechtsbegriffe mit Hilfe des Computers - ein Versuch am Beispiel der "angemessenen Wartezeit" bei &#167;142 StGB.
year : 1987
author 0 : Peter Gerathewohl

title : Chancen sozialorienterter Technikgestaltung: politische Ans&auml;tze und Gestaltbarkeit der Informationstechnik in der sozialen Sicherung.
year : 1992
author 0 : Annegret Witt-Barthel

title : Image Encryption by Using ACGLML.
year : 2021
author 0 : Pradheep Manisekaran 0002

title : Informations- und kommunikationstechnische Integration von Menschen in der Produktion.
year : 1997
author 0 : Robert Kuba

title : Spezifikation eines dezentralen Telematiksystems zur &ouml;konomisch wirksamen Erhebung von Strassenbenutzungsabgaben.
year : 1997
author 0 : Georg Hohlweg

title : Parallel algorithms for optimization of dynamic systems in real-time.
year : 2014
author 0 : Janick V. Frasch

title : Parallel und seriell verkettete Codes f&uuml;r iterative Decodierung und Entzerrung.
year : 1998
author 0 : Jozef H&aacute;morsk&yacute;

title : Service level agreements for job submission and scheduling in high performance computing.
year : 2014
author 0 : Roland K&uuml;bert

title : Optimierungsans&auml;tze bei der Interpolation verteilter Daten.
year : 1995
author 0 : Andreas Kolb 0001

title : Blind Image and Video Quality Assessment.
year : 2018
author 0 : Mohsen Jenadeleh

title : Der Einsatz von Augmented Reality in der Fu&szlig;g&auml;ngernavigation: Konzeption und prototypische Implementierung eines smartphonebasierten Fu&szlig;g&auml;ngernavigationssystems.
year : 2012
author 0 : Mario Kluge

title : Anwendung der Fouriertransformationstechnik auf chromatographische Analysenprobleme.
year : 1986
author 0 : Gerta Weber

title : Toolboxen: ein Konzept f&uuml;r das Design von CSCW-Systemen zur Unterst&uuml;tzung von Kommunikation und Zusammenarbeit in Innovationsprojekten.
year : 2000
author 0 : Giorgio Buzzi di Marco

title : Anti-War and the Cyber Triangle: Strategic Implications of Cyber Operations and Cyber Security for the State.
year : 2016
author 0 : Sven Herpig

title : Wissensbasierte Verwaltung und Auswahl von L&ouml;sungsverfahren in einem entscheidungsunterst&uuml;tzenden System f&uuml;r die Projektplanung.
year : 1993
author 0 : Rainer Pr&auml;ger

title : Elastic Image Registration with Strong Mass Preserving Constraints.
year : 2018
author 0 : Jaroslaw Wlazlo

title : Studie zu Problemen der Kapazit&auml;tsprofilierung in einem Bau- und Montagekombinat des Industriebaues: (Beitrag zur Entwicklung des kybernetischen Systems der Planung und Leitung der Bauproduktion bei Anwendung der EDV).
year : 1971
author 0 : Klaus R&ouml;del
author 1 : Manfred Weiss

title : Graph algorithms for approximate and dynamic settings in the external-memory model.
year : 2020
author 0 : David Veith

title : Predictive analytics of readmission risk in hospitals for an intelligent decision support system.
year : 2021
author 0 : Isabella Eigner

title : Concept and model of a multiprocessor system for high resolution image correlation.
year : 1999
author 0 : Marco Cavadini

title : Geb&auml;udeerfassung aus digitalen Oberfl&auml;chenmodellen.
year : 1997
author 0 : Uwe Weidner

title : On the Pragmatics of Graphical Modeling.
year : 2011
author 0 : Hauke Fuhrmann

title : Optimierung von Algorithmen zur Videoanalyse: ein Analyseframework f&uuml;r die Anforderungen lokaler Fernsehsender.
year : 2014
author 0 : Marc Ritter

title : Metric Gaussian variational inference.
year : 2020
author 0 : Jakob Knollm&uuml;ller

title : K&uuml;nstliche Intelligenz und sprachanalytische Philosophie: ein praktischer Versuch zur computerunterst&uuml;tzten Begriffsanalyse, durchgef&uuml;hrt am Beispiel der metaethischen Verpflichtungstheorie Hans-Ulrich Hoches.
year : 1990
author 0 : Ludger Pfeil

title : Effektivit&auml;t und Qualit&auml;tssicherung bei der Herstellung von Multimediaapplikationen.
year : 1998
author 0 : Volker Gries

title : Ein Beitrag zur realit&auml;tsnahen Bildgenerierung mittels Verfahren der Computer Graphics.
year : 1988
author 0 : Bernd Josef Knobloch

title : Data-Warehouse-basierte Konzeption eines strategischen &Ouml;ko-Controlling-Systems.
year : 2014
author 0 : Miada Naana

title : Eine Methodologie f&uuml;r agiles und kollaboratives Requirements-Engineering.
year : 2012
author 0 : Thomas Riechert

title : Einfluss von Gating-Algorithmen in der Objektverfolgung am Beispiel des Multi-Hypothesentracking.
year : 2015
author 0 : Viet Duc Nguyen

title : Ein Replikationsmodell f&uuml;r objektbasierte verteilte Systeme.
year : 1997
author 0 : Renato Vinga-Martins

title : Novel machine learning methods for computational chemistry.
year : 2012
author 0 : Katja Hansen

title : Algorithmen zur Mehrlagenverdrahtung.
year : 1990
author 0 : Hartmut M&uuml;ller

title : Security Analysis of Femtocell-Enabled Cellular Network Architecture.
year : 2013
author 0 : Ravishankar Bhaskarrao Borgaonkar

title : Expertensysteme in Kreditinstituten: Realisation eines Systems zur Analyse von Produktabsatzzahlen in einer Sparkasse auf Basis einer Voruntersuchung.
year : 1991
author 0 : Manfred Br&uuml;na

title : CAD f&uuml;r integriert-optische Schaltungen.
year : 1991
author 0 : Horst Wulf

title : Fehlertolerantes Kommunikationssystem f&uuml;r hochdynamische Antriebsregelungen.
year : 1995
author 0 : Stephan Schultze

title : Applikationsspezifische Analyse und Optimierung der Energieeffizienz eingebetteter Hardware/Software-Systeme.
year : 2014
author 0 : Jochen Zimmermann

title : Rechnergest&uuml;tzte Auslegung von Spritzgiesswerkzeugen f&uuml;r Elastomere = Computer aided design of injection moulds for elastomers.
year : 1985
author 0 : Wilhelm Benfer

title : Die formale Orientierung der Informatik: zur mathematischen Tradition der Disziplin in der Bundesrepublik Deutschland.
year : 1999
author 0 : Peter Eulenh&ouml;fer

title : Business networking Architekturen: Beispiele und Methoden f&uuml;r die Gestaltung von Prozess- und Applikationsarchitekturen in vernetzten Unternehmen.
year : 2000
author 0 : Thomas Huber

title : Rationalisierung des Informationsfondsbetriebes im Institut f&uuml;r Obstforschung Dresden-Pillnitz bei Nutzung automatisierter Rechnerroutinen.
year : 1988
author 0 : Uwe Heine

title : Verwendung objektorientierter Datenbanktechnologie zur Verwaltung strukturierter Dokumente.
year : 1997
author 0 : Klemens B&ouml;hm

title : Physical attacks on pairing-based cryptography.
year : 2016
author 0 : Peter G&uuml;nther 0001

title : Visual tracking of three-dimensional solid objects.
year : 1998
author 0 : Katrin Stark

title : Vorgehenssystematik zum Prototyping graphisch-interaktiver Audio-Video-Schnittstellen.
year : 1994
author 0 : Claus G&ouml;rner

title : Indikatorenkombination zur Inhaltsanalyse digitaler Filme.
year : 1997
author 0 : Stephan Fischer 0001

title : F&uuml;nfachsiges NC-Umfangsfr&auml;sen verwundener Regelfl&auml;chen: Beitr. zur Technologie u. Teileprogrammierung.
year : 1981
author 0 : Wolfgang Sielaff

title : Timing model derivation: static analysis of hardware description languages.
year : 2013
author 0 : Marc Schlickling

title : Ein Beitrag zur Anwendung der Walsh-Transformation bei der Spektralanalyse stochastischer Signale.
year : 1982
author 0 : Linus M. Bl&auml;sser

title : Eine geometrieunabh&auml;ngige Strategie zur Filterentwicklung in der 3D-Tomographie und ihre Implementierung mittels objektorientierter Methoden.
year : 2002
author 0 : Roman M&uuml;ller

title : Implementierung von LAN-Funktionen &uuml;ber eine digitale Nebenstellenanlage.
year : 1987
author 0 : Konrad Froitzheim

title : Improving I/O performance in HPC through guided prefetching and non-volatile memory devices.
year : 2018
author 0 : Giuseppe Congiu

title : Beitrag zur funktionsorientierten Behandlung komplexer digitaler Systeme.
year : 1978
author 0 : Karl Hess

title : Selbstdatenschutz durch pr&auml;ventive Verarbeitungskontrolle.
year : 2013
author 0 : Kai Wagner

title : &Uuml;bertragung von Eingangsfehlern bei Modellen, dargestellt am Beispiel eines &ouml;konometrischen Vierteljahresmodells der Bundesrepublik Deutschland.
year : 1985
author 0 : Siegward Schwenkler

title : Ganzheitliche Fehlertoleranz in eingebetteten Softwaresystemen.
year : 2014
author 0 : Peter Ulbrich

title : Variational approaches for motion and structure from monocular video.
year : 2017
author 0 : Andreas Neufeld

title : Robuste kontinuierliche Spracherkennung f&uuml;r mobile Informationssysteme.
year : 2001
author 0 : Martin Westphal

title : Die mathematische Modellierung des Infiltrationsprozesses unter dem Gesichtspunkt ihrer hydrologischen Nutzung.
year : 1982
author 0 : Gerd Peschke

title : Pr&auml;diktion und Bewertung von Protein-Protein-Dockingpositionen.
year : 1997
author 0 : Friedrich Ackermann

title : Berechnung von Neigungsanomalien im Erdgezeitenbereich an zwei Beispielen nach der Methode der finiten Elemente.
year : 1982
author 0 : Bernd-Michael Schulze

title : Untersuchungen &uuml;ber Lebensmittelverbrauch und mathematische Lebensmittelverbrauchsmodelle als Grundlagen von Ern&auml;hrungsplanung und Lebensmittelverbrauchsempfehlungen.
year : 1981
author 0 : Gottfried Ulbricht

title : Entwicklung eines interaktiven Grafiksystems zur Aufbereitung von maschinenlesbaren Daten aus Prozess-Steuerung und Simulation f&uuml;r den Einsatz an Ingenieur- und Laborarbeitspl&auml;tzen.
year : 1987
author 0 : G&uuml;nter Schorr
author 1 : Ralf B&ouml;se

title : Eine Architektur zur Unterst&uuml;tzung von Awareness f&uuml;r die Kooperation in web-basierten Lernumgebungen.
year : 2002
author 0 : Yue Chen 0001

title : Die Entwicklung von Datenbanken f&uuml;r das Produktmodell der ISO-Norm STEP.
year : 1996
author 0 : Horst L&uuml;hrsen

title : Die strategische Bedeutung Interaktiver Elektronischer Systeme, IES, in der Absatzkommunikation des Investitionsg&uuml;ter-Anbieters.
year : 1992
author 0 : Beat Wyser

title : Weak and strong epsilon-nets for geometric range spaces.
year : 2009
author 0 : Saurabh Ray

title : Ein Beitrag zur Prozessanalyse von Prozessstufen mit chargenweiser Bearbeitung elektronischer Bauelemente in Vorbereitung einer rechnergest&uuml;tzten prozessbegleitenden Qualit&auml;ts&uuml;berwachung.
year : 1986
author 0 : Frank Kaulfersch

title : Wissenschaftliches Rechnen auf Multicomputern: BLAS-Routinen und die L&ouml;sungen linearer Gleichungssysteme mit Fehlerkontrolle.
year : 1993
author 0 : Roman Reith

title : Algebraische Methoden f&uuml;r nichtlineare Codes.
year : 1985
author 0 : Ferdinand Hergert

title : Self-organization of control circuits for invariant fiber projections.
year : 2014
author 0 : Tomas Fernandes

title : Verteilte Datenbasen f&uuml;r ein wissensbasiertes System: am Beispiel der Liquidit&auml;tsbewirtschaftung in Grossbanken.
year : 1994
author 0 : J&ouml;rg Schnyder

title : Verification of system properties of polynomial systems using discrete-time approximations and set-based analysis.
year : 2015
author 0 : Philipp Rumschinski

title : Security in Embedded Avionic Systems using the Concept of Multiple Independent Levels of Security.
year : 2017
author 0 : Kevin M&uuml;ller

title : Complete formal hardware verification of interfaces for a FlexRay-like bus.
year : 2011
author 0 : Christian M&uuml;ller 0009

title : Nutzfahrzeug-Echtzeitsimulation auf Parallelrechnern mit Hardware in the loop.
year : 1997
author 0 : Ulrich Sailer

title : CAD: Sparen durch Wiederhol-Konstruktionen.
year : 1990
author 0 : Klaus-Dieter Thoben

title : Multiagentensimulation: Konzepte, Werkzeuge, Anwendungen.
year : 2001
author 0 : Franziska Kl&uuml;gl

title : Information extraction for the geospatial domain.
year : 2014
author 0 : Andr&eacute; Blessing

title : Deep learning methods for automotive radar signal processing.
year : 2021
author 0 : Rodrigo P&eacute;rez Gonz&aacute;lez

title : Zur Mustererkennung auf der Grundlage vektorieller Dimensionen.
year : 1998
author 0 : Gunter Emrich

title : REX, automatic extraction of RT-level descriptions from integrated circuit layout data.
year : 1986
author 0 : Wolfgang Nebel

title : Beitrag zum systematischen Entwurf von modularen Echtzeitsteuerprogrammsystemen unter Ber&uuml;cksichtigung einer Mikrorechnerkopplung.
year : 1985
author 0 : Ralf Becker

title : Hierarchical self-organizing systems for task-allocation in large scaled distributed architectures.
year : 2019
author 0 : Andreas Lund

title : Erweiterung des Anforderungsmanagement-Fokus: von Produkten zu Prozessen.
year : 2014
author 0 : Tim G&uuml;lke

title : Entwurf von byzantinischen &Uuml;bereinstimmungsprotokollen mit minimaler Nachrichtenzahl im fehlerfreien Fall.
year : 1992
author 0 : Birgit Baum-Waidner

title : Modellierung von Prozessrechentechnik im Laborpraktikum "Automatisierungstechnik" innerhalb der Ausbildung von Lehrern f&uuml;r Technik.
year : 1990
author 0 : Meik Hilse

title : Entwicklung der Endform einer Methodik zur objektiven Analyse, Bewertung und Gestaltung von Arbeitst&auml;tigkeiten mit &uuml;berwiegend geistigen Anforderungen.
year : 1986
author 0 : Evelin Rudolph

title : Echtzeitf&auml;hige 3D Posenbestimmung des Menschen in der Robotik: Methoden und Anwendungen.
year : 2019
author 0 : Kristian Ehlers

title : Multimodal interaction: developing an interaction concept for a touchscreen incorporating tactile feedback.
year : 2012
author 0 : Yuanting Liu

title : Anwendungsorientierte Beitr&auml;ge zu Expertensystemen.
year : 1989
author 0 : Olaf Beyer 0002

title : &Uuml;ber lineare und nichtlineare Funktionale des weissen Rauschens in kontinuierlicher Zeit und deren Anwendungen.
year : 1988
author 0 : Georg Budke

title : Quelltextkompatible PASCAL-Systeme f&uuml;r SKR- und ESER-Anlagen.
year : 1982
author 0 : Hans Schiemangk

title : Distributed Anomaly Detection and Prevention for Virtual Platforms.
year : 2015
author 0 : Ali Imran Jehangiri

title : Dienstorientierte Plattform zur Gew&auml;hrleistung von Arbeitssicherheit mit intelligenten Textilien.
year : 2012
author 0 : Holger Flick

title : Integration von Bildern in bestehende Daten am Beispiel einer medizinischen Datenbank.
year : 1997
author 0 : Armin Will

title : Aufbau einer Mikrocomputersteuerung f&uuml;r frequenzvariable Laser.
year : 1984
author 0 : Peter Kalkert

title : Existenz und Konstruktion von adaptiven Sch&auml;tzfolgen in ARMA(p,q)-Modellen.
year : 1984
author 0 : Jens-Peter Kreiss

title : Automatischer Entwurf von Analogschaltungen mit Hilfe von Makromodellen.
year : 1994
author 0 : Michael Alger-Meunier

title : Modellierung und Entwurf strukturierter wissensbasierter Softwaresysteme f&uuml;r die Automatisierung von Elektroenergiesystemen.
year : 1990
author 0 : Rainer Spr&ouml;witz

title : Effiziente Algorithmen der Positionsbestimmung und positionsbasierte Kontextgewinnung zur Selbstorganisation in drahtlosen Sensornetzwerken.
year : 2013
author 0 : Ralf Behnke 0001

title : A framework for optical inspection applications in life-science automation.
year : 2012
author 0 : Kai Ritterbusch

title : Kostenoptimale Auslegung von thermischen Eigenschaften in Elektrofahrzeugen.
year : 2018
author 0 : Michael Dobmann

title : Psorias palmoplantaris: dreidimensionale computergest&uuml;tzte Rekonstruktion der Pusteln und Bl&auml;schen.
year : 1993
author 0 : Peter Krieg

title : Systemsimulation des G&uuml;terschwerverkehrs auf Strassen.
year : 1981
author 0 : Udo-Michael Adolph

title : Optimierung einer Chloralkalielektrolyse-Membranzellen-Kaskade unter Ber&uuml;cksichtigung ihres Energieverbrauchs.
year : 1984
author 0 : Mahmud Reha Akin

title : Eine Wissenserwerbskomponente zum Erlernen von Konzepten durch konstruktive Induktion.
year : 1990
author 0 : Markus Kappenberger

title : Die Qualifizierung des Informationssystems zur wirkungsvollen Unterst&uuml;tzung der strategischen Entscheidungsfindung: unters. am Beispiel strateg. Entscheidungen in d. Schwarzmetallurgie der DDR.
year : 1985
author 0 : J&uuml;rgen Menge

title : Die Erringung strategischer Wettbewerbsvorteile durch informations- und kommunikationstechnisch gest&uuml;tzte virtuelle Unternehmensstrukturen.
year : 1997
author 0 : Dietmar Fink

title : Zu Form- und Funktionsvariation der Gespr&auml;chspartikeln Hm, Ja, Okay und Nein und ihren schwedischen Entsprechungen in der Chat-Kommunikation.
year : 2013
author 0 : Helena Nilsson

title : Towards faster numerical solution of Continuous Time Markov Chains stored by symbolic data structures.
year : 2012
author 0 : Johann Schuster

title : Analyses on tech-enhanced and anonymous Peer Discussion as well as anonymous Control Facilities for tech-enhanced Learning.
year : 2016
author 0 : Tenshi Hara

title : E-Learning in der universit&auml;ren Fremdsprachenausbildung: Linear C - ein virtuelles Programmierprojekt.
year : 2011
author 0 : Marcus Ullrich

title : Methods for detecting and mitigating linguistic bias in text corpora.
year : 2020
author 0 : Christoph Hube

title : Vergleich von Verfahren zur L&ouml;sung von Entscheidungsproblemen mit mehrfacher Zielsetzung.
year : 1983
author 0 : Adalbert Kirchg&auml;&szlig;ner

title : Der Transfer in der maschinellen Sprach&uuml;bersetzung.
year : 1987
author 0 : Heinz-Dirk Luckhardt

title : Adaptive Lightweight Compression Acceleration on Hybrid CPU-FPGA System.
year : 2020
author 0 : Nusrat Jahan Lisa

title : Visuelle Basisliniendetektion.
year : 1995
author 0 : B&auml;rbel Herrnberger

title : Memory-aware Multi-Objective Optimization of Deployment Topologies for Distributed Applications.
year : 2018
author 0 : Felix Willnecker

title : Faktoren des Markterfolges im Online-Handel.
year : 2003
author 0 : Torsten Olderog

title : Optimal quality of service under dynamic resource constraints in distributed multimedia database systems.
year : 1998
author 0 : Heiko Thimm

title : Vertragsschluss mittels BTX.
year : 1992
author 0 : Michael Kreis

title : A modal logic for handling behavioural constraints in formal hardware verification.
year : 1993
author 0 : Michael V. Mendler

title : Beitr&auml;ge zur methodischen Aufbereitung der Problemanalyse zur Einf&uuml;hrung der rechnergest&uuml;tzten Projektierung von Automatisierungsanlagen.
year : 1986
author 0 : Joachim Seiferth

title : Qualit&auml;tsmanagement bei der Software-Entwicklung in medizinischer Physik und Technik.
year : 1999
author 0 : Gero Schn&uuml;tgen

title : Experiments on the automatic induction of German semantic verb classes.
year : 2003
author 0 : Sabine Schulte im Walde

title : Organisatorische Ma&szlig;nahmen zur effizienten Unterst&uuml;tzung h&ouml;herer Sprachkonstrukte in einem interaktiven Reduktionssystem.
year : 1992
author 0 : Harald Bl&ouml;dorn

title : Ein neues Verfahren zur robusten L&ouml;sung station&auml;rer Arbeitspunktprobleme im elektrischen Energienetz.
year : 1984
author 0 : Edwin Lerch

title : Entwurfskriterien, Realisierung und Einsatz eines assoziativen Subprozessors f&uuml;r Mikrorechner.
year : 1982
author 0 : Alfred Schraufstetter

title : Zusammenhang zwischen den sich wandelnden Bedingungen der B&uuml;roarbeit und dem B&uuml;roarbeitsplatz.
year : 1988
author 0 : Burkhard Schrammen

title : Das S-Netzwerk und seine potenzielle wirtschaftliche Bedeutung.
year : 2019
author 0 : Johannes Viehmann

title : Concept and workflow for 3D visualization of multifaceted meteorological data.
year : 2015
author 0 : Carolin Helbig

title : Entwicklung eines SIRT-Algorithmus der longitudinalen Emissions-Computertomographie zur iterativen Berechnung der Absorberkontur und zur Voxelhomogenisierung.
year : 1988
author 0 : Ulrich Leimbrock

title : Entwicklung eines Entscheidungsunterst&uuml;tzungssystems zur Zeitparametereinstellung.
year : 1997
author 0 : Christian Paegert

title : Die Anwendung moderner Informationsverarbeitungstechnik f&uuml;r die Prozessgestaltung im Beherbergungsbereich von Hotels.
year : 1985
author 0 : Monika Karl

title : Tomographische Bildrekonstruktion mit direkten algebraischen Verfahren.
year : 1991
author 0 : Willehad Klaverkamp

title : Petrinetz-basierte Beobachtung von Systemzust&auml;nden: Einsatzm&ouml;glichkeiten und Leistungsgrenzen bei der Lenkung von Flughafenverkehr.
year : 1993
author 0 : Volker Huck

title : Structural coverage criteria for testing object-oriented software.
year : 2002
author 0 : Brigid Haworth

title : Anfragesprachen f&uuml;r Internet-Informationssysteme.
year : 2001
author 0 : Josef Willenborg

title : Entwicklung eines Algorithmenbausteinsystems zur optimierenden Steuerung statischer Systeme auf der Grundlage experimenteller Untersuchungen des Steuerungssystems.
year : 1976
author 0 : Peter Kuntsche
author 1 : Bernd Terpe

title : IREEN - eine universelle Datenbankschnittstelle f&uuml;r offene, integrierte Mikroelektronik-Entwurfssysteme.
year : 1988
author 0 : Bernhard Weber

title : Die Entwicklung der Informationsverarbeitung in Griechenland unter besonderer Ber&uuml;cksichtigung der Belange von Software-H&auml;usern.
year : 1988
author 0 : Michael Cortessis

title : Technische Interaktionskontexte: Aspekte einer sozialwissenschaftlichen Theorie der Mensch-Computer-Interaktion.
year : 1992
author 0 : Christian Hartmann 0002

title : Speicherstrukturen von speichergekoppelten Multiprozessoren.
year : 1988
author 0 : Raul Queiroz Feitosa

title : Softwarebasierte Echtzeitverarbeitung von Videosignalen durch skalierbare Priority Processing Algorithmen.
year : 2013
author 0 : Stefan Schiemenz

title : Internetbasierte Dienstleistungsplattform f&uuml;r heterogene Automatisierungsstrukturen.
year : 2003
author 0 : Ingo Heine

title : Architectural Collaboration in Internal Software Ecosystems.
year : 2016
author 0 : Klaus-Benedikt Schultis

title : Cooperative routing in wireless mesh networks.
year : 2014
author 0 : Towfik Jemal Ali

title : Simulationsbasierte Optimierung statischer, paralleler Abl&auml;ufe.
year : 1996
author 0 : Ralf Kattner

title : Animal-Farm: an extensible framework for algorithm visualization.
year : 2002
author 0 : Guido R&ouml;&szlig;ling

title : Erstellung von Testpl&auml;nen f&uuml;r verteilte System durch stochastische Modellierung.
year : 2001
author 0 : Stefan Dalibor

title : Datenbankschemaentwurf f&uuml;r ein logikorientiertes Datenmodell.
year : 1989
author 0 : Bernhard Convent

title : Eine auf Petri-Netzen basierende Konstruktions-, Analyse- und (Teil-)Verifikationsmethode zur Modellierungsunterst&uuml;tzung bei der Entwicklung von Informationssystemen.
year : 1984
author 0 : Gert Scheschonk

title : M&ouml;glichkeit einer strukturellen und mathematisch-funktionellen Beschreibung digitaler und analoger bidirektionaler Interfacebaugruppen f&uuml;r Mikrorechnersysteme zur Gewinnung von Algorithmen f&uuml;r die Fehlersuche und -diagnose.
year : 1983
author 0 : Reiner Sch&uuml;ppler

title : Der Rechtsschutz von Computerprogrammen in Italien: Entwicklungen und Tendenzen des italienischen Softwarerechts unter dem Einflu&szlig; der europ&auml;ischen Harmonisierung des Urheberrechts.
year : 1999
author 0 : Franz Ringel

title : IT Infrastructure Modeling Language: eine dom&auml;nenspezifische Sprache f&uuml;r IT-Infrastrukturen.
year : 2013
author 0 : Andr&eacute; Zwanziger

title : Sprungerkennung f&uuml;r die Systemidentifikation von Schiffen und zur Analyse von Patch-Clamp-Daten.
year : 1993
author 0 : Roland Schultze

title : Systematische Spielbeobachtung im internationalen Leistungsfu&szlig;ball.
year : 2014
author 0 : Tianbiao Liu

title : Decision Evaluation System: Towards Sustainable Decision-Making.
year : 2018
author 0 : Abdelkerim Rezgui

title : Struktur und Algorithmen eines Formelauswertesystems f&uuml;r die Datenverkehrstheorie.
year : 1991
author 0 : Norbert Niebert

title : Computerunterst&uuml;tzte Modelltransformationen: Modellierungstheorie, Konzeption und Visualisierung im Rahmen modellgetriebener Entwicklungsverfahren.
year : 2012
author 0 : Jens von Pilgrim

title : Zur Modellierung von Forschungsprozessen unter Ber&uuml;cksichtigung &ouml;konomischer Restriktionen.
year : 1981
author 0 : Jerzy Wr&oacute;bel

title : Entwicklung eines mehrstufigen Systems der Datenverarbeitung als eine Schl&uuml;sseltechnologie in der Landwirtschaft, dessen &ouml;konomische Wirkungsweise f&uuml;r die Intensivierung der landwirtschaftlichen Produktion und die Leitung und Planung dieses Prozesses durch den Rat des Bezirkes mit seinem Fachorgan f&uuml;r Land-, Forst- und Nahrungsg&uuml;terwirtschaft, dargestellt am Beispiel des Bezirkes Karl-Marx-Stadt.
year : 1988
author 0 : Waldemar Eberle

title : Automated patent classification for German patent documents.
year : 1989
author 0 : Saiedeh Zakaria

title : Predictive Analytics for Energy Efficiency and Energy Retailing.
year : 2019
author 0 : Konstantin Hopf

title : Permutation- and resampling-based inference for semi- and nonparametric effects in dependent data.
year : 2018
author 0 : Sarah Friedrich

title : Multiple People Tracking and Gait Recognition for Video Surveillance.
year : 2021
author 0 : Maryam Babaee

title : Capturing Emergent Semantics from Social Annotation Systems.
year : 2013
author 0 : Dominik Benz

title : Analysis and Development of Quorum Protocols for Real-World Network Topologies.
year : 2021
author 0 : Robert Schadek

title : Wissensbasierte Datenanalyse: eine anwendungsorientierte Untersuchung simulierter Lernprozesse.
year : 1992
author 0 : Achim Preuss

title : Transition to turbulence in physiological flows: direct numerical simulation of hemodynamics in intracranial aneurysms and cerebrospinal fluid hydrodynamics in the spinal canal.
year : 2016
author 0 : Kartik Jain

title : Weighted restarting automata.
year : 2018
author 0 : Qichao Wang

title : Faktorenanalyse bei systemtechnischen Fragestellungen.
year : 1985
author 0 : Thilo Mannhardt

title : Ontologischer Ansatz zur abgestimmten Anforderungserschlie&szlig;ung f&uuml;r Informationssysteme zur Gesch&auml;ftsprozessunterst&uuml;tzung.
year : 2014
author 0 : Thomas Kofler

title : Beschreibung von Deformationsprozessen durch Volterra- und Fuzzy-Modelle sowie neuronale Netze.
year : 1999
author 0 : Katja Heine

title : Markt und Gesch&auml;ftsbeziehung beim outsourcing: eine marketingorientierte Analyse f&uuml;r die Informationsverarbeitung.
year : 1997
author 0 : Eberhard Schott

title : Input output stability of recurrent neural networks.
year : 1999
author 0 : Jochen J. Steil

title : Differential dynamic logics - automated theorem proving for hybrid systems.
year : 2008
author 0 : Andr&eacute; Platzer

title : Die Komplexit&auml;t Boolescher Funktionen in Schaltkreisen &uuml;ber der Basis _424&#8853;,&#923;_425.
year : 1992
author 0 : Katja Lenz

title : Efficient task-local I/O operations of massively parallel applications.
year : 2016
author 0 : Wolfgang Frings

title : Verfahren zur hardwaregest&uuml;tzten Hauptspeicherverwaltung in Datenbankmaschinen.
year : 1983
author 0 : Wolfgang Hell

title : Entwicklungsunterst&uuml;tzung f&uuml;r offene verteilte Hypermedia-Systeme.
year : 1995
author 0 : Peter Dettling

title : Computer-unterst&uuml;tzter Biometrieunterricht im Gartenbau.
year : 1989
author 0 : Martin Zimmermann 0006

title : Computer in der medizinischen Aus- und Weiterbildung: Entwicklung eines Lernsystems f&uuml;r die mikroskopische Histopathologie.
year : 1997
author 0 : Hauke Spannhoff

title : Neues Konzept zur skalierbaren, explorativen Analyse gro&szlig;er Zeitreihendaten mit Anwendung auf umfangreiche Stromnetz-Messdaten.
year : 2019
author 0 : Felix Bach

title : Animated surfaces in physically-based simulation.
year : 2018
author 0 : Markus Huber 0002

title : Erkennung dreidimensionaler K&ouml;rper aus einer ebenen Projektion mittels einer Potentialdynamik.
year : 1991
author 0 : Bernd H&ouml;lle

title : Realistic and expressive talking head: implementation and evaluation.
year : 2011
author 0 : Kang Liu 0002

title : Molecular Flexibility Encodings for Virtual Screening and Machine Learning.
year : 2012
author 0 : Andreas Jahn 0001

title : Grundlagen und Voraussetzungen f&uuml;r den Aufbau und Betrieb einer auf die Suche und Erkundung von Erdgaslagerst&auml;tten im Rotliegenden problemorientierten geologischen Datenbank.
year : 1976
author 0 : Wolfgang Eiserbeck
author 1 : Hans-Joachim Planert

title : Methoden und Konzepte zur Fehleranalyse und Fehlerprognose in der Software-Entwicklung.
year : 1992
author 0 : Hubert Kempter

title : Discovering lesser known molecular players and mechanistic patterns in Alzheimer's disease using an integrative disease modelling approach.
year : 2018
author 0 : Shweta Bagewadi Kawalia

title : Anwendung moderner Methoden der Informationsverarbeitung zur Unterst&uuml;tzung der Entwicklung und Fertigung von Rationalisierungsmitteln sowie des Einsatzes in Leitung und Verwaltung unter besonderer Ber&uuml;cksichtigung der Verantwortung des VEB Ingenieurtechnik Halle als zentraler Ingenieurbetrieb des Ministeriums f&uuml;r bezirksgeleitete Industrie und Lebensmittelindustrie.
year : 1986
author 0 : Wolfgang Lenze

title : Wissensbasierte Systeme: eine Anwendung zur Automatisierung einer Rohrformstrasse.
year : 1992
author 0 : G&uuml;nter Halmschlager

title : Revisiting the IETF multipath extensions on transport layer.
year : 2014
author 0 : Martin Becke

title : A reference model for the integration of agent orientation in the operative environment of automation systems.
year : 2016
author 0 : Liyong Yu

title : Gestaltung rechnergest&uuml;tzter Leitungsinformationssysteme unter Ber&uuml;cksichtigung der Arbeit am "Operativen Leitungsinformationssystem Verkehrswesen/ZTA".
year : 1990
author 0 : Ute Reimann

title : Optimalit&auml;tseigenschaften von Mehrproduktlagermodellen bei stochastischem Bedarf.
year : 1981
author 0 : Andreas Pfeifer

title : Semantic decomposition and marker passing in an artificial representation of meaning.
year : 2018
author 0 : Johannes F&auml;hndrich

title : DRIVE: Dynamic Runtime Integrity Verification and Evaluation.
year : 2018
author 0 : Andre Rein

title : Automatisierte Mustererkennung in Zeitreihen zur selbstlernenden Leistungs&uuml;berwachung von Produktionsanlagen.
year : 2020
author 0 : Jan-Peter Seevers

title : Ein Ansatz f&uuml;r sichtenorientiertes Datenmanagement.
year : 2020
author 0 : Yannic Ole Kropp

title : Zur Ver&auml;nderung der physikalischen Arbeitsweise durch die Verwendung von Computern.
year : 1992
author 0 : Wilfried Suhr

title : Operative Verwendung merkmalbasierter Information in der Automatisierung.
year : 2017
author 0 : David Kampert 0001

title : Understanding Graphs: Modeling Processes, Prerequisites and Influencing Factors of Graphicacy.
year : 2018
author 0 : Ulrich Ludewig

title : Evaluation von Enterprise Social Software: ein mehrdimensionaler Ansatz zur Gestaltung und Anwendung der Evaluation von Enterprise Social Software in der internen Unternehmenskollaboration.
year : 2017
author 0 : Christian Herzog 0001

title : Heterogeneity-Aware Placement Strategies for Query Optimization.
year : 2017
author 0 : Tomas Karnagel

title : HD telephony by artificial bandwidth extension: quality, concepts and complexity.
year : 2020
author 0 : Thomas Schlien

title : Application Mapping and Communication Synthesis for Object-Oriented Platform-Based Design.
year : 2015
author 0 : Kim Gr&uuml;ttner

title : Ein Beitrag zum Entwurf rechnergesteuerter Einrichtungen der Leistungselektronik.
year : 1992
author 0 : Werner Retzlaff

title : Unconventional programming: non-programmable systems.
year : 2017
author 0 : Gerd Gr&uuml;nert

title : Toward Resilience in High Performance Computing: A Prototype to Analyze and Predict System Behavior.
year : 2020
author 0 : Siavash Ghiasvand

title : Beitrag zur Ableitung von Optimalit&auml;tskriterien f&uuml;r tragende stabartige Konstruktionselemente auf der Grundlage energetischer Extremalprinzipien.
year : 1985
author 0 : Thomas Goldbach

title : 3D-Objektidentifizierung: betrachterabh&auml;ngige Modelle f&uuml;r Repr&auml;sentation und Erkennung.
year : 1996
author 0 : Gunter Bellaire

title : Untersuchungen zur Gestaltung eines Expertensystems zur Diagnostizierung elektronischer Systeme.
year : 1987
author 0 : Stefan Oehme

title : Leistungsbewertung und Optimierung von zeitbegrenzten Polling-Systemen am Beispiel des Feldbusses PROFIBUS.
year : 1995
author 0 : Ulrich Klehmet

title : Automatisierte Integration von funkbasierten Sensornetzen auf Basis simultaner Lokalisierung und Kartenerstellung.
year : 2021
author 0 : Richard Weber 0001

title : Schnelle Ein-/Ausgabe f&uuml;r RISC-Prozessoren zum Einsatz in Systemen mit Echtzeitanforderungen.
year : 1992
author 0 : Clemens Hardewig

title : Systolische Architekturen f&uuml;r die verallgemeinerte diskrete Fourier-Transformation.
year : 1989
author 0 : Hermann Hellwagner

title : Vergleichende Untersuchung zwischen den 16-Kanal-Digital-, 1-Kanal-Digital-, 1-Kanal-Quasi-Analog-Sprachprozessorsystemen gem&auml;ss ihres Diskriminationsverhaltens.
year : 1994
author 0 : Istv&aacute;n Fekete

title : Zur Struktur und n&auml;herungsweisen L&ouml;sung ausgew&auml;hlter kombinatorischer Optimierungsprobleme.
year : 1989
author 0 : Frank Werner 0001

title : Quality-driven Reuse of Model-based Software Architecture Elements.
year : 2019
author 0 : Axel Busch

title : Entwicklung von Ventilatoren beliebiger Bauart mit einem integrierten, computergest&uuml;tzten Programmsystem.
year : 1987
author 0 : Wolfgang Doneit

title : Computer - ein Bildungsproblem?: Untersuchungen zum Stellenwert von Allgemeinbildung und zu grundlegenden Bildungsans&auml;tzen vor dem Hintergrund fortschreitender Computerisierung.
year : 1994
author 0 : Evelinde Hutzler

title : Robuste Detektion, Verfolgung und Wiedererkennung von Personen in Videodaten mit niedriger Aufl&ouml;sung.
year : 2020
author 0 : J&uuml;rgen Metzler

title : Multi-word tokenization for natural language processing.
year : 2014
author 0 : Lukas Michelbacher

title : Echtzeitf&auml;hige Objekterkennung zur visuellen Szenenanalyse.
year : 1999
author 0 : Volker Vetter

title : Informations- und proze&szlig;orientierte Modellierung verteilter Systeme auf der Basis von Feature-structure-Netzen.
year : 2001
author 0 : Frank Wienberg

title : Motivations-Modellierung: Spezifikation einer Simulation im Rahmen motivational-adaptiver Lehr-Lern-Interaktion.
year : 1992
author 0 : Hermann Astleitner

title : Optimale dezentrale Steuerung verteilter Produktionssysteme.
year : 2003
author 0 : Carsten Thierer

title : Cylindrical algebraic decomposition for nonlinear arithmetic problems.
year : 2020
author 0 : Gereon Kremer

title : Fertigungsregelung durch zielgr&ouml;ssenorientierte Planung und logistisches St&ouml;rungsmanagement.
year : 1995
author 0 : Dieter Simon

title : Information technology governance and innovation adoption in varying organizational contexts: mobile government and software as a service.
year : 2012
author 0 : Till J. Winkler

title : Dienstg&uuml;tegarantien f&uuml;r Ethernet in der industriellen Kommunikation.
year : 2017
author 0 : Sven Kerschbaum

title : A Rule-Based Agent-Oriented Framework for Weakly-Structured Scientific Workflows.
year : 2014
author 0 : Zhili Zhao

title : Scalable Greybox Fuzzing for Effective Vulnerability Management.
year : 2020
author 0 : Saahil Ognawala

title : Beitrag zur geometrisch nichtlinearen Mechanik abgespannter Maste - eine Erweiterung von Baustein 5 des Programmsystems STATRA.
year : 1985
author 0 : Berndt K&uuml;chler

title : Codeselektion mit regul&auml;r gesteuerter Termersetzung.
year : 1994
author 0 : Helmut Emmelmann

title : Methodik und Realisiation von Systemen zur effizienten Wissensvermittlung durch Hypermedia.
year : 1999
author 0 : Christian Pohl

title : Modelltheoretische Untersuchung evolutionsbiologischer Mechanismen mit Hilfe genetischer Algorithmen.
year : 1994
author 0 : Udo Keller

title : Konzept f&uuml;r ein rechnerunterst&uuml;tztes Simulationsmodell zur Bewertung der Wirtschaftlichkeit von L&ouml;sungsalternativen bei der Planung einer integrierten technischen Informationsverarbeitung.
year : 1992
author 0 : Joachim Schuler

title : Untersuchungen zum Aufbau modularer Netzwerkanschlusseinheiten.
year : 1990
author 0 : Reinhard Drefenstedt

title : Dezentralisierung von B&uuml;roarbeitspl&auml;tze mit neuen Informations- und Kommunikationstechniken: eine Analyse unter betriebswirtschaftlich-organisatorischen Aspekten.
year : 1989
author 0 : Agathe Kilian-Momm

title : Multiskalenmethoden zur Kompression und interaktiven Verarbeitung gro&szlig;er Datenmengen.
year : 2001
author 0 : Thomas Gerstner

title : Flexibles Sicherheitsmanagement in TCP-IP-Netzen.
year : 1999
author 0 : Kai Martius

title : Der Bef&ouml;rderungsbedarf des Personenregionalverkehrs: Grundlagen d. unscharfen Simulation.
year : 1985
author 0 : Manfred Gericke

title : Der Rechtsschutz computergest&uuml;tzter Fachinformationen: unter besonderer Ber&uuml;cksichtigung von Datenbanken.
year : 1990
author 0 : Josef Mehrings

title : Model based scheduling and configuration of heterogeneous parallel systems.
year : 1998
author 0 : Klaudia Dussa-Zieger

title : Fixed-parameter linear-time algorithms for NP-hard graph and hypergraph problems arising in industrial applications.
year : 2014
author 0 : Ren&eacute; van Bevern

title : Robust Monocular Pose Estimation of Rigid 3D Objects in Real-Time.
year : 2019
author 0 : Henning Tjaden

title : Zum Einsatz rechnergest&uuml;tzter territorialer Informationssysteme (TIS) in der Territorialforschung und -planung, dargestellt am Beispiel des TIS des IGG.
year : 1987
author 0 : Hartmut Usbeck

title : Automated Debugging Methodology for FPGA-based Systems.
year : 2019
author 0 : Habib ul Hasan Khan

title : Benchmark-driven Software Performance Optimization.
year : 2019
author 0 : Diego Elias Damasceno Costa

title : Durchschnittsgewinnkriterien in Semi-Markoffschen Entscheidungsmodellen.
year : 1990
author 0 : Karl-Josef Bierth

title : Entwicklung und Einsatz eines Qualit&auml;tsmodells f&uuml;r Workflow-Management-Anwendungen.
year : 1999
author 0 : Petra Heinl

title : Ordnungstheoretische Modelle f&uuml;r nicht-deterministische Programmiersprachen.
year : 1992
author 0 : Kay-Jeannette N&uuml;ssler

title : Six degrees of freedom object pose estimation with fusion data from a time-of-flight camera and a color camera.
year : 2014
author 0 : Kaipeng Sun

title : Automated model-based spreadsheet debugging.
year : 2017
author 0 : Thomas Schmitz

title : Extending context-oriented programming to new application domains: run-time adaption support for Java.
year : 2012
author 0 : Malte Appeltauer

title : Verteilte online und onboard Evolution und Adaption von Kontrollmechanismen f&uuml;r rekonfigurierbare modulare Roboter.
year : 2014
author 0 : Florian Schlachter

title : Bewerten in Blogkommentaren: Mehrebenenannotation sprachlichen Bewertens.
year : 2013
author 0 : Bianka Trevisan

title : Echtzeit-Entwurf radialer Beschaufelungen auf einem Multiprossersystem.
year : 1995
author 0 : Christian Watzelt

title : A Model-driven Approach to Developing a Web-based Environment to Support Problem-based Learning.
year : 2019
author 0 : Disi Wang

title : A Common Programming Interface for Managed Heterogeneous Data Analysis.
year : 2021
author 0 : Johannes Luong

title : Towards adaptive management systems in manufacturing: an agent supported approach.
year : 2003
author 0 : Jens Henoch

title : Comprehensible and Robust Knowledge Discovery from Small Datasets.
year : 2021
author 0 : Vadim Arzamasov

title : Entwurf und universelle Implementation hierarchischer Steuerungsprozesse.
year : 1988
author 0 : Emilia Ewstatiewa

title : Verteilte Termersetzung als Berechnungsmodell f&uuml;r objektorientierte Systeme.
year : 1991
author 0 : Christian Schiedermeier

title : Metamodellbasierte und hierarchieorientierte Workflowmodellierung.
year : 2013
author 0 : Jens Br&uuml;ning

title : Die Nutzung elektronischer Datenverarbeitungssysteme staatlicher Beh&ouml;rden und Unternehmen f&uuml;r die Fahndung und Ermittlung speziell bei den sogenannten "Staatsschutzdelikten" in der BRD.
year : 1985
author 0 : Andreas Dobbert

title : Ein Verfahren zur Umwandlung der ikonischen Bildinformation digitalisierter Bilder in Datenstrukturen zur Bildauswertung.
year : 1987
author 0 : Norbert Bartneck

title : Korrektheit von Spezifikationen und generischen Moduln.
year : 1991
author 0 : Wolfgang Reif

title : Using Mean Embeddings for State Estimation and Reinforcement Learning.
year : 2019
author 0 : Gregor H. W. Gebhardt

title : Graphical models and simulation for THz-imaging.
year : 2018
author 0 : Martin P&auml;tzold

title : Ein Beitrag zur Optimierung des dynamischen Verhaltens von Baumanipulatoren.
year : 1989
author 0 : Michael Noack

title : Experimentelle Untersuchung und mathematische Beschreibung des sigmoidf&ouml;rmigen Verlaufes der &Auml;thanolresorptionsphase.
year : 1983
author 0 : Ruth Delius

title : Derandomisierung, unabh&auml;ngige Mengen und effiziente Schaltkreise.
year : 1998
author 0 : Claudia Bertram-Kretzberg

title : Information processing in neural networks: learning of structural connectivity and dynamics of functional activation.
year : 2016
author 0 : Holger Finger

title : RFID-based real-time production monitoring in a variant production environment.
year : 2016
author 0 : Bilal Hameed

title : End-user development of web-based decision support systems.
year : 2017
author 0 : Alexey Tschudnowsky

title : TUKUTURI: eine dynamisch selbstrekonfigurierbare Softcore Prozessorarchitektur.
year : 2021
author 0 : Florian Giesemann

title : Constraint-lambda calculi: theory and applications.
year : 2001
author 0 : Matthias M. H&ouml;lzl

title : Symbolic orthogonal projections: a new polyhedral representation for reachability analysis of hybrid systems.
year : 2015
author 0 : Willem Hagemann

title : Beitrag zur rechnerischen Optimierung des Kaliberverschleisses, am Beispiel eines Grubenausbauprofiles.
year : 1981
author 0 : Rolf Jansen

title : MIBO - A Framework for the Integration of Multimodal Intuitive Controls in Smart Buildings.
year : 2016
author 0 : Sebastian Peters

title : Theoretisch-methodische Grundlagen zur rechnergest&uuml;tzten optimalen Planung von Produktion und Ressourceneinsatz in Industriebetrieben, dargestellt am Beispiel von polygrafischen und verpackungsmittelherstellenden Betrieben.
year : 1984
author 0 : Winfried Brecht

title : Synthese versus Analyse in modellbasierten KI-Planungssystemen: DIAKON - ein auto-adaptiver diagnostischer L&ouml;sungsansatz f&uuml;r Aktionsplanungs- und Konfigurierungssysteme.
year : 2000
author 0 : Friedemann A. Kienzler

title : A Continuous Grasp Representation for the Imitation Learning of Grasps on Humanoid Robots.
year : 2014
author 0 : Martin Minh Thong Do

title : Entwicklung von Systemunterlagen zur Rationalisierung betrieblicher Planungsprozesse unter Nutzung der Daten- und Programmbanktechnologie.
year : 1987
author 0 : Stephan Dietrich

title : Neue Methoden zur Modellierung komplexer technischer Systeme und ihre Anwendung im Rahmen der Kernreaktor-Fern&uuml;berwachung Baden-W&uuml;rttemberg.
year : 2000
author 0 : Roland Kopetzky

title : Huffman coding and its applications.
year : 2001
author 0 : Yakov Nekritch

title : Prosodic analysis and synthesis: application in computer-assisted language learning.
year : 2013
author 0 : Hussein Hussein

title : Essays in Microeconomic Theory.
year : 2018
author 0 : Nina Vladimirovna Bobkova

title : Using contextual and social links in information retrieval.
year : 2012
author 0 : Sergey Chernov 0001

title : Verification of Reachability Properties and Termination for Probabilistic Systems.
year : 2013
author 0 : Andreas Gaiser

title : Energy-efficient architectures for time-critical LTE protocol stack algorithms in mobile terminals.
year : 2013
author 0 : Shadi Traboulsi

title : Neue Informationstechniken und ihre soziale Konstruktion: der technische Wandel als soziologisches Theorieproblem.
year : 1993
author 0 : Karin Dollhausen

title : Learning in layered multimodal classifier architectures for cognitive technical systems.
year : 2016
author 0 : Michael Glodek

title : Modeling Advanced Security Aspects of Key Exchange and Secure Channel Protocols.
year : 2018
author 0 : Felix G&uuml;nther 0001

title : Efficient bulk-loading methods for temporal and multidimensional index structures.
year : 2013
author 0 : Daniar Achakeev

title : Fehlerbeurteilungen in der Mensch-Computer-Interaktion: Reliabilit&auml;tsanalysen und Training einer handlungstheoretischen Fehlertaxonomie.
year : 1994
author 0 : Jochen Pr&uuml;mper

title : Modellierung von Vorentw&uuml;rfen in der virtuellen Realit&auml;t mit nat&uuml;rlicher Fingerinteraktion.
year : 2021
author 0 : Marius Christian Fechter

title : Static output feedback design problems.
year : 1998
author 0 : Friedemann Leibfritz

title : Untersuchung von Subpixelverfahren zur Steigerung der Antastgenauigkeit optisch wirksamer Strukturen in Verbindung mit automatisch arbeitenden, fehlertoleranten Strukturlageerkennungsverfahren.
year : 1993
author 0 : Eckhard Roth

title : A Modular Verification Methodology for Caching and Lock-Based Concurrency in File Systems.
year : 2018
author 0 : J&ouml;rg Pf&auml;hler

title : Die Berechnung der Aufenthaltszeiten in der Afterloadingtherapie mit Hilfe der Linearen Optimierung.
year : 1988
author 0 : Joachim Poths

title : Theorie und Praxis von Routing-Problemen: L&ouml;sungsverfahren zur Tourenplanung im Eindepot - u. Mehrdepot-Fall.
year : 1984
author 0 : Axel Hellmann

title : Prosodisch-linguistische Klassifikation von Emotion.
year : 2002
author 0 : Richard Huber

title : Selektivit&auml;tssch&auml;tzung von Bereichsanfragen auf metrischen Attributen mit nichtparametrischen Verfahren.
year : 1999
author 0 : Dieter Korus

title : Online-Datenbanken als modernes Informationsmedium: zur Situation der Informationsvermittlung bei mittelst&auml;ndischen Unternehmen.
year : 1990
author 0 : Josef Herget

title : Wahlspots im Social Web: Eine medienwissenschaftliche Analyse der visuellen Wahlkampfkommunikation auf YouTube w&auml;hrend der Bundestagswahl 2009.
year : 2017
author 0 : Linda Rath-Wiggins

title : Visual Similarity Using Limited Supervision.
year : 2021
author 0 : Biagio Brattoli

title : Beitr&auml;ge zur Entwurfsautomatisierung anwendungsspezifischer Schaltkreise (ASICs).
year : 1990
author 0 : Hans-Martin Sachs

title : Adversarials-1: detecting adversarial inputs with internal attacks.
year : 2020
author 0 : Nils Steffen Worzyk

title : Untersuchungen zum Einsatz von Parallelrechnern mit verteiltem Speicher bei der Simulation dynamischer Vorg&auml;nge in Dampfkraftwerken.
year : 1996
author 0 : Achim Ufert

title : Magnetresonanz-Mammographie (MRM) bei 1.0 Tesla: Validierung der Methode und Wert der computerassistierten Diagnostik.
year : 1997
author 0 : Joanna Iwinska-Zelder

title : Data driven analysis of faces from images.
year : 2013
author 0 : Kristina Scherbaum

title : Analyse, Erzeugung und Evaluation animierter Softwarevisualisierungen.
year : 2018
author 0 : Jan Schilbach

title : Konzeption f&uuml;r ein neuartiges Automatisierungssystem mit intelligenten Leiteinrichtungen.
year : 1984
author 0 : Beate Eulitzer

title : Entwurf und Realisierung einer hybriden Protokollentwicklungsumgebung.
year : 1995
author 0 : Andreas Rinkel

title : Entwicklung eines EDV-gerechten Dokumentationsblattes zur Erfassung der Leistungen des DHD.
year : 1981
author 0 : P. Zich

title : Entwicklung und Evaluation einer Methodik zur Untersuchung von Interaktionsger&auml;ten f&uuml;r Maschinen- und Prozessbediensysteme mit grafischen Benutzungsoberfl&auml;chen.
year : 2003
author 0 : Lutz Krau&szlig;

title : Divide and conquer parallelisation methods for digital image processing algorithms.
year : 2000
author 0 : Andreas Bieniek

title : Neuronale Netze zur lageinvarianten Mustererkennung.
year : 1997
author 0 : Sabine Kr&ouml;ner

title : A framework for supporting fault diagnosis in integrated network and systems management: methodologies for the correlation of trouble tickets and acess to problem solving expertise.
year : 1995
author 0 : Gabi Dreo

title : Coding mechanisms &amp; contextual interactions in color vision.
year : 2016
author 0 : Christian Johannes Kellner

title : Untersuchungen mit einem bordseitigen Rollf&uuml;hrungssystem in einem zuk&uuml;nftigen Rollverkehrsszenario.
year : 1997
author 0 : Dietrich H&auml;rtl

title : Generisches Sensor Redundanz Management f&uuml;r eine flexible, fehlertolerante Plattform.
year : 2014
author 0 : Sebastian Polenz

title : Quellsprachorientiertes Debugging von optimierten Programmen.
year : 1995
author 0 : Roland Wism&uuml;ller

title : Experimentelle Untersuchungen zur Bewertung von Einfl&uuml;ssen beim Lesen von Strichcodes mit Laserscannern.
year : 1991
author 0 : Hans-G&uuml;nter Hansen

title : Visualisierung in komplexen Systemen und deren Anwendung im Umweltschutz.
year : 1992
author 0 : Ralf Denzer

title : AV-Medien in der Hochschullehre: Konzeption und prototypische Entwicklung eines Content-Management-Systems f&uuml;r Vorlesungsaufzeichnungen.
year : 2013
author 0 : Nils Birnbaum

title : Real-time network protocols for multimedia communication.
year : 1996
author 0 : Luca Delgrossi

title : SDL.RT-basierter Entwurf und Implementierung eingebetteter zeit- und sicherheitskritischer Systeme.
year : 2001
author 0 : Ralph Welge

title : A Framework for Model-based Testing of Integrated Modular Avionics.
year : 2014
author 0 : Christof Efkemann

title : Beitrag zur Zuverl&auml;ssigkeitstheorie von Tragwerken unter Ber&uuml;cksichtigung nichtlinearen Verhaltens.
year : 1980
author 0 : Heinz Kappler

title : Flexible und plattformunabh&auml;ngige Entwicklung mikrocontrollerbasierter mechatronischer Systeme f&uuml;r Nutzer ohne Vorwissen.
year : 2013
author 0 : Holger B&ouml;nicke

title : Analyzing and Mitigating Security Threats in P2P Systems.
year : 2018
author 0 : Hatem Ismail

title : Fuzzy-Expertensysteme zur Beurteilung von Kreditrisiken.
year : 1997
author 0 : Hans-Peter G&uuml;llich

title : Modellierung und Erkennung von Kontextinformationen und Nutzerintentionen in Fahrzeuginformationssystemen.
year : 2017
author 0 : Daniel L&uuml;ddecke

title : Spectral Learning of Sequential Systems.
year : 2018
author 0 : Michael Thon

title : SemaLink - ein wissensbasiertes Hypermedia-System.
year : 1998
author 0 : Stephan Wiesener

title : Untersuchung zur Gliederung des Keimepithels beim Javaneraffen (Macaca cynomolgus) mittels digitaler Bildverarbeitung.
year : 1986
author 0 : Thomas Dietrich

title : Specification, allocation and schedulability analysis for fixed priority hard real-time systems.
year : 2000
author 0 : Shuhua Wang

title : Embedded brain reading.
year : 2014
author 0 : Elsa Andrea Kirchner

title : Network Coding for Traffic Protection in Data Transport Networks.
year : 2012
author 0 : Martin Belzner

title : Selbstlernende Algorithmen zur videobasierten Absichtserkennung von Fu&szlig;g&auml;ngern.
year : 2017
author 0 : Michael Goldhammer

title : On the security of public-key encrytion in mass-surveillance settings.
year : 2019
author 0 : Benedikt Auerbach

title : Adaptable similarity search in 3-D spatial database systems.
year : 1998
author 0 : Thomas Seidl 0001

title : Betriebswirtschaftliche und leitungsm&auml;ssige Anforderungen an die Struktur und Speicherung der Daten f&uuml;r die Gew&auml;hrleistung einer planm&auml;ssigen und reaktionsschnellen Angebotst&auml;tigkeit.
year : 1984
author 0 : Zbigniew Naskretski

title : Untersuchungen zur Optimierung von Verfahren der automatisierten Digitalisierung von Flurkarten.
year : 1993
author 0 : Rolf Klauer

title : Die computergest&uuml;tzte Erstellung psychiatrischer Gutachten.
year : 1995
author 0 : Roland Gerstend&ouml;rfer

title : Kontextbasiertes System zur Vermeidung von Kollisionen zwischen Autos und Fu&szlig;g&auml;ngern.
year : 2012
author 0 : Alexander Friedrich Leonhard Flach

title : Verified Code Generation from Isabelle/HOL.
year : 2019
author 0 : Lars Hupel

title : Exploiting Speculative and Asymmetric Execution on Multicore Architectures.
year : 2015
author 0 : Jons-Tobias Wamhoff

title : Bioinformatik-Strategien zur Analyse regulatorischer RNA-Motive und ihre experimentelle Validierung.
year : 2003
author 0 : Thomas T&ouml;ller

title : Customizable visualization in the context of metabolic networks.
year : 2011
author 0 : Peter Droste

title : Eine neue, vollst&auml;ndig axiomatisierbare Klasse von Integrit&auml;tsbedingungen f&uuml;r relationale Datenbanken.
year : 1985
author 0 : Walter Grassl

title : Wissensbasierte Integration raumbezogener Daten und die automatische Generierung von Bodenkarten.
year : 1996
author 0 : Andrea Johannesson

title : Beitrag zur computergest&uuml;tzten L&ouml;sung von Kopplungs-Problemen in der Bernoullischen Mechanik.
year : 1989
author 0 : Bui Tran Duc Huy

title : Robust Secret-Key Generation under Source Uncertainty and Communication Rate Constraint.
year : 2018
author 0 : Nima Tavangaran

title : Klinische Leistungsf&auml;higkeit eines neuen mathematischen Verfahrens der Bildmusterbearbeitung szintigraphischer Hirnperfusionsstudien in der Diagnostik von Hirndurchblutungsst&ouml;rungen.
year : 1982
author 0 : Dimitrios Chatzopoulos

title : Flexible Speicherungsstrukturen und Sekund&auml;rindexe in Datenbanksystemen f&uuml;r komplexe Objekte.
year : 1995
author 0 : Ullrich Ke&szlig;ler

title : Rechner-Steuerung von Drei-Stufen-Wechselrichtern und ihre Anwendung mit einer Rechner-Regelung von Asynchronmaschinen.
year : 1985
author 0 : Joachim Eibel

title : Modeling and analysis of operating systems using extended QN techniques and Petri nets.
year : 2001
author 0 : Stefan Greiner

title : Konzepte zur Konstruktion und anwendungsspezifischen Konfiguration von Prozessornetzwerken.
year : 2000
author 0 : Otto Wohlmuth

title : Ein mikroanalytisches Simulationsmodell zur Prognose der Fl&auml;chennutzungsentwicklung f&uuml;r st&auml;dtische Teilr&auml;ume auf der Grundlage der Abbildung von Bodenmarktprozessen.
year : 1985
author 0 : Hans-Georg Tillmann

title : Counting logics and games with counters.
year : 2015
author 0 : Simon R. Le&szlig;enich

title : SMT-based validation &amp; verification of UML-OCL models.
year : 2017
author 0 : Nils Przigoda

title : Probabilistic fusion of multiple distributed sensors.
year : 2018
author 0 : Lukas K&ouml;ping

title : Finiteness conditions for rewriting systems.
year : 1995
author 0 : Robert Cremanns

title : Entwicklung eines robusten Verfahrens zur Farbbestimmung von Z&auml;hnen auf Basis spektraler Daten.
year : 2014
author 0 : Marius Pfl&uuml;ger

title : Die Praxis der Wissenstechnologie: soziologische Rekronstruktionen am Beispiel der Entwicklung und des Einsatzes von wissensbasierten Konfigurationssystemen.
year : 1993
author 0 : Reinhard Bachmann

title : Kontinuit&auml;t der Fertigung durch Vervollkommnung ihrer Planung und Steuerung.
year : 1981
author 0 : Volker Oppitz

title : Prioritization and demand management for distributed transaction processing systems.
year : 2012
author 0 : Christian Markl

title : Digital Cues in Multimedia Forensics.
year : 2021
author 0 : Patrick Mullan

title : Content Agnostic Malware Detection in Networks.
year : 2012
author 0 : Florian Tegeler

title : Strukturvariablenbeschr&auml;nkung und Redundanz bei der Anwendung der linearen Optimierung.
year : 1983
author 0 : Wolfgang Twiest

title : Statische und dynamische Bewertung von Montageprozessen und -systemen auf der Basis von Verrichtungsfolgegraphen VFG(M).
year : 1988
author 0 : Volkmar Flemming

title : Modell zur Planung der Struktur des Futterpflanzenanbaues (FUAN).
year : 1984
author 0 : Wolfgang Leipnitz

title : Systematic development of model-based software engineering methods.
year : 2011
author 0 : Stefan Sauer 0001

title : Ein Beitrag zur Realisierung eines lokalen Kommunikationssystems.
year : 1984
author 0 : Bernd Richter

title : Air to ground quantum key distribution.
year : 2013
author 0 : Sebastian Nauerth

title : An Effective and Efficient Inference Control System for Relational Database Queries.
year : 2011
author 0 : Jan-Hendrik Lochner

title : Tracking Extended Objects with Active Models and Negative Measurements.
year : 2018
author 0 : Antonio Kleber Zea Cobo

title : Interactive segmentation, uncertainty and learning.
year : 2014
author 0 : Christoph Nikolas Straehle

title : Baumgesteuerte Grammatiken.
year : 1983
author 0 : Werner Dilger

title : Unsupervised learning of invariant object representations: a probabilistic generative modeling approach.
year : 2013
author 0 : Zhenwen Dai

title : Strukturelle und dynamische Eigenschaften selbsttestender Systeme.
year : 1982
author 0 : Thomas Risse 0002

title : CAS: intraoperative Positionsmessung in der Chirurgie.
year : 1991
author 0 : Werner Krybus

title : Eine Methode zur Anwendungsplanung wissensbasierter Systeme im Unternehmen.
year : 1992
author 0 : Anke Jaros-Sturhahn

title : Essays on the role of stigma in information systems research.
year : 2020
author 0 : Florian Pethig

title : Lokal adaptive Halbtonverfahren.
year : 1998
author 0 : Thomas Zeggel

title : Machine learning through exploration for perception-driven robotics = Machinelles Lernen in der Perzeptions-basierte Robotik.
year : 2016
author 0 : Herke van Hoof

title : Planar Segments Based Three-dimensional Robotic Mapping in Outdoor Environments.
year : 2013
author 0 : Junhao Xiao

title : Long-term monitoring of personal health parameters for the prevention of cardiovascular diseases.
year : 2018
author 0 : Jochen Meyer 0001

title : On the Automated Derivation of Domain-Specific UML Profiles.
year : 2019
author 0 : Alexander Kraas

title : Decidability of linear tree constraints for resource analysis of object-oriented programs.
year : 2019
author 0 : Sabine Bauer 0002

title : Psychologische Grundlagen der Gestaltung der Mensch-Rechner-Interaktion.
year : 1990
author 0 : Wolfgang Melzer

title : The Relationship between Team Climate and Performance in Software Development Teams.
year : 2019
author 0 : G. P. Sudhakar

title : Dynamische neuronale Netzarchitektur f&uuml;r kontinuierliches Lernen.
year : 2001
author 0 : Michael Tagscherer

title : Problembasis und Probleml&ouml;sungsprozess der technologischen Betriebsprojektierung unter dem Aspekt der rechnerunterst&uuml;tzten Projektierung.
year : 1987
author 0 : Manfred Neumann

title : Synchronized performance evaluation methodologies for communication systems.
year : 2013
author 0 : Elias Weing&auml;rtner

title : Grundlagen f&uuml;r die Farbauswahl bei der Gestaltung von Benutzeroberfl&auml;chen: ein Vergleich farbmetrischer und subjektiver Daten.
year : 1990
author 0 : Hans-Christian Kraupner-Stadler

title : On the projection problem in active knowledge bases with incomplete information.
year : 2012
author 0 : Vaishak Belle

title : System-level Mapping of Dataflow Applications onto MPSoCs.
year : 2020
author 0 : Tobias Schwarzer

title : Automatisierte Generierung gro&szlig;er Proze&szlig;modelle der Kunststoffextrusion mittels Computeralgebra.
year : 1997
author 0 : Michael Jahnich

title : Heuristic design and provisioning of resilient multi-layer networks.
year : 2012
author 0 : Michael Duelli

title : L&ouml;sen kombinatorischer Probleme mit Constraintprogrammierung in Oz.
year : 1998
author 0 : J&ouml;rg W&uuml;rtz

title : Modellierung und Simulation komplexer technischer Systeme bei Verwendung des objektorientierten Paradigmas.
year : 1999
author 0 : Martin Sch&ouml;ckle

title : Modellierung der langfristigen komplexen Grundfondsreproduktion der Transportinfrastruktur auf der Grundlage prozessabh&auml;ngiger technisch-&ouml;konomischer Kenngr&ouml;ssen und deren Bewertung als Beitrag zur Intensivierung des volkswirtschaftlichen Reproduktionsprozesses.
year : 1985
author 0 : Heidi Jung

title : From Assistance to Companionship - Designing Virtual Companions.
year : 2021
author 0 : Timo Strohmann

title : Entwicklung und Anwendung von Programmen der robusten linearen Regression zum Auswerten medizinischer Forschungsdaten.
year : 1987
author 0 : J&uuml;rgen Slepica

title : A framework for the automatic verification of discrete-time MATLAB simulink models using Boogie.
year : 2015
author 0 : Robert Reicherdt

title : Structural graph-based metamodel matching.
year : 2011
author 0 : Konrad Voigt

title : From Rape to Rapture: The Art of Performing Emotion.
year : 2015
author 0 : Ursula Neuerburg-Denzer

title : Beitrag zur rationellen Entwicklung von PDVA-Systemen, dargestellt am Beispiel der Prozess&uuml;berwachung und -steuerung der Golddiffusion.
year : 1988
author 0 : Michael Praedicow

title : Searching point patterns, matching imprecise point patterns, and inducing polygons.
year : 2011
author 0 : Marc Scherfenberg

title : Mikrorechner f&uuml;r die vollst&auml;ndig digitale Regelung von Permanentmagnet-Synchronservomotoren.
year : 1989
author 0 : Hans-Christian Reuss

title : Contention resolution in hashing based shared memory simulations.
year : 1995
author 0 : Volker Stemann

title : Entwicklung realisierbarer hierarchischer Kompensatorstrukturen f&uuml;r lineare Mehrgr&ouml;ssensysteme mittels CAD.
year : 1991
author 0 : Karl-Peter J&auml;ker

title : Ein ger&auml;teorientiertes Modellierungskonzept mit Ber&uuml;cksichtigung der Fluideigenschaften f&uuml;r die dynamische Simulation in der Hydraulik.
year : 1991
author 0 : J&uuml;rgen Weber 0002

title : Differenzierung von Provokationen und Artefakten in den on-line gemessenen Vitalparametern der Rechnergest&uuml;tzten Intensiv&uuml;berwachung.
year : 1988
author 0 : Thomas Wolf 0003

title : Data and knowledge engineering for medical image and sensor data.
year : 2012
author 0 : Franz Graf 0001

title : Situated production and understanding of verbal references to entities in large-scale space.
year : 2011
author 0 : Hendrik Zender

title : "I-Light" - ein webbasiertes Lernsystem zum Entwerfen mit Licht: Konzipierung und Realisierung eines Prototypen.
year : 2001
author 0 : Stephen Wittkopf

title : Planarity Variants for Directed Graphs.
year : 2021
author 0 : Guido Br&uuml;ckner

title : Beitrag zur Verbesserung des Regelverhaltens eines Dampferzeugers f&uuml;r einen 500 MW-Kraftwerksblock mit Hilfe von Zustandsregelalgorithmen mit Prozesszustands- und St&ouml;rgr&ouml;ssenbeobachter und zur Realisierung durch Mikrorechner.
year : 1984
author 0 : Ulrich F&ouml;rster 0001

title : Evolutionary stability and dynamic stability in generalized "Rock-Scissors-Paper" games.
year : 1989
author 0 : Franz J. Weissing

title : Semantics and verification of statecharts.
year : 2000
author 0 : Erich Mikk

title : FORTH als Systemprogrammiersprache unter besonderer Ber&uuml;cksichtigung logischer Programmierung.
year : 1989
author 0 : Jens Tolkemit

title : Lower bounds on computation time for various models in computational complexity theory.
year : 1987
author 0 : Martin Dietzfelbinger

title : Beschreibung der Verteilung in objektorientierten Systemen.
year : 1992
author 0 : Michael F&auml;ustle

title : Integrated stochastic models for spontaneous speech recognition.
year : 2002
author 0 : Florian Gallwitz

title : Algorithms for the efficient verification and planning of information technology change operations.
year : 2013
author 0 : Sebastian Hagen

title : Ein Standardmodul zur L&ouml;sung kombinatorischer Entscheidungsprobleme der Produktionssteuerung.
year : 1991
author 0 : Erwin Albers

title : Unsupervised Induction of Domain Dependency Graphs - Extracting, Understanding and Visualizing Domain Knowledge.
year : 2019
author 0 : Sarah Kohail

title : Living analytics methods for the social web.
year : 2013
author 0 : Ernesto Diaz-Aviles

title : Systematische Gliederung komplexer technischer Systeme.
year : 1988
author 0 : Wolfgang Berner

title : Ein iteratives Information-Retrieval-Verfahren mit automatischer Suchmechanismenauswahl.
year : 2002
author 0 : Claudia Rolker

title : Wissensbasierte Tagesrhythmenerfassung und -auswertung in ubiquit&auml;ren Umgebungen.
year : 2016
author 0 : Martin Franke

title : Aufbau einer medizinischen Faktenbank f&uuml;r Ausk&uuml;nfte, besonders Diagnostikunterst&uuml;tzung, f&uuml;r das Gebiet Gastroenterologie: Rachen nach Literaturdaten.
year : 1985
author 0 : Anne-Kristina Baumann

title : Program analysis for anomaly detection.
year : 2020
author 0 : Vitalii Avdiienko

title : A retargetable ALDES compiler.
year : 1991
author 0 : G&aacute;bor Simon

title : Federated Enterprise Architecture Model Management : Conceptual Foundations, Collaborative Model Integration, and Software Support.
year : 2014
author 0 : Sascha Roth

title : Data structures and algorithms for the dynamic closest pair problem.
year : 1993
author 0 : Christian Schwarz 0002

title : IT Security in the Age of Digitalization - Toward an Understanding of Risk Perceptions and Protective Behaviors of Private Individuals and Managers in Organizations.
year : 2018
author 0 : Katja Rabea Sonnenschein

title : Risiken des automatisierten Zahlungsverkehrs beim Einsatz von POS (ECS), Geldautomaten und BTX.
year : 1991
author 0 : Carsten Strohdeicher

title : SAHARA - A Structured Approach for Hazard Analysis and Risk Assessments.
year : 2015
author 0 : S&ouml;ren Kemmann

title : Design and evaluation of components for future internet architectures.
year : 2014
author 0 : Dominik Werner Klein

title : Ein Datenmodell f&uuml;r wissenschaftlich-technische Anwendungen.
year : 1988
author 0 : Klaus L&ouml;ffler

title : Entwurfsverfahren f&uuml;r optische Spektralfilter zur Materialanteilssch&auml;tzung.
year : 2021
author 0 : Wolfgang Krippner

title : Die Einf&uuml;hrung der elektronischen Datenverarbeitung in die Kriminalpolizei der Deutschen Demokratischen Republik: Probleme der Gestaltung und der Einsatzvorbereitung des integrierten Elements Kriminalpolizeiliche-Operativ-Statistik und Straftatenvergleich auf der Basis elektronischer Datenverarbeitung als Kernst&uuml;ck des einheitlichen Informations- und Karteisystems in der Kriminalpolizei der Deutschen Demokratischen Republik.
year : 1969
author 0 : Gerhard Splettst&ouml;sser

title : Risks and potentials of graphical and gesture-based authentication for touchscreen mobile devices: balancing usability and security through user-centered analysis and design.
year : 2016
author 0 : Emanuel von Zezschwitz

title : Interdependenz einer systematischen Auswahl von CAD-Systemen und der Bereitstellung eines durchg&auml;ngig rechnergest&uuml;tzten Entwurfsprozesses.
year : 1994
author 0 : Willy D&uuml;ster

title : Specification and verification for real-time coordination protocols of cyber-physical systems.
year : 2017
author 0 : Stefan Dziwok

title : Traffic shaping for contention control in OBS networks.
year : 2010
author 0 : Ahmad Rostami

title : Entwicklung und Erprobung eines Instruments zur Messung informatischer Modellierungskompetenz im fachdidaktischen Kontext.
year : 2013
author 0 : Thomas Rhode

title : Die FIM-Methode zur Konformationsanalyse organischer Molek&uuml;le.
year : 1985
author 0 : Gaby Timmermann

title : PrIME: Primitive Interaction Tasks for Multi-Display Environments.
year : 2011
author 0 : Mahsa Jenabi

title : K&uuml;nstliche neuronale Netzwerke zur adaptiven Ger&auml;uschreduktion f&uuml;r robuste Spracherkennung.
year : 1995
author 0 : Michael Trompf

title : Synthesis of state space generators for model checking microcontroller code.
year : 2015
author 0 : Dominique G&uuml;ckel

title : Erstellung und Erprobung eines Rechnerprogramms zur Infektionskontrolle in der Intensivmedizin.
year : 1988
author 0 : Timm Ahlhelm

title : Eine Programmiersprache mit mengentheoretischen Konstrukten und deren effiziente Implementierung.
year : 1982
author 0 : Josef Grosch

title : Predictable transactional memory architecture for hierarchical mixed-criticality systems.
year : 2017
author 0 : Zaher Owda

title : Ein Algorithmus zur kapazit&auml;tsorientierten Bildung von Losen.
year : 1988
author 0 : Tilmann Greiner

title : State Lattice-based Motion Planning for Autonomous On-Road Driving.
year : 2015
author 0 : Shuiying Wang

title : Divide and conquer: parallele Algorithmen zur L&ouml;sung tridiagonaler Gleichungssysteme.
year : 1991
author 0 : Stefan Bondeli

title : Anlageninformationssystem - Informationsmodell und Erstellungssystematik.
year : 1999
author 0 : Thomas Brandl

title : Zentralisierte oder dezentralisierte integrierte Datenverarbeitung - ein Vergleich am Beispiel eines Unternehmens der Elektronikindustrie.
year : 1981
author 0 : Ludwig Weigand

title : Human pose estimation from monocular images.
year : 2020
author 0 : Bastian Wandt

title : Akzeptanz von Bildschirmtext in Unternehmungen und im Markt: e. empir. Unters. &uuml;ber d. Durchsetzung innovativer Kommunikationstechnologien im institutionellen Bereich.
year : 1986
author 0 : Frank Schubert 0002

title : Konzept und Umsetzung einer modularen, portierbaren Middleware f&uuml;r den automatisierten Test eingebetteter Systeme.
year : 2016
author 0 : Kristian Trenkel

title : Computer integrated manufacturing: Gestaltungsm&ouml;glichkeiten und Strategien.
year : 1992
author 0 : Dietmar B&ouml;nke

title : Ein entscheidungsunterst&uuml;tzendes System zur Bewertung von Forschungs- und Entwicklungsprojekten: ein PC-gest&uuml;tzter Prototyp.
year : 1997
author 0 : Christoph R&ouml;hrle

title : Tr&auml;gersysteme zur Realisierung von Informationssystemen in der Medizin.
year : 1983
author 0 : Vera Spormann

title : Trust is good, control is better: a container based system design scheme: hard and software black-box-IPs: safe and sound.
year : 2019
author 0 : Kenneth Schmitz

title : Konzeption und Realisierung einer PC-basierten Robotersteuerung.
year : 1995
author 0 : Uwe van der Valk

title : Ein haptisches Display zur Simulation der Weichgewebepalpation.
year : 2016
author 0 : Jan Hergenhan

title : Integrated behavior modeling of space-intensive mechatronic systems.
year : 2011
author 0 : Benjamin Hummel

title : Unterteilungsalgorithmen f&uuml;r multivariate Splines, ein geometrischer Zugang.
year : 1984
author 0 : Hartmut Prautzsch

title : A Malware Detection System For Android.
year : 2015
author 0 : Franklin Tchakount&eacute;

title : An extensible and customizable framework for the management and orchestration of emerging software-based networks.
year : 2018
author 0 : Giuseppe Antonio Carella

title : Optimierung der Abdr&uuml;ckgeschwindigkeit von Ablaufanlagen unter Ber&uuml;cksichtigung der Falschlaufwahrscheinlichkeit.
year : 1984
author 0 : Ulrich Neuhof

title : Koordination und Kooperation von Mehrrobotersystemen unter spatialen Nebenbedingungen.
year : 2014
author 0 : Bernd Br&uuml;ggemann

title : Thermisches Verhalten und emuliertes online Temperatur-Monitorsystem (eTMon) f&uuml;r das FPGA-Prototyping von Multiprozessor-Architekturen.
year : 2018
author 0 : Elisabeth Glocker

title : Algorithmen zur Kalibrierung von Finite-Elemente-Simulationsmodellen f&uuml;r Schmiedeprozesse.
year : 1997
author 0 : Norbert Werner

title : Methoden und Modelle zur rechnergest&uuml;tzten Optimierung automatisierter Montageprozesse.
year : 1993
author 0 : Rainer Miksch

title : Wissensbasierte 3D-Analyse von Geb&auml;udeszenen aus mehreren frei gew&auml;hlten Stereofotos.
year : 2003
author 0 : Oliver Grau

title : Empirische Forschung und Expertensysteme: Analyse m&ouml;glicher Wechselwirkungen.
year : 1993
author 0 : Kurt Servatius

title : Monitoring von Multiprozessor- und Multicomputer-Systemen.
year : 1988
author 0 : Norbert Luttenberger

title : Gestaltung von Produktionsplanung und -steuerung bei zunehmender Prozessautomatisierung.
year : 1988
author 0 : Marina B&uuml;rger

title : Stochastische Prozessalgebren mit zeitlosen Aktivit&auml;ten und probabilistischen Verzweigungen.
year : 1996
author 0 : Michael Rettelbach

title : K&uuml;nstliches Themenbewusstsein in nat&uuml;rlichen Dialogen.
year : 2012
author 0 : Alexa Breuing

title : Resource efficient and quality preserving real-time image compression for embedded imaging systems.
year : 2019
author 0 : Zhe Wang 0008

title : Entwurf und Implemenation [Implementation] einer Programmiersprache zur Simulation vernetzter Stoffumwandlungssysteme.
year : 1981
author 0 : Udo Lewandowski

title : Lademanagement f&uuml;r Elektrofahrzeuge.
year : 2017
author 0 : Sarah Detzler

title : Hypermedien im Internet: Nutzung und ausgew&auml;hlte Effekte der Linkgestaltung.
year : 2001
author 0 : Wolfgang Schweiger

title : An Adaptive Index Recommendation System (AIRs) on Document-Based Databases.
year : 2018
author 0 : Parinaz Ameri

title : Untersuchungen zur mentalen Repr&auml;sentation von Bewegungsverben: Merkmale, Dimensionen u. Vorstellungsbilder.
year : 1983
author 0 : Gerhard Weber 0001

title : Property testing in gradbeschr&auml;nkten gerichteten Graphen unter Nichtsichtbarkeit eingehender Kanten.
year : 2013
author 0 : Frank Hellweg

title : Weiterentwicklung von Programmiersprachen f&uuml;r die Numerik unter besonderer Ber&uuml;cksichtigung der Rechengenauigkeit.
year : 1988
author 0 : Michael Metzger

title : Sichere Internetwahlen: Ein rechtswissenschaftlich-informatisches Modell.
year : 2013
author 0 : Katharina Br&auml;unlich

title : Closing the circle of algorithmic and system-centric database optimization: a comprehensive survey on adaptive indexing, data partitioning, and the rewiring of virtual memory.
year : 2016
author 0 : Felix Martin Schuhknecht

title : Ermittlung einer optimalen Prozessf&uuml;hrung f&uuml;r den Druckentlastungsst&ouml;rfall beim Hochtemperaturreaktor.
year : 1985
author 0 : Klaus Friedrich 0002

title : GaAs Komponenten der Integrierten Optik f&uuml;r die externe Modulation in optischen Kommunikationssystemen.
year : 1987
author 0 : Peter Buchmann

title : SQL query log analysis for identifying user interests and query recommendations.
year : 2020
author 0 : Natalia Arzamasova

title : History based batch job scheduling on a network of interactively used workstations.
year : 2000
author 0 : Andreas Wespi

title : Verbesserung der Qualit&auml;t nat&uuml;rlich-sprachlicher Spezifikationen.
year : 2013
author 0 : Nadya Stoyanova

title : Theoretische Aspekte der quantitativen Untersuchung des Proteinturnovers auf der Basis von Isotopenmarkierungsexperimenten.
year : 1982
author 0 : Eckart Winkler

title : Cryptography for the crowd: a study of cryptographic schemes with applications to crowd work.
year : 2019
author 0 : Nils L&ouml;ken

title : Zur Identifikation zeitvarianter Systeme mit linearen Optimalfiltern.
year : 1982
author 0 : Lothar Heuwinkel

title : Multi-document analysis: semantic analysis of large text corpora beyond topic modeling.
year : 2020
author 0 : Tolga Uslu

title : Anwendung von Fehlererkennungsschaltungen zur On-line-Pr&uuml;fung von anwenderspezifischen Schaltungen.
year : 1991
author 0 : Steffen V&ouml;lker

title : Untersuchung zur Gestaltung rechnergest&uuml;tzter Lagerorganisations- und -informationssysteme in sozialistischen Industriebetrieben.
year : 1985
author 0 : Thomas Burkhardt

title : Probleme beim Aufbau von Dialogsystemen Mensch-Kleinrechner und bei deren Anwendung f&uuml;r kleine Aufgaben der Stabstatik.
year : 1979
author 0 : Friedrich Aurisch

title : ADAC system design and its application to mine hunting using SAS imagery.
year : 2012
author 0 : Raquel Fandos

title : Zielorientiertes Monitoring als Br&uuml;cke zwischen Entwicklung und Leistungsbewertung paralleler und verteilter Systeme.
year : 1996
author 0 : Peter Dauphin

title : Reconstruction of surfaces from unorganized three-dimensional point clouds.
year : 2001
author 0 : Robert Mencl

title : Methodik zur mikrorechnergest&uuml;tzten Erarbeitung bauwirtschaftlicher Projektunterlagen im Dialogbetrieb.
year : 1990
author 0 : Dieter Glaner

title : A Content-Oriented Architecture for Publish/Subscribe Systems.
year : 2015
author 0 : Jiachen Chen

title : Vergleichende Untersuchungen zu RISC-Prozessoren am Beispiel MIPS und SPARC.
year : 1994
author 0 : Vasilij M. Suvorov

title : Evolutionsstrategien zur Schaltungspartitionierung.
year : 1992
author 0 : Martin Hulin

title : VLSI-Architekturen f&uuml;r Displacementsch&auml;tzverfahren auf der Basis von Blockmatching-Algorithmen.
year : 1993
author 0 : Thomas Komarek

title : Nicht-photorealistische Visualisierungen: von Bildern zu Animationen.
year : 2001
author 0 : Maic Masuch

title : Future mobile transport protocols: adaptive congestion control for unpredictable cellular networks.
year : 2016
author 0 : Thomas P&ouml;tsch

title : Zur Anwendung von Suchverfahren bei der L&ouml;sung von Polyoptimierungsproblemen in der Verfahrenstechnik.
year : 1986
author 0 : Gerhard Schammler

title : Ergonomische Gestaltung adaptierbarer Mensch-Computer-Interfaces f&uuml;r die Interaktion beim Gehen.
year : 2019
author 0 : Jessica Conradi

title : BubbleStorm: replication, updates, and consistency in rendezvous information systems.
year : 2012
author 0 : Christof Leng

title : Erkennung charakteristischer Grauwert&uuml;berg&auml;nge mit ART-Netzwerken.
year : 1993
author 0 : Michael Berchtold

title : Aussagenlogische dynamische Logik als Programmlogik.
year : 1988
author 0 : Andreas Wilm

title : Modelltests in generalisierten linearen Modellen: Theorie, Implementation, Anwendung.
year : 1991
author 0 : Harald Frost

title : Ein Beitrag zur Erarbeitung von Zuverl&auml;ssigkeitsstrategien in lokalen Rechnernetzen mit optoelektronischer Informations&uuml;bertragung.
year : 1991
author 0 : Carsten Knop

title : Strategische Informationssystemplanung: eine strukturierte Vorgehensweise unter besonderer Ber&uuml;cksichtigung funktionaler Systemanforderungen.
year : 1993
author 0 : J&ouml;rg Puchan

title : Wartenetze unter instation&auml;rem Auftragsfluss.
year : 1989
author 0 : Bernd Knaack

title : Interaction techniques for mid-air pen input in handheld augmented reality.
year : 2021
author 0 : Philipp Wacker

title : Incremental parallel and distributed systems.
year : 2015
author 0 : Pramod Bhatotia

title : A knowledge discovery cycle for monitoring mobile cyber-physical systems.
year : 2015
author 0 : Tino Noack

title : Zur Simulation kontinuierlicher technisch-technologischer und &ouml;konomischer Prozesse als Mittel der Qualifizierung der Entscheidungsvorbereitung, dargestellt an Beispielen aus der Energiewirtschaft.
year : 1985
author 0 : Heinz Hartlepp

title : Enhanced small molecule similarity for quantitative structure-activity relationship modeling and cheminformatics applications.
year : 2013
author 0 : Tobias Girschick

title : Ein Integrationsmodell zur Verkn&uuml;pfung produktionstechnischer Theorien f&uuml;r eine kooperative Gestaltung komplexer CIM-Systeme.
year : 1993
author 0 : Bernd Hamacher

title : Supervised testing of embedded concurrent software.
year : 2021
author 0 : Jasmin Jahic

title : Reducing the Complexity of Heterogeneous Computing: A Unified Approach for Application Development and Runtime Optimization.
year : 2014
author 0 : Mario Kicherer

title : Modellierung navigatorischer Fahrerpr&auml;ferenzen f&uuml;r die personalisierte Routenberechnung.
year : 2016
author 0 : Andreas Landau

title : Ans&auml;tze zur Modellierung informatischer Anforderungen und F&auml;higkeiten von Sch&uuml;lern auf der Basis von Aufgabenmerkmalen.
year : 2015
author 0 : Kirsten Schl&uuml;ter

title : Objektorientierte Modellierung regelungstechnischer Daten.
year : 1999
author 0 : Michael Schlothane

title : Business processes as a concept for systems-analysis and specification.
year : 1995
author 0 : Alfred Aue

title : Schnelle Extraktion und Verifikation von Programmen durch Beweisanalyse.
year : 1985
author 0 : Werner Alexi

title : Ein ingenieurgeologisches Informationssystem, vorgestellt am Beispiel des Stadtgebietes D&uuml;ren.
year : 1997
author 0 : Detlev Neumann

title : Wissensbasierte Systeme in Produktionsplanung und -steuerung: Implementierungs- und Integrationsaspekte, dargestellt an einem Beispiel aus dem Beschaffungsbereich.
year : 1991
author 0 : Frank Blumberg

title : Der Nutzen semantischer Technologien bei Erstellung und Pflege von Rechtstexten am Beispiel von Curricula.
year : 2015
author 0 : Martin Stabauer

title : Ein dynamisches Modell zur visuellen cortikalen Informationsverarbeitung.
year : 1996
author 0 : Christof Born

title : Exploring the spatio-temporal dynamics of lipid rafts and their role in signal transduction: a modeling and simulation approach.
year : 2015
author 0 : Fiete Haack

title : Acquisition, Transmission and Rendering of Objects with Optically Complicated Material Appearance.
year : 2015
author 0 : Christopher Schwartz

title : CAD-CAM-Strategie f&uuml;r die Hochgeschwindigkeits-Bearbeitung.
year : 1990
author 0 : Friedrich Liu

title : Object alignment and detection.
year : 2017
author 0 : Benjamin Drayer

title : Die Mutual Object Machine: ein objektorientiertes Modell zur Parallelverarbeitung.
year : 1994
author 0 : Dietmar Lammers

title : Modellierung syntaktischer Strukturen nat&uuml;rlicher Sprachen mit Hilfe von Graphgrammatiken.
year : 2000
author 0 : Frank B&ouml;rncke

title : Bauwesenspezifische, ablauforientierte Fachsprache zum Entwurf von Steuerungen.
year : 1989
author 0 : Rudolf Schulze

title : Computerbasiertes Erkennen, Erfassen und Dokumentieren von unerw&uuml;nschten Arzneimittelwirkungen.
year : 2003
author 0 : Manfred Criegee-Rieck

title : Modelling the live migration time of virtual machines.
year : 2016
author 0 : Kateryna Rybina

title : Computerunterst&uuml;tzte Chirurgie in der H&uuml;ftendoprothetik.
year : 1999
author 0 : Ralf Petzold

title : Virtual Machine Lifecycle Management in Grid and Cloud Computing.
year : 2015
author 0 : Roland Schwarzkopf

title : Evaluierung softwarebasierter Radiosignalverarbeitung auf general-purpose- und GPU-Prozessorarchitekturen.
year : 2015
author 0 : Lothar H. Stolz

title : Simulation and statistical model-checking of logic-based multi-agent system models.
year : 2016
author 0 : Christian Kroi&szlig;

title : Layout synthesis of analog integrated circuits.
year : 2003
author 0 : Lihong Zhang

title : Erkenntnisse und L&ouml;sungswege zur Heranf&uuml;hrung &auml;lterer Sch&uuml;ler an h&ouml;here Programmiersprachen in Arbeitsgemeinschaften ausserhalb des Unterrichts unter besonderer Ber&uuml;cksichtigung der Programmiersprache FORTH.
year : 1991
author 0 : Uwe Kuckwa

title : Konnektivit&auml;t von Assistenzsystemen: eine vertrags- und datenschutzrechtliche Analyse kollaborativer Softwareagenten im Internet of Things.
year : 2020
author 0 : Bernd Wagner

title : Rethinking Online Discussions.
year : 2020
author 0 : Christian Meter

title : Avoiding and Enforcing Repetitive Structures in Words.
year : 2015
author 0 : Mike M&uuml;ller

title : Ein Beitrag zu Schutzeinrichtungen auf der Basis von Mikrorechnern f&uuml;r den Kurzschlussschutz von Hochspannungsleitungen.
year : 1984
author 0 : Hans-Joachim Herrmann 0001

title : Technologische Planung in einem Testrechenzentrum.
year : 1986
author 0 : Klaus Schulze

title : ORVICO - moderne Methode zum Erfassen, Darstellen und Auswerten von Bewegungsabl&auml;ufen.
year : 1989
author 0 : Roman Dengler

title : Informationstechnik und Abh&auml;ngigkeit: ein Ph&auml;nomen und seine Analyse aus der Individual- und Unternehmensperspektive.
year : 1991
author 0 : Thomas K. Stauffert

title : Contributions to a trace theory beyond Mazurkiewicz traces.
year : 2000
author 0 : Dietrich Kuske

title : Erstellung eines integrierten Systems zur L&ouml;sung partieller Differentialgleichungen auf Vektorrechnern.
year : 1988
author 0 : Ralf-Peter Mayer

title : Lastmodellierung und Zustandsch&auml;tzung als Basis f&uuml;r Planung und Betrieb des Verteilnetzes.
year : 1995
author 0 : David Josef Brunner

title : Structured light for head tracking in radiation therapy.
year : 2016
author 0 : Benjamin Wagner

title : Ein generisches System zur automatischen Detektion, Verfolgung und Wiedererkennung von Personen in Videodaten.
year : 2011
author 0 : Kai J&uuml;ngling

title : Coded caching over realistic and scalable wireless networks.
year : 2020
author 0 : Mozhgan Bayat

title : Reversible and quantum circuits: optimization and complexity analysis.
year : 2015
author 0 : Nabila Abdessaied

title : Simulation von Spurenstoffverteilungen in der Atmosph&auml;re mit Hilfe von ein- und zweidimensionalen Modellrechnungen.
year : 1983
author 0 : Dagmar G&ouml;mer

title : Mathematische Modellierung des station&auml;ren und dynamischen Verhaltens des Lurgi-Druckvergasers unter Ber&uuml;cksichtigung der Kohleschwelung.
year : 1983
author 0 : Wolfgang Mengis

title : Mehrstufige Klassifikation paralinguistischer Eigenschaften aus Sprachsignalen mit Hilfe neuartiger Merkmale.
year : 2011
author 0 : Marko Lugger

title : Die Bedeutung formaler Merkmale f&uuml;r die L&ouml;sung komplexer Probleme.
year : 1991
author 0 : Bernd Strau&szlig;

title : Neuronale Assoziativspeicher im Information Retrieval.
year : 2003
author 0 : Marco Schmidt 0001

title : Modellierung, Realisierung und Validierung eines offenen Managementsystems f&uuml;r agrarmeteorologische Messdaten.
year : 2002
author 0 : Georg Fr&ouml;hlich

title : Gleichgewichtspfade f&uuml;r &Ouml;konomien mit variierenden Daten.
year : 1985
author 0 : Marco Lehmann-Waffenschmidt

title : Der automatisierte Verwaltungsakt: die Verwaltung an der Schwelle von der Automation zur Informations- und Kommunikationstechnik.
year : 1993
author 0 : Ralf-Michael Polomski

title : Entwicklung und Simulation eines Modells zur Steuerung von Lern- und Ged&auml;chtnisprozessen in strukturierten neuronalen Netzen nach dem biologischen Vorbild des Hippokampus.
year : 1990
author 0 : Sabine Werner

title : Fehlererkennung in Datenverarbeitungsanlagen mittels Residuen-Codes.
year : 1988
author 0 : Markus Bayer

title : Mathematische Entscheidungsmodelle als Komponenten von Entscheidungsunterst&uuml;tzungssystemen: e. veranschaulichende Analyse am Beispiel d. math. Teamtheorie.
year : 1987
author 0 : Dieter Zischek

title : Augmented Reality for Augmented Reality.
year : 2016
author 0 : Frieder Pankratz

title : Konzept, Methoden und Werkzeuge f&uuml;r ein universelles Netzmanagement.
year : 1989
author 0 : Walter Gora

title : Dialoggestaltung mit Fenstertechnik.
year : 1990
author 0 : Matthias Grochtmann

title : An interactive approach to localised dose planning for radiotherapy.
year : 2016
author 0 : Tiberiu Viulet

title : Erwerb von Regelwissen mit visuellen Hilfen: das Semantikwissen f&uuml;r eine graphische funktionale Programmiersprache.
year : 1992
author 0 : Olaf Schr&ouml;der

title : Computer-simulierte Laborexperimente als Teil einer Strategie zur Identifikation granularer Materialien.
year : 1982
author 0 : Guido Rettig

title : A light weighted semi-automatically I/O-tuning solution for engineering applications.
year : 2017
author 0 : Xuan Wang 0007

title : Applicable and sound polyhedral optimization of low-level programs.
year : 2018
author 0 : Johannes Doerfert

title : Multimodal automatic user disposition recognition in human-machine interaction.
year : 2013
author 0 : Ronald B&ouml;ck

title : VLSI-Implementierung des Soft-Output-Viterbi-Algorithmus.
year : 1995
author 0 : Olaf J. Joeressen

title : Echtzeitf&auml;hige Ereignisbehandlung mit Hilfe eines mehrf&auml;digen Java-Mikrocontrollers.
year : 2001
author 0 : Jochen Kreuzinger

title : Zur Weiterentwicklung von Rechnungsf&uuml;hrung und Statistik in Kombinaten und Betrieben durch Gestaltung und Nutzung rechnergest&uuml;tzter Auswertungssysteme.
year : 1989
author 0 : Monika Oehler
author 1 : Ines Kuhn

title : Parallelisierung des Viterbi-Decoders: Algorithmus und VLSI-Architektur.
year : 1990
author 0 : Gerhard P. Fettweis

title : Entwicklung einer Methode f&uuml;r Software-Reengineering-Projekte.
year : 1997
author 0 : Horst Kesselmeier

title : Parallel text index construction.
year : 2020
author 0 : Florian Kurpicz

title : Ein Monitor f&uuml;r ein autonomes Daten&uuml;bertragungssystem.
year : 1986
author 0 : Uwe Hinrichsen

title : Expertensysteme zur Analyse strategischer Marketingprobleme: eine explorative Studie der Einsatz- und Entwicklungsm&ouml;glichkeiten.
year : 1990
author 0 : Herbert Jucken

title : Zur Automatisierung der Verkehrsdatenanalyse.
year : 1995
author 0 : Hubert Rehborn

title : Exploiting model morphology for event-based testing.
year : 2014
author 0 : Mutlu Beyazit

title : Detektion seismischer Ereignisse mit einem Prozessrechner.
year : 1985
author 0 : P. Thomas Burghardt

title : Augmented reality tools for digital plant engineering.
year : 2011
author 0 : Pierre Fite Georgel

title : Analysis of Spatially Coupled LDPC Codes on the Binary Erasure Channel.
year : 2016
author 0 : Markus Stinner

title : Offene Systeme als Basis der Integration der Datenverarbeitung bei Unternehmenszusammenschl&uuml;ssen: dargestellt am Beispiel von Allfinanzunternehmen.
year : 1995
author 0 : Rainer Pochlatko

title : Organisations- und Informationssystemgestaltung: theoretische Grundlagen und integrierte Methoden.
year : 1999
author 0 : Rolf Alexander Teubner

title : High-performance approaches to the comprehensive computation and evaluation of signatures in bacterial sequence datasets.
year : 2013
author 0 : Kai Christian Bader

title : Realisierung eines optimierten Feldbussystems und Modellierung mit Petrinetzen.
year : 2003
author 0 : Harald Schrom

title : Efficient error-tolerant search on large text collections = Effiziente fehlertolerante Suche auf gro&szlig;e Datenmengen.
year : 2013
author 0 : Marjan Celikik

title : Der EDV-Einsatz in der operativen Medizin in der Bundesrepublik Deutschland 1989.
year : 1994
author 0 : Ulrich Plewka

title : Semi-supervised Classification of Breast Cancer Expression Profiles Using Neural Networks.
year : 2018
author 0 : Anton G. Moll

title : Modellbildung von GaAs-MESFETs f&uuml;r den rechnergest&uuml;tzten Schaltungsentwurf.
year : 1985
author 0 : Peter Claus

title : In-Vehicle Ambient Light Displays for Advanced Driver Assistant Systems.
year : 2019
author 0 : Andreas L&ouml;cken

title : Generic and adaptive metadata management framework for scientific data repositories.
year : 2018
author 0 : Ajinkya Prabhune

title : Augmenting cross-domain knowledge bases using web tables.
year : 2020
author 0 : Yaser Oulabi

title : Sentiment analysis with limited training data.
year : 2013
author 0 : Lizhen Qu

title : Vielstellige Arithmetik und Numerik in einer objektorientierten Softwareumgebung.
year : 1989
author 0 : Matthias Autrata

title : Multikriterielle Minimierung und Priorisierung von Test-Suiten f&uuml;r Software-Produktlinien.
year : 2017
author 0 : Hauke Baller

title : Ein Beitrag zur Optimierung der Trassenf&uuml;hrung von Fernheiznetzen.
year : 1981
author 0 : Stefan Gn&uuml;chtel

title : Wissensbasierte Analyse und Klassifizierung von Blechteilen.
year : 2020
author 0 : Wolfgang Greska

title : Automatic service discovery and composition for heterogeneous service partners.
year : 2015
author 0 : Zille Huma

title : Unterst&uuml;tzung der Koexistenz von agilen und traditionellen Anforderungsartefakten.
year : 2016
author 0 : Olga Boruszewski

title : Zur kombinativen Norm-Sch&auml;tzung mit Hilfe der L1-, der L2- und der Bo&#353;kovi&#263;-Laplace-Methode mit den Mitteln der linearen Programmierung.
year : 1988
author 0 : Georg Kampmann

title : A Secure and Privacy-Friendly IP-based Emergency Services Architecture.
year : 2019
author 0 : Hannes Tschofenig

title : H&ouml;here Petrinetze als Grundlage f&uuml;r Systemspezifikationen.
year : 1996
author 0 : Daniel Moldt

title : Modular integration of biomedical simulation and medical image computing.
year : 2014
author 0 : Stefan Kislinskiy

title : Optimale und suboptimale Empf&auml;nger f&uuml;r verzerrte und gest&ouml;rte Datensignale unter besonderer Ber&uuml;cksichtigung der aufwandsreduzierten Detektion mittels M-Algorithmus.
year : 1989
author 0 : Wolfgang Sauer-Greff

title : Beitrag zur Leistungsbewertung des Sch&ouml;pfertums des Ingenieurs bei der Entstehung realer und virtueller Maschinen.
year : 1989
author 0 : Bertold Bartoschek

title : Gesellschaftliche Ordnung durch Computerisierung.
year : 1984
author 0 : Johannes Schnepel

title : Ein Beitrag zur Anwendung von Support-Vektor-Maschinen zur robusten nichtlinearen Klassifikation komplexer biologischer Daten.
year : 2017
author 0 : Maria Trommer

title : Types with potential: polynomial resource bounds via automatic amortized analysis.
year : 2011
author 0 : Jan Hoffmann 0002

title : Wissenbasierte Datenvorverarbeitung f&uuml;r die numerische Feldberechnung in einer hochspannungstechnischen CAD-Umgebung.
year : 1990
author 0 : Berthold Schaub

title : Rateless coded cooperative communications for wireless networks = Kooperative Datenkommunikation f&uuml;r drahtlose Netzwerke mittels ratenlosen Codes.
year : 2012
author 0 : Azad Ravanshid

title : Verfahren zur Echtzeit-Gesichtsdetektion in Grauwertbildern.
year : 2003
author 0 : Bernhard Fr&ouml;ba

title : Computerassistierte Auswertung visuell evozierter kortikaler Potentiale bei einigen ophthalmologischen und neurologischen Erkrankungen.
year : 1980
author 0 : Marianne Fry

title : Steigerung der Kosten-Leistungs-Transparenz durch Prozesskostenmanagement in der Industrie.
year : 1996
author 0 : Christian J. Raubach

title : Reservoir computing with output feedback.
year : 2012
author 0 : Ren&eacute; Felix Reinhart

title : Online monitoring and computational steering of massive parallel CFD simulations.
year : 2013
author 0 : Christian Wagner 0010

title : Signalverarbeitung mittels Zellularer Nichtlinearer Netzwerke in der Medizintechnik: Untersuchungen zur Vorhersage epileptischer Anf&auml;lle.
year : 2021
author 0 : Vanessa Senger

title : Effiziente Anfrageauswertung in objektorientierten Datenbanken: Optimierungskonzepte f&uuml;r eine kalk&uuml;lbasierte Sprache.
year : 1994
author 0 : Holger Riedel

title : Analyse und Synthese diskret gesteuerter Systeme mit Petri-Netzen.
year : 1991
author 0 : Werner Seiche

title : Secure Computing with the MPEG RVC Framework.
year : 2012
author 0 : Junaid Jameel Ahmad

title : Autonome Auslegung von internationalem Einheitsrecht: Computersoftware im Wiener Kaufrecht.
year : 1994
author 0 : Frank Diedrich

title : A logic of actions and its application to the development of programmable controllers.
year : 2001
author 0 : Carlo Simon

title : Numerische Behandlung instation&auml;rer Transportvorg&auml;nge.
year : 1978
author 0 : Rainer Schenk

title : Konzeption, Bewertung und Realisierung einer dynamischen Netzwerkkomponente f&uuml;r speichergekoppelte Multiprozessorsysteme.
year : 1992
author 0 : Uwe Hildebrand

title : Wohldefinierte &Uuml;berdeckungsmetriken f&uuml;r den Glass-Box-Test.
year : 2014
author 0 : Rainer Schmidberger

title : Similarity Models in Distributional Semantics using Task Specific Information.
year : 2019
author 0 : Rosa Tsegaye Aga

title : Interaktive Bearbeitung konventioneller Musiknotation.
year : 1991
author 0 : Giovanni M&uuml;ller

title : Interface Layer und Profile f&uuml;r Feldbussysteme sowie deren formale Spezifikation.
year : 1993
author 0 : Christian Diedrich

title : Techniques For Efficient Binary-Level Coverage Analysis.
year : 2021
author 0 : Mohamed Ammar Ben Khadra

title : Energy-Efficient Indoor Localization Based on Wireless Sensor Networks.
year : 2015
author 0 : Jorge Juan Robles

title : A light-weight approach facilitating an evolutionary transition towards software product lines.
year : 2002
author 0 : Dirk Muthig

title : Conceptual design of a statistical data and method system.
year : 1989
author 0 : Reinhard Kox

title : Rechnerische Ermittlung von Betriebsfestigkeitskennwerten f&uuml;r Krantragwerke unter Nutzung der statistischen Versuchsplanung am Beispiel des Haupttr&auml;gers von Br&uuml;ckenkranen.
year : 1987
author 0 : Frank-R&uuml;diger Boos

title : Sensorlose Stabbruchdetektierung in K&auml;figl&auml;ufermaschinen mittels neuronaler Netze.
year : 1997
author 0 : J&uuml;rgen Blattner

title : Eine Methode zur Generierung von CP/M-Betriebssystemen f&uuml;r Ger&auml;tegruppen bestehend aus vielf&auml;ltiger Mikrorechnerhardware.
year : 1988
author 0 : Manfred Krzikalla

title : Elektronisch gest&uuml;tzte Kaufentscheidungen und Beratung: zur Notwendigkeit von Beratung als informationsgleichgewichtsf&ouml;rdernder Koordinationsmechanismus f&uuml;r den elektronischen Vertrieb komplexer Produkte am Beispiel des Tourismus.
year : 2003
author 0 : Stefan Dransmann

title : Virtuell gemeinsamer Speicher schw&auml;cherer Konsistenz und seine Integration in ein Nachrichtensystem.
year : 1995
author 0 : Hubert Ertl

title : Datentransformationen in NoSQL-Datenbanken.
year : 2017
author 0 : Johannes Schildgen

title : Zur Abbildung von Planungsdaten f&uuml;r Einrichtungen des Gesundheitswesens.
year : 1982
author 0 : Lutz Ulrich Xander

title : Voraussetzungen und M&ouml;glichkeiten f&uuml;r eine rechnergest&uuml;tzte Ablauflenkung in den VEB Datenverarbeitungszentrum des Volkseigenen Kombinates Datenverarbeitung unter den Bedingungen des gleichzeitigen Betreibens von Stapel- und Dialogverarbeitung mittels ESER-EDVA.
year : 1986
author 0 : Burghard Zacharias

title : Kombinierte Distanzmasse zur L&ouml;sung von Standardproblemen der Tourenplanung.
year : 1987
author 0 : Werner Esswein

title : UNITUS, ein universelles, umfassendes Test- und &Uuml;berwachungssystem f&uuml;r speicherprogrammierbare Steuerungen (SPS).
year : 1992
author 0 : Rolf Kaspers

title : Classic graph problems made temporal - a parameterized complexity analysis.
year : 2020
author 0 : Hendrik Molter

title : Behavior and confluence analysis of M-adhesive transformation systems using M-functors.
year : 2019
author 0 : Maria Maximova

title : Exploring gamification in digital learning environments: conceptual and empirical foundations for gamification designs.
year : 2020
author 0 : Sofia Sch&ouml;bel

title : A functional pattern system for object-oriented design.
year : 1999
author 0 : Thomas K&uuml;hne 0001

title : A model-based runtime environment for adapting communication systems.
year : 2021
author 0 : Martin Pfannem&uuml;ller

title : Normalization by evaluation.
year : 2002
author 0 : Matthias Eberl

title : Untersuchungen zur methodischen Unterst&uuml;tzung der Datenmodellierung bei der Gestaltung von Datenbanken f&uuml;r &ouml;konomische Anwendungen.
year : 1990
author 0 : Petra Sauer

title : Verteilte Steuerungssysteme im lokalen Netzwerk.
year : 1994
author 0 : Heinrich Linnemann

title : Untersuchungen zur Schwermetallbindung durch Huminstoffe in &Auml;stuarien.
year : 1982
author 0 : Wolfgang Haekel

title : Ein System zur wissensbasierten Diagnose an CNC-Werkzeugmaschinen durch den Maschinenbediener.
year : 1990
author 0 : Klaus-Peter F&auml;hnrich

title : Ein Beitrag zur Optimierung von Signalprozessorarchitekturen f&uuml;r die Quellencodierung von Audiosignalen.
year : 1999
author 0 : Thomas Ziegler 0003

title : Automatische Verlinkung von Testf&auml;llen und Anforderungen: eine wiederverwendungsorientierte Methode.
year : 2015
author 0 : Thomas Noack

title : Aufbau und didaktische Gestaltung eines Praktikums zur Kommunikationstechnik f&uuml;r verschiedene Adressatenkreise an Universit&auml;ten und Fachhochschulen.
year : 1994
author 0 : Frank Gutberlet

title : Zur Implementierung interaktiver Betriebsweisen in joborientierten Wirtssystemen f&uuml;r verschiedene Nutzerklassen.
year : 1981
author 0 : Winfried Kalfa

title : Symmetrien und Erhaltungss&auml;tze nichtlinearer Feldgleichungen: Anwendung der Computer-Algebra.
year : 1989
author 0 : Vladimir Galindo

title : Goal-orientierte Modellierung und ontologische Analyse des organisatorischen Kontextes von Softwareentwicklungsprojekten.
year : 2017
author 0 : Frederik Schulz

title : Highly accurate laser based position estimation and planning in industrial robot applications.
year : 2017
author 0 : J&ouml;rg R&ouml;wek&auml;mper

title : Process migration in a parallel environment.
year : 2016
author 0 : Adrian Reber

title : Informatik und Grossforschung: Geschichte der Gesellschaft f&uuml;r Mathematik und Datenverarbeitung.
year : 1994
author 0 : Josef Wiegand

title : Inference and Model Parameter Learning for Image Labeling by Geometric Assignment.
year : 2020
author 0 : Ruben H&uuml;hnerbein

title : Spieltheoretische Elemente bei der Entscheidungsfindung in der Energiepolitik.
year : 1984
author 0 : Bernd Lutz 0002

title : Die rechnergest&uuml;tzte Entscheidung in der Rechtsanwendung: dargestellt am Beispiel eines Algorithmus zur L&ouml;sung juristischer Sachverhalte auf dem Gebiet der Haushaltversicherung im Dialog Mensch-Computer (Basis Programmsystem JUDI).
year : 1988
author 0 : Dieter Schreier

title : Realistic PHY Modeling for Accurate Wireless Simulations.
year : 2013
author 0 : Mustafa Al-Bado

title : Fusion multivariater Bildserien am Beispiel eines Kamera-Arrays / von Ioana Ghe&#355;a.
year : 2011
author 0 : Ioana Gheta

title : Test Set Optimization for Industrial SRAM Testing.
year : 2013
author 0 : Michael Linder

title : Optimale Finanzplanung von selbstgenutztem Wohneigentum: Anwendung linearer Fuzzy-Programmierungsverfahren.
year : 1997
author 0 : Christian M&ouml;bius

title : Minimal-invasive Neu&uuml;bersetzung von Typen in lang laufenden Systemen.
year : 2011
author 0 : Patrick Schmidt

title : Evolvierend-selbstorganisierende Wirtschaftsinformatik.
year : 1992
author 0 : Kay P. Hradilak

title : Zu Problemen der rechnergesteuerten Daten&uuml;bertragung &uuml;ber Kurzwellenkan&auml;le.
year : 1990
author 0 : Uwe Schulz

title : Konstruktion und Analyse beweisbar sicherer elektronischer Unterschriftenverfahren.
year : 1995
author 0 : Frank Damm

title : Der urheberrechtliche Schutz von Mikrochips.
year : 1993
author 0 : Antje Wippermann

title : Adaptive Kompensation sinusf&ouml;rmiger St&ouml;rungen im Antriebsstrang von Robotern.
year : 2011
author 0 : Sebastian Maier

title : Beitrag zur Theorie zellularer Spiele, ein Spezialfall stochastischer zellularer Systeme.
year : 1984
author 0 : Marina Jugel

title : Information in evolution&auml;ren Algorithmen und bei der Roboternavigation.
year : 1999
author 0 : Clemens P&ouml;tter

title : Syntaktische Relationen in der automatischen Indexierung: zur Relationierung von Deskriptoren am Beispiel juristischer Dokumente.
year : 1983
author 0 : Christine Schneider

title : Strategische Optimierung von Distributionsnetzwerken: Ein Optimierungsmodell und heuristische L&ouml;sungsverfahren zur Planung von Standorten und Absatzgebieten mit approximativer Ber&uuml;cksichtigung der taktischen und operativen Logistikprozesse.
year : 2011
author 0 : Tobias Winkelkotte

title : Molekulardynamische Computersimulation von Chlorwasserstoff in w&auml;ssriger L&ouml;sung.
year : 1997
author 0 : Norbert Laurs

title : Zeit-Petri-Netze.
year : 1989
author 0 : Louchka Popova-Zeugmann

title : Systeme aus vorgefertigten Softwarebausteinen, Entwurfsprinzipien und Realisierungskonzepte.
year : 1982
author 0 : Rainer H&uuml;ber

title : Generic Metadata Handling in Scientific Data Life Cycles.
year : 2016
author 0 : Richard Grunzke

title : Digitale Signaturen in der Praxis: Grundlagen, Sicherheitsfragen und normativer Rahmen.
year : 2003
author 0 : Dominik Gassen

title : Information-theoretic environment modeling for mobile robot localization.
year : 2012
author 0 : Sherine Rady Abdel Ghany Elasmar

title : Modeling the interface between morphology and syntax in data-driven dependency parsing.
year : 2016
author 0 : Wolfgang Seeker

title : Beitrag zur rationellen L&ouml;sung des Biege-Torsions-Problems von beliebig belasteten und vorverformten Einfeldtr&auml;gern mit Gabellagerung und beliebig offenem d&uuml;nnwandigem Querschnitt.
year : 1983
author 0 : Regina Kretzschmar

title : Traffic simulation on distributed memory computers.
year : 1997
author 0 : Marcus Rickert

title : Visual data mining.
year : 2001
author 0 : Mihael Ankerst

title : Behavior of concrete structures subjected to static and dynamic loading after fire exposure.
year : 2021
author 0 : Luka Lackovic

title : Geographie, Raum und geographische Informationssysteme: Notwendigkeit und Entwicklung eines verallgemeinerten Algorithmus zur Verschneidung von Fl&auml;chen.
year : 1999
author 0 : Nils Mevenkamp

title : Der Full-Information-Maximum-Likelihood-Sch&auml;tzwert des linearen &ouml;konometrischen Gleichungssystems.
year : 1982
author 0 : Harald Lindinger

title : Die inhaltlichen Anforderungen und methodischen Schritte zum Aufbau einer rationellen Datenerfassungsorganisation, dargestellt am Beispiel der zweiten Verarbeitungsstufe der Buntmetallurgie.
year : 1984
author 0 : Kerstin Ringel

title : Kostenbehaftete Kommunikation in einem Mobilit&auml;tsdienstleistungssystem.
year : 2003
author 0 : Hans Breckle

title : No-regret learning in wireless networks.
year : 2014
author 0 : Johannes Dams

title : Beitr&auml;ge zur Computersimulation elektronenmikroskopischer Hochaufl&ouml;sungsabbildungen.
year : 1987
author 0 : Reinald Hillebrand

title : Invariant features and enhanced speaker normalization for automatic speech recognition.
year : 2013
author 0 : Florian M&uuml;ller 0002

title : The strategic role of software Customization: managing customization-enabled software product development.
year : 2016
author 0 : Matthias Bertram

title : Entwicklung und Evaluation einer Modellierungssprache f&uuml;r den Architekturentwurf von verteilten Automatisierungsanlagen auf Basis der Systems Modeling Language (SysML).
year : 2014
author 0 : Timo Frank

title : Joint models for information and knowledge extraction.
year : 2017
author 0 : Dat Ba Nguyen

title : Entwurf und Realisierung eines Koppelelements nach dem Prinzip des Asynchronen Transfer-Modus.
year : 1993
author 0 : Rudolf Knorr

title : Metastability-containing circuits, parallel distance problems, and terrain guarding.
year : 2017
author 0 : Stephan Friedrichs

title : Mail infrastructure traffic analyzer: Erkennung kompromittierter E-Mail-Accounts.
year : 2016
author 0 : Carlo Sch&auml;fer

title : Wide area true video-on-demand by a decentralized cache-based distribution infrastructure.
year : 2000
author 0 : Carsten Griwodz

title : Ein Beitrag zum Entwurf nichtlinearer Beobachter.
year : 1994
author 0 : Matthias Boldin

title : Systematic evaluation of non-invasive brain-computer interfaces as assistive devices for persons with severe motor impairment based on a user-centred approach - in controlled settings and independent use.
year : 2015
author 0 : Elisa Mira Holz

title : Quantitative anonymity guarantees for Tor.
year : 2017
author 0 : Sebastian Meiser 0001

title : Bimodal Speech Recognition.
year : 2012
author 0 : Tian Gan

title : Interaktive Bearbeitung von Gel&auml;ndeoberfl&auml;chen: Konzepte, Methoden, Versuche.
year : 1995
author 0 : Hansruedi B&auml;r

title : Human computing and crowdsourcing methods for knowledge acquisition.
year : 2014
author 0 : Sarath Kumar Kondreddi

title : Ein Verfahren zur Verbesserung der Fehlerkorrektur der Kommunikationsschichten des mobilen Fernsehstandards DVB-H.
year : 2014
author 0 : Andreas Mull

title : Glatte Freiformfl&auml;chen und optimierte Unterteilungsalgorithmen.
year : 1999
author 0 : Georg Umlauf

title : Development of a robotic system to design and evaluate dynamic background cues.
year : 2013
author 0 : Sebastian Gieselmann

title : Improving end-to-end quality of service in low-power wireless sensor networks.
year : 2020
author 0 : Peilin Zhang

title : Context sensitive information presentation based on a medical data dictionary = Kontextsensitive Informationspr&auml;sentation auf der Basis eines medizinischen Data dictionary.
year : 1999
author 0 : Wen Ruan

title : Projektierung und &Uuml;berwachung massenm&auml;ssiger Ladungsverteilungen auf Seeschiffen.
year : 1984
author 0 : Andreas von Heine

title : Automatic speaker recognition using neural networks and vector quantization.
year : 1995
author 0 : Woei-Chyang Shieh

title : Das kommunale Informations-System KIS: ein geographisches Informationssystem auf der Basis von Personal Computern.
year : 1990
author 0 : Bernd M. Schmitt

title : Ein Beitrag zur Erh&ouml;hung der Effektivit&auml;t der Technologie und Organisation von Rechenzentren mit ESER-Rechentechnik.
year : 1981
author 0 : Bernd N&auml;ther

title : Ein Beitrag zur systemtheoretischen Bewertung von CCD-Bildaufnahmesystemen.
year : 1993
author 0 : Uwe Schmidt 0004

title : Erzeugung von Zufallszahlen aus der Binomial- und hypergeometrischen Verteilung.
year : 1987
author 0 : Victor M. Santa Cruz

title : Resizing Threats: Developing Methodologies and Techniques for Large-scale Security Analytics.
year : 2020
author 0 : George Davis Webster III

title : Synthese thermischer Trennprozesse am Beispiel der Rektifikation mit Zusatzstoffen.
year : 1996
author 0 : Christian M&ouml;llmann

title : Die Diffusion integrativer Software-Systeme: marketingrelevante Besonderheiten von Software und deren empirische Beschreibung im Rahmen eines Segmentierungsansatzes auf Basis der innerbetrieblichen Diffusion.
year : 1993
author 0 : Georg Roth

title : Distanz- und orientierungsinvariante Extraktion von Konturinformation aus den Kameradaten eines Robot-Vision-Systems.
year : 1995
author 0 : Karl-Otto Kr&auml;uter

title : Wissensbasiertes Konstruieren am Beispiel von Getrieben.
year : 1992
author 0 : Thomas Roser

title : Zur nichtlinear statischen und dynamischen Berechnung gyroskopischer Schalen- und Balkenstrukturen mit der Finite-Element-Methode.
year : 1985
author 0 : Martin Michael Mai

title : Artificial neural networks: methods and applications in spatial data mining.
year : 2013
author 0 : Julian Hagenauer

title : Skalierbare und zuverl&auml;ssige Multicast-Kommunikation im Internet.
year : 1999
author 0 : Marko Schuba

title : Workflow-Skelette: Konzeptionen zur Modellierung und effizienten Ausf&uuml;hrung wissenschaftlicher Workflows.
year : 2014
author 0 : Tino Fleuren

title : Building a semantic search engine with games and crowdsourcing.
year : 2014
author 0 : Christoph Wieser

title : Zur algebraischen Charakterisierung reduzierbarer Flussdiagramme.
year : 1981
author 0 : Hartmut Schmeck

title : Die Quasistabilit&auml;t - ein Beitrag zur Theorie der Prozesssicherung.
year : 1985
author 0 : Axel Schneider

title : Datenqualit&auml;tsmanagement in Data-warehouse-Systemen.
year : 2002
author 0 : Holger Hinrichs

title : Stochastische Zustands&uuml;bergangsmodelle und strategisierte formale Systeme.
year : 1981
author 0 : Dietrich W. Paul

title : Application-Aware Power Management for Interactive Android Applications on HMP Platforms
year : 2019
author 0 : Nadja Heitmann

title : Theoretische Begr&uuml;ndung und praktikable Gestaltung einer Methodik f&uuml;r die zweckm&auml;ssige Zuordnung von EDV-Ger&auml;tetechnik zu betrieblichen Fertigungsbereichen f&uuml;r Betriebe der metallverarbeitenden Industrie.
year : 1983
author 0 : Wilfried Bohr

title : Turbulenzsimulation mit der Kombinationsmethode auf Workstation-Netzen und Parallelrechnern.
year : 1996
author 0 : Walter Huber

title : Wissensbasiertes Leitsystem zur Steuerung flexibler Fertigungsanlagen.
year : 1991
author 0 : Thomas Kupec

title : Ein objektorientiertes Spezifikations- und Verfeinerungsmodell.
year : 1991
author 0 : Christoph Frank

title : Beitr&auml;ge zur L&ouml;sung von Problemen der optimalen Steuerung mit konzentrierten Parametern mittels Verfahren der linearen Optimierung.
year : 1982
author 0 : Renate Simon

title : Beitr&auml;ge zum rechnergest&uuml;tzten Entwurf mikroprogrammierter Steuerwerke auf Registertransferebene.
year : 1993
author 0 : Karsten Laubner

title : Ordnen von Produktinformationen und Grundlagen zu deren standardisierten Darstellung: ein Beitrag zur Entwicklung eines gemeinsamen Produktmodells f&uuml;r die Informationssysteme der Konstruktion.
year : 1992
author 0 : Henning Horstmann

title : Models and algorithms for hybrid networks and hybrid programmable matter.
year : 2021
author 0 : Kristian Hinnenthal

title : Ausgew&auml;hlte wahrscheinlichkeitstheoretische Methoden zur Einsch&auml;tzung der Zuverl&auml;ssigkeit tragender Konstruktionen.
year : 1987
author 0 : Claus Lange

title : Composition and Declassification in Possibilistic Information Flow Security.
year : 2019
author 0 : Thomas Bauerei&szlig;

title : Topologieerhaltung in selbstorganisierenden neuronalen Merkmalskarten.
year : 1996
author 0 : Thomas Villmann

title : Der Middle-Manager als PC-Benutzer: eine explorative Untersuchung der Bestimmungs- und Gestaltungsfaktoren der PC-unterst&uuml;tzten Arbeit von Middle-Managern.
year : 1991
author 0 : Bettina Gehrke

title : Zur Identifikation nichtlinearer Systemmodelle mit wenig A-priori-Informationen.
year : 1995
author 0 : Hagen Reuter

title : Die mathematische Behandlung massenspektrometrischer Daten zur Analyse von Gasgemischen und ihre Anwendung auf Radiolyse-Untersuchungen kerntechnischer Abf&auml;lle.
year : 1982
author 0 : Wolfgang Karl Schorr

title : Transparente Verteilung objektorientierter Programme.
year : 1996
author 0 : Thomas Wolff

title : Experimentelle Simulationen windangeregter dynamischer Muster in hochaufl&ouml;senden numerischen Modellen.
year : 1997
author 0 : Helma Lindow

title : Qualit&auml;t von Datenmodellen.
year : 1996
author 0 : Ronald Maier

title : Experimentelles CAD-System zur Projektierung von Dr&auml;nanlagen.
year : 1987
author 0 : Christine Stapel

title : Einige L&ouml;sungsans&auml;tze zu Problemen der technischen Erkennung durch den Einsatz von Mikroelektronik und Mikrorechentechnik.
year : 1984
author 0 : Karl-Heinz Franke
author 1 : Franz Schmidt

title : Control-bounded converters.
year : 2021
author 0 : Hampus Malmberg

title : Algorithms for Integer Programming and Allocation.
year : 2019
author 0 : Lars Rohwedder

title : A fast platform for interactive e-learning systems.
year : 2014
author 0 : Ondrej Havel

title : Beitrag zur Aktualisierung von Planungsdaten EDV-gest&uuml;tzter Produktionsplanungs- und -steuerungssysteme auf der Basis EDV-maschinell erfasster Betriebsdaten.
year : 1983
author 0 : Thomas Kittel 0002

title : Self-Organized Specialization and Controlled Emergence in Organic Computing Systems.
year : 2011
author 0 : Alexander Scheidler

title : Discrete lattices as a model for Computer Graphics: an evaluation of their dispositions on the plane.
year : 1991
author 0 : Charles Albert W&uuml;thrich

title : Probabilistic quorum systems for dependable distributed data management.
year : 2012
author 0 : Kinga Kiss Iakab

title : Verbreitung und Durchdringung von Business-to-Business-Technologien: interaktive Formulare als alternative Technologie zur Unterst&uuml;tzung des Informationsaustauschs zwischen Unternehmen.
year : 2015
author 0 : Bernhard Schindlbeck

title : Medium access control protocols for energy and delay efficient applications of wireless sensor networks.
year : 2012
author 0 : Pardeep Kumar

title : Einfluss von Nutzermerkmalen auf die Mensch-Computer-Interaktion w&auml;hrend kritischer Interaktionssequenzen.
year : 2018
author 0 : Matthias Haase

title : Theoretische und experimentelle Untersuchungen zur Anwendung des Gunn-Effekts in der Informationsverarbeitung und der Impulstechnik.
year : 1977
author 0 : Rudolf-Joachim Fischer
author 1 : Wolfgang Herrmann

title : Ein geschlossenes nichtlineares Modell zur Simulation des Kurzzeitverhaltens des Kreislaufsystems und seine Anwendung zur Identifikation.
year : 1981
author 0 : Dietmar P. F. M&ouml;ller

title : Der strukturvariante Abwickler assoziativ verkoppelter Programmnetze.
year : 1993
author 0 : Serge Oms

title : Interaktive Filterung gro&szlig;er Volumendaten in der dedizierten Brust-CT.
year : 2013
author 0 : Ronny Hendrych

title : Berechnung der Ausfallwahrscheinlichkeit rissbehafteter Strukturen unter Erm&uuml;dungsbeanspruchung.
year : 1987
author 0 : Jannis Theodoropoulos

title : Segmentierung und Approximation gro&szlig;er Punktwolken.
year : 2002
author 0 : Wilhelm Wilke

title : Identifying and Harnessing Concurrency for Parallel and Distributed Network Simulation.
year : 2016
author 0 : Philipp Andelfinger

title : Development of cooperation between flying robot, ground robot and ground station with fuzzy logic and image processing.
year : 2015
author 0 : Rami Al-Jarrah

title : Deep Learning-based 3D Hand Pose and Shape Estimation from a Single Depth Image: Methods, Datasets and Application.
year : 2020
author 0 : Muhammad Jameel Nawaz Malik

title : GPU-Based Compression for Large-Scale Visualization.
year : 2014
author 0 : Marc Treib

title : Komplexit&auml;tsbetrachtungen rationaler Baum- und Netzmengen.
year : 1981
author 0 : Hans Ulrich Simon

title : Zur Klassifizierung empirischer Funktionen geowissenschaftlicher Daten.
year : 1985
author 0 : Hans-Helmut Poppitz

title : Integrativer Produktentwicklungsarbeitsplatz mit Multimedia- und Breitbandkommunikationstechnik.
year : 1997
author 0 : Thomas Kiesewetter

title : Nachuntersuchung kieferorthop&auml;disch behandelter Patienten mit dem Modell-Messger&auml;t Modellmat und dem Computerprogramm "Modell".
year : 1984
author 0 : Werner Hense

title : Event-driven Software-Architecture for Delay- and Disruption-Tolerant Networking.
year : 2015
author 0 : Johannes Morgenroth

title : Negative Identifizierung anhand des Tippverhaltens bei Verwendung fester und freier Textbestandteile.
year : 2013
author 0 : Sebastian Erdenreich

title : Objektidentifikationssysteme im Mikrowellenbereich.
year : 1996
author 0 : Bernhard Obrist

title : Proving correctness of graph programs relative to recursively nested conditions.
year : 2016
author 0 : Nils Erik Flick

title : Detection of Traffic Initiated by Mobile Malware Targeting Android Devices in 3GPP Networks.
year : 2017
author 0 : Mari&aacute;n K&uuml;hnel

title : Entwurf eines verteilten automatisierten Informationsverarbeitungssystems zur Unterst&uuml;tzung der kommunalen Selbstverwaltung.
year : 1990
author 0 : Horst Kaptur

title : A view based approach to three-dimensional object perception.
year : 2002
author 0 : Gabriele Peters

title : Auftragsleittechnik f&uuml;r Konstruktion und Arbeitsplanung.
year : 1994
author 0 : Michael Lindl

title : Informationstheoretische Aspekte der Behandlung ausgew&auml;hlter stochastischer Prozesse.
year : 1997
author 0 : Kristian Weiland

title : Identifikation von Fuzzy-Modellen und ihre Anwendung zur Regelung nichtlinearer Prozesse.
year : 1998
author 0 : Michael Hanss

title : Ein Beitrag zur Dimensionierung kostenoptimaler Reihenfertigungen mit Hilfe von Bedienungsmodellen.
year : 1982
author 0 : Michael Ritzschke

title : Anwenden von algebraischen Mehrgittermethoden auf das Plazierproblem beim Chipentwurf und auf die numerische Simulation von Str&ouml;mungen.
year : 1997
author 0 : Johann Regler

title : Software-Defined Networking for Real-Time Capable, Reliable and Cost-Efficient Smart Grid Communication Infrastructures.
year : 2018
author 0 : Nils Dorsch

title : Erweiterung kognitiver F&auml;higkeiten in Multiagentensystemen durch Kommunikation, Rollenverteilung und Situationsanalyse.
year : 2011
author 0 : Oliver Zweigle

title : Parallel algorithms on planar graphs.
year : 1988
author 0 : Torben Hagerup

title : Quantitative analysis of precise interrupt mechanisms for out-of-order execution processors.
year : 1999
author 0 : Holger W. Leister

title : Zur Qualit&auml;t von objektstrukturierten Geodaten.
year : 2000
author 0 : Gerhard Joos

title : Ein Beitrag zur Verbesserung der Vorbereitung der Rekonstruktionen von Wohngeb&auml;uden mit Hilfe eines spieltheoretischen Modells, dargestellt an der Erzeugnislinie Dach.
year : 1982
author 0 : Gabriele H&ouml;her

title : &Uuml;ber die Darstellung von CCS-Programmen durch Petrinetze.
year : 1988
author 0 : Ursula Goltz

title : GSM passive coherent location signal processing: impact on system performance.
year : 2016
author 0 : Reda Zemmari

title : ImageNet: ein neues Datennetz f&uuml;r Bildinformationssysteme in der Medizin.
year : 1990
author 0 : Bernd Fasel

title : Ein Modell zur Generierung paralleler Attributauswerter.
year : 1991
author 0 : Eduard Klein

title : A Statically Typed Logic Context Query Language With Parametric Polymorphism and Subtyping.
year : 2012
author 0 : Tobias Rho

title : Beitrag zur Berechnung von St&uuml;tzkonstruktionen aus Bewehrter Erde mit Hilfe der Methode der Finiten Elemente (FEM).
year : 1990
author 0 : Mounzer Omran

title : Suchverfahren zur Ermittlung wiederverwendbarer Anforderungs- und Entwurfsspezifikationen f&uuml;r Prozessautomatisierungssysteme.
year : 1989
author 0 : Joachim Seckler

title : Implementation and simulation aspects of advanced non-binary iterative coding schemes.
year : 2011
author 0 : Timo Lehnigk-Emden

title : Automatic coccolith classification and extraction of morphological features in SEM images.
year : 2000
author 0 : Siegfried Brechner

title : Konzeption und Realisierung multimedialer Kataloge.
year : 1997
author 0 : Thomas Schnieders

title : Demo Engineering: Using Software Theater for Exploratory Projects.
year : 2021
author 0 : Han Xu

title : Entwicklung von Automatiken f&uuml;r Mensch-Maschine-Systeme und Ergebnisse ihres Einsatzes.
year : 2015
author 0 : Nicolas Niestroj

title : Der TFS-Repr&auml;sentationsformalismus und seine Anwendung in der maschinellen Sprachverarbeitung.
year : 1997
author 0 : Martin C. Emele

title : Zum Erwerb grundlegender Begriffe der Analysis unter besonderer Ber&uuml;cksichtigung von Sch&uuml;lerhandlungen und dem Einsatz von Computern im Mathematikunterricht.
year : 1995
author 0 : Andreas Meissner

title : Konnektionismus: zur Modellierung der Sprachproduktion.
year : 1992
author 0 : Ulrich Schade

title : Computational methods for the structural alignment of molecules.
year : 1999
author 0 : Christian Lemmen

title : Matters of Coercion-Resistance in Cryptographic Voting Schemes.
year : 2014
author 0 : Carmen Kempka

title : Channel Switching-Triggered Charging for Pay-TV over IPTV.
year : 2017
author 0 : Tolga Arul

title : Neuronale Netze zur Datenanalyse bei der Suche nach dem Higgs-Boson.
year : 1999
author 0 : G&uuml;nter Mamier

title : Target costing bei der Softwareentwicklung: eine Controlling-Konzeption und instrumentelle Umsetzung f&uuml;r die Anwendungssoftware.
year : 1999
author 0 : Ulrike Baum&ouml;l

title : Virtual eye: Simulation physiologischer Optik im menschlichen Auge.
year : 1999
author 0 : Sina Mostafawy

title : Die Herstellung von registrierenden Allgemeinbibliographien mit Hilfe elektronischer Datenverarbeitung: gesellschaftliche, organisatorische, rechentechnische und methodische Probleme einer Anwendung in der Deutschen Demokratischen Republik.
year : 1975
author 0 : Gottfried Rost
author 1 : G&uuml;nter Tews

title : Untersuchungen zur Stereoauswertung von SPOT-Satellitenaufnahmen mit Hilfe der digitalen Bildverarbeitung.
year : 1994
author 0 : Hariyanto Teguh

title : Ein Ansatz zur Erweiterung von linguistischen E-Learning-Kursen durch dehypertextualisierte Lerninhalte.
year : 2012
author 0 : Tobias Unger

title : Quality-of-Service-Aware Service Selection in Mobile Environments.
year : 2019
author 0 : Michael Mayer

title : Learning nonlinear monotone classifiers using the Choquet Integral.
year : 2014
author 0 : Ali Fallah Tehrani

title : Ein mehrstufiger, dynamischer Planungsansatz f&uuml;r die Mikrosystemfertigung.
year : 1997
author 0 : Marcus Huber

title : Theoretische Grundlagen zur Vervollkommnung der Futterplanung in den sozialistischen Landwirtschaftsbetrieben der DDR unter den Aspekt der Anwendung &ouml;konomisch-mathematischer Verfahren und der EDV.
year : 1982
author 0 : Hanno Frahm
author 1 : Hans-Joachim Sch&ouml;rling

title : Rthreads: ein heterogenes Software-Distributed-Shared-Memory-System mit strukturierten Datenobjekten.
year : 1998
author 0 : Bernd Dreier

title : Technikgenese und -gestaltung als kultureller Prozess: das Beispiel "K&uuml;nstliche Intelligenz".
year : 1999
author 0 : Gertraud Koch

title : Die Weiterentwicklung des Datenbanksystems der Staatlichen Zentralverwaltung f&uuml;r Statistik zu einem verteilten Datenbanksystem.
year : 1988
author 0 : Wolf-Ulrich Nitz

title : Lineare Filterung multivariater verallgemeinerter diskreter schwach station&auml;rer stochastischer Prozesse und schwache Konvergenz nichtnegativ hermitescher Masse.
year : 1983
author 0 : Bernd Fritzsche
author 1 : Bernd Kirstein

title : Artifizielle Intelligenz: zur Wissenssoziologie technischer Artefakte.
year : 1993
author 0 : Michael Schlese

title : Verteilte Simulation der Kommunikationssysteme.
year : 1988
author 0 : Jan J&oacute;zef Werewka

title : Spatial Mapping in virtuellen Umgebungen: Relevanz r&auml;umlicher Informationen f&uuml;r die User Experience und Aufgabenleistung.
year : 2015
author 0 : Daniel Pietschmann

title : Der Einsatz der EDV in der Poliklinik f&uuml;r zahn&auml;rztliche Prothetik der ZMK Mainz.
year : 1987
author 0 : Eckhart Bischofsberger

title : Raum-zeitliche Strukturerfassung von holokinematografisch aufgezeichneten Kavitationsblasenfeldern mit Hilfe der digitalen Bildverarbeitung.
year : 1994
author 0 : Ewald Schmitz

title : Konstruieren im Verbund von Expertensystem, CAD-System, Datenbank und Wiederholteilsuchsystem.
year : 1995
author 0 : Helmut Kaiser

title : Empirische Modelle unter den Bedingungen der realen Arbeitslast.
year : 1988
author 0 : Manfred Dettke

title : Eine objektorientierte Architektur f&uuml;r wissensbasierte Benutzerschnittstellen.
year : 1986
author 0 : Michael Herczeg

title : Efficient calculation of Jacobian matrices by optimized application of the chain rule to computational graphs.
year : 1999
author 0 : Uwe Naumann

title : Ein modellgest&uuml;tztes Instrumentarium als Hilfsmittel der strategischen Planung einer Fabriksegmentierung.
year : 1995
author 0 : Denise Avila de Melo

title : Deep learning of virtual marine sensors.
year : 2018
author 0 : Stefan Oehmcke

title : Sicherungsmassnahmen zur ordnungsgem&auml;ssen Durchf&uuml;hrung maschineller DV-Prozesse.
year : 1981
author 0 : Rolf-Michael Fromme

title : A property checking methodology for weakly programmable system-on-chip IPs (Eine Methode zur Eigenschaftspr&uuml;fung von schwach programmierbaren System-on-Chip IPs).
year : 2014
author 0 : Sacha Loitz

title : Asymptotics of stochastic networks, risk and fluid models in the presence of heavy tails.
year : 1999
author 0 : Sabine Schlegel

title : Task oriented modeling for natural language processing systems.
year : 1993
author 0 : Gudrun Klose

title : Gas Source Localization and Gas Distribution Mapping with a Micro-Drone.
year : 2013
author 0 : Patrick P. Neumann

title : Ein mathematisches Modell zur &Uuml;berpr&uuml;fung gewonnener Messwerte im Hinblick auf die W&auml;rmeabgabef&auml;higkeit von Kohlenstaubflammen.
year : 1986
author 0 : Volker Binder 0001

title : A deconvolution framework with applications in medical and biological imaging.
year : 2012
author 0 : Steffen Remmele

title : Dom&auml;nenspezifische Evaluation und Optimierung von Datenstandards und Infrastrukturen.
year : 2014
author 0 : Tobias Schneider 0001

title : Beitrag zur m,n-Matrixprogrammierung mittels DT-Prozessorelementen als Beispiel paralleler Programmierung in SPS-Systemen: Realisierung eines zus&auml;tzlichen parallelen Bearbeitungskernes f&uuml;r SPS-Systeme mit der M&ouml;glichkeit objektorientierter und adaptiver Programmbearbeitung.
year : 1993
author 0 : Karsten D&uuml;nte

title : Hierarchical broadcasting using multilevel codes = Hierarchischer Rundfunk mittels multilevel Codes.
year : 2003
author 0 : Dietmar Schill

title : High dynamic range imaging: problems of video exposure bracketing, luminance calibration and gloss editing.
year : 2017
author 0 : Yulia Gryaditskaya

title : Betriebsdatengesch&uuml;tztes PPS-Controlling f&uuml;r die durchlaufzeitorientierte Grobplanung bei Einzel- und Kleinserienfertigung.
year : 1997
author 0 : J&ouml;rg Reinhard Schmolling

title : Entwicklung eines Quasi-Expertensystems zur Flugbahn- und Systemoptimierung zuk&uuml;nftiger Raumtransporter.
year : 1994
author 0 : Martin Hillesheimer

title : Zur Simulation des station&auml;ren und quasistation&auml;ren Betriebsverhaltens von elektrischen Energieversorgungssystemen.
year : 1992
author 0 : Uwe Konrad

title : Reasoning on Domain Knowledge and Technical Standards to Support the Development of Safety-Critical Automotive Systems.
year : 2012
author 0 : Henning Jost

title : Reservoir Computing and Self-Organized Neural Hierarchies.
year : 2013
author 0 : Mantas Lukosevicius

title : Conceptual development and quantitative analysis of an availability enhancing middleware for distributed applications.
year : 2002
author 0 : Soufiane Noureddine

title : Methodische Probleme der zweivariaten Korrelationsanalyse, Anwendungsprinzipien und rechentechnische L&ouml;sungen.
year : 1981
author 0 : Klaus Wolf

title : Informationstechnische Grundbildung (ITG) als Bestandteil der Allgemeinbildung am Beispiel der rheinland-pf&auml;lzischen Realschulen.
year : 1991
author 0 : Yu-Hsiu Chou

title : Entwicklung eines Expertensystems zur Beurteilung von Fernsehwerbung.
year : 1992
author 0 : Tania Lorson

title : Ein Expertensystem zur Beurteilung von Explosionsgefahren und zur Auswahl von Explosionsschutzmassnahmen bei staubverarbeitenden Anlagen.
year : 1992
author 0 : Eckart von Haefen

title : Konzeption eines integrierten computergest&uuml;tzten Systems f&uuml;r Entwurf, Implementierung und Test von Software.
year : 1989
author 0 : Rainer Michael Gerkens

title : Beitrag zur Biosignalanalyse in der Sportmedizin f&uuml;r die Verbesserung der Leistungsdiagnostik insbesondere zentralnervaler und sensomotorischer Prozesse.
year : 1986
author 0 : Heiner Schumann

title : Static security analysis of Java applications with an approach based on Design by Contract.
year : 2013
author 0 : Tanveer Mustafa

title : Eine Constraint-basierte Modellierung f&uuml;r geometrische Objekte.
year : 1996
author 0 : Roland Berling

title : Ein wissensbasiertes System zur Konfigurierung von Rohrb&uuml;ndelw&auml;rme&uuml;bertragern.
year : 1995
author 0 : Werner G&ouml;tte

title : Photogrammetrische Punktbestimmung mit Bilddaten digitaler Dreizeilenkameras.
year : 1990
author 0 : Franz M&uuml;ller

title : Balls-into-bins: a paradigm for job allocation, data distribution processes, and routing.
year : 2000
author 0 : Klaus Schr&ouml;der

title : A Distributed Data Processing Perspective on Industrial Real-Time Systems.
year : 2017
author 0 : Thomas Kothmayr

title : Ausgew&auml;hlte Algorithmen der Segmentierung und Klassifikation zur thematischen Bildverarbeitung in der Fernerkundung.
year : 1999
author 0 : Winfried Halle

title : Zur Existenz optimaler Strategien in Markov-Spielen.
year : 1984
author 0 : Heinz-Uwe K&uuml;enle

title : Visuelle Wahrnehmung und Zeichenfunktion: Untersuchung zur Grundlage des Kategorieneffekts bei der Wahrnehmung von Buchstaben und Ziffern.
year : 1984
author 0 : Winfried Mohr

title : Ein dreidimensionales Kalmanfilter f&uuml;r kurze Beobachtungszeiten zur Extrapolation von Flugbahnen.
year : 1984
author 0 : Dieter Urmann

title : Automatic Generation of Models of Microarchitectures.
year : 2020
author 0 : Andreas Abel 0002

title : Rechnergesteuerte Auswertung in der D&uuml;nnschicht-Chromatografie.
year : 1981
author 0 : Eva Geitz

title : Entwurf partitionierter NC-Steuerungen zur Ausf&uuml;hrung auf Multicore-Systemen.
year : 2020
author 0 : Matthias Keinert

title : Strukturanalytische Untersuchungen am Phytobenthos der Kieler Bucht mittels mathematischer Methoden (zum Problem der Anwendung klassischer und moderner Konzepte in der marinen Vegetationskunde).
year : 1983
author 0 : Michael Meyer

title : Advances in Deflection Routing based Network on Chips.
year : 2017
author 0 : Armin Runge

title : Ein Modelchecker f&uuml;r CSP-M.
year : 2012
author 0 : Marc Fontaine

title : Lehren und Lernen in der virtuellen Universit&auml;t: Konzepte, Erfahrungen, Evaluation.
year : 1999
author 0 : Silke Mittrach

title : Analytische Kollisionskontrolle f&uuml;r die NC-Fertigung.
year : 1990
author 0 : Heinrich Trenkel

title : Zur Dekomposition diskreter Strukturen unter besonderer Beachtung der Relationalsysteme.
year : 1985
author 0 : Karl Stra&szlig;ner

title : Optical and morphological image processing = (optische und morphologische Bildverarbeitung).
year : 1995
author 0 : Gary E. Lohmann

title : Computational Contact Mechanics based on Implicit Boundary Representation for Voxel-based Meshes.
year : 2019
author 0 : Alexander Leichner

title : Ein NP-schweres Plazierungsproblem.
year : 1995
author 0 : Erik Schwarzenecker

title : Merkmalsorientierte Objekterkennung und -lokalisation im 3D-Raum aus einem einzelnen 2D-Grauwertbild und Referenzmodellvermessung mit optischen 3D-Sensoren.
year : 1996
author 0 : Dieter Ritter

title : System und Subjekt: Versuch einer Reinterpretation der Begriffe des kybernetischen, selbstorganisierenden und autopoietischen Systems in ihrer Anwendung auf das lebende Individuum an Hand der Genese des Subjektbegriffes in der Hegelschen "Wissenschaft der Logik".
year : 1990
author 0 : Axel Ziemke

title : Wissensbasierte Analyse und automatische Konstruktion von Taxonomien in Zwei-Personen-R&uuml;ckschlagspielen.
year : 1990
author 0 : Hans-J&uuml;rgen Schr&ouml;der

title : Objective linda: a coordination model for object oriented parallel programming.
year : 1997
author 0 : Thilo Kielmann

title : Verfahren zur automatischen Schriftzeichenerkennung.
year : 1986
author 0 : Alois Regl

title : Entwicklung und Verifikation eines modularen Programmsystems zur Berechnung des Langzeitverhaltens von Druckwasserreaktoren.
year : 1984
author 0 : Alfred W&ouml;rner

title : Die mediale Revolution: anthropologische &Uuml;berlegungen zu einer Ethik der Kommunikationstechnik.
year : 1997
author 0 : Gerhard Bachleitner

title : M&ouml;glichkeiten und Grenzen des Einsatzes von Standardanwendersoftware in computergest&uuml;tzten Informationssystemen f&uuml;r die Unternehmensf&uuml;hrung und Controlling.
year : 1992
author 0 : Ute Zietz

title : Parameterbasierte Generierung von Gangmustern f&uuml;r Gehmaschinen.
year : 2003
author 0 : Dirk C. Losch

title : Eine Klassifizierung von Unabh&auml;ngigkeitssystemen.
year : 1981
author 0 : Reinhardt Euler

title : Von Genotyp zu Ph&auml;notyp: Identifizierung von Beziehungen zwischen mikrobiellen Eigenschaften und genetischen Merkmalen.
year : 2017
author 0 : Aaron Weimann

title : Rechnerunterst&uuml;tzte Entwicklung von Dialogprogrammen und ihre Verteilung &uuml;ber ein &ouml;ffentliches Informations- und Kommunikationsmedium.
year : 1983
author 0 : Eberhard Horlacher

title : Android Application Hardening: Attack Surface Reduction and IP Protection Mechanisms.
year : 2020
author 0 : Anatoli Kalysch

title : Objektabh&auml;ngige Kontrolle von lokalen Quantisierungsalgorithmen.
year : 1997
author 0 : Frank Fetthauer

title : Language Support for Programming High-Performance Code.
year : 2017
author 0 : Roland Lei&szlig;a

title : Paralleles und verteiltes Rechnen zur L&ouml;sung komplexer Ingenieurprobleme.
year : 1997
author 0 : Werner Dax

title : Architekturbezogene Qualit&auml;tsmerkmale f&uuml;r die Softwarewartung: Entwurf eines Quellcode basierten Qualit&auml;tsmodells.
year : 2012
author 0 : Meik Te&szlig;mer

title : Methoden und spezielle L&ouml;sungen zur Interface-Steuerung eines Mikrorechners.
year : 1982
author 0 : Bernd-Georg M&uuml;nzer

title : Early detection of mesothelioma through automatic identification of pleural thickenings.
year : 2014
author 0 : Kraisorn Chaisaowong

title : Upper limb motor function in chronic stroke after brain-machine interface training.
year : 2014
author 0 : Marco Rocha Curado

title : Experimenteller Vergleich von Korrelationskriterien in der Bildanalyse.
year : 1993
author 0 : Peter Franz Aschwanden

title : Neue Herleitung und explizite Restabsch&auml;tzung der Riemann-Siegel-Formel.
year : 2015
author 0 : Wolfgang Gabcke

title : OS-level Attacks and Defenses: from Software to Hardware-based Exploits.
year : 2019
author 0 : David Gens

title : GENGED: visual definition of visual languages: based on algebraic graph transformation.
year : 2000
author 0 : Roswitha Bardohl

title : Understanding and manipulating eye height to change the user's experience of perceived space in virtual reality.
year : 2014
author 0 : Markus Leyrer

title : Adaptivit&auml;t und semantische Interoperabilit&auml;t von Manufacturing Execution Systemen (MES).
year : 2012
author 0 : Miriam Schleipen

title : Formal software development using generic development steps.
year : 2000
author 0 : Axel Dold

title : Engineering complex software implementation programmes.
year : 1999
author 0 : Klaus-Clemens Schoo

title : Learning algorithms for feed forward neural networks - design, combination and analysis.
year : 1996
author 0 : Marcus Pfister

title : Extracting and Aggregating Temporal Events from Texts.
year : 2017
author 0 : Lars D&ouml;hling

title : Spezielle Methoden und Algorithmen der diskreten Mono- und Polyoptimierung.
year : 1980
author 0 : Uwe Petersohn

title : Vergleich der M&auml;chtigkeit von Synchronisationsmechanismen.
year : 1981
author 0 : Hans Wilhelm Barz

title : Fehlermeldungen und Hilfestellungen im computerunterst&uuml;tzten Rechtschreibunterricht.
year : 1992
author 0 : J&ouml;rg Diekneite

title : Modularisierte Suche in Theorembeweisern.
year : 1998
author 0 : Joachim Draeger

title : Politics of data: models of preserving, processing, and analysing open source content for human rights research.
year : 2019
author 0 : Jeffrey Deutch

title : Mikroskopische Simulation von Energieverbrauch und Abgasemission im Strassenverkehr (MISEVA).
year : 1985
author 0 : Thomas Benz

title : Algorithmen zum Auffinden l&auml;ngster Kreise in Graphen.
year : 1988
author 0 : Ingo Schiermeyer

title : Automated Patent Categorization and Guided Patent Search using IPC as Inspired by MeSH and PubMed.
year : 2014
author 0 : Daniel Eisinger

title : Shape matching in higher dimensions.
year : 2003
author 0 : Carola Wenk

title : Die Umsetzung der EG-Datenschutzrichtlinie im nicht-&ouml;ffentlichen Bereich: M&ouml;glichkeit einer zukunftsorientierten Konzeption des Datenschutzes in der Privatwirtschaft unter besonderer Ber&uuml;cksichtigung des BDSG.
year : 2003
author 0 : Christoph von Burgsdorff

title : Die Entwicklungsgeschichte h&ouml;herer Programmiersprachen als Korrelationsprozess konstitutiver Faktoren.
year : 1990
author 0 : Christian Objartel

title : Konzepte f&uuml;r Robotersprachen: ein Sprachentwurf.
year : 1989
author 0 : Lothar Geus

title : Bildgest&uuml;tzte 3D-Vermessung von Patienten zur Positionierung f&uuml;r die radiologische Krebstherapie.
year : 2012
author 0 : Boris Peter Selby

title : &Ouml;konomisch-theoretische Grundlagen der Produktionsplanoptimierung.
year : 1981
author 0 : Peter Gr&ouml;ger

title : Entwicklung eines datenbankgest&uuml;tzten Systems zum Management verteilter Werkstoffinformationen.
year : 2003
author 0 : Thomas Fischer 0014

title : Vektorisierung der Mehrzielmethode zur L&ouml;sung von Mehrpunkt-Randwertproblemen und Aufgaben der optimalen Steuerung.
year : 1989
author 0 : Martin Kiehl

title : Akustisch-phonetische Analyse f&uuml;r die automatische Spracherkennung unter Einbeziehung eines artikulatorischen Modells.
year : 1983
author 0 : Bernd Lochschmidt

title : Ber&uuml;cksichtigung viskoplastischen Materialverhaltens in Finite-Elemente-Programmen.
year : 1989
author 0 : Dirk-Michael Sprengel

title : Funktionsnetze: ein auf Bausteinen basierender Ansatz zur Software-Konstruktion.
year : 1988
author 0 : Hartwig Tr&uuml;mner

title : Effizienz universeller Parallelrechner.
year : 1981
author 0 : Friedhelm Meyer auf der Heide

title : Increasing the Robustness of Self-Organizing Systems By Means of Trust Practices.
year : 2017
author 0 : Nizar Msadek

title : Analyse und Bewertung der Einflussgr&ouml;ssen auf die Wirtschaftlichkeit von DNC-Systemen: Entscheidungshilfen f&uuml;r Auslegung u. Betrieb rechnergef&uuml;hrter Fertigungsanlagen.
year : 1982
author 0 : York T&uuml;chelmann

title : Zugversp&auml;tungen und Betriebssteuerung von Stadtschnellbahnen in systemtheoretischer Analyse.
year : 1981
author 0 : Karl Heinz Kraft

title : Erweiterung eines wissenschaftlich-technischen Berechnungs- und Visualisierungssystems zu einer Entwicklungsumgebung f&uuml;r paralelle Applikationen / S. Pawletta.
year : 2000
author 0 : Sven Pawletta

title : N&auml;herungen f&uuml;r die Verzerrung und die Varianz einer Klasse autoregressiver Sch&auml;tzverfahren.
year : 1984
author 0 : Dieter Pross

title : Zur bin&auml;ren Nachrichten&uuml;bertragung auf Kan&auml;len mit rein zeitselektivem, langsamen Rayleigh-Fading.
year : 1991
author 0 : Hans-Peter Widmer

title : Collaboration support for the distributed development of ontologies.
year : 2013
author 0 : Fan Bai

title : Repr&auml;sentation von Molek&uuml;lstrukturen zur computergest&uuml;tzten Behandlung chemischer Reaktionen.
year : 1997
author 0 : Susanne Bauerschmidt

title : Event detection in high throughput social media.
year : 2016
author 0 : Michael Weiler

title : Integration of event processing with service-oriented architectures and business processes.
year : 2014
author 0 : Stefan Appel

title : Entscheidungsorganisation: Versuch e. Integration von Elementen d. Organisation, d. EDV u.d. Rechnungswesens unter wiss.-theoret. Aspekten.
year : 1986
author 0 : Claus Oelkers

title : Electronic servicing: Wirkungsanalyse innovativer I&amp;K-Technologien im Dienstleistungsbereich.
year : 1992
author 0 : Horst K&ouml;rner

title : Modellierung betrieblicher Informationssicherheit: Entwicklung einer gesch&auml;ftsprozessgetriebenen Modellierungsmethodik unter Nutzung eines Referenzmodells.
year : 2012
author 0 : Thomas Reeg

title : Zur Optimierung von Ablaufpl&auml;nen mit Kopplungsbedingungen: (Theorie, Verfahren u. Programm).
year : 1984
author 0 : Irene Crell

title : Speicher- und Auslesestrategien f&uuml;r Datenstr&ouml;me in Video-Servern und deren Analyse mittels Simulation.
year : 2001
author 0 : Christoph Nasko

title : Rekonstruktion von geometrischen 3D-Objekten durch Interpolation von Konturdaten.
year : 1994
author 0 : Arnold Klingert

title : Efficient Machine Learning for Attack Detection.
year : 2019
author 0 : Christian Wressnegger

title : Mathematische Modellierung eines Festbettreaktors f&uuml;r die Fischer-Tropsch-Synthese unter besonderer Ber&uuml;cksichtigung der Methanbildung.
year : 1985
author 0 : Irmgard Sch&ouml;n

title : Raumakustische G&uuml;tekriterien und ihre objektive Bestimmung durch analoge oder digitale Auswertung von Impulsschalltestmessungen.
year : 1979
author 0 : Wolfgang Schmidt 0002

title : Ein Beitrag zur Generierung optimaler Operatoren auf der Basis von RHaar-Funktionen zur Kantenerkennung in Grauwertbildern.
year : 1993
author 0 : Saddek Aissanou

title : 3D scene understanding on point clouds.
year : 2021
author 0 : Francis Engelmann

title : Dynamic information filtering.
year : 2001
author 0 : Patrick Baudisch

title : Die Anwendung numerisch-statistischer Methoden zur Analyse geo- und astrophysikalischer Messreihen.
year : 1983
author 0 : J&uuml;rgen Kurths

title : Untersuchungen zur rechnergest&uuml;tzten Erfassung, Verwaltung und Pr&uuml;fung von Anforderungsspezifikationen und Einsatzbedingungen elektronischer Steuerungs- und Regelungssysteme.
year : 1994
author 0 : J&uuml;rgen Bortolazzi

title : Zum Verh&auml;ltnis von Kultur und Information.
year : 1985
author 0 : Christa Herkt

title : Credibility analysis of textual claims with explainable evidence.
year : 2019
author 0 : Kashyap Popat

title : Systematischer Aufbau von Methodenbanken f&uuml;r die Arbeitsplanung dargestellt am Beispiel der Arbeitsplanerstellung und NC-Programmierung.
year : 1989
author 0 : Otto Andreas Diels

title : Supervised Machine Learning Methods for Item Recommendation.
year : 2012
author 0 : Zeno Gantner

title : Entwicklung eines entscheidungsunterst&uuml;tzenden Informationssystems f&uuml;r die Analytische Chemie.
year : 1989
author 0 : Rainer Wellmann

title : HIRMOS - ein Programmsystem zur interaktiven Layoutsynthese auf der Basis des freien Blockentwurfes.
year : 1990
author 0 : Michael Elgner

title : Routingverfahren mit Ressourcenmanagement f&uuml;r Breitband-ISDN-Systeme.
year : 1996
author 0 : Jens Ulmer

title : Super-Resolution Algorithmen f&uuml;r eine leistungsf&auml;hige Videosignalverarbeitung.
year : 2012
author 0 : Martin Max Richter

title : Simulationsgest&uuml;tzte Landmarkendetektion, Lokalisierung und Modellgenerierung f&uuml;r mobile Systeme.
year : 2018
author 0 : Bjoern Sondermann

title : Ein flexibles Hardwarekonzept f&uuml;r ein Bilderkennungssystem zur Analyse station&auml;rer, durch linien- oder fl&auml;chenhafte Strukturen beschreibbarer Grauwertbilder.
year : 1988
author 0 : Lutz Abe

title : EDV-Management: e. empir. Unters. d. Entwicklung von Anwendungssystemen in dt. Unternehmen.
year : 1986
author 0 : J&uuml;rgen Selig

title : Untersuchungen zur G&uuml;te der Erkennung von Objektkonturen mit Hilfe des Zweikanalverfahrens.
year : 1982
author 0 : Helmut-Werner Mende

title : Modellbasierter Ansatz zur probabilistischen Interpretation von Fahrsituationen.
year : 2014
author 0 : Thomas Schamm

title : Algorithms and Software for the Analysis of Large Complex Networks.
year : 2016
author 0 : Christian L. Staudt

title : Kommunikation in verteilten objektbasierten Systemen.
year : 1992
author 0 : Ra&uacute;l Monge

title : Unified monitoring of spacecrafts.
year : 2015
author 0 : Frank Dannemann

title : Multi-Criteria Optimization of System Integration Testing.
year : 2019
author 0 : Sahar Tahvili

title : Audio event detection, classification, and beyond.
year : 2018
author 0 : Quoc Huy Phan

title : Numerische Behandlung von Lochprojektionen in der Computer-Tomographie.
year : 1985
author 0 : Alexander Bartmann

title : Neue M&ouml;glichkeiten f&uuml;r die Motorsteuerger&auml;te-Software durch Car-to-Cloud-Vernetzung.
year : 2020
author 0 : Lars Hagen

title : &Uuml;ber beschr&auml;nkte Interaktion in der Kommunikationskomplexit&auml;t.
year : 2000
author 0 : Hartmut Klauck

title : Spatial and temporal SAR image information mining.
year : 2014
author 0 : Shiyong Cui

title : Mastering dependencies in multi-language software applications.
year : 2018
author 0 : Hagen Schink

title : Systemkonzept zur anwenderneutralen Pr&uuml;fplanerstellung auf einem Kleinrechner.
year : 1987
author 0 : Ricardo Mecklenburg-Weiss

title : An Orientation &amp; Mobility Aid for People with Visual Impairments.
year : 2020
author 0 : Daniel Koester

title : Uncertainty-based image segmentation with unsupervised mixture models.
year : 2019
author 0 : Thorsten Wilhelm

title : Neuronale Netze zur Modellbildung in der Regelungstechnik.
year : 1999
author 0 : Michael Sturm

title : Micro endoscope based fine manipulation in robotic surgery.
year : 2013
author 0 : Christoph Staub

title : Artistic Path Space Editing of Physically Based Light Transport.
year : 2018
author 0 : Thorsten-Walther Schmidt

title : Information propagation on the web 2.0: two essays on the propagation of user-generated content and how it is affected by social networks.
year : 2012
author 0 : Mark Elsner

title : Robust Structured and Unstructured Low-Rank Approximation on the Grassmannian.
year : 2017
author 0 : Clemens Hage

title : Ein Schrittsteuerungsverfahren f&uuml;r die &auml;nderungsdatengetriebene Auswertung einer Klasse netzf&ouml;rmig beschriebener Berechnungsschemata.
year : 1993
author 0 : Andreas Hagerer

title : Effizienter Einsatz von Multicore-Architekturen in der Steuerungstechnik.
year : 2014
author 0 : J&uuml;rgen Bregenzer

title : Information und Nachrichtenwert im Netz: eine Inhaltsanalyse ausgew&auml;hlter Internet-Publikationen.
year : 2003
author 0 : Thomas Wolf 0006

title : Eigenwahrnehmung der Stimme in auditiven virtuellen Umgebungen.
year : 2001
author 0 : Christoph P&ouml;rschmann

title : Highly area- and energy-efficient QR-decomposition CMOS macros for a wide range of applications.
year : 2017
author 0 : Upasna Vishnoi

title : Themenspezifische Informationssuche im Internet mit Hilfe mobiler Programme.
year : 2000
author 0 : Wolfgang Theilmann

title : Entwurf, Umsetzung und Einf&uuml;hrung rechnerunterst&uuml;tzten Ressourcenmanagements.
year : 1995
author 0 : Christoph Hollemann

title : Registration of historic and modern images in urban rephotography.
year : 2020
author 0 : Ann-Katrin Becker

title : Beitrag zur Theorie der Evolutionsstrategie.
year : 1985
author 0 : Armin Scheel

title : Sampling from discrete distributions and computing Fr&eacute;chet distances.
year : 2015
author 0 : Karl Bringmann

title : Adaptations in Speech Processing.
year : 2021
author 0 : Jue Xu

title : Beitr&auml;ge zur Steuerung des betrieblichen Recyclings unter besonderer Ber&uuml;cksichtigung eines Informationssystems zur Unterst&uuml;tzung von Demontageprozessen.
year : 1995
author 0 : Andrea Scheuerer

title : Wissensbasierte Werkzeuge zur Leistungsoptimierung von Datenbanksystemen.
year : 1992
author 0 : Karol Abramowicz

title : From cyber-utopia to cyber-war: normative change in cyberspace.
year : 2018
author 0 : Matthias Schulze

title : Koordination des Informationsmanagements: eine hypothesenerkundende Einzelfallstudie in der Schweizerischen Mobiliar Versicherungsgesellschaft.
year : 1999
author 0 : Volker Stadler

title : Elastische Wege und nichtlineare Splines im CAGD.
year : 1990
author 0 : Guido Schulze

title : Ein zuverl&auml;ssiges Mehrprozessorsystem f&uuml;r kerntechnische Automatisierungsaufgaben durch Fehlerprophylaxe, Fehlerdiagnose und Fehlertoleranz.
year : 1988
author 0 : Frank M&uuml;ller 0006

title : M&ouml;glichkeiten und Chancen computerunterst&uuml;tzten Lernens in der Sonderschule f&uuml;r Lernbehinderte.
year : 1987
author 0 : Martin Melzer

title : Untersuchungen zur Erstellung wissensbasierter Fehlerdiagnosesysteme f&uuml;r Kreiselpumpen.
year : 1994
author 0 : Stephan Kallweit

title : Konzeption und Entwicklung einer wissensbasierten Konstruktions- und Planungsumgebung.
year : 1989
author 0 : Diethard Struck

title : Entwurf und Architektur betrieblicher Client-Server-Anwendungssysteme.
year : 1997
author 0 : Wolfgang Lang

title : Recompilation von maschinenorientierten Pr&uuml;fprogrammen durch syntax- und attributgesteuerte Translation.
year : 1989
author 0 : Peter Thiel

title : Visual motion processing for active observers.
year : 1996
author 0 : Christoph Herwig

title : Large-Scale Light Field Capture and Reconstruction.
year : 2020
author 0 : Yuan Gao 0008

title : Object Recognition and Saliency Detection for Indoor Robots using RGB-D Sensors.
year : 2016
author 0 : Lixing Jiang

title : Probleml&ouml;sen bei der Programmierung von speicherprogrammierbaren Steuerungen in komplexen automatisierten Systemen.
year : 2016
author 0 : Nico Link

title : Design und Implementierung einer modularisierten Diskrete Elemente Methode Software.
year : 2017
author 0 : Gerhard Stein

title : Objekterkennung und Modellbildung, ein Beitrag zur Modellierung von Prozessen der Leicht- und Lebensmittelindustrie.
year : 1986
author 0 : J&ouml;rg Ettelt

title : Modelling web-based learning ecosystems for aggregation and reuse.
year : 2015
author 0 : Kai Michael H&ouml;ver

title : Aufbau eines Werkst&uuml;ckinformationssystems f&uuml;r die simulationsunterst&uuml;tzte Planung von Bearbeitungsaufgaben.
year : 1995
author 0 : Dieter Trebo

title : Improving Digital Forensics and Incident Analysis in Production Environments by Using Virtual Machine Introspection.
year : 2020
author 0 : Benjamin Taubmann

title : Zur Beschreibung von technischen Objekten aus der Sicht der Anforderungen der rechnerunterst&uuml;tzten Fertigungsplanung.
year : 1987
author 0 : Ingolf Berndt

title : Dynamically Adaptable I/O Semantics for High Performance Computing.
year : 2015
author 0 : Michael Kuhn 0003

title : Advancing Spatial Analytical Database Systems.
year : 2021
author 0 : Varun Pandey

title : Wieviel Information enthalten Helligkeitskanten?: Rekonstruktion von Bildern aus Bildmerkmalen.
year : 1995
author 0 : Uwe Daub

title : Mobile information systems' security, privacy, and environmental sustainability aspects.
year : 2016
author 0 : Kenan Degirmenci

title : Netzweite Lichtsignalsteuerung auf Basis rekurrenter neuronaler Netze.
year : 2012
author 0 : Yining Li

title : Web Engineering mit XML Technologien.
year : 2016
author 0 : Marouane Sayih

title : Synthesisch orientierter Entwurf von Betriebsmitteln mit nichtlinearen Eigenschaften.
year : 2003
author 0 : Guido Bayard

title : Langzeitarchivierung digitaler Objekte: Untersuchungen zur Interoperabilit&auml;t von Metadatenformaten.
year : 2012
author 0 : Susanne Dobratz

title : On determinacy and nondeterminacy in concurrent programming.
year : 1996
author 0 : Uwe Nestmann

title : Tracking von Objektgruppen und ausgedehnten Zielobjekten.
year : 2019
author 0 : Michael Feldmann 0002

title : Engpa&szlig;analyse in offenen Rechnernetzen.
year : 2002
author 0 : Egbert Fridrich

title : LADY (Language for Distributed Systems), Entwurf und Implementierung einer Sprache f&uuml;r verteilte DV-Systeme.
year : 1984
author 0 : Rolf Massar

title : Angepasste Verfahren der drahtlosen Nachrichtentechnik.
year : 1985
author 0 : Reinhard Schiffel

title : Strafbarkeit intelligenten Aussp&auml;hens von programmrelevanten DV-Informationen.
year : 1994
author 0 : J&ouml;rg Binder

title : ColSim - Simulation von Regelungssystemen in aktiven solarthermischen Anlagen.
year : 1999
author 0 : Christof Wittwer

title : Optimale Instandhaltung f&uuml;r Systeme mit modularem Aufbau bei unvollst&auml;ndiger Information.
year : 1988
author 0 : Stefan Schneeberger

title : Multi-layer architecture and system design of internet protocol (IP) and optical networks.
year : 2013
author 0 : Mohit Chamania

title : Heuristische Reaktions-Generierung.
year : 1986
author 0 : Klaus Peter Stadler

title : Formalization of logical calculi in Isabelle/HOL.
year : 2020
author 0 : Mathias Fleury

title : Lokalisierte, station&auml;re Verteilung in neuronalen Feldern: Modellierung experimenteller Befunde zur Planung und Kontrolle zielgerichteter Bewegungen.
year : 1997
author 0 : Wolfram Erlhagen

title : Eine EDV-Konzeption f&uuml;r klinische Befunddokumentationen am PC.
year : 1988
author 0 : Rudolf St&uuml;bner

title : Rechte, Benutzerrollen und Inhaltsversionierung f&uuml;r verteilte Multimedia-Autorensysteme: Konzeption und Realisierung.
year : 2001
author 0 : Michael Liepert

title : Ein kombiniertes zustands- und spurenorientiertes Modell zur Beschreibung konfigurationsver&auml;nderlicher Systeme.
year : 1985
author 0 : Bernhard Karbe

title : Hochtransitive Netze.
year : 1992
author 0 : Oliver Pfaff

title : Predicting the structural effect upon single amino acid exchange.
year : 2012
author 0 : Christian Alexander Sch&auml;fer

title : Anaphora resolution and text retrieval: a linguistic analysis of hypertexts.
year : 2015
author 0 : Helene Schmolz

title : Entwicklung kunstwissenschaftlicher und kunstp&auml;dagogischer Arbeitsplattformen auf der Basis objektorientierter Datenbanken am Beispiel eines Informationssystems zum Kubismus.
year : 1999
author 0 : Ulrich Kuballa

title : Exploring the acceptance of ubiquitous computing-based Information services in brick and mortar retail environments - an integration of UTAUT2 and media system dependency theory.
year : 2018
author 0 : Sara Kheiravar

title : Mehrgitterverfahren f&uuml;r Diffusionsprobleme der Prozesssimulation.
year : 1990
author 0 : Wolfgang Joppich

title : Latent-class statistical relational learning with uncertain formal ontologies.
year : 2010
author 0 : Achim Rettinger

title : Spielbasierte Abstraktion von Markow-Automaten.
year : 2016
author 0 : Bettina Braitling

title : The cooccurrence of linguistic structures.
year : 2019
author 0 : Thomas Proisl

title : Online Social Network Data Placement over Clouds.
year : 2014
author 0 : Lei Jiao

title : Untersuchung der Parameterempfindlichkeit zeitoptimaler Regelkreise mit linearen zeitinvarianten Strecken.
year : 1984
author 0 : Norbert Becker 0001

title : St&ouml;rung und Kontrolle nichtlinearer chemischer Reaktionen.
year : 1997
author 0 : Jonas M&uuml;ller

title : Fehlermodelle und Tests f&uuml;r das Netzwerk der SB-PRAM.
year : 2000
author 0 : Michael Bosch

title : Ein CAQ-System f&uuml;r die Textilpr&uuml;fung.
year : 1989
author 0 : Matthias L&ouml;big

title : Softwarenutzungsvertr&auml;ge im Spannungsfeld von Urheber- und Kartellrecht.
year : 1988
author 0 : J&ouml;rg Schneider 0003

title : Time-optimal control of the bi-steerable robot: a case study in optimal control of nonholonomic systems.
year : 2012
author 0 : Markus Mauder 0002

title : Face Recognition for Great Apes - Identification of Primates in Real-World Environments.
year : 2016
author 0 : Alexander Loos

title : Modelle dynamischer Potentiale im Rahmen der industriellen Ablaufplanung.
year : 1985
author 0 : Gerhard Schuhmacher

title : Untersuchung und Nachweis der Interoperabilit&auml;t von Kommunikationskomponenten: ein Beitrag zur Sicherstellung der offenen Kommunikation in den prozessnahen Bereichen einer automatisierten Fertigung.
year : 1992
author 0 : Peter St&ouml;lben

title : Muster-orientierter Ansatz zur einfacheren Realisierung verteilter Systeme.
year : 2000
author 0 : Diethelm Bienhaus

title : Grid-Based Techniques for Semi-Stochastic Sampling.
year : 2018
author 0 : Abdalla G. M. Ahmed

title : Temporal modeling in relational database systems.
year : 1991
author 0 : Ludger Sch&auml;fers

title : Marktspiele und erreichbare Nutzenmengen.
year : 1982
author 0 : Werner W&uuml;bbels

title : Klassifikationsverfahren mit beschr&auml;nkten Fehlklassifikationswahrscheinlichkeiten.
year : 1983
author 0 : Dieter Schmidtke 0002

title : &Ouml;konomische Aspekte des Einsatzes der Informationstechnik in der Landwirtschaft der DDR.
year : 1990
author 0 : Andreas Ramme

title : Engineering-Methode zur Gestaltung gebrauchstauglicher tangibler Mensch-Maschine-Schnittstellen f&uuml;r Planer und Entwickler von Produktionsassistenzsystemen.
year : 2018
author 0 : Michael W&auml;chter

title : Hybride Steuerung parallel gekoppelter Aktoren am Beispiel des humanoiden Roboters Myon.
year : 2015
author 0 : Torsten Siedel

title : Eine Strategie zur Erh&ouml;hung der Effizienz des Fehlerlokalisierungsprozesses in defekten digitalen Schaltungen.
year : 1994
author 0 : Holger Retz

title : Implementation aspects of binary and non-binary low-density parity-check decoders = Implementierungsaspekte bin&auml;rer und nicht-bin&auml;rer Kanaldecodierer.
year : 2017
author 0 : Philipp Schl&auml;fer

title : Langfristige Planung der Feldesbeaufschlagung und Kapazit&auml;tsentwicklung im Steinkohlentiefbau mit Hilfe eines Branch-and-Bound-Verfahrens.
year : 1984
author 0 : Roland R&uuml;nger

title : The metamodelling language M2L: an approach for seamless language engineering and formal metamodelling.
year : 2012
author 0 : Stefano Merenda

title : Ans&auml;tze zur praxisnahen Schichtenbildung f&uuml;r die Lagerinventur auf Stichprobenbasis: N&auml;herungsverfahren zur Optimierung der Schichtung.
year : 1981
author 0 : Peter Wienhold

title : Bestimmung optimaler Spacings f&uuml;r Sch&auml;tzfunktionen, die auf Ordnungsstatistiken basieren, mit Methoden der dynamischen Optimierung.
year : 1986
author 0 : Harald Benzing

title : Securing Embedded Networks Through Secure Collective Attestation.
year : 2019
author 0 : Ahmad Ibrahim 0002

title : Evaluation der Einf&uuml;hrung eines EDV-Arbeitsplatzes auf das Arbeitsumfeld von Krankenpflegepersonal.
year : 1995
author 0 : Reinhard Kuch

title : Modeling signal transduction pathways and their transcriptional response.
year : 2011
author 0 : Ewa Szczurek

title : Anforderungen, Entwurfsmuster und Systeme f&uuml;r kollaboratives Schreiben.
year : 2011
author 0 : Frank St&uuml;ber

title : Visualization for retrieval of scientific and technical information.
year : 1996
author 0 : Uwe Krohn

title : Analyse und Entwurf von Komponenten der online-Fehlerbehandlung in einem Prozessdatenverarbeitungssystem.
year : 1990
author 0 : Jens Pfordte

title : Referenzmodell zur integrierten Kommunikationsunterst&uuml;tzung von kooperierenden, &ouml;rtlich verteilten Akteuren.
year : 2002
author 0 : Fabian Kempf

title : Presse und Rundfunk im Datenschutzrecht: zur Regelung des journalistischen Umgangs mit personenbezogenen Daten.
year : 1994
author 0 : Wolfgang Wegel

title : Rechnerspezifikation mit Hilfe einer funktionalen Sprache.
year : 1986
author 0 : Siegfried Streitz

title : Ein Beitrag zur Propulsionsprojektierung durch Nachstromanalyse und -prognose f&uuml;r Einschraubenschiffe.
year : 1987
author 0 : Thomas Mehlhorn

title : Rechnergest&uuml;tzte Herstellung, Charakterisierung und Anwendung von D&uuml;nnschicht-Temperatur-Sensoren.
year : 1987
author 0 : Walter Ludescher

title : Informationsmanagement im Rahmen eines ganzheitlichen Konzeptes der Unternehmensf&uuml;hrung.
year : 1992
author 0 : Clemens von Trott zu Solz

title : Detektion von Fahrzeugen in optischen Satellitenbildern.
year : 2011
author 0 : Jens Leitloff

title : Reconstruction, Analysis, and Editing of dynamically deforming 3D-Surfaces.
year : 2017
author 0 : Thomas Neumann 0007

title : Digitalisierungspotentiale des Internet of Things in der Energieversorgung: ein Taxonomie-basierter Lead-User-Ansatz zur Ideenerhebung.
year : 2017
author 0 : Christoph Klima

title : Haptische Objekterkennung mit einer humanoiden Roboterhand.
year : 2012
author 0 : Nicolas Gorges

title : Operations on Graphs, Arrays and Automata.
year : 2018
author 0 : Meenakshi Paramasivan

title : Systematisches Management inhaltsbezogener Informationen in der Entwicklung von Lernsoftware.
year : 2012
author 0 : Ines Gr&uuml;tzner

title : Computergest&uuml;tzte St&ouml;rungsbew&auml;ltigung beim Durchlauf von Produktionsauftr&auml;gen unter besonderer Ber&uuml;cksichtigung wissensbasierter Elemente.
year : 1989
author 0 : Hans Rose

title : Dynamische Steuerungsstrategien f&uuml;r innerbetriebliche Routenzugsysteme.
year : 2021
author 0 : Christian Lieb

title : Ein hierarchisches Modellsystem zur strategischen und operativen Fertigungs- und Investitionsprogrammplanung in der Automobilindustrie.
year : 1985
author 0 : Wolfgang Kozak

title : R&uuml;ckschaltmodelle f&uuml;r Zusammensetzsysteme mit Poisson'schen Inputstr&ouml;men.
year : 1984
author 0 : Wilhelm Warncke

title : Prinzipl&ouml;sung einer rechnergest&uuml;tzten Lagerplatzverwaltung f&uuml;r Plattenwerke.
year : 1991
author 0 : Dirk Hennigs

title : Zustands- und Parameteridentifikation einer Klasse nichtlinearer dynamischer Systeme bekannter Struktur mit Methoden der Quasilinearisierung und der Empfindlichkeit.
year : 1974
author 0 : Hans Fuchs

title : A reference architecture and implementation enabling data protection in distributed eLearning and eScience processes.
year : 2019
author 0 : Marius Politze

title : Optimale Codes.
year : 1981
author 0 : Gudrun Falkner

title : Zur Vermittlung ausgew&auml;hlter Prinzipien der Digitaltechnik und von Methoden ihrer sch&ouml;pferischen Anwendung bei der L&ouml;sung von Informationsverarbeitungsproblemen.
year : 1988
author 0 : Frank Matschinske

title : Detection of Steganography in Images with Statistical Models.
year : 2014
author 0 : Pham Hai Dang Le

title : Softwareentwicklungssystem f&uuml;r EDVA des ESER mit virtueller Speichertechnik.
year : 1987
author 0 : Rainer Fischer

title : Kritische Erfolgsfaktoren des Managements industrieller Software-Technologien.
year : 1995
author 0 : Beat L&uuml;thi

title : Ontology Based Query Expansion - Retrieval Support for the Domain of Educational Research.
year : 2012
author 0 : Carola Carstens

title : Monitoring and managing heterogeneous middleware.
year : 2001
author 0 : G&uuml;nther Rackl

title : Hand Gesture and Pose Recognition using Deep Learning for Hygiene Monitoring.
year : 2019
author 0 : Armin Dietz

title : Aspekte der Aktualisierung und Pflege regelbasierter Systeme.
year : 1989
author 0 : Stefan Schmitgen

title : Sprachentwurf f&uuml;r ein I/O-Subsystem zum inhaltsorientierten Zugriff.
year : 1989
author 0 : Horst Schukat

title : Enhancing Relational Database Systems for Managing Hierarchical Data.
year : 2017
author 0 : Robert Brunel

title : Misbehavior detection and attacker identification in vehicular ad hoc networks.
year : 2014
author 0 : Norbert Bi&szlig;meyer

title : Objektorientierte Modellierung am Beispiel eines Mikrosystems zur Messung von Beschleunigungen.
year : 1995
author 0 : Klaus Georg Lindemann

title : Model-driven optimizations for public sensing systems.
year : 2015
author 0 : Damian Philipp

title : FRM: ein Frame-Repr&auml;sentationsmodell und die formale Beschreibung seiner empirischen Semantik.
year : 1987
author 0 : Ulrich Reimer

title : Zur Verwendung von Antwortmodellen in der quantitativen agrar&ouml;konomischen Analyse.
year : 1984
author 0 : Annerose Jung

title : QoS-aware live IPTV streaming over wireless multi-hop networks.
year : 2012
author 0 : Alireza Abdollahpouri

title : OMD - ein Objektmodell f&uuml;r den Mechatronikentwurf: Anwendung in der objektorientierten Modellbildung mechatronischer Systeme unter Verwendung von Mehrk&ouml;rpersystemformalismen.
year : 1999
author 0 : Martin Hahn 0003

title : Coordination in sensorimotor space: from visuomotor dependencies to object recognition.
year : 2018
author 0 : Stefan Skoruppa

title : Entwicklung eines vielseitigen und robusten Laserscanners f&uuml;r 3D-Modellierung und Exploration mit einem Roboterarm.
year : 2016
author 0 : Simon Kielh&ouml;fer

title : Proaktives Datenqualit&auml;tsmanagement in Data-warehouse-Systemen: Qualit&auml;tsplanung und Qualit&auml;tslenkung.
year : 2002
author 0 : Markus Helfert

title : Stability and Expressiveness of Deep Generative Models.
year : 2020
author 0 : Lars M. Mescheder

title : Polynomielle probabilistische Komplexit&auml;tsklassen.
year : 1983
author 0 : Clemens Lautemann

title : Spezifikation, Semantik und &Uuml;berwachung von Objektlebensl&auml;ufen in Datenbanken.
year : 1988
author 0 : Gunter Saake

title : Information in speech: observations on phase effects in consonant perception.
year : 1997
author 0 : Li Liu 0008

title : Simultaneous Tracking and Shape Estimation of Extended Objects.
year : 2013
author 0 : Marcus Baum

title : Individuelle Arbeitsunterst&uuml;tzung durch Integration dynamischer Klassifikation in objektorientierte Systementwicklung.
year : 1993
author 0 : Udo Bittner

title : Ein Computermodell zur Unterst&uuml;tzung von Messungen zur Elektromigration in Aluminium-Leitbahnen auf integrierten Schaltkreisen.
year : 1991
author 0 : Matthias Scherge

title : Automation of a Portable Heart-Lung Machine and Patient Monitoring with Data Mining Methods.
year : 2014
author 0 : Benedikt Baumgartner

title : Einsatz k&uuml;nstlicher neuronaler Netze zur Identifikation von Ironie im Rahmen der Sentiment-Analyse.
year : 2020
author 0 : Anja Tetzner

title : Secure computations on non-integer values.
year : 2011
author 0 : Martin Franz

title : Die Integration formaler Methoden zur Spezifikation von Informationssystemen.
year : 1999
author 0 : J&ouml;rn Mordau

title : Realisierungsformen f&uuml;r den hierarchischen, modularen Entwurf von digitalen Systemen mit gesteuerten Netzen.
year : 1982
author 0 : Ra&uacute;l Camposano

title : Process identification and control using neural networks and fuzzy logic.
year : 2003
author 0 : Amer Noureldin

title : Kommunikation und Leistung in Projektarbeitsgruppen: eine empirische Untersuchung an Software-Entwicklungsprojekten.
year : 1993
author 0 : Felix C. Brodbeck

title : Lightweight Cryptography on Ultra-Constrained RFID Devices.
year : 2018
author 0 : Matthias Hamann

title : Prototyping verteilter objektorientierter Prozesssteuerungssysteme.
year : 1994
author 0 : Reinhold Pl&ouml;sch

title : Methods and Tools for Management of Distributed Event Processing Applications.
year : 2016
author 0 : Dominik Riemer

title : Zeitverhaltensanalyse serieller Bussysteme mittels Lastmethode.
year : 1990
author 0 : Karsten Fiedler

title : Unified Retrieval in Distributed and Heterogeneous Multimedia Information Systems.
year : 2014
author 0 : Florian Stegmaier

title : User-centered awareness and control of privacy in Ubiquitous Computing.
year : 2015
author 0 : Bastian K&ouml;nings

title : Ein Beitrag zur Mustererkennung (ME) und Musterverarbeitung (MV) von chemischen Strukturformeln auf der Basis des Betriebssystems MS-DOS und UNIX.
year : 1990
author 0 : Ahmed Majed Sijri

title : Ereignisbasierte Rechneranalysesysteme zur Bewertung paralleler und verteilter Systeme.
year : 1992
author 0 : Bernd Mohr

title : CADMOS: Component Driven Graphs als Grundlage von Softwaresystemen zur modellbasierten Systembeobachtung.
year : 2000
author 0 : Jens Reinhardt 0002

title : Richtlinien f&uuml;r die ged&auml;chtnisfreundliche und altersgerechte Gestaltung von Dialogschnittstellen.
year : 1995
author 0 : Andreas Gourmelon

title : Sensor-based human activity recognition: Overcoming issues in a real world setting.
year : 2019
author 0 : Timo Sztyler

title : Quantifizierung von Unsicherheit mit tiefen neuronalen Netzen.
year : 2021
author 0 : Sebastian Kersting

title : Schnelle hierarchische Entwurfsregelpr&uuml;fung von Masken-Layouts integrierter Schaltungen.
year : 1989
author 0 : Walter Leinert

title : Algorithmen zur Steuerung industrieller Abstapelanlagen: Analyse und Optimierung.
year : 1999
author 0 : Jochen Rethmann

title : Adaptierbare ereignisbasierte Middleware f&uuml;r ressourcenbeschr&auml;nkte Systeme.
year : 2011
author 0 : Michael Schulze

title : Ablaufplanung mit Unterst&uuml;tzung durch Expertensysteme.
year : 1994
author 0 : Arne Theodor Berking

title : Graph-based methods for large-scale multilingual knowledge integration.
year : 2011
author 0 : Gerard de Melo

title : Resynthese nat&uuml;rlichsprachlicher &Auml;u&szlig;erungen zur auditiven Verifikation einer prosodischen Etikettierung.
year : 1997
author 0 : J&ouml;rg Reinecke

title : Generierung von Programmoptimierungen mit Graphersetzungssystemen.
year : 1996
author 0 : Uwe A&szlig;mann

title : Normalization of Horn clauses with disequality constraints.
year : 2013
author 0 : Andreas Reu&szlig;

title : Wettbewerbsvorteile durch electronic data interchange (EDI): Analyse betrieblicher Effekte des Einsatzes zur zwischenbetrieblichen Kommunikation zwischen Lieferant und Abnehmer.
year : 1995
author 0 : Hubert Weid

title : Ein Multiagentenansatz zur Steuerung von redundanten Manipulatoren f&uuml;r medizinische Applikationen.
year : 1997
author 0 : Petra Bohner

title : &Uuml;ber die Zwischenbildsynthese aus multiokularen Bildfolgen.
year : 1996
author 0 : Robert Skerjanc

title : Directed search for the verification of communication protocols.
year : 2003
author 0 : Alberto Lluch-Lafuente

title : Model-based improvements for focal transcranial stimulation.
year : 2013
author 0 : Fernando Javier Gasca Buitr&oacute;n

title : Mittel- und kurzfristige Planung des Reparaturprogramms einer Instandsetzungseinheit der Luftwaffe: e. Fallstudie.
year : 1980
author 0 : Michael Feyerabend

title : Beitr&auml;ge zur Steigerung der Wirklichkeitsn&auml;he latenzbehafteter visueller und kin&auml;sthetischer Telepr&auml;senz-Systeme.
year : 2003
author 0 : Hubert Baier

title : Crosscompiler am Beispiel der &Uuml;bersetzung von Fortran nach Ada.
year : 1994
author 0 : Heinz Dobler

title : Grundlagen f&uuml;r eine Neurologische Datenbank.
year : 1993
author 0 : Martin Meyer 0004

title : 3D trajectory extraction from 2D videos for human activity analysis.
year : 2017
author 0 : Zeyd Boukhers

title : Mobile, echtzeitige und bettseitige erweiterte Realit&auml;t in der Chirurgie.
year : 2018
author 0 : Anas Preukschas

title : Zur Anwendung von Geo-Informationssystemen in der Forstwirtschaft.
year : 1989
author 0 : Hubertus Schmidtke

title : Definition of a type system for generic and reflective graph transformations.
year : 2013
author 0 : Elodie Legros

title : Telekommunikationsstrategien f&uuml;r Unternehmen.
year : 1992
author 0 : Thomas Bolliger

title : Query processing in complex modern traffic networks.
year : 2016
author 0 : Gregor Joss&eacute;

title : Entwicklung und Erprobung von Computermodellen zur Modellierung ausgew&auml;hlter technologischer Prozesse der Mikroelektronik.
year : 1985
author 0 : Volker Parsiegla

title : Entwurfsmodell f&uuml;r den physischen Entwurf einer relationalen Datenbank.
year : 1992
author 0 : Hermann Johannes

title : Computational steering of multi-scale biochemical networks.
year : 2013
author 0 : Mostafa Herajy

title : Das Grundrecht auf informationelle Selbstbestimmung anhand der Ausgestaltung des Datenschutzrechts und der Grundrechtsnormen der Landesverfassungen.
year : 1997
author 0 : Elke H&ouml;felmann

title : Leistungsanalyse und Verbesserung von Fehlersicherungsverfahren in Kommunikationsprotokollen.
year : 1987
author 0 : Frank Sausen

title : Optimal depth estimation and extended depth of field from single images by computational imaging using chromatic aberrations.
year : 2013
author 0 : Muhammad Atif

title : Theorie kettenfreier LR-Zerteiler.
year : 1982
author 0 : Lothar Schmitz

title : Werkzeug-basierte Evaluierung der Benutzerfreundlichkeit interaktiver Endger&auml;te mit normativen Benutzermodellen.
year : 2001
author 0 : J&ouml;rg Marrenbach

title : Personenbezogene Informationsverarbeitung im Krankenhaus mit mobilen Informationswerkzeugen.
year : 1996
author 0 : Roland Werner

title : Zur Synchronisation der Betriebsmittelbenutzung in Betriebssystemen.
year : 1980
author 0 : Horst B&ouml;hner

title : Adjusting Sense Representations for Word Sense Disambiguation and Automatic Pun Interpretation.
year : 2016
author 0 : Tristan Miller

title : Region based program specialization: an operational approach to polymorphic offline partial evaluation for ML-like languages.
year : 2002
author 0 : Simon Helsen

title : Echtheitssimulation elastodynamischer Gewebe am Beispiel eines "Virtual-reality"-Trainingsger&auml;ts f&uuml;r die minimal invasive Chirurgie.
year : 2001
author 0 : H&uuml;seyin Kem&acirc;l &Ccedil;akmak

title : Objektorientierte Stromprogrammierung.
year : 2013
author 0 : Frank Otto

title : Stabilit&auml;tsanalyse und Selbsteinstellung von Fuzzy-Reglern.
year : 1999
author 0 : Kai Michels

title : Die Bedeutung der Pressefreiheit f&uuml;r die Ausgestaltung der wettbewerbsrechtlichen und urheberrechtlichen Haftung von Suchdiensten im Internet.
year : 2003
author 0 : Claudia Ziem

title : Automatisierung eines physikalischen Experimentes zur Neutronenstreuung mittels Mikrorechentechnik.
year : 1987
author 0 : Wernfried Schwenkner

title : Efficient and Flexible Partitioned Simulation of Fluid-Structure Interactions.
year : 2015
author 0 : Bernhard Gatzhammer

title : Consumerization: enabling the introduction of IT services for mobile consumer devices.
year : 2017
author 0 : Frank Wei&szlig; 0001

title : Interdisziplin&auml;re Fachdidaktik f&uuml;r Software Engineering - Forschungsbasierte Entwicklung und Evaluation eines anwendungsbezogenen didaktischen Ansatzes.
year : 2016
author 0 : Yvonne Sedelmaier

title : DISKOVER III: optimierte Lagerbest&auml;nde im Mehrproduktfall.
year : 1992
author 0 : Klaus Posten

title : Zielgerichtete Steuerung und systematische &Uuml;berwachung der betrieblichen Datenverarbeitung.
year : 1981
author 0 : Manfred Braun

title : Design and implementation of the parallel functional language Eden.
year : 1998
author 0 : Silvia Breitinger

title : Visual Data Analysis in Device Ecologies.
year : 2021
author 0 : Tom Horak

title : Rasterorientierte Informationssysteme in der Geographie: Konzepte und Erfahrungen bei der Realisierung eines GIS f&uuml;r die Waldschadensforschung.
year : 1989
author 0 : Helmut Saurer

title : Parameter Optimization for Brain-Computer Interfaces based on Visual Evoked Potentials.
year : 2020
author 0 : Felix Gembler

title : Eine Methode zur Verifikation von Pr&auml;dikat/Transitions-Netzen und ihr Vergleich mit dem Hoare-Kalk&uuml;l zur Programmverifikation.
year : 1988
author 0 : Thomas Sch&uuml;bel

title : SeqeS - eine spezialisierte Mikroarchitekturbeschreibungssprache als Kern h&ouml;hersprachiger Mittel im Firmwareentwurfssystem MIPES.
year : 1989
author 0 : Krzysztof Andrijew

title : Parallel computational geometry and clustering methods.
year : 1986
author 0 : Frank Dehne

title : Compressed suffix trees: design, construction, and applications.
year : 2011
author 0 : Simon Gog

title : Parasitic tracking for ubiquitous augmented reality.
year : 2011
author 0 : Manuel J. Huber

title : Zuverl&auml;ssigkeitsuntersuchungen an konsekutiven k-aus-n:F-Systemen: e. Beitr. zur Zuverl&auml;ssigkeitsanalyse komplizierter techn. Systeme.
year : 1988
author 0 : Andreas Kossow

title : Optimieren mit Evolutionsstrategien: Reihenfolgeprobleme, nichtlineare und ganzzahlige Optimierung.
year : 1980
author 0 : Paul Ablay

title : Wissensbasiertes und prozessorientiertes Innovationsmanagement WPIM: Innovationsszenarien, Anforderungen, Modell und Methode, Implementierung und Evaluierung anhand der Innovationsf&auml;higkeit fertigender Unternehmen.
year : 2012
author 0 : Tobias Vogel 0003

title : Runtime integrity framework based on trusted computing.
year : 2012
author 0 : Chun Hui Suen

title : Interoperale Geoinformations- und Simulationsdienste auf Basis internationaler Standards.
year : 2003
author 0 : Andreas Wytzisk

title : Benutzerschnittstellen: Entwurf und Konzeption am Beispiel eines medizinischen Informationssystems.
year : 1995
author 0 : Oliver Boos

title : Building fast and consistent (geo-)replicated systems: from principles to practice.
year : 2016
author 0 : Cheng Li 0001

title : Exploring the Frequency Domain for Perceptually Plausible Material Edits.
year : 2020
author 0 : Marlon Mylo

title : Bridging the Gap between Online Discussions and Formal Models of Argumentation.
year : 2019
author 0 : Daniel Neugebauer

title : Verification of modal properties using Boolean equation systems.
year : 1997
author 0 : Angelika Mader

title : Ein System zur Analyse haptischer Eigenschaften von Benutzerschnittstellen.
year : 2012
author 0 : Daniel Braun 0001

title : Construction and Security Analysis of 0-RTT Protocols.
year : 2020
author 0 : Kai Gellert

title : Einsatz von Risikomanagement bei der Steuerung von Grid-Systemen: eine Analyse von Versicherungen anhand einer simulierten Grid-&Ouml;konomie.
year : 2012
author 0 : Werner Streitberger

title : Netzwerkartige Wertsch&ouml;pfungssysteme: Informations- und Kommunikationssysteme im Beziehungsgeflecht Hersteller-Handel-Serviceanbieter ; mit Fallbeispielen.
year : 1999
author 0 : Stephan-Maria Weber

title : Durchg&auml;ngige Wirkungsorientierung im Entwicklungsprozess von Fahrzeugfunktionen.
year : 2019
author 0 : Torsten Ronneberger

title : Unterst&uuml;tzung f&uuml;r Objektsammlungen in statisch getypten objektorientierten Programmiersprachen.
year : 2000
author 0 : Gisela Menger

title : Verfahren zur Automatisierung der visuellen Oberfl&auml;cheninspektion mit Hilfe der Bildverarbeitung.
year : 1997
author 0 : Michael Fu&szlig;

title : Die Bearbeitung von Beschwerden mithilfe von Workflow-Management-Systemen: Planung, Administration, Disposition und Kontrolle.
year : 2003
author 0 : Reimer Studt

title : Algebraic decoder specification: coupling formal-language theory and statistical machine translation.
year : 2015
author 0 : Matthias B&uuml;chse

title : Automatisierung wissenschaftlicher Experimente mit Mikrorechnern der Familie K 1600.
year : 1984
author 0 : Joachim Richter

title : Objektorientierte Spezifikation hybrider Systeme.
year : 1997
author 0 : Viktor Friesen

title : Ferroelektrische Polymere als m&ouml;gliche Datenspeicher: Elektronenstrahlpolung u. Abb. gepolter Bereiche in PVDF u. VDF/TrFE-Kopolymeren mit d. Rasterelektronenmikroskop.
year : 1988
author 0 : Doris Schilling

title : Organisation kommunaler ADV: Strukturen, Aufgabenerf&uuml;llung, Mitarbeitergerechtigkeit am Beispiel Niedersachsens u. Schleswig-Holsteins.
year : 1985
author 0 : Harald Neumann

title : Rechtsfragen des Austausches und des Schutzes von Computersoftware: eine Untersuchung unter Einschluss von Eigentums- und Fondsrechten an Software nach dem Recht der DDR.
year : 1988
author 0 : Klaus F&ouml;rster

title : &Uuml;ber die Leistungsf&auml;higkeit von Software-Strukturen mit dezentraler Modulselektion.
year : 1990
author 0 : Michael Ludvik

title : Zur Decodierung algebraischer Blockcodes &uuml;ber komplexen Alphabeten.
year : 1989
author 0 : Werner Henkel

title : Informationssystem f&uuml;r die strategische Marketingplanung in Detailhandelsunternehmen.
year : 1994
author 0 : Johann Schlieper

title : Parallelisierte Algorithmen f&uuml;r die MR-Bildgebung.
year : 2018
author 0 : Jan-Gerd Tenberge

title : Dialog-Based Online Argumentation.
year : 2018
author 0 : Tobias Krauthoff

title : Learning representations from motion trajectories: analysis and applications to robot planning and control.
year : 2012
author 0 : Nikolay Jetchev

title : Optimierung und Analyse von Fachwerkstrukturen durch neuronale Netze.
year : 2001
author 0 : J&uuml;rgen Streng

title : Analysis of Metallic Nanostructures by a Discontinuous Galerkin Time-Domain Maxwell Solver on Graphics Processing Units.
year : 2012
author 0 : Richard Timothy Helmut Diehl

title : Ablaufsteuerung von Montagefertigungen: heurist. Reihenfolgeplanung vergierender Auftragsstrukturen mittels Priorit&auml;tsregeln ; computergest&uuml;tzte Simulationsstudien d. Werkstattfertigung.
year : 1984
author 0 : Peer Biendl

title : Logische Modellierung von Datenbasen f&uuml;r rechnergest&uuml;tzte Informationssysteme.
year : 1988
author 0 : Lutz Kohl 0002

title : Ein automatisches Morphsegmentierungsverfahren f&uuml;r deutsche Wortformen.
year : 1991
author 0 : Hagen Langer

title : Computerunterst&uuml;tzte Polarographie am Beispiel der kinetischen Untersuchung von 2,2'-Bipyridin-Systemen und bei der Kobalt-Bestimmung als Bipyridin-Rhodanid-Komplex.
year : 1985
author 0 : Harald Kavel

title : Entwicklung eines hierarchisch strukturierten Expertensystems zur konstruktiven Auslegung von Druckbeh&auml;ltern.
year : 1990
author 0 : Karl-Heinz Koop

title : Zweckbindung als Kernpunkt eines prozeduralen Datenschutzansatzes: das Zweckproblem aus theoretischer und praktischer Sicht.
year : 1991
author 0 : Bernhard Hoffmann

title : Realisierung und Erprobung eines Verfahrens der Aufgliederung und Harmonisierung komplexer Ablaufplan-Systeme.
year : 1985
author 0 : Shizhao Ding

title : Transparent object reconstruction and registration confidence measures for 3D point clouds based on data inconsistency and viewpoint analysis.
year : 2017
author 0 : Sven Albrecht

title : Spezifikation und Generierung von &Uuml;bersetzern f&uuml;r Graph-Sprachen durch attributierte Graph-Grammatiken.
year : 1987
author 0 : Alois Sch&uuml;tte

title : A Deep Orthographic Modelling Environment / Christian Vjekoslav Tunji&#263;.
year : 2021
author 0 : Christian Vjekoslav Tunjic

title : People centered HMI's for deaf and functionally illiterate users.
year : 2014
author 0 : Nadeem Ahmad

title : Kooperatives, adaptives Ressourcen-Management in ATM-Netzwerken.
year : 1995
author 0 : J&uuml;rgen R&ouml;thig

title : Mustererkennung bei Oberfl&auml;chenelektromyogrammen und deren Einsatz in der neurologischen Diagnostik.
year : 1991
author 0 : Michael Bacher

title : Die ADFT und ein schneller Algorithmus zur Multiplikation ganzer komplexer Zahlen.
year : 1990
author 0 : Walter Maisel

title : Proze&szlig;datengest&uuml;tzte Modellbildung des Banddickenprofils beim D&uuml;nnbandgie&szlig;en nach dem Zweirollenverfahren.
year : 1997
author 0 : Ulrich Albrecht-Fr&uuml;h

title : Self-organizing multiagent negotiations: cooperation and competition of concurrently acting agents with limited knowledge.
year : 2015
author 0 : Jan Ole Berndt

title : Design of Multiuser Multiantenna Wireless Communication Systems.
year : 2014
author 0 : Mario Hern&aacute;n Casta&ntilde;eda Garc&iacute;a

title : Integrating Sensing, Localization and Visualization in the Robot Control Loop.
year : 2012
author 0 : Timo Schairer

title : Compositional stability verification of hybrid systems.
year : 2013
author 0 : Corina Mitrohin

title : Modellbildung und Simulation mit hybriden h&ouml;heren Netzen.
year : 1998
author 0 : Ralf Wieting

title : FPGA-Based System Virtual Machines.
year : 2014
author 0 : Marcel Eckert

title : Auskunft aus Dateien der Sicherheits- und Strafverfolgungsorgane.
year : 1994
author 0 : Helmut Mayer-Metzner

title : Maschine und Denken: Beitr&auml;ge zur Grundlegung einer Didaktik der Informatik.
year : 1991
author 0 : Rainer Mantz

title : Durchschnittskosten in semiregenerativen Entscheidungsmodellen.
year : 1981
author 0 : Hans Deppe

title : &Uuml;ber die Beschreibung und Umsetzung von Busprotokollen: ein Protokoll-Compiler f&uuml;r Bussysteme.
year : 1994
author 0 : Erwin M. Thurner

title : EDV-gest&uuml;tzte Arztbericht-Schreibung im Krankenhaus.
year : 1985
author 0 : Eduard Huppertz

title : Computational methods for the analysis of mass spectrometry imaging data.
year : 2018
author 0 : Purva Kulkarni

title : Trajektorienverfahren zur L&ouml;sung nichtlinearer Optimierungsaufgaben.
year : 1987
author 0 : Juan Manuel Otero Pereira

title : Methodologies for solving Satellite Remote Sensing Problems using Neuro Computing Techniques.
year : 2013
author 0 : Diego Guillermo Loyola Rodriguez

title : Beitr&auml;ge zur Rechnerunterst&uuml;tzung bei der Entwicklung von Spritzgiesswerkzeugen = contributions for computer aided development of injection moulds.
year : 1991
author 0 : Siegfried Groth

title : Planerische Optimierung paketvermittelnder Fernnetze.
year : 1993
author 0 : Zhigang Zhang

title : Realisierung von Makro-Datenflussmechanismen auf hierarchischen Mehrrechnersystemen.
year : 1982
author 0 : Franz Knei&szlig;l

title : Off-line cursive handwritten word recognition using hidden Markov models and multiple classifier combination.
year : 2003
author 0 : Wenwei Wang

title : Lineare Codes &uuml;ber Restklassenringen ganzer Zahlen und ihre Automorphismen bez&uuml;glich einer verallgemeinerten Hamming-Metrik.
year : 1995
author 0 : Ioana Constantinescu

title : Monokulare Blickrichtungssch&auml;tzung zur ber&uuml;hrungslosen Mensch-Maschine-Interaktion.
year : 2019
author 0 : Sebastian Vater

title : Effiziente und robuste, feature-basierte Wiedererkennung langer Zeitreihen in gro&szlig;en Datenbanken.
year : 2014
author 0 : Egor Dranischnikow

title : Design and implementation of a brain computer interface system.
year : 2015
author 0 : Bastian Venthur

title : Entwurf von Applikations-spezifischen Speicherbauelementen f&uuml;r die Bewegungssch&auml;tzung.
year : 1993
author 0 : Peter Schiefer

title : Validisierung eines prognostischen Indexes zur rechnergest&uuml;tzten Diagnose des akuten Myokardinfarktes in der Fr&uuml;hphase.
year : 1995
author 0 : Ursula Kiesenbauer

title : Ein dienstorientiertes Abrechnungsmodell f&uuml;r Wertsch&ouml;pfungsnetze: Entwurf, Entwicklung und Prototyp.
year : 2012
author 0 : Tobias Pontz

title : Virtuelle verteilte Objekte: eine Gruppenarchitektur f&uuml;r verteilte Systeme.
year : 1994
author 0 : Ingo Fenske

title : Modeling modality selection in multimodal human-computer interaction: extending automated usability evaluation tools for multimodal input.
year : 2016
author 0 : Stefan Schaffer

title : Punktierte Faltungscodes und trelliscodierte Modulation mit ungleichf&ouml;rmigem Fehlerschutz.
year : 1997
author 0 : Hui Li 0021

title : Distributed RDF Querying on Hadoop.
year : 2017
author 0 : Alexander Sch&auml;tzle

title : Visualisierung und Adaption: Techniken zur Verbesserung der Interaktion mit hierarchisch strukturierter Information.
year : 1997
author 0 : Stephan Roppel

title : Benutzerfreundlichkeit durch Objektorientierung und k&uuml;nstliche Intelligenz.
year : 1992
author 0 : Patrik Gisel

title : Gestaltung und Analyse von funktionsgeteilten Mehrprozessorsystemen auf der Basis des Mikrorechners K 1520.
year : 1985
author 0 : Rosemarie Woitaske

title : Empirische Untersuchung der Unterst&uuml;tzung unterschiedlicher kognitiver Stile in einer multimedialen Lernsoftware f&uuml;r Computer-assisted Language Learning CALL.
year : 1995
author 0 : Jan L. Plass

title : Zeitliche Korrelationen in stochastischen Netzwerken 'spikender' Neurone.
year : 1997
author 0 : Carsten Meyer

title : RelCAD: a relational CAD system with contraint based geometric modelling.
year : 1995
author 0 : Chun Du

title : The architecture of high performance processors and their applicability to parallel systems.
year : 1995
author 0 : Ulrich Br&uuml;ning 0002

title : Term completion versus algebraic completion.
year : 1991
author 0 : Reinhard B&uuml;ndgen

title : Lernen der L&ouml;sung der Bellman-Gleichung durch Beobachtung von kontinuierlichen Prozessen.
year : 1996
author 0 : Stephan Pareigis

title : Inklusion und Separation von Polynomial- und Exponentialzeitklassen bei Relativierungen.
year : 1989
author 0 : Gerhard Lischke

title : Konstruktionswissenschaftliche Grundlagen des rechnergest&uuml;tzten konstruktiven Entwicklungsprozesses f&uuml;r das technische Modell.
year : 1988
author 0 : Andreas Basteck

title : Automatische Segmentierung und Etikettierung von Spontansprache.
year : 1999
author 0 : Andreas Kipp 0001

title : Entwurf einer Datentypenarchitektur.
year : 1982
author 0 : Reinhold G&uuml;th

title : Neugestaltung der Unternehmensplanung mit Hilfe eines prozessorientierten Planungsinformationssystems.
year : 1997
author 0 : Katarina Stanoevska-Slabeva

title : Strategisches Investitionscontrolling bezogen auf Schl&uuml;sseltechnologien der Informationstechnik in Industrieunternehmen.
year : 1994
author 0 : Christian Huege

title : Optimization in Inter-Cloud Markets.
year : 2017
author 0 : Olga Wenge

title : Konzeption und Realisierung einer visuellen Modellierungssprache f&uuml;r Endanwender zur generischen Anpassung des dynamischen Verhaltens von Softwaresystemen.
year : 2016
author 0 : Jakob Peter Pyttlik

title : Uncertainty Decoding for Reverberation-Robust Automatic Speech Recognition.
year : 2016
author 0 : Roland Maas

title : Verifikation von Worthypothesen.
year : 1986
author 0 : Reinhard M&uuml;hlfeld

title : Entwurf und Analyse kryptographisch sicherer Keystreamgeneratoren zur Stromverschl&uuml;sselung.
year : 2002
author 0 : Bernhard L&ouml;hlein

title : Event Processing and Stream Reasoning with ETALIS.
year : 2012
author 0 : Darko Anicic

title : Das Rechnungswesen in der kaufm&auml;nnischen Berufsausbildung: von der einfachen Buchf&uuml;hrung zum integrierten Computereinsatz.
year : 1993
author 0 : Ernst Schaub

title : Eine Dependenzgrammatik zur Kopplung heterogener Wissensquellen.
year : 1999
author 0 : Norbert Br&ouml;ker

title : Schaltungs- und Parameterextraktion aus dem Layout hochintegrierter Schaltungen.
year : 1990
author 0 : Ulrich R&ouml;ttcher

title : Interaction with media facades: the design of interactive systems for large-scale urban screens.
year : 2014
author 0 : Sven Gehring

title : Entwicklungsschritte zum ingenieurgerechten Konstruktionsarbeitsplatz.
year : 1997
author 0 : Sebastian Repetzki

title : Simultangest&uuml;tzte Fertigungssteuerung.
year : 1992
author 0 : Michael Zell

title : Konzeption eines &ouml;ffentlichen Informationssystems f&uuml;r die Abnehmer von Zuchtprodukten aus der Tierz&uuml;chtung.
year : 1987
author 0 : J&uuml;rgen Looser

title : Zusammenh&auml;nge zwischen average case und worst case Komplexit&auml;t beim Rundreiseproblem sowie Reihenfolgeoptimierung auf parallelen Produktionslinien.
year : 1989
author 0 : Hans-Ulrich Dost

title : A neurodynamic model for haptic spatiotemporal integration.
year : 2017
author 0 : Claudius Strub

title : Grundlagen einer rechnerunterst&uuml;tzten Investitionsplanung und Wirtschaftlichkeitsrechnung f&uuml;r flexible Fertigung.
year : 1983
author 0 : Peter Herrmann

title : Collaboration-based Metrics for Project Management Support in Global Software Engineering.
year : 2011
author 0 : Christian Lescher

title : Software parallelization and distribution for heterogeneous multi-core embedded systems.
year : 2018
author 0 : Miguel Angel Aguilar Ulloa

title : Die Erschliessung der Komplexmethode f&uuml;r das Optimierungsmodell der Natural-Wert-Verflechtungsbilanz zur Berechnung des effektiven Materialeinsatzes nach volkswirtschaftlichen Kriterien.
year : 1988
author 0 : Steffen Boden

title : Konzept f&uuml;r ein schleiftechnologisches Informationssystem.
year : 1994
author 0 : Timo Paul

title : Transitionssystem- und Baum-Semantiken f&uuml;r CCS.
year : 1994
author 0 : Christine Baier

title : Kontrollierbarkeit singul&auml;r gest&ouml;rter Kontrollsysteme.
year : 1993
author 0 : G&ouml;tz Grammel

title : Die externe Bankautomation als Entscheidungsproblem der Kreditgenossenschaften.
year : 1983
author 0 : Bernd Meyer 0011

title : Parallele Algorithmen zur Faktorisierung vollbesetzter Matrizen.
year : 1994
author 0 : Isolde Lang

title : Data Analysis in respiratory physiology: Model detection, parameter extraction and prediction methods for lung protective ventilation.
year : 2016
author 0 : Steven Ganzert

title : Korrektur von Hysteresefehlern bei Sensoren durch Signalverarbeitung auf der Basis mathematischer Modelle.
year : 1994
author 0 : Martin Haas 0002

title : Context reasoning for role-based models.
year : 2017
author 0 : Stephan B&ouml;hme

title : Information integration and neural plasticity in sensory processing investigated at the levels of single neurons, networks, and perception.
year : 2013
author 0 : Sebastian Thomas Philipp

title : Untersuchungen &uuml;ber die Abh&auml;ngigkeit von Zeitl&uuml;ckenverteilungen parallel gef&uuml;hrter Fahrzeugstr&ouml;me.
year : 1983
author 0 : Friedemann Br&uuml;hl

title : Strategien zur rechnergest&uuml;tzten Offline-Programmierung von 3D-Laseranlagen.
year : 1999
author 0 : Lothar Bauer

title : Objektorientierter Entwurf und Implementierung multilevel-adaptiver Finite-Element-Methoden.
year : 1999
author 0 : Hans-J&ouml;rg Bauer

title : Computerunterst&uuml;tzte Darstellung von dreidimensionalen Strukturen f&uuml;r den Anatomie- und Embryologieunterricht.
year : 1993
author 0 : Thomas Bruhns

title : Zur Dynamik hybrider Mehrk&ouml;rpersysteme: Theorie und symbolische Programmierung.
year : 1991
author 0 : Michael Salecker

title : Development of a conjunctive use model, an integrated approach of surface and groundwater modelling using a geographic information system (GIS).
year : 1999
author 0 : Asaf Sarwar

title : Regression Testing of Transcompiled Cross-Platform Applications.
year : 2018
author 0 : Matthias Hirzel

title : Entwicklung einer rechnerunterst&uuml;tzten Methode zur Fehlervermeidung auf der Basis eines Dokumentationssystems.
year : 1993
author 0 : Horst P. Borrmann

title : Stellenwert des DIVI-Notarzteinsatzprotokolls bei der Qualit&auml;tssicherung im Rettungsdienst.
year : 1996
author 0 : Andreas Grabinsky

title : Unsupervised learning on social data.
year : 2020
author 0 : Felix Borutta

title : Modellbasierte Entwicklung funktional sicherer Hardware nach ISO 26262.
year : 2015
author 0 : Nico Adler

title : Ein Verfahren zur Prognose verkehrsabh&auml;ngiger Schaltzeiten von Lichtsignalanlagen.
year : 2017
author 0 : Toni Weisheit

title : Automatic Recognition of Concurrent and Coupled Human Motion Sequences.
year : 2015
author 0 : Dirk Gehrig

title : A compiler for application specific processor arrays.
year : 1993
author 0 : J&uuml;rgen Teich

title : Prognose r&auml;umlich und zeitlich differenzierter Gef&auml;hrdungsstufen mit einem Expertensystem unter Integration eines Geo-Informationssystems am Beispiel von Waldsch&auml;den durch Insektenfrass: mit 37 Tabellen.
year : 1993
author 0 : Gertrud Gegg

title : Gruppenarbeit via Computer: sozialpsychologisches Aspekte eines Vergleichs zwischen direkter Kommunikation und Computerkonferenz.
year : 1995
author 0 : Jan Pelz

title : Ein Beitrag zur Langzeitarchivierung von Produktdaten.
year : 1997
author 0 : Bernhard Malle

title : Von der Diagnose zum situativen Modell: ein wissensbasierter Ansatz f&uuml;r die Modellierung des diagnostischen Prozesses in der Psychiatrie am Beispiel der Borderlinest&ouml;rung.
year : 1988
author 0 : Thomas E. Rothenfluh

title : Die Generierung nat&uuml;rlicher Sprache aus einer formalen Repr&auml;sentation.
year : 1999
author 0 : Boyd Buchin

title : Infrastructure-based solutions for delay-tolerant networking.
year : 2021
author 0 : Yasser Mawad

title : Advancing data curation with metadata and statistical relational learning.
year : 2020
author 0 : Larysa Visengeriyeva

title : Namenservices in Objektbanken.
year : 1998
author 0 : Andr&eacute; Eickler

title : Entwicklung einer integrierten, datenbankgest&uuml;tzten Entwicklungsumgebung (CAD-FEM) zur Berechnung und Design von vollkeramischen Br&uuml;cken.
year : 2003
author 0 : Kurt-J&uuml;rgen Erdelt

title : Online-Planungsprobleme mit Fristen: Algorithmendesign und Analysen.
year : 2000
author 0 : Marco Riedel

title : Strengthening public-key cryptography: robust constructions and multi-user security.
year : 2019
author 0 : Federico Giacon

title : ROSE - Konzeption und Implementierung einer Programmierumgebung f&uuml;r rechnerorganisierte Software-Entwicklung.
year : 1992
author 0 : Michael Zanzinger

title : Mathematische Analyse von Entwicklungssystemen.
year : 1984
author 0 : Peter Nwoye Ogidi Mbaeyi

title : Aufbau und Untersuchung analytischer Modelle f&uuml;r Betriebsmittelvergabesysteme (Multiressourcensysteme).
year : 1981
author 0 : Klaus Rammelt

title : Real-time guarantees, dependability and self-configuration in future avionic networks.
year : 2018
author 0 : Peter Heise

title : Computeranwendungen und sprachlicher Kontext: zu den Wechselwirkungen zwischen normaler und formaler Sprache bei Einsatz und Entwicklung von Software.
year : 1997
author 0 : Yvonne Dittrich

title : Analytische und simulative Leistungsbewertung des photolithographischen Prozesses mit Petri-Netzen.
year : 1995
author 0 : Werner Jarschel

title : Einsatz der diskreten Simulation f&uuml;r die Datenbankprojektierung.
year : 1985
author 0 : Achim Winkler

title : Ein automatisches Fragebeantwortungssystem.
year : 1973
author 0 : Hans Schmitter

title : Die Normalisierungsmethode zur Bestimmung von Invarianten.
year : 1995
author 0 : Irene Rothe

title : Data management for eRobotics applications.
year : 2017
author 0 : Martin Hoppen

title : Static and dynamic approaches to learning neural networks.
year : 1997
author 0 : Bernardo L&oacute;pez Alvaredo

title : Synchronisation kooperierender Aktivit&auml;ten in Nicht-Standard-Datenbanksystemen.
year : 1988
author 0 : Holger Herzog

title : Beitrag zum Entwurf mikroprozessorgesteuerter Positioniersysteme f&uuml;r Pr&auml;zisionsroboter.
year : 1988
author 0 : Reinhard Langmann

title : Digital enhancement of speech perception in noisy environments.
year : 2019
author 0 : Markus Andreas Niermann

title : A refinement design model and its application to data modelling and retrieval.
year : 1997
author 0 : Joachim Altmeyer

title : Zur Anwendung der Aggregation auf mehrperiodische lineare Produktionsprogrammplanungsprobleme.
year : 1983
author 0 : Joachim Manz

title : Evolving complex neuro-controllers with interactively constrained neuro-evolution.
year : 2012
author 0 : Christian W. Rempis

title : Approximability of Combinatorial Optimization Problems on Power Law Networks.
year : 2013
author 0 : Mikael Gast

title : Tissue quantification based on Magnetic Resonance Fingerprinting.
year : 2019
author 0 : Benedikt Rieger

title : A model-based approach for the specification and refinement of streaming applications.
year : 2014
author 0 : Christian Zebelein

title : Exploratory Knowledge-Mining from Complex Data Contexts in Linear Time.
year : 2017
author 0 : Samuel Maurus

title : Ein aktives computergest&uuml;tztes Medium zur verteilten Planung im Unternehmen.
year : 1993
author 0 : Olaf Mehlmann

title : Goal-based workflow adaptation for role-based resources in the internet of things.
year : 2018
author 0 : Steffen Huber

title : Partitionierung und Simulation elektrischer Netzwerke mit einem parallelen mehrstufigen Newton-Verfahren.
year : 1998
author 0 : Olaf Wallat

title : On-the-fly recommendation retrieval from linked open data repositories.
year : 2018
author 0 : Lisa Wenige

title : Die rationelle Gestaltung der leitungsorganisatorischen Arbeit in den Kombinaten und Betrieben mit Hilfe eines rechnergest&uuml;tzten Organisatorenarbeitsplatzes.
year : 1988
author 0 : Steffen Pfennigwerth

title : An optical packet network based on arrayed waveguide gratings.
year : 2003
author 0 : Hagen Woesner

title : Algorithmen zur strukturellen Analyse von Musikaufnahmen.
year : 2015
author 0 : Harald Grohganz

title : Echtzeit-Korrespondenzprobleme in Bildsequenzen und Subpixelgenauigkeit.
year : 2000
author 0 : J&uuml;rgen Haas

title : Human-centric explanation facilities: explainable AI for the pragmatic understanding of non-expert end users.
year : 2021
author 0 : Michael Chromik

title : Toward an intelligent long-term assistance for people with dementia in the context of navigation in indoor environments = Intelligente Langzeit-Unterst&uuml;tzung f&uuml;r Menschen mit Demenz im Kontext der Navigation in Geb&auml;uden.
year : 2017
author 0 : Nam Tung Ly

title : Agile Mobile Edge Computing and Network-coded Cooperation in 5G.
year : 2021
author 0 : Roberto Torre Arranz

title : Eine logische Behandlung der verteilten und mehrstufigen Planerkennung.
year : 1993
author 0 : Matthias Hecking

title : Perfect learning in neural networks: on sample complexity and scaling issues of gradient descent trained multilayer perceptrons and a novel object-oriented simulation framework for scalable information processing modules.
year : 1995
author 0 : Rupert Lange

title : Higher-Order Alphabet Physical Unclonable Functions: Constructions, Properties, and Applications.
year : 2019
author 0 : Vincent Immler

title : Entwurf und Aufbau einer integrierten, dezentralen Datenbasis als Grundlage eines rechnergest&uuml;tzten betrieblichen Instandhaltungswesens.
year : 1988
author 0 : Joachim Frahm

title : Compilation for More Practical Secure Multi-Party Computation.
year : 2018
author 0 : Niklas B&uuml;scher

title : Memory architectures for ASIPs.
year : 2012
author 0 : David Kammler

title : Betriebswirtschaftliche Vorkonfiguration von Softwarebibliotheken: spezifische Ableitung von Referenzsystemen und Templates f&uuml;r Anwendersegmente.
year : 1999
author 0 : Oliver Schipp

title : Methode zur Modellierung der Informationsverarbeitung in Industrieunternehmen.
year : 1995
author 0 : Dirk Hornbostel

title : Eine datenflussgesteuerte Betriebssystemschnittstelle basierend auf einem universellen syntaxgesteuerten Editor.
year : 1984
author 0 : Gerd Szwillus

title : Netzwesen Mensch: vom Alltag im Cyberspace.
year : 2002
author 0 : Oliver Mussgnug

title : Die Mikrorechnersteuerung als Mittel zur Erweiterung der Einsatzgrenzen der Triaxialversuchstechnik.
year : 1988
author 0 : Manfred Wittig

title : Fairness bei nebenl&auml;ufigen Systemen - eine Untersuchung am Modell der Petrinetze.
year : 1986
author 0 : Heino Carstensen

title : Modernisierung individueller Client-Server-Systeme im laufenden Betrieb f&uuml;r technische Bildungsdienstleister mit mehreren Standorten.
year : 2000
author 0 : Holger Dirk Sa&szlig;

title : Techniken zur Erweiterung von WWW-Servern f&uuml;r interaktive Anwendungen.
year : 1999
author 0 : Rainer Lischka

title : Medical image knowledge extension: toward an information model for representation and acquisition to enhance knowledge about medical images.
year : 2012
author 0 : Markus Graf

title : Ein adaptives Verfahren zur selektiven Texturanalyse von Grauwertbildern.
year : 1995
author 0 : Martin Verlande

title : Prognose der Eigenschaften stochastischer Prozesse mittels neuronaler Netze mit spezifischen Anwendungen in der Kommunikationstechnik.
year : 1999
author 0 : Markus Ebersp&auml;cher

title : Algorithmic techniques in verification by explicit state enumeration.
year : 1997
author 0 : Ulrich Stern

title : Erweiterungen von Programmiersprachen f&uuml;r wissenschaftliches Rechnen und Er&ouml;rterung einer Implementierung.
year : 1984
author 0 : Michael Neaga

title : Methods for Camera- and Head-up-Display-based Driver-Car Communication.
year : 2019
author 0 : Simon Schenk

title : Acquiring and transferring workflow knowledge using Augmented Reality.
year : 2014
author 0 : Nils Petersen

title : Robust Training of Artificial Neural Networks via p-Quasinorms.
year : 2020
author 0 : Stefan Geisen

title : Wettbewerbsorientierte Informationssysteme im schweizerischen Privatversicherungsmarkt.
year : 1991
author 0 : Daniel Odermatt

title : Towards Autonomous Navigation for Robots with 3D Sensors.
year : 2010
author 0 : Jann Poppinga

title : Interprocedural analysis of low-level code.
year : 2011
author 0 : Andrea Flexeder

title : Ein rechnergest&uuml;tztes Therapieverfahren zur Behandlung von Diabetikern auf der Basis eines Modellregelsystems.
year : 1986
author 0 : J&uuml;rgen Bergeler

title : Entwicklung eines wissensbasierten Systems zur Vorhersage von chemischen Konformationen.
year : 1992
author 0 : Elke Lang

title : Ein Beitrag zur interaktiven rechnerunterst&uuml;tzten Anlagenplanung mit CAD-Kleinrechner-Systemen, aufgezeigt am Beispiel der Fliessbild-Erstellung und gekoppelter Berechnung von Anlagen zur Papierherstellung.
year : 1983
author 0 : J&uuml;rgen Schlingensiepen

title : Expertensuche in semantisch integrierten Datenbest&auml;nden.
year : 2015
author 0 : Felix C. Engel

title : Sensor-based user interface concepts for continuous, around-device and gestural interaction on mobile devices.
year : 2012
author 0 : Sven G. Kratz

title : Safe Navigation of a Wall-Climbing Robot - Risk Assessment and Control Methods.
year : 2013
author 0 : Daniel Schmidt 0004

title : Detektion und Speicherung seismischer Signale durch Einsatz von Mikrorechnern.
year : 1990
author 0 : Olaf Sausemuth

title : Anforderungsbeschreibung f&uuml;r Groupware-Systeme - ein sichtenorientierter Ansatz.
year : 2002
author 0 : Christian Piwetz

title : Scheduling &amp; routing time-triggered traffic in time-sensitive networks.
year : 2018
author 0 : Naresh Ganesh Nayak

title : Beitr&auml;ge zur allgemeinen Beschreibung und zur technischen Realisierung mehrwertiger Schaltlogik.
year : 1983
author 0 : Hans Nertinger

title : Efficient Min-cost Flow Tracking with Bounded Memory and Computation.
year : 2015
author 0 : Philip Lenz

title : Personalplanung mit unscharfen LP-Ans&auml;tzen auf der Grundlage der Fuzzy-Set-Theorie.
year : 1980
author 0 : Helmut Polzer

title : Programmierung in der prozessnahen Leittechnik: Definition eines systematischen Werkzeuges.
year : 1987
author 0 : Daniel Georg Schillinger

title : Formal synthesis of safety controller code for distributed controllers.
year : 2012
author 0 : Dirk Missal

title : Modellierung medizinischer Organisationssysteme mit Netzen.
year : 1985
author 0 : Martin Rothemund

title : Hierarchisierung von Benutzerkennungen zur weiteren Differenzierung der Zugriffskontrolle in UNIX.
year : 1999
author 0 : Achim Held

title : Divide-and-Conquer Algorithmen auf dem Hyperw&uuml;rfel.
year : 1994
author 0 : Ralph Werchner

title : Entwurf und Evaluierung einer kennzahlenorientierten Gestaltung des Softwareentwicklungsprozesses in produzierenden Betrieben.
year : 2018
author 0 : Andreas Deuter

title : Ein Expertensystem zur Bestimmung giftiger wildwachsender Fr&uuml;chte.
year : 1984
author 0 : Walter Kaphahn

title : Algorithmen und Komplexit&auml;tsanalyse f&uuml;r die Verarbeitung kompakter Beschreibungen gitterstrukturierter Graphen.
year : 1995
author 0 : Franz H&ouml;fting

title : Ein Beitrag zur mathematischen Modellierung von "Spin-Flash-Trocknern".
year : 1991
author 0 : Volker Wand

title : Methodologische und inhaltliche Aspekte der rationellen Projektierung von automatisierten Informationssystemen durch Aufbau und Nutzung eines Modell- und Algorithmenbanksystems (MABS).
year : 1981
author 0 : Gisela Doehler

title : Evaluation hypertextbasierter Lernumgebungen: Anforderungsanalyse, theoretisches Modell und exemplarische Umsetzung.
year : 1997
author 0 : Silvia Brink

title : Presolving techniques and linear relaxations for cumulative scheduling.
year : 2018
author 0 : Stefan Heinz 0001

title : Performance prediction of parallel program skeletons.
year : 1999
author 0 : Walter Kuhn

title : Informationssysteme in medizinischen Fachabteilungen: Gestaltungsempfehlungen auf der Basis einer empirischen Untersuchung in gyn&auml;kologisch-/geburtshilflichen Fachabteilungen.
year : 1994
author 0 : Klaus Schmolling

title : Modellbasierte Einbettung von virtuellen Netzwerken in Rechenzentren.
year : 2021
author 0 : Stefan Tomaszek

title : Wirtschaftliche und humanit&auml;re Auswirkungen des Einsatzes moderner Telekommunikations-Technik: eine empirische Untersuchung am teilweise formalisierbaren Arbeitsplatz in mittleren und grossen Privatunternehmen.
year : 1994
author 0 : Martin Lenk

title : Entwicklung einer CAD,CAM-Prozesskette f&uuml;r die Herstellung von Blechbiegeteilen: Bericht aus dem Lehrstuhl f&uuml;r Fertigungstechnologie Univ.-Professor Dr.-Ing. Manfred Geiger, LFT.
year : 1992
author 0 : Martin Hoffmann 0007

title : Highly reliable, low-latency communication in low-power wireless networks.
year : 2018
author 0 : Martina Brachmann

title : Single assignment C: Entwurf und Implementierung einer funktionalen C-Variante mit spezieller Unterst&uuml;tzung shape-invarianter Array-Operationen.
year : 1997
author 0 : Sven-Bodo Scholz

title : A Convex Optimization Framework for Connectivity Constraints in Image Segmentation and 3D Reconstruction.
year : 2016
author 0 : Jan St&uuml;hmer

title : Applications of iterative soft decision decoding.
year : 2013
author 0 : Obaid Ur Rehman 0002

title : Kybernetisch-&ouml;konomische Beziehungen zur flexiblen &ouml;konomischen Steuerung verflochtener Produktionsprozesse: untersucht und dargestellt am Beispiel des Verbundsystems Polyvinylchlorid.
year : 1986
author 0 : Sylvia Schilder

title : Planungs- und Workflow-Methodik f&uuml;r eine integrierte Konstruktion und Arbeitsplanung.
year : 1999
author 0 : Richard Gr&auml;&szlig;ler

title : A contribution to the design of a disjunctive dataflow computer architecture for real time control systems.
year : 1995
author 0 : Bogdan Lent

title : Architektur eines 2D-FFT-Coprozessor-Systems f&uuml;r die Echtzeit-SAR-Bilddatenverarbeitung.
year : 2011
author 0 : Stefan Langemeyer

title : Automatisierte neuronale Netze zur Analyse technischer Daten mit dem Ziel der Qualit&auml;tssicherung.
year : 2001
author 0 : Lothar Ludwig 0002

title : A network processor architecture with application-optimized reconfigurable processing paths (FlexPath NP).
year : 2011
author 0 : Rainer Ohlendorf

title : Computational Proteomics.
year : 2014
author 0 : Harald Marx

title : Das Computerprogramm im Recht: technische Grundlagen, Urheberrecht und Verwertung, &Uuml;berlassung und Gew&auml;hrleistung.
year : 1991
author 0 : Mark Michael K&ouml;nig

title : Fertigungsgerechtes Konstruieren mit CAD: technische Formelemente steigern die Wirtschaftlichkeit.
year : 1991
author 0 : J&uuml;rgen Rothley

title : Interplay of connectivity and dynamics in recurrent neuronal networks.
year : 2014
author 0 : Yury V. Zaytsev

title : Konzept zur durchg&auml;ngigen Nutzung von Engineeringmodellen der Automation.
year : 2012
author 0 : Mathias M&uuml;hlhause

title : Eine neue Methode der computergest&uuml;tzten Erfassung und Auswertung traumatologischer Daten in der Mund-Kiefer-Gesichtschirurgie: dargestellt am traumatologischen Patientengut der Abteilung f&uuml;r Mund-, Kiefer- und Gesichtschirurgie des Bundeswehrzentralkrankenhauses Koblenz aus den Jahren 1977 - 1987 unter besonderer Ber&uuml;cksichtigung wehrmedizinischer Aspekte.
year : 1988
author 0 : Hans-Florian Zeilhofer

title : Die strategische Bedeutung der Informatik f&uuml;r Organisationen: industrie&ouml;konomische Grundlagen des strategischen Informatikmanagements.
year : 1990
author 0 : Jens Hanker

title : Modular Computation Models for Robotic Perception and Monte Carlo Optimization.
year : 2021
author 0 : Richard Schulz

title : Schnelle lokale und regionale Netze: Konzepte und Fallstudien zur Leistungsbewertung.
year : 1992
author 0 : Thomas Stock

title : Towards building blocks for agent-oriented programming: standardizing interpreters, environments and tools.
year : 2012
author 0 : Tristan M. Behrens

title : Application of Deep Learning Methods in Computational Paralinguistics.
year : 2020
author 0 : Raymond Brueckner

title : Action-related places for mobile manipulation.
year : 2011
author 0 : Andreas Fedrizzi

title : Run-time adaptation of role-based software systems.
year : 2018
author 0 : Martin Wei&szlig;bach

title : Entwicklung einer interaktiven und multimedialen Lernsoftware zu fallbasierten cholestatischen Erkrankungen der Leber, der Gallenwege und des Pankreas.
year : 2003
author 0 : Steffen Ruess

title : Analysis of Offloading Decision Making in Mobile Cloud Computing.
year : 2015
author 0 : Huaming Wu

title : Untersuchungen zu Hard- und Softwarebedingungen adaptiver Mess- und Pr&uuml;fsysteme: ein Beitrag zur automatischen Mess- und Pr&uuml;ftechnik.
year : 1987
author 0 : Kim Kien Quoc

title : Die &ouml;kologische Dimension der Unternehmensmodellierung: ein Beitrag zum integrierten betrieblichen Umweltschutz.
year : 1995
author 0 : Armin Pl&ouml;tz

title : Automated Security Analysis of Web Application Technologies.
year : 2017
author 0 : Malte Skoruppa

title : Modularer Testprozessor f&uuml;r VLSI-Schaltungen.
year : 1987
author 0 : Volker Blaschke

title : Small dynamic complexity classes.
year : 2015
author 0 : Thomas Zeume

title : Lindstr&ouml;m-Quantoren und Orakel.
year : 1998
author 0 : Thomas Quintus

title : Entwurf, Realisierung und Einsatz eines computergest&uuml;tzten Hochrechnungssystems f&uuml;r die Disposition von kurzlebigen Produkten.
year : 1988
author 0 : Olaf Schemczyk

title : Online monitoring in software DSM systems.
year : 2000
author 0 : Ivan Zoraja

title : Information filtering in high velocity text streams using limited memory: an event-driven approach to text stream analysis.
year : 2016
author 0 : Andreas Bauer 0001

title : Restart in Mobile Offloading.
year : 2015
author 0 : Qiushi Wang

title : Sch&auml;tzung der Entwicklungskosten im unified software development process.
year : 2002
author 0 : G&uuml;nter Schmitt

title : Optimierung des Datenaufbaus und der Dateiorganisation im Strukturrecherchesystem SPRESI in Abh&auml;ngigkeit von der Suchstrategie.
year : 1975
author 0 : Joachim H&uuml;bener

title : Analyse und ein Gewinnungsverfahren des Americiums im Kernbrennstoffzyklus des Druckwasserreaktors.
year : 1982
author 0 : Benno Ganser

title : Information und Entropie: &ouml;kologische Perspektiven des &Uuml;bergangs zu einer Informationswirtschaft.
year : 1992
author 0 : Mathias Binswanger

title : Interaction-aware analysis and optimization of real-time application and operating system.
year : 2019
author 0 : Christian Dietrich 0001

title : Towards Effective Natural Language Application Development: Foundations of NLP Lean Programming framework.
year : 2019
author 0 : Marc Schreiber

title : The Impact of Resource Sharing on Coexisting P2P Overlays and Stacked Overlay Modules.
year : 2017
author 0 : Tobias Amft

title : Die Herrschaft der Regel: zur Grundlagengeschichte des Computers.
year : 1993
author 0 : Bettina Heintz

title : Verfahren zur effizienten zellularen Verarbeitung.
year : 1999
author 0 : Ralf Schneider

title : Systematisches Testen von kommunikationsorientierten Anwendungssystemen: ein Satz von Werkzeugen.
year : 1990
author 0 : Thomas St&ouml;hr

title : Simulation st&ouml;ranf&auml;lliger Systeme: preisorientierte Modelle u. deren Einsatz auf Microcomputern zur betriebswirtschaftl. Bewertung von St&ouml;rungen komplexer Systeme.
year : 1986
author 0 : Peter Chamoni

title : Extending the Usability of Multidimensional Scaling for Graph Drawing.
year : 2012
author 0 : Mirza Klimenta

title : Entwicklung eines impulskodierenden neuronalen Netzes f&uuml;r die Segmentierung bewegter Szenen.
year : 1999
author 0 : Ulrich Schott

title : Offene Systemarchitekturen f&uuml;r erweiterbare Datenbanksysteme: untersucht am Beispiel des Objektbankkernsystems OMS.
year : 1997
author 0 : Thomas Bode

title : Learning probabilistic graphical models for image segmentation.
year : 2017
author 0 : Vera Trajkovska

title : Digitale Echtzeitsimulation: Simulation einer Hochspannungs-Gleichstrom-&Uuml;bertragung.
year : 1993
author 0 : Olaf Rathjen

title : Preismanagement f&uuml;r Telekommunikationsdienstleistungen: modell- und methodenorientierter Ansatz zur Entscheidungsunterst&uuml;tzung.
year : 2003
author 0 : Cornelia Sch&ouml;n-Peterson

title : Entwicklung eines Decision-Support-Systems f&uuml;r die Sortiments- und Distributionsplanunung in Grosshandelsunternehmen.
year : 1993
author 0 : Hans-Ulrich Kummer

title : Parallel Simulation of Networks on Chip.
year : 2020
author 0 : Marcus Eggenberger

title : Ein Beitrag zur regelorientierten Programmierung.
year : 1989
author 0 : Beate Kochinka

title : Konzeption eines agentenbasierten, aktiven Beratungssystems f&uuml;r die objektorientierte Entwicklung von Softwaresystemen bei Automatisierungsprojekten.
year : 1998
author 0 : Klaus Konrad

title : Fachdidaktische Studien II.
year : 2016
author 0 : Ingo Engert-Oostingh
author 1 : Claudia Helena Breitfuss-Horner
author 2 : Fritz Schweiger

title : Verfahren zur schnellen Beleuchtungs- und Schattierungsberechnung.
year : 1991
author 0 : Ute Claussen

title : L&ouml;sungsalgorithmus zur komplexen Anfallenergienutzung in der Feinkeramik.
year : 1986
author 0 : Eva Wolf

title : High Performance Iterative X-Ray CT with Application in 3-D Mammography and Interventional C-arm Imaging Systems.
year : 2014
author 0 : Benjamin Keck

title : Embodied Modular Neural Control of Walking in Stick Insects: From Biological Models to Evolutionary Robotics.
year : 2012
author 0 : Arndt von Twickel

title : Methoden zur Steigerung der Wiederverwendbarkeit von Softwarekomponenten in der Fertigungsautomatisierung.
year : 1991
author 0 : Georg Zeis

title : Die Bewertung von Software-Entwurfsmethoden: e. anwenderorientiertes Verfahren zur Ausw. von Entwurfsmethoden auf d. Grundlage d. Nutzwertanalyse.
year : 1984
author 0 : Hanns-J&uuml;rgen H&ouml;cker

title : Semantic-Aware Image Analysis.
year : 2020
author 0 : Weihao Li

title : Data clustering and beyond: a deterministic annealing framework for exploratory data analysis.
year : 1997
author 0 : Thomas Hofmann

title : Design of energy-efficient processing elements for near-threshold parallel computing.
year : 2017
author 0 : Michael Gautschi

title : Sensorausfallerkennung durch mehrkanalige AR-Parametersch&auml;tzung.
year : 1989
author 0 : Wolfgang Ptacek

title : Qualit&auml;tssicherung und medizinische Informatik in der Hannoverschen Perinatal-Studie: Entwicklung e. perinatolog. DV-Systems u. damit erzielte Ergebnisse.
year : 1985
author 0 : Klaus-Werner Hartmann

title : Ein massiv paralleles Rechnersystem f&uuml;r die Emulation k&uuml;nstlicher neuronaler Netze und genetischer Algorithmen mit Anwendungen in der Bildmustererkennung.
year : 1993
author 0 : Markus Schwarz

title : Rechnerunterst&uuml;tzte Gestaltfindung auf der Basis eines integrierten Produktmodells.
year : 1991
author 0 : Stefan Rude

title : Tourenplanung bei grosser Kundenzahl.
year : 1982
author 0 : Hartmut Wiedey

title : Berechnungsst&auml;rken von Teilklassen primitiv-rekursiver Programmschemata.
year : 1997
author 0 : Armin K&uuml;hnemann

title : Dilation, Transport, Visibility and Fault-Tolerant Algorithms.
year : 2014
author 0 : Rainer Penninger

title : Machine learning in financial markets.
year : 2019
author 0 : Thomas G. Fischer

title : Zur Vervollkommnung der Leitungst&auml;tigkeit in Kombinaten und Betrieben durch die Anwendung des Mensch-Maschine-Dialogs, untersucht am Beispiel der Produktionslenkung in der metallverarbeitenden Industrie.
year : 1982
author 0 : Reiner Kieschke

title : Das Datengitter-Modell und seine Konsequenzen f&uuml;r den Entwurf informationsverarbeitender Systeme mit grossen Datenbasen.
year : 1983
author 0 : Wolfgang R&ouml;sner

title : Systematic and Methodical Analysis, Validation and Parallelization of Embedded Automotive Software for Multiple-IEU Platforms.
year : 2019
author 0 : Julian Kienberger

title : AssistU - a framework for user interaction forensics.
year : 2013
author 0 : Kai Breiner

title : Strategien zur ansichtenbasierten und ganzheitlichen invarianten Objekterkennung.
year : 2001
author 0 : Nicolai G&ouml;tze

title : Recht des betrieblichen Datenschutzbeauftragten: Stellung im Kontrollsystem des BDSG, Bestellung, Aufgaben, Rechte, Anforderungen, Besch&auml;ftigungsverh&auml;ltnis.
year : 1996
author 0 : Berndt Schlemann

title : Verteilte Verzeichnissysteme und replizierte Datenbanken.
year : 1996
author 0 : Kurt Kesper

title : Computergest&uuml;tzte Legasthenietherapie: Begr&uuml;ndung und Entwicklung eines tachistoskopischen PC-Trainingsprogramms f&uuml;r Legastheniker auf der Sekundarstufe.
year : 1991
author 0 : Karl Schindler

title : Efficient Dense Registration, Segmentation, and Modeling Methods for RGB-D Environment Perception.
year : 2014
author 0 : J&ouml;rg St&uuml;ckler

title : Object-based matching of persistent scatterers to optical oblique images.
year : 2016
author 0 : Lukas Schack

title : Understanding and assessing security on Android via static code analysis.
year : 2018
author 0 : Erik Derr

title : Beitrag zur digitalen Berechnung station&auml;rer und dynamischer Vorg&auml;nge in Hochspannungspr&uuml;fanlagen.
year : 1981
author 0 : Frank Heine

title : Ein Zugang zur effektiven Verwaltung grosser numerischer Datenmengen in einer Speicherhierarchie.
year : 1982
author 0 : Matthias Pester

title : Konkordanzen in langen Zeichenketten.
year : 2001
author 0 : Thomas Luba

title : Risikomanagement f&uuml;r Informationssysteme.
year : 1995
author 0 : Michael Theil

title : Correspondence estimation and image interpolation for photo-realistic rendering.
year : 2011
author 0 : Christian Linz

title : Regressionsmodelle mit Zustands&auml;nderungen.
year : 1982
author 0 : Ursula Schulze

title : Rechnergest&uuml;tzter Entwurf von SC-Filtern innerhalb eines Entwurfssystems f&uuml;r VLSI-Schaltkreise.
year : 1990
author 0 : Bernhard Mossner

title : Efficient Verification of Programs with Complex Data Structures Using SMT Solvers.
year : 2018
author 0 : Tianhai Liu

title : Denkfallen beim Planen.
year : 1984
author 0 : Walter Sch&ouml;nwandt

title : New results on feasibilities and limitations of provable secure steganography.
year : 2019
author 0 : Sebastian Berndt

title : Stimmqualit&auml;tsanalyse mit dem Computer.
year : 1989
author 0 : Jens Hildebrand

title : Wissenstransfer unter Einsatz neuer Informations- und Kommunikationstechniken dargestellt in den Bereichen rationelle Energieverwendung und erneuerbare Energiequellen.
year : 1997
author 0 : Susanne Hinz

title : On Flows, Paths, Roots, and Zeros.
year : 2018
author 0 : Ruben Becker

title : Wissensbasiertes Beratungssystem zur dynamischen Netzsicherheitsf&uuml;hrung.
year : 1992
author 0 : Frank Heibel

title : Ein Beitrag zu Methodendatenbanksystemen zur Unterst&uuml;tzung von Ingenieurt&auml;tigkeiten.
year : 1985
author 0 : Eckhard Bollow

title : Detektion von Synchronisationsfehlern bei LD-CELP-Verfahren.
year : 2003
author 0 : Axel Wachtler

title : From low level perception towards high level action planning.
year : 2018
author 0 : Simon Reich

title : Eine Erneuerungsgleichung mit einem Geburt-Tod-Prozess zur Beschreibung von Parasitosen.
year : 1987
author 0 : Mirjam Kretzschmar

title : Web-TV: Entstehungsgeschichte, Begriffe, &Auml;sthetik.
year : 2014
author 0 : Jennifer Ahl

title : Zur Ortung durch bordseitige Mustererkennung im Kraftfahrzeug.
year : 1997
author 0 : Manfried Sofsky

title : Pedestrian detection algorithms using shearlets.
year : 2019
author 0 : Lienhard Pfeifer

title : Modeling, identification, and control of a multi-link lightweight manipulator.
year : 1999
author 0 : Hanqing Zeng

title : Fungus Detection Using Computer Vision and Machine Learning Techniques.
year : 2019
author 0 : Muhammad Waseem Tahir

title : Uncannily human: experimental investigation of the uncanny valley phenomenon.
year : 2014
author 0 : Astrid M. Rosenthal-von der P&uuml;tten

title : Computer und Produktivit&auml;t: das Produktivit&auml;tsparadoxon der Informationstechnologie.
year : 1997
author 0 : Ansgar Gr&uuml;ndler

title : Gestaltoptimierung zur funktions- und gu&szlig;gerechten Auslegung komplexer Bauteile.
year : 1999
author 0 : Annette B&uuml;&szlig;ensch&uuml;tt

title : KI-Modelle in den Sozialwissenschaften: logische Struktur und wissensbasierte Systeme von Balancetheorien.
year : 1995
author 0 : Klaus Manhart

title : Program extraction from coinductive proofs and its application to exact real arithmetic.
year : 2013
author 0 : Kenji Miyamoto

title : The variability of cycle times in semiconductor manufactoring.
year : 1996
author 0 : Manfred Mittler

title : Learning and visualizing topics and their change with time for the exploratory analysis of social tags and multilingual topic modeling of chemical compounds.
year : 2012
author 0 : Andr&eacute; Gohr

title : Ein Multimikrorechnersystem zur Automatisierung von Fertigungskomplexen der Mikroelektronikmontage.
year : 1986
author 0 : Reiner Eckardt

title : Modellierung von Unsicherheiten in dynamischen Bayes-Netzen zur qualitativen Geb&auml;udeerkennung.
year : 1999
author 0 : Kai Kulschewski

title : Dataspace-Integration in der medizinischen Forschung.
year : 2010
author 0 : Sebastian H. R. Wurst

title : Entwurf und Implementation eines Simulationssystems f&uuml;r diskrete Prozesse.
year : 1984
author 0 : Volkmar Dienhold

title : Entwurf und Implementierung eines Multitasking-Modells in CDL, ein Beitrag zur Echtzeitprogrammierung.
year : 1981
author 0 : Michael Fischer 0009

title : Leistungsanalyse mehrstufiger Speicherhierarchien in Mehrprozessorsystemen durch hybride, hierarchische Modellierung.
year : 1982
author 0 : Axel Lehmann 0001

title : Towards entity status.
year : 2001
author 0 : Maria Klara Wolters

title : Gruppenkommunikation in mobilen Umgebungen: eine Erweiterung des Gruppenkommunikationsparadigmas um eine Unterst&uuml;tzung f&uuml;r mobile Anwendungsnutzer.
year : 2019
author 0 : Jan G&auml;bler

title : Context- and Physiology-aware Machine Learning for Upper-Limb Myocontrol.
year : 2018
author 0 : Gauravkumar Patel

title : Verteilte Leistungserstellung auf der Basis agentenbasierter Informationssysteme: dargestellt am Beispiel von Multimedia-Dienstleistern.
year : 1999
author 0 : Udo Merten

title : Strukturoptimierung r&uuml;ckgekoppelter neuronaler Netze.
year : 2001
author 0 : Peter Stagge

title : RTSQ, eine Realzeit-Registertransfer-Sprache in CONLAN.
year : 1983
author 0 : Olaf Scherer

title : Polynomiale N&auml;herungsalgorithmen f&uuml;r ein NP-schwieriges lineares, gemischt-ganzzahliges Optimierungsproblem spezieller Struktur.
year : 1985
author 0 : Stephan Dempe

title : NC-gerechte Beschreibung von Werkst&uuml;cken mit gekr&uuml;mmten Fl&auml;chen.
year : 1982
author 0 : Manfred Sanzenbacher

title : Prediction of driver lane-change behavior: modeling, feature selection and evaluation.
year : 2019
author 0 : Xiaohan Li

title : Zur Theorie der zeitunabh&auml;ngigen Maxwellschen Gleichungen mit der Randbedingung n(xE)=n(xH)=0 im inhomogenen, anisotropen Medium.
year : 1973
author 0 : Rainer Picard

title : Techniques for the verification of dynamically typed programs.
year : 2017
author 0 : Bj&ouml;rn Engelmann

title : Der allgemeine Informationsanspruch des Betriebsrats.
year : 1986
author 0 : Klaus-Peter Balthasar

title : Designspezifikationen im digitalen Publikationsprozess.
year : 2000
author 0 : Stefan Hermann

title : Simulation von Klopfvorg&auml;ngen mit einem zweidimensionalen mathematischen Modell.
year : 1984
author 0 : Herbert Sch&auml;pert&ouml;ns

title : Betriebswirtschaftliche Expertensysteme: Wunsch und Wirklichkeit.
year : 1990
author 0 : Ulrich G&ouml;tte

title : Sui-generis-Schutz f&uuml;r Datenbanken: die EG-Datenbankrichtlinie vor dem Hintergrund des nordischen Rechts.
year : 1999
author 0 : Viola Bensinger

title : Metaprogrammierung und Prolog.
year : 1988
author 0 : Gustaf Neumann

title : Integriertes Dokumenten- und Workflow-Management: dargestellt am Angebotsprozess von Maschinenbauunternehmen.
year : 1997
author 0 : Stefan Morschheuser

title : Minimalistic visual navigation = Minimalistische visuelle Navigation.
year : 1999
author 0 : Matthias O. Franz

title : A generic approach to topic models and its application to virtual communities.
year : 2012
author 0 : Gregor Heinrich

title : Maschinelle Erlernung und Simulation morphologischer Ableitungsregeln.
year : 1985
author 0 : Klaus Wothke

title : Simulation von Stadtverkehr auf der Basis zellularer Automaten.
year : 1997
author 0 : J&ouml;rg Esser

title : Modellierung von paralleler Software f&uuml;r homogene und heterogene Multiprozessor-Systeme.
year : 2020
author 0 : Oliver Jakob Arndt

title : Belief change operations under confidentiality requirements in multiagent systems.
year : 2014
author 0 : Cornelia Tadros

title : Programmsystem f&uuml;r rechnergest&uuml;tzte Messungen von Neutronenstreuquerschnitten.
year : 1985
author 0 : Edmond Randrianarisoa

title : Reflection patterns in the context of object and component technology.
year : 2002
author 0 : Egbert Althammer

title : Balancing and factorization theory for classes of linear systems in discrete- and continuous-time.
year : 1994
author 0 : J&ouml;rg Hoffmann 0003

title : Konzept einer agentenbasierten Transportsteuerung: f&uuml;r komplexe, dynamische und multimodale Logistiknetzwerke.
year : 2016
author 0 : Heiko Jung

title : Hyper-Text-Linguistik: TAH: ein textlinguistisches Analysemodell f&uuml;r Hypertexte ; theoretisch und praktisch exemplifiziert am Problemfeld der typisierten Links von Hypertexten im World Wide Web.
year : 2003
author 0 : Oliver Huber

title : Eignung k&uuml;nstlicher neuronaler Netze zur Auswertung genetischer Assoziationsstudien.
year : 2012
author 0 : Volker Schmitt

title : Zu erkenntnistheoretischen und weltanschaulichen Problemen der Informationstechnik im erweiterten Reproduktionsprozess.
year : 1986
author 0 : Axel Wienke

title : Human motion capture with sparse inertial sensors and video.
year : 2019
author 0 : Timo von Marcard

title : Towards Practical Privacy-Preserving Protocols.
year : 2019
author 0 : Daniel Demmler

title : Real-Time Ultrasoundsimulation for Medical Training.
year : 2014
author 0 : Benny B&uuml;rger

title : Eine Methode zur Beschreibung und Realisierung der Struktur und Steuerung von Programmsystemen im Bereich der numerischen Mathematik.
year : 1984
author 0 : Dietmar Horn

title : Quantum computation and natural language processing.
year : 2002
author 0 : Joseph C. H. Chen

title : Ein Programmiersystem zur graphisch strukturierten Erstellung von Roboterprogrammen und Programmieroberfl&auml;chen.
year : 1996
author 0 : Ralph Dammertz

title : Anwendung der mathematischen Optimierung zur Unterst&uuml;tzung der standortgerechten Verteilung und Spezialisierung der Pflanzenproduktion in Kreisen: am Beispiel des Saalkreises.
year : 1984
author 0 : Heidrun Bremer

title : Computergest&uuml;tzte Optionsgesch&auml;fte in Theorie und Anwendung.
year : 1993
author 0 : Carl-Martin Preuss

title : Exploiting proteomics data.
year : 2014
author 0 : Chris Bauer

title : Computergest&uuml;tzte Inhaltsanalyse mit INTEXT.
year : 1996
author 0 : Harald Klein 0002

title : Methoden und Werkzeuge zur Integration von CIM-Komponenten in bestehende Produktionsorganisationen sowie zur Organisationsentwicklung und Wirtschaftlichkeitsrechnung im jeweiligen Produktionsunternehmen.
year : 1993
author 0 : Werner Quint

title : Ein Beitrag zur Gestaltung vernetzter Datenhaltungsdienste mit Client/Server-Architekturen: Voruntersuchungen zum Problemkreis "Computer Integrated Railroading" (CIR).
year : 1992
author 0 : Carsten Poetzschke

title : SmartMem: an advanced memory subsystem for networking applications.
year : 2012
author 0 : Daniel Llorente Sancho

title : Syncpal: a simple and iterative reconciliation algorithm for file synchronizers.
year : 2019
author 0 : Marius Shekow

title : Verkn&uuml;pfung von rechnerunterst&uuml;tzter Konstruktion und Koordinatenmesstechnik.
year : 1990
author 0 : Andreas H&ouml;lderlin

title : Methodik zur Erfassung von Gestaltungsanforderungen an Fertigungsmittel w&auml;hrend der Projektierung von Montageprozessen.
year : 1980
author 0 : Manfred Bornmann

title : Zur Frage des Nutzens mathematischer Optimierungsverfahren bei der Tageseinsatzplanung von Kraftwerkssystemen.
year : 1984
author 0 : G&uuml;nter Krenz

title : Eine Spezifikationsmethode f&uuml;r wissensbasierte Systeme zur Softwareportierung auf parallele Rechnerarchitekturen.
year : 1989
author 0 : Gerd V&ouml;lksen

title : Erfolgsfaktoren von Internet-Start-ups: eine empirische Untersuchung origin&auml;rer deutscher Unternehmensgr&uuml;ndungen nach Wachstumsphasen und Internet-Anbietersegmenten.
year : 2003
author 0 : Andreas Kroi&szlig;

title : Gefahrenerkennung in Konfigurationen verteilter Systeme.
year : 2016
author 0 : Martin Otto Werner Wagner

title : Memory-aware mapping strategies for heterogeneous MPSoC systems.
year : 2017
author 0 : Olivera Holzkamp

title : Information flow security in tree-manipulating processes.
year : 2013
author 0 : M&aacute;t&eacute; Kov&aacute;cs

title : Effizienter Entwurf eines DVB-Satelliten-Empf&auml;ngers.
year : 1999
author 0 : Martin Vaupel

title : Psychosoziale Implikationen der Computertechnologie: empirische Untersuchung von Korrelaten studienbezogener Computernutzung.
year : 1994
author 0 : Jutta Gallenm&uuml;ller-Roschmann

title : Managing cloud ecosystems: brokering, deployment, and consumption.
year : 2018
author 0 : Mathias Slawik

title : Beitrag zum rechnerunabh&auml;ngigen Entwurf von Programmen und deren Implementierung dargestellt an Teilen eines Systems zur Leitung und Steuerung des Fertigungsprozesses in einem Kleinbetrieb.
year : 1986
author 0 : Frank-Dietmar Vogel

title : Untersuchungen &uuml;ber Zuverl&auml;ssigkeitsmodellbildung, -erh&ouml;hung und -optimierung zur Anwendung auf Vermittlungsstellen.
year : 1982
author 0 : Akbar Moradkhan

title : Aspekte einer Konstruktionssprache f&uuml;r den Datenbank-Entwurf.
year : 1982
author 0 : Erich Ortner

title : Untersuchungen zum Alterungsprozess von Lichtsignalprogrammen.
year : 1996
author 0 : Bernhard K&uuml;lzer

title : Zur L&ouml;sung neuer mathematischer und rechentechnischer Probleme eines kombinatorischen Modells und Anwendungen.
year : 1983
author 0 : Hans-Peter Leidhold

title : Leistungsanalyse von Feldbussystemen im Hochlastbereich.
year : 1992
author 0 : Robert Hoyer

title : K&uuml;nstliche neuronale Netze im leistungsbasierten Luftverkehrsmanagement / von Dipl.-Ing. Stefan Reitmann.
year : 2020
author 0 : Stefan Reitmann

title : Der Einsatz von Decision-Support-Systemen im Industrieunternehmen: ein Konzept f&uuml;r die computergest&uuml;tzte Planung.
year : 1992
author 0 : Lothar Baumberger

title : Semantic segmentation with efficient tree-based methods.
year : 2014
author 0 : Bj&ouml;rn Fr&ouml;hlich

title : Laser-optische Speicher f&uuml;r Anwendungen im Computer-Based Training: eine Untersuchung aus systemtechnischer Sicht.
year : 1989
author 0 : Ralf Jankowski

title : Rapid Generation of Pronunciation Dictionaries for new Domains and Languages.
year : 2014
author 0 : Tim Schlippe

title : Speicherverwaltung f&uuml;r konzeptionell strukturierte verteilte Systeme.
year : 1996
author 0 : Hans-Michael Windisch

title : Elektronische Wahlhelfer in der Demokratie: der Status quo bei politischen Wahlen.
year : 2013
author 0 : Constanze Kurz

title : InterestCast: adaptive event dissemination for interactive real-time applications.
year : 2015
author 0 : Max Lehn

title : Messung von Signaleigenschaften zur referenzfreien Qualit&auml;tsbewertung von Telefonbandsprache.
year : 2003
author 0 : Thorsten Ludwig

title : Funktionsmodelle in CAD-Systemen.
year : 1990
author 0 : Thomas Michael Benz

title : Topology-based representations for motion planning and grasping.
year : 2015
author 0 : Dmitry Zarubin

title : High level parallel programming and the efficient implementation of numerical algorithms.
year : 1998
author 0 : George Horatiu Botorog

title : Multilinguale Spracherkennung: Kombination akustischer Modelle zur Portierung auf neue Sprachen.
year : 2001
author 0 : Tanja Schultz

title : Ein ereignisorientiertes Modell verteilter Transaktionsverarbeitung zur Beschreibung und Analyse von Deadlockalgorithmen in verteilten Datenbanksystemen.
year : 1993
author 0 : Mathias Weske

title : Proaktive T&auml;tigkeitsunterst&uuml;tzung: Adaptive T&auml;tigkeitserkennung in Abh&auml;ngigkeit der Pupillendynamik und Entwicklung einer situativen Assistenz.
year : 2018
author 0 : Marco Jennerich

title : Instrumente der betrieblichen Steuerplanung von Personengesellschaften: Integration in e. computergest&uuml;tzte Instrumentenbank.
year : 1984
author 0 : Hubert Jung

title : Erkennung von Formelementen durch konstruktionslogische Strukturierung automatisch erfasster technischer Zeichnungen.
year : 1991
author 0 : Heike Vogel

title : Zur digital-optischen Archivierung von medizinischen Dokumenten im Krankenhaus.
year : 1996
author 0 : Carl Dujat

title : Understanding quantities in web tables and text.
year : 2019
author 0 : Yusra Ibrahim

title : Semi-supervised learning and fairness-aware learning under class imbalance.
year : 2020
author 0 : Vasileios Iosifidis

title : Zur automatisierten Erstellung von Programmsystemen aus Bausteinen mit Hilfe eines funktionell erweiterten Binders.
year : 1982
author 0 : Anton Matheis

title : Ein selbstverwaltendes verbindungsorientiertes Kommunikationssystem.
year : 2002
author 0 : Peter Jocher

title : Anwendungen der Synergetik und Chaostheorie in der &Ouml;konomie.
year : 1990
author 0 : Albert Christmann

title : Wissensbasierte Programmierung von Industrierobotern zum Schutzgasschweissen im Stahlhochbau.
year : 1996
author 0 : Christoph Hartfuss

title : Codierung von stochastischen Bin&auml;rbildern mit Hilfe von Bitschichtrechnern.
year : 1987
author 0 : Abdelmalek Nasraoui

title : Joint downlink beamforming and discrete resource allocation using missed-integer programming.
year : 2013
author 0 : Yong Cheng

title : Integrated Management of Variability in Space and Time in Software Families.
year : 2017
author 0 : Christoph Seidl 0001

title : Konzept f&uuml;r ein regelbasiertes Leistungsmanagement.
year : 1996
author 0 : Sabine Reul

title : Dienstorientierte Architekturen: Eine konzeptuelle Herleitung auf Basis eines formalen Prozessmodells.
year : 2013
author 0 : Philipp J. Torka

title : Flexible Signalisierungsarchitektur f&uuml;r Multimediadienste mit heterogenen Endger&auml;ten.
year : 1996
author 0 : Harald M&uuml;ller 0002

title : Incremental Map Building with Markov Random Fields and its Evaluation.
year : 2018
author 0 : Maximilian Muffert

title : Eine Methode zur Entwicklung dynamischer Gesch&auml;ftsprozesse auf Basis von Ereignisverarbeitung.
year : 2014
author 0 : Kresimir Vidackovic

title : A Specialized Kalman Filter Framework for IMU Aided Stereo SLAM.
year : 2014
author 0 : Arne Petersen

title : Network Protocol Virtualization - Software-defined End-to-end Networking.
year : 2020
author 0 : Jens Heuschkel

title : Beitrag zur Weiterentwicklung der Prim&auml;rdatenerfassung f&uuml;r die Zuverl&auml;ssigkeitsbewertung landtechnischer Arbeitsmittel.
year : 1983
author 0 : Andreas Gr&auml;fe

title : Image-based approaches for photo-realistic rendering of complex objects.
year : 2014
author 0 : Anna Hilsmann

title : CASE-Werkzeuge: Konzepte zur Erh&ouml;hung von Einsatzbreite und Leistungsspektrum.
year : 1992
author 0 : Manfred Simon

title : Games with informants: an information-theoretical approach towards a game-theoretical problem.
year : 1983
author 0 : Hans-Martin Wallmeier

title : Iterative algorithms in achieving near-ML decoding performance in concatenated coding systems.
year : 2014
author 0 : Dan Zhang 0003

title : Nutzer- und Verarbeitungstechnologie eines Modellbehandlungssystems unter den Bedingungen von Modellbearbeitungsprozessen mit komplexer mehrstufiger Modellierung.
year : 1989
author 0 : Stefan Pinkes

title : Kooperatives F&uuml;hrungsinformationssystem: Grundlagen - Konzept - Prototyp.
year : 1992
author 0 : Hans-Dieter Groffmann

title : Distributed computing on event-sourced graphs.
year : 2020
author 0 : Benjamin Erb

title : Ein Dialogsystem f&uuml;r die Ablauf- und Ressourceneinsatzplanung.
year : 1980
author 0 : Jochen Streubel

title : Mobile Roboter auf der Basis automatischer Flurf&ouml;rderzeuge: Systemtechnik, Anforderungskatalog, Wirtschaftlichkeit.
year : 1990
author 0 : Ulrich Piepel

title : Untersuchung und Entwicklung mathematischer Optimierungsverfahren zur Dimensionierung von Rechensystemen.
year : 1996
author 0 : Michael Greiner

title : Programming and managing swarms of mobile robots: a systemic approach.
year : 2017
author 0 : Daniel Graff

title : Rechnergest&uuml;tzte Simulation und Planung auf der Grundlage von Tabellenkalkulation.
year : 2002
author 0 : Thomas Kunstmann

title : Process-oriented information logistics: aligning process information with business processes.
year : 2015
author 0 : Bernd Michelberger

title : Formale Beschreibung von Kontextbeziehungen in Programmiersprachen.
year : 1981
author 0 : Heidemarie Gr&uuml;terich

title : A novel glove monitoring system for quantifying neurological symptoms during deep-brain stimulation surgery.
year : 2014
author 0 : Houde Dai

title : Rekonfigurierbare Logik in hybriden Multiprozessoren.
year : 1998
author 0 : Hans-Ulrich Z&uuml;hlke

title : Helligkeitsbasiertes Rechnersehen zur direkten Ermittlung r&auml;umlicher Eigenschaften.
year : 1994
author 0 : An Luo

title : Towards complete methods for automatic complexity and termination analysis of (probabilistic) programs.
year : 2021
author 0 : Marcel Hark

title : Ordered Restarting Automata.
year : 2018
author 0 : Kent Kwee

title : Konzeption eines Prozessinformations- und -managementsystems.
year : 1995
author 0 : Martin Hofmann 0010

title : Entwurf richtungsselektiver Filter f&uuml;r die Bildkompression mittels Contourlet-Transformation.
year : 2016
author 0 : Tobias Gehrke

title : Wissens- und sensorbasierte geometrische Rekonstruktion.
year : 2012
author 0 : Stefan Kuhn 0003

title : Kraftbasierte dynamische Bildregistrierung zur zeitnahen UAV-unterst&uuml;tzten Kartierung von Schadensgebieten.
year : 2014
author 0 : Claudius Stern

title : On the algebra of optimal algorithms for the computation of sets of bilinear forms.
year : 1989
author 0 : Herbert Ehler

title : Shape deformations based on vector fields.
year : 2011
author 0 : Wolfram Alexander von Funck

title : Strategien der Informatik: Sozial&ouml;konomische Triebkr&auml;fte und Wirkungen der Informatik und die Entwicklung der Informationstechnologien auf der Basis der Forschungen zur k&uuml;nstlichen Intelligenz und Wissensverarbeitung.
year : 1988
author 0 : Bernd Gro&szlig; 0002

title : Industrieroboter und Arbeitsmarkt: Versuch d. Absch&auml;tzung quantitativer Besch&auml;ftigungseffekte e. neuen Technologie f&uuml;r d. Bundesrepublik Deutschland.
year : 1988
author 0 : J&uuml;rgen Poppe

title : Identifikation linearer dynamischer Systeme mit Hilfe der totalen kleinsten Fehlerquadrate.
year : 1995
author 0 : Holger Bensch

title : From motion capture to interactive virtual worlds: towards unconstrained motion-capture algorithms for real-time performance-driven character animation.
year : 2017
author 0 : Helge Rhodin

title : Correspondence problems in computer vision: novel models, numerics, and applications.
year : 2012
author 0 : Lars Henning Zimmer

title : Codes mit optimalen Parametern.
year : 1996
author 0 : Andreas Faldum

title : Vergleichende Studien an Chromosomen von Schaf, Ziege und einem Schaf-Ziege-Bastard, unter Einbeziehung einer computergest&uuml;tzten Karyotypanalyse.
year : 1988
author 0 : Ronald Marco Brunner

title : Software-Management in Dienstleistungsunternehmen: Planung, Organisation und Durchf&uuml;hrung von Projekten zur Entwicklung von Individualsoftware.
year : 1993
author 0 : Udo Theilenberg

title : Drahtlose Sensornetze zur Erfassung des Blattfl&auml;chenindex in der Pr&auml;zisionslandwirtschaft.
year : 2019
author 0 : Jan Bauer

title : CAD-gest&uuml;tztes Planungsinstrument zur Optimierung von staplerbedienten L&auml;gern.
year : 1997
author 0 : Wenyi Gao

title : Untersuchungen zum Bedarf an Informationen &uuml;ber die stoffliche Seite des Wald- und Bodenfonds und zur rationellen Deckung des Bedarfs im Rahmen eines datenverarbeitungsgerechten Informationssystems.
year : 1972
author 0 : Hubert Peter

title : Recurrence in Self-Stabilization: Theory, Verification, and Application.
year : 2016
author 0 : Oday Jubran

title : Infrarot-Daten&uuml;bertragungssystem (IR-D&Uuml;S) f&uuml;r mobile Verkehrsleitsysteme.
year : 1990
author 0 : Barakat Al-Bader

title : Supporting location privacy in geo-social networks.
year : 2019
author 0 : Zohaib Riaz

title : Sch&auml;tzung und Identifikation von Struktur- und Hyperstrukturparametern in dynamischen generalisierten linearen Modellen: theoretische Grundlagen und empirische Auswertungen.
year : 1990
author 0 : Matthias Goss

title : Entwicklung und Erprobung eines Personalcomputer-basierten Untersuchungssystems zur Dopplerspektralanalyse f&uuml;r die periphere Gef&auml;ssdiagnostik.
year : 1993
author 0 : J&ouml;rg Stattaus

title : Die Entwicklung von Anwendungssystemen und einer beratenden Komponente zur Nutzerunterst&uuml;tzung f&uuml;r ein modernes Softwarewerkzeug.
year : 1991
author 0 : Christine Wahmkow

title : Model oriented data refinement.
year : 1997
author 0 : Kai Engelhardt

title : Efficient Connection Establishment, Message Handling and Content Delivery in Opportunistic Networks.
year : 2017
author 0 : Salem Sati

title : From perception over anticipation to manipulation.
year : 2018
author 0 : Wenbin Li 0003

title : URML: Towards Visual Negotiation of Complex System Requirements.
year : 2016
author 0 : Florian Schneider

title : Determinusmus und Voluntarismus in computer-gest&uuml;tzten Entscheidungsprozessen: die soziologische Ambivalenz des Einsatzes von Entscheidungsunterst&uuml;tzungssystemen und M&ouml;glichkeiten ihrer &Uuml;berwindung.
year : 1988
author 0 : Michael Pieper

title : Untersuchungen zum Entwurf und Einsatz von Fuzzy-Systemen am Beispiel verfahrenstechnischer Regelstrecken.
year : 1999
author 0 : Thomas Bindel

title : Domain-Specific Modelling for Coordination Engineering.
year : 2013
author 0 : Stefan Gudenkauf

title : Vergleich von Identifikationsverfahren bei komplexen Systemen der Antriebstechnik, unter besonderer Verwendung einer Kopplung von Mikro-, Prozess- und Grossrechner.
year : 1983
author 0 : Gerhard Schaub

title : Secure Routing in Intelligent Device-to-Device Communications.
year : 2016
author 0 : Hadeer Elsemary

title : Computergest&uuml;tztes Lernen und Teledienste.
year : 1996
author 0 : Gerrit Kalkbrenner

title : Arch&auml;oinformatik: Verarbeitung und Analyse vierdimensionaler Daten in der Arch&auml;ologie.
year : 2012
author 0 : Benjamin Ducke

title : Mining the Medical and Patent Literature to Support Healthcare and Pharmacovigilance.
year : 2012
author 0 : Harsha Gurulingappa

title : Leistungsbewertung paralleler Programme f&uuml;r MIMD-Architekturen: Modellbildung und mathematische Analyse.
year : 1990
author 0 : Georg Fleischmann

title : Event oriented dynamic adaption of workflows: model, architecture, and implementation.
year : 2002
author 0 : Robert M&uuml;ller 0001

title : Computergeld: Entwicklungen u. ordnungspolit. Probleme d. elektron. Zahlungsverkehrssystems.
year : 1983
author 0 : Hugo Godschalk

title : Beitrag zum Entwurf und zur Optimierung eines verteilten sicherheitsgerichteten Echtzeit-Systems am Beispiel feuerungstechnischer Anwendungen.
year : 2013
author 0 : Olaf Winne

title : Feature tracking for space-filling structures.
year : 2021
author 0 : Andrea Schnorr

title : Visuelle Kommunikation mit digitalen Bildern: eine semiotisch-p&auml;dagogische Begriffsrevision im Kontext des amerikanischen Pragmatismus angesichts einer ver&auml;nderten Medienlandschaft.
year : 1995
author 0 : Christiane Mateika

title : Die Sprachverst&auml;ndlichkeit von Computersprache unter klinischen Bedingungen: Untersuchungen mit &Auml;rzten und Pflegern aus der Intensivmedizin.
year : 1991
author 0 : Harald G&ouml;cke

title : Erschlie&szlig;ung, Optimierung und Bewertung von Verwundbarkeitsanalysen mittels &ouml;ffentlich zug&auml;nglicher Suchmaschinen.
year : 2017
author 0 : Kai Simon

title : B&uuml;roautomatisierung als strategisches Konzept in Japan: eine Untersuchung der strategischen Einf&uuml;hrungskonzeptionen der Informations- und Kommunikationssysteme in ausgew&auml;hlten japanischen Unternehmen unter dem Aspekt der &Uuml;bertragbarkeit auf die Bundesrepublik Deutschland.
year : 1991
author 0 : Young-Man Ko

title : Capacity results for classes of wiretap channels.
year : 2013
author 0 : Jochen Sommerfeld

title : Entwicklung und Einsatz eines "lernf&auml;higen" rechnergest&uuml;tzten Informationssystems f&uuml;r komplexe technische Systeme als Hilfsmittel zur Wissensverarbeitung.
year : 1988
author 0 : Ernst Rogler

title : Darstellungs- und Auswertverfahren in der Logikanalyse.
year : 1991
author 0 : Falk Richter

title : Liften und Anpassen von Freiformkurven und -fl&auml;chen.
year : 1994
author 0 : Markus Schichtel

title : Untersuchung von Datenstrukturen beim algebraischen Rechnen.
year : 1990
author 0 : Florian Bundschuh

title : Integrierte Benutzerunterst&uuml;tzung f&uuml;r die Visualisierung in Geo-Informationssystemen.
year : 1998
author 0 : Volker Jung

title : Emulationsbasierte Analyse von Multiprozessorsystemen f&uuml;r Multimedia-Anwendungen.
year : 2011
author 0 : Javier Mart&iacute;n-Langerwerf

title : Dynamische Tiefenwahrnehmungskriterien in computergenerierten interaktiven Szenen und virtuellen Simulationsumgebungen.
year : 1995
author 0 : Olaf Kelle

title : Bracketed contextual grammars.
year : 2000
author 0 : Martin Kappes

title : Ein Modell zur Strukturierung von Rechensystemen und sein Einsatz bei deren Entwicklung.
year : 1986
author 0 : Uwe Baumgarten

title : Formal Verification of Firmware-Based System-on-Chip Modules.
year : 2017
author 0 : Carlos Villarraga

title : Information Retrieval auf der Basis neuronaler Assoziativspeicher.
year : 1994
author 0 : Dieter Heimann

title : Zerlegung von Graphen: ein allgemeines, sequentielles und paralleles L&ouml;sungsverfahren f&uuml;r Graphenprobleme.
year : 1989
author 0 : Walter Hohberg-M&ouml;ller

title : Entwicklung eines Simulationssytems f&uuml;r die Antriebstechnik.
year : 1995
author 0 : Ansgar Kern

title : Topology-Based Characterization and Visual Analysis of Feature Evolution in Large-Scale Simulations.
year : 2019
author 0 : Jonas Lukasczyk

title : Methoden und Werkzeuge zur Sollkonzeptentwicklung EDV-gest&uuml;tzter Dispositionssysteme.
year : 1985
author 0 : Heinz Werner Meier

title : Potentiale der Informationstechnik: state of the art und Trends aus Anwendungssicht.
year : 1994
author 0 : Hans-Joachim Steinbock

title : Algorithmusnotation und Programmaufstellung mit Linearstruktogrammen.
year : 1984
author 0 : Wolfgang Herrmann

title : Quantified Linear Programming.
year : 2015
author 0 : Jan Wolf

title : Supporting graph editing in visual representations.
year : 2016
author 0 : Stefan Gladisch

title : THERMO: ein Computerprogramm zur Berechnung thermodynamischer Daten von organischen Verbindungen.
year : 1990
author 0 : Artur Bettinger

title : Modellbildung, Steuerung und Regelung f&uuml;r elastische Industrieroboter.
year : 1987
author 0 : Bernd Gebler

title : On message-level security.
year : 2017
author 0 : Christian Mainka

title : Heuristische Konstruktion mehrfaktorieller statischer Ertragsmodelle: ein Beitrag zur Planung landwirtschaftlicher Produktionsstrukturen mit Hilfe linearer Optimierungsmodelle.
year : 1991
author 0 : Frank Wechsung

title : Automatisierung der Gestaltprozesse von Schweissverbindungen: ein Beitrag zur Entwicklung eines Expertensystems.
year : 1991
author 0 : Burkhard Josef Andrich

title : Dynamische Repartitionierung bei verteilter ereignisgesteuerter Logiksimulation mit Time-Warp-Synchronisation.
year : 1994
author 0 : Harden Ortner

title : Unintentional and Hidden Information Leaks in Networked Software Applications.
year : 2012
author 0 : Sebastian Schinzel

title : Sehen &amp; Bildschirm.
year : 1989
author 0 : Marino Menozzi

title : Modelle zur Analyse und Prognose des Futtergetreideverbrauchs in der Bundesrepublik Deutschland.
year : 1982
author 0 : Elvira Krebs

title : Computerunterst&uuml;tzte Anlage- und Verm&ouml;gensberatung.
year : 1982
author 0 : Wolfgang Janowski

title : Anforderungen an einen Lernendenplatz f&uuml;r rechnergest&uuml;tzte Lehrsysteme.
year : 1983
author 0 : J&uuml;rgen Ullmann

title : Hot-Deck-Verfahren zur Imputation fehlender Daten: Auswirkungen des Donor-Limits.
year : 2015
author 0 : Dieter William Joenssen

title : Textkompression auf der Basis von Wortnetzwerken und Grammatikmodellen.
year : 1995
author 0 : Volker Nachtwey

title : Werkzeuge f&uuml;r die moderatorlose Gruppenarbeit: Konzeption - Realisierung - Einsatzpotentiale.
year : 1997
author 0 : Volker Barent

title : Leistungsdiagnostik durch Computersimulation: ein Beitrag zur Theorie der Sportspiele am Beispiel Tennis.
year : 1991
author 0 : Martin Lames

title : Datenschutzrechtliche Probleme von Chipkarten am Beispiel der geplanten Patientenkarte unter besonderer Ber&uuml;cksichtigung der europ&auml;ischen Entwicklung.
year : 1999
author 0 : Patrizia Iwansky

title : Recruitment learning in randomly connected neural networks.
year : 2002
author 0 : James M. Hogan

title : Zum Problem der Anwendbarkeit der linearen Programmierung f&uuml;r die kurzfristige industrielle Produktionsplanung in Mehrproduktunternehmen.
year : 1991
author 0 : Bernhard Greubel

title : Untersuchungen zu numerisch effektiven Verfahren zum L&ouml;sen von linearen Optimierungsaufgaben mit Verbundstruktur mittels impliziter Ressourcenaufspaltung.
year : 1980
author 0 : Werner Remke

title : Quality-centric modular software development in medical imaging research.
year : 2013
author 0 : Marco Nolden

title : Internet-Werbung im europ&auml;ischen Binnenmarkt: gemeinschaftsrechtliche Grenzen nationaler Werberegelungen unter besonderer Ber&uuml;cksichtigung des sekund&auml;rrechtlichen Herkunftslandprinzips.
year : 2003
author 0 : Ralf Morsh&auml;user

title : Applikationsspezifische Optimierung der Kommunikation in Mehrkern-Architekturen f&uuml;r eingebettete Systeme.
year : 2013
author 0 : Timo Sch&ouml;nwald

title : Der Computer als audiovisuelles Unterrichtsmittel zur Unterst&uuml;tzung eines erkenntnisgerechten Physikunterrichts.
year : 1992
author 0 : Frank Wossal

title : Selbst-organisierendes Datenfunknetzwerk in einer Flugzeugkabine.
year : 2019
author 0 : Thomas Meyerhoff

title : On the design of IEEE compliant floating point units and their quantitative analysis.
year : 1999
author 0 : Peter-Michael Seidel

title : Plattform zur integrierten IT-gest&uuml;tzten Ausf&uuml;hrung von strikten und agilen Prozessen.
year : 2015
author 0 : Michael Zeising

title : Dimensionierung feinmechanischer Schlingfederkupplungen mit mechanischer Ansteuerung.
year : 1980
author 0 : Reinhardt Kunze

title : Adaptive Strategien zur Optimierung der Anfrage-Verarbeitung in verteilten Datenbanksystemen.
year : 2001
author 0 : Stefan J. P&auml;tzold

title : Strategies in infinite games: structured reactive programs and transducers over infinite alphabets.
year : 2018
author 0 : Benedikt Br&uuml;tsch

title : Entwicklung und Anwendung eines mathematischen Modells zur Berechnung der Komplexbildung in nat&uuml;rlichen W&auml;ssern unter besonderer Ber&uuml;cksichtigung der Eisenmigration sowie der Pyrit- und Markasitverwitterung im Grundwasserleiter.
year : 1984
author 0 : Roland Fischer

title : Analysis of speech of people with Parkinson's disease.
year : 2016
author 0 : Juan Rafael Orozco-Arroyave

title : Dynamic expressibility under complex changes.
year : 2019
author 0 : Nils Vortmeier

title : Aufbau eines offenen Dialogsystemes f&uuml;r die Nutzung einer ESER-Datenbank unter besonderer Beachtung methodischer Aspekte der Softwareentwicklung: (dargestellt am Beispiel eines Dialogsystemes f&uuml;r materialwirtschaftliche Prozesse im VEB Mansfeld Kombinat Wilhelm Pieck).
year : 1989
author 0 : Lothar Krostewitz

title : Sicherheitskonzepte zum Standsicherheitsnachweis hoher Geb&auml;ude.
year : 1981
author 0 : Michael Markwig

title : Ein Lernverfahren zur Modellierung zeitvarianter Systeme mittels unscharfer Klassifikation.
year : 1984
author 0 : Stefan Mann

title : Dynamischer Multiprogramm-Betrieb von MIMD-Parallelrechnersystemen.
year : 1993
author 0 : Babette Ingrid Ulrike Rotzoll

title : Ein Beitrag zur Projektentwicklung von lokalen Rechnernetzstrukturen f&uuml;r eine Klasse komplexer Anwendungen.
year : 1991
author 0 : Norbert Schulz

title : A Framework for Autonomic Service-based Resource Management Using a Semantic Approach.
year : 2011
author 0 : Houssam Haitof

title : Probabilistic tracking and behavior identification of fluorescent particles.
year : 2013
author 0 : William J. Godinez

title : Falschalarmreduktion f&uuml;r Aktivsonare mittels Methoden des maschinellen Lernens.
year : 2020
author 0 : Matthias Bu&szlig;

title : Scalable Push-Based Real-Time Queries on Top of Pull-Based Databases.
year : 2019
author 0 : Wolfram Wingerath

title : An adaptable environment for the management of development processes.
year : 1998
author 0 : Carl-Arndt Krapp

title : Das Informations- und Kommunikationssystem in Organisationen: eine effizienzorientierte Betrachtung zur Gestaltung der Informationsverarbeitungs- und Kommunikationsprozesse.
year : 1989
author 0 : Wilhelm Konrad R&ouml;ntgen

title : Harnessing cross-layer design.
year : 2015
author 0 : Ismet Aktas

title : Untersuchung von Raumrasterungen zur Beschleunigung der Strahlanfrage in der photorealistischen Bildsynthese.
year : 1991
author 0 : Christoph Rothe

title : Lebenswegorientierte Planung technischer Systeme.
year : 1989
author 0 : Heinz Neubauer

title : Unternehmens&uuml;bergreifende Modellierung von Datenstrukturen.
year : 1996
author 0 : Michael Unterstein

title : Nichtparametrische Vermessung und Kompensation optischer Abbildungsfehler von Kameras.
year : 2012
author 0 : Tobias Elbrandt

title : Analog-optisch erzeugte Komponentenfilter zur Mustererkennung in einem hybriden optisch-digitalen Prozessor.
year : 1980
author 0 : Fritz Merkle

title : Polarisation und Dispersion von Oberfl&auml;chenwellen am Gr&auml;fenberg-Array.
year : 1984
author 0 : Wolfram L&uuml;ders

title : Numerische Untersuchung ein- und zweischichtiger Perceptronen.
year : 1995
author 0 : Jorg Imhoff

title : Entwicklung der Grundlagen eines automatischen Entflechters auf der Basis eines allgemeing&uuml;ltigen Parallelrechner-Modells.
year : 1990
author 0 : Heribert Felbecker

title : Entwicklungsunterst&uuml;tzung f&uuml;r anwendungsorientierte verteilte Programme.
year : 1986
author 0 : Max M&uuml;hlh&auml;user

title : Tagging and parsing with cascaded Markov models: automation of corpus annotation.
year : 1999
author 0 : Thorsten Brants

title : Integrierte Anwendungssoftware und Unternehmensorganisation: ein neues aufbauorganisatorisches Konzept zum Abbau von Hierarchieebenen.
year : 1993
author 0 : Michael Klotz

title : Design of video quality metrics with multi-way data analysis.
year : 2013
author 0 : Christian Keimel

title : Self-Tuning-Strategien zur Regelung nichtminimalphasiger Regelstrecken.
year : 1982
author 0 : Gerhard N&ouml;th

title : Rechnergest&uuml;tzte Erstellung der Dokumentation des Funktions- und Software-Entwurfs von Prozessautomatisierungssystemen.
year : 1982
author 0 : Joachim Biewald

title : Static detection of complex vulnerabilities in modern PHP applications.
year : 2016
author 0 : Johannes Dahse

title : Abh&auml;ngigkeiten und Entscheidungsprozesse bei der Auswahl von Grossrechner-Betriebssystemen.
year : 1988
author 0 : Reinhard Hansen

title : Unabh&auml;ngigkeitstests regional verteilter Zufallsvariablen.
year : 1982
author 0 : Joachim Schmidt 0003

title : Service-oriented business models for the electric vehicle battery life cycle.
year : 2018
author 0 : Florian Plenter

title : Entwurf von Datenflussprozessoren f&uuml;r den Viterbi-Algorithmus.
year : 1989
author 0 : Johannes Stahl 0001

title : COMPAR: Compiler f&uuml;r massiv-parallele Architekturen.
year : 1994
author 0 : Ulrich Arzt

title : Ein Referenzmodell f&uuml;r Server Based Computing Infrastrukturen und dessen Anwendung f&uuml;r das Kapazit&auml;tsmanagement.
year : 2016
author 0 : Christian Knermann

title : Statistical models for hierarchical phrase-based machine translation.
year : 2018
author 0 : Matthias Huck

title : Solving underdetermined inverse problems: from advanced sparsity models to deep learning.
year : 2021
author 0 : Maximilian M&auml;rz

title : Varianten der polynomialen Newtonmethode zur linearen Optimierung.
year : 1989
author 0 : Helmut G&ouml;ssl

title : Fallbasiertes Konfigurieren technischer Systeme.
year : 1993
author 0 : Kai Pfitzner

title : Software-Controlling.
year : 1993
author 0 : Mario Babini

title : Query Answering in Probabilistic Data and Knowledge Bases.
year : 2018
author 0 : Ismail Ilkan Ceylan

title : Improving Content and Service Distribution beyond Infrastructure Upgrades.
year : 2019
author 0 : Torsten Zimmermann

title : Systematische Berechnung von Hochwasser-Abflussvorg&auml;ngen mit Flussgebietsmodellen.
year : 1978
author 0 : Karl Ludwig

title : Fehlersimulation synchroner Schaltungen unter Ber&uuml;cksichtigung nicht-klassischer Fehler.
year : 1995
author 0 : J&uuml;rgen Alt

title : Stochastische Reihenfolgeplanung mit Hilfe von GERT-Netzpl&auml;nen.
year : 1984
author 0 : Thomas Rubach

title : Fully automatic preprocessing of naval images for 3D reconstruction.
year : 2015
author 0 : Irene Camino

title : Analyse von Petri-Netz-Modellen mit Entscheidungsdiagrammen.
year : 1997
author 0 : Hanno Ridder

title : Erstellung einer statistisch modellierten multilingualen Lautbibliothek f&uuml;r die Spracherkennung.
year : 2000
author 0 : Joachim K&ouml;hler

title : Wissensmodellierung mit Fuzzy-Mengen: Grundkonzepte der Fuzzy-Mengentheorie, Kalk&uuml;le approximativen Schliessens und Fuzzy-Programmiersprachen.
year : 1996
author 0 : Benno Biewer

title : CAD-orientierte Verfahren f&uuml;r den Entwurf und die Rekonstruktion von Kurvengetrieben.
year : 1990
author 0 : J&uuml;rgen Sch&ouml;nherr

title : Der Computer als Werkzeug und Medium: die geistigen und technischen Wurzeln des Personal Computers.
year : 1999
author 0 : Michael Friedewald

title : Two-stage programming: compilation and case studies.
year : 2000
author 0 : Romeo A. Dumitrescu

title : Performance evaluation of formally specified systems: the integration of SDL with HIT.
year : 1996
author 0 : Elke Heck

title : Zum Einsatz von Policies im Netz-, System- und Dienstmanagement.
year : 2001
author 0 : Frank Niemann

title : Holistische Modellierung und Interpretation von Szenen und Situationen basierend auf symbolischen, probabilistischen und subsymbolischen Modellen.
year : 2019
author 0 : Paulin P&eacute;kezou Fouopi

title : Automatische Generierung von Fuzzy-Systemen mit evolution&auml;ren und neuronalen Algorithmen.
year : 1997
author 0 : Henning Heider

title : Lagrangian methods for visualization and analysis of time-dependent vector fields.
year : 2013
author 0 : Alexander Kuhn

title : Expertensystemgest&uuml;tzte Pr&uuml;fung des Internal Control bei Mikrocomputer-Einsatz.
year : 1989
author 0 : Christof Schimank

title : Design for a testing model of a communication subsystem for a safety-critical control system.
year : 2013
author 0 : Luk&aacute;s Spendla

title : Theorie neuronaler Assoziativspeicher: lokales Lernen und iteratives Retrieval von Information.
year : 1994
author 0 : Friedrich T. Sommer

title : Robuste und effiziente Methoden zur L&ouml;sung von Wegproblemen.
year : 1995
author 0 : Dirk Theune

title : Analytische und iterative Verfahren zur Inversion linearer und nichtlinearer Abtastsysteme.
year : 1999
author 0 : Bernhard Wagner 0001

title : Entwicklung eines Datenerfassungssystems f&uuml;r die konservierende und parodontologische Zahnheilkunde innerhalb des HELP-Systems.
year : 1987
author 0 : Arno Lothar Scheppat

title : Definition und Implementierung einer nutzerorientierten Programmiersprache f&uuml;r das Datenbankbetriebssystem TOPAS und deren Anwendung f&uuml;r das Amt f&uuml;r Erfindungs- und Patentwesen der DDR.
year : 1984
author 0 : Bernd Buchholz 0002

title : Die Anwendung des Microcomputers in Kleinstbetrieben (Handwerk) der Bundesrepublik Deutschland und &Uuml;bertragungsm&ouml;glichkeiten auf das Entwicklungsland Mexiko.
year : 1982
author 0 : Roberto-Jes&uacute;s Hern&aacute;ndez-Lecanda

title : Multi-View Motion Capture based on Model Adaptation.
year : 2019
author 0 : Philipp Fechteler

title : Bidirectional Texture Functions: Acquisition, Rendering and Quality Evaluation.
year : 2018
author 0 : Banafsheh Azari

title : Remembering in the metaverse: preservation, evaluation, and perception.
year : 2012
author 0 : Florian M&uuml;ller 0006

title : Design of sustainable solutions for process visualization in industrial automation with model-driven software development.
year : 2012
author 0 : Stefan Hennig

title : Erschliessung neuer Nutzungsformen mathematisch-statistischer Software zur Erh&ouml;hung der Qualit&auml;t und Effektivit&auml;t statistischer Analyset&auml;tigkeit in der Staatlichen Zentralverwaltung f&uuml;r Statistik: ein Schritt von der Stapelverarbeitung zum Dialog.
year : 1988
author 0 : Arne Leissner

title : Ein Vielfachzugriffsverfahren f&uuml;r lokale Hochgeschwindigkeitsnetze zur Integration asynchroner und isochroner &Uuml;bermittlungsdienste.
year : 1999
author 0 : Martin G&ouml;tzer

title : CCA-Security for predicate encryption schemes.
year : 2017
author 0 : Gennadij Liske

title : 3d-Computersimulation der interstitiellen Mikrowellen-Hyperthermie von Hirntumoren.
year : 1990
author 0 : Martin Seeba&szlig;

title : Representation Learning and Learning from Limited Labeled Data for Community Question Answering.
year : 2021
author 0 : Andreas R&uuml;ckl&eacute;

title : Data processing on heterogeneous hardware.
year : 2018
author 0 : Max Heimel

title : Projektion und Linking: ein prinzipienbasierter Parser f&uuml;rs Deutsche.
year : 1993
author 0 : Horst Lohnstein

title : Flexible Montage von Leitungss&auml;tzen mit Industrierobotern.
year : 1992
author 0 : Herbert H. Emmerich

title : Architectural Compliance in Component-Based Systems.
year : 2011
author 0 : Sebastian Herold

title : Verfahren zur simultanen Berechnung der Verkehrsmittelwahl und der Wegewahl.
year : 1985
author 0 : Wolfgang Lutter

title : Symboltabellenorganisation in &Uuml;bersetzerprogrammen f&uuml;r h&ouml;here Programmiersprachen bei Kleinrechnern mit Direktzugriffsperipherie.
year : 1981
author 0 : Gisela Lenk

title : Interaktives Teleshopping: elektronisches Einkaufen auf dem Informationhighway.
year : 1997
author 0 : Peter Rohrbach

title : Content-Management-Anwendungen: Spezifikation von Internet-Anwendungen auf Basis von Content-Management-Systemen.
year : 2003
author 0 : Lars H. Ehlers

title : Information sharing through digital consumer technologies: individual motivations, costs, and personality determinants: a series of essays.
year : 2016
author 0 : Yannick Ouardi

title : Die Informationsqualit&auml;t der Technik und ihre Bedeutung f&uuml;r eine vorausschauende Technikbetrachtung als Bestandteil von Strategieentscheidungen in Wirtschaft und Wissenschaft.
year : 1993
author 0 : Michael Knieling 0002

title : Modellierung und Verwaltung zeitbezogener Informationen in relationalen Datenbanken: Konzepte und Sprachen.
year : 2000
author 0 : Pierre Bisseck

title : DevOpsUse: community-driven continuous innovation of web information infrastructures.
year : 2020
author 0 : Istv&aacute;n Koren

title : Universelles Zellenrechnerkonzept f&uuml;r flexible Fertigungssysteme.
year : 1988
author 0 : Axel Groha

title : Simultane, zeichnungsorientierte Lagemessung und Digitalisierung grafischer Strukturen.
year : 1986
author 0 : Benno Beier
author 1 : Ulrich Distel

title : Form- und Topologieoptimierung mittels Evolution&auml;rer Algorithmen und heuristischer Strategien.
year : 2016
author 0 : Sierk Fiebig

title : Ein Verfahren zur automatisierten Erkennung von M&ouml;glichkeiten zum Einsatz von Entwurfsmustern in objektorientierten Softwaresystemen.
year : 2018
author 0 : Stefan Burger

title : Ein Beitrag zur Berechnung von Systemreaktionen dynamischer Systeme auf stochastische Eingangsprozesse.
year : 1981
author 0 : Hans-Joachim Thomanek

title : Tool Support for Integrated Development of Component-Based Embedded Systems.
year : 2015
author 0 : Gerd Kainz

title : Complementary Resistive Switches.
year : 2012
author 0 : Eike Cyrus Linn

title : Quantitative imaging of cilia driven fluid flow and mixing.
year : 2014
author 0 : Stephan M. Jonas

title : Formale Spezifikation mit Estelle und die automatische Implementierung auf Von-Neummann- und Co-Design-Architekturen.
year : 1996
author 0 : Hubert H&ouml;gl

title : Domain- and Quality-aware Requirements Engineering for Law-compliant Systems.
year : 2017
author 0 : Stephan Fa&szlig;bender

title : Aktuelle Rechtsfragen der Telearbeit.
year : 1995
author 0 : Marcus Collardin

title : Ein schnelles Zwei-Prozessor-System auf der Basis des Mikroprozessors "Elektronika-60".
year : 1988
author 0 : Steffen Geissler

title : Methods for the reliability analysis of complex binary systems.
year : 1992
author 0 : J&uuml;rgen M. Anders

title : Hybrid machine translation using binary classification models trained on joint, binarised feature vectors.
year : 2013
author 0 : Christian Federmann

title : Flag numbers and quotients of convex polytopes.
year : 1994
author 0 : G&uuml;nter Meisinger

title : Managed Evolution of Automotive Software Product Line Architectures.
year : 2019
author 0 : Christoph Knieke

title : An analysis of productive user contributions in digital media applications for museums and cultural heritage.
year : 2010
author 0 : Lars Wieneke

title : Persistent homology in multivariate data visualization.
year : 2017
author 0 : Bastian Rieck

title : Sparse Similarity and Network Navigability for Markov Clustering Enhancement.
year : 2021
author 0 : Claudio Patricio Dur&aacute;n Cancino

title : Konzepte einer Modelliersprache D++ f&uuml;r Analyse, Design und Implementation objektorientierter Anwendungssysteme.
year : 1995
author 0 : Miyi Duan

title : Benutzer-Entwickler-Kommunikation in den fr&uuml;hen Phasen der Softwareentwicklung.
year : 1989
author 0 : Beate Klutmann

title : Parallel mesh processing.
year : 2012
author 0 : Evgenij Derzapf

title : Multi-Task and Transfer Learning with Recurrent Neural Networks.
year : 2015
author 0 : Sigurd Spieckermann

title : Modulares System zur dezentralen Prozesssignalverarbeitung.
year : 1993
author 0 : Thomas Prufer

title : Dynamic knowledge assets management to interactive problem solving and sustained learning: a collaborative CBR system in chronic and palliative care.
year : 2018
author 0 : Sara Nasiri

title : Ein Verfahren und dessen Implementierung zur langfristigen Planung von Nachrichten&uuml;bertragungsnetzen mit Mehrwegef&uuml;hrung.
year : 1985
author 0 : Klaus-Dieter Hackbarth

title : Tailor-made scheduling: Beitrag zur L&ouml;sung des Reihenfolgeproblems bei Werkstattfertigung mittels fuzzy logic.
year : 1994
author 0 : Peter Jens Borges

title : Optimierung makrozellenbasierter Sea-of-Gates-Architekturen f&uuml;r die Kommunikationstechnik.
year : 1996
author 0 : Gert Umbach

title : Rechnerunterst&uuml;tzte Optimierung des Betriebsmittelflusses in flexibel automatisierten Fertigungen.
year : 1987
author 0 : Mohamed Soliman

title : Anfragesprachen f&uuml;r Informationssysteme.
year : 1991
author 0 : Ulrike Reiner

title : Korrektheitsnachweis eines Synchronisations-Protokolls f&uuml;r verteilte Datenbanksysteme.
year : 1982
author 0 : Angelika Reiser

title : Eine Methodik zur anwendungsorientierten Dokumentation von Netzmanagement-Information im zeitlichen Verlauf.
year : 1993
author 0 : Hubert Uebelacker

title : Numerische Methoden zur Behandlung hochdimensionaler Aufgaben der Parameteridentifizierung.
year : 1988
author 0 : Johannes P. Schl&ouml;der

title : Methoden zur Erh&ouml;hung der Flexibilit&auml;t von Systemen zur Labor- und Experimentautomatisierung.
year : 1989
author 0 : Sigurd G&uuml;nther

title : Die Ber&uuml;cksichtigung von St&ouml;reinfl&uuml;ssen bei der rechnergest&uuml;tzten Ablaufplanung und -steuerung im intensiven Wohnungsbau an Komplexstandorten in ihrer Einheit von Neubau, Rekonstruktion und Modernisierung.
year : 1988
author 0 : Matthias Bonitz

title : Experimentelle Untersuchungen zur Festlegung und Konsistenz suprasegmentaler Einheiten f&uuml;r die automatische Spracherkennung.
year : 1998
author 0 : Matthias Reyelt

title : Dienstorientierte Fehleranalyse in verteilten Systemen.
year : 2000
author 0 : Stefan K&auml;tker

title : Monokulares Computer-Sehen: ein Gestalt-Ansatz.
year : 1989
author 0 : Henning B&auml;ssmann

title : A compression engine for multidimensional array database systems.
year : 2002
author 0 : Andreas Dehmel

title : Das Grafik-System und die Datensicherung f&uuml;r das Saphir-Experiment.
year : 1990
author 0 : Detlev Albold

title : Automation im Mauerwerksbau: Voraussetzungen, Verfahren, Wirtschaftlichkeit.
year : 1992
author 0 : J&uuml;rgen Laukemper

title : Synchronisation und Assoziation in neuronalen Netzen.
year : 1999
author 0 : Thomas Wennekers

title : Verfahren der Spektralanalyse und Mustergenerierung f&uuml;r die Realzeitvisualisierung gesprochener Sprache.
year : 1993
author 0 : Klaus Hobohm

title : VLSI-Design komplexer Systeme: Steuerung und statistische Kontrolle des Entwurfsablaufes.
year : 1993
author 0 : Christian von Reventlow

title : Wissensbasiertes Selbstheilungs- und Diagnosesystem f&uuml;r CNC-Koordinatenmessger&auml;te.
year : 1994
author 0 : Wilhelm Steger

title : Koh&auml;rent optische Systeme zur Durchf&uuml;hrung analoger Rechenoperationen.
year : 1971
author 0 : Hermann Josef Mager

title : Maximal genaue Berechnung von Skalarproduktausdr&uuml;cken und hochgenaue Auswertung von Programmteilen.
year : 1992
author 0 : Rolf Hammer

title : Benutzernahe Sicht von Datenbanken - Entwurf und Manipulation von Datenhierarchien.
year : 1984
author 0 : Peter Ursprung

title : Zentralisierte oder dezentralisierte integrierte Datenverarbeitung, ein Vergleich am Beispiel eines Maschinenbauunternehmens.
year : 1982
author 0 : Mathias Kretzschmar

title : Der Einsatz k&uuml;nstlicher neuronaler Netze in regelungstechnischen Anwendungen.
year : 1995
author 0 : Peter Firsching

title : L&ouml;sung bin&auml;rer Differentialgleichungen und ihre Anwendung auf bin&auml;re Systeme.
year : 1980
author 0 : Bernd Steinbach

title : Analyse wesentlich nichtlinearer elektrischer Netzwerke und Systeme mittels digitaler Simulation an einer Kleinrechenanlage.
year : 1980
author 0 : F. Hermann Uhlmann

title : Evolution&auml;rer Test des Zeitverhaltens von Realzeit-Systemen.
year : 2001
author 0 : Joachim Wegener

title : Comparison and End-to-End performance analysis of parallel file systems / eingereicht von Michael Kluge.
year : 2011
author 0 : Michael Kluge

title : Zur Robustheit eines modellgest&uuml;tzten Verfolgungsansatzes in Videos von Stra&szlig;enverkehrszenen.
year : 2012
author 0 : Nicola Pirlo

title : Maintaining reference graphs in fully decentralized systems.
year : 2012
author 0 : Bj&ouml;rn Saballus

title : Test-driven conceptual design of cyber-physical manufacturing systems.
year : 2018
author 0 : Georg Hackenberg

title : Wissensbasierte Organisationsgestaltung zur Modellierung der Informations- und Kommunikationstechnik in der Produktion.
year : 1997
author 0 : Harald Augustin

title : Real-time capabilities of future ethernet-based in-vehicle time and safety-critical networks.
year : 2016
author 0 : Aboubacar Diarra

title : Verallgemeinerte stochastische Modellierung f&uuml;r die automatische Spracherkennung.
year : 1997
author 0 : Franz Wolfertstetter

title : Ein modellgetriebener Ansatz zur Entwicklung informationsflusssicherer Systeme.
year : 2017
author 0 : Kuzman Katkalov

title : Prozessmodell f&uuml;r teamorientierte Unternehmen.
year : 1996
author 0 : Thomas Funke 0002

title : Wissensbasierte Darstellungsunterst&uuml;tzung f&uuml;r Business-Graphiken: Entwicklung und experimenteller Test eines Expertensystems.
year : 1991
author 0 : Andreas Grass

title : Verbesserung des Entwurfs von SOA Serviceschnittstellen mit Hilfe von Erfahrungen und Heuristiken.
year : 2017
author 0 : Kai Niklas

title : Tourenplanung bei der regionalen Hausm&uuml;llentsorgung.
year : 1981
author 0 : Heinrich Paessens

title : Visualization and Validation of (Q)SAR Models.
year : 2015
author 0 : Martin G&uuml;tlein

title : Distributed resource allocation in wireless networks: a game-theoretical learning framework.
year : 2015
author 0 : Setareh Maghsudi

title : Parallelisierung ereignisgetriebener Simulationsverfahren auf Mehrprozessorsystemen mit verteiltem Speicher.
year : 1993
author 0 : Peter Luksch 0001

title : Community-centered semantics for the detection of fake multimedia.
year : 2013
author 0 : Khaled Ahmed Nagi Rashed

title : Zur Charakterisierung kontextfreier Sprachen und Grammatiken durch Strukturen konkomitanter Teilzeichenketten.
year : 1997
author 0 : Ren&eacute; Deist

title : Online dictionary learning for classification of antipersonnel landmines using ground penetrating radar.
year : 2021
author 0 : Fabio Giovanneschi

title : Konzepte und Techniken der Datenversorgung f&uuml;r komponentenbasierte Informationssysteme.
year : 1999
author 0 : J&uuml;rgen Sellentin

title : Verfahren zur Auswahl und Evaluierung von CAD-Systemen.
year : 1988
author 0 : Luiz Ary Messina

title : Interaction-Based Creation and Maintenance of Continuously Usable Trace Links.
year : 2020
author 0 : Paul H&uuml;bner

title : Resilience of the Critical Communication Networks Against Spreading Failures: Case of the European National and Research Networks.
year : 2017
author 0 : Goran Muric

title : Gestaltung eines Softwaresystems f&uuml;r den Arztarbeitsplatz im ambulanten Gesundheitswesen.
year : 1989
author 0 : Reinhard Christenfeldt

title : Ein PC-Modell zur Bestimmung einer optimalen Finanzierung fremdgenutzten Wohneigentums.
year : 1992
author 0 : Peter Lang

title : Neue Aspekte der Finanzanalyse: eine chaostheoretische Betrachtung von Aktienkursverl&auml;ufen.
year : 1991
author 0 : Matthias Ginter

title : Empowering End-users to Collaboratively Analyze Evolving Complex Linked Data.
year : 2017
author 0 : Thomas Reschenhofer

title : Computergest&uuml;tzte Analysen phonologischer Systeme: exemplarisch am Beispiel einer historisch-vergleichenden Ortsgrammatik aus dem schw&auml;bisch-fr&auml;nkischen &Uuml;bergangsgebiet.
year : 1994
author 0 : Hans-Joachim H&ouml;ll

title : Entwicklung eines neuen vorwissensbasierten Bildrekonstruktionsalgorithmus f&uuml;r die Cone-Beam-CT Bildgebung in der Strahlentherapie.
year : 2016
author 0 : Sven Vaegler

title : Rechnergest&uuml;tzter Wissenserwerb zur Erstellung von &Uuml;berwachungs- und Diagnoseexpertensystemen f&uuml;r hydraulische Anlagen.
year : 1991
author 0 : Thomas Noe

title : Quantitative Modellierung von Softwareprojekten.
year : 2000
author 0 : Anke Drappa

title : Dynamik und Regelung allradgelenkter Fahrzeuge: ein Beispiel f&uuml;r die rechnergest&uuml;tzte Analyse und Synthese mechanischer Systeme.
year : 1989
author 0 : Karl-Heinz Senger

title : Integrierte Datenverarbeitung im Besteuerungsverfahren: Verwaltungsautomation u. B&uuml;rgerinteresse.
year : 1985
author 0 : Stefan Altfelder

title : Minimizing the adverse effects of electric fields in magnetic resonance imaging using optimized gradient encoding and peripheral nerve models.
year : 2018
author 0 : Mathias Davids

title : Why are certain polynomials hard?: A look at non-commutative, parameterized and homomorphism polynomials.
year : 2016
author 0 : Christian Engels

title : Mechanical support and validation of a design calculus for communicating systems by a logic based proof system.
year : 1998
author 0 : J&uuml;rgen Bohn 0002

title : Verst&auml;ndlichkeit grafischer Gesch&auml;ftsprozessmodelle: ein Beitrag zur Theorieentwicklung auf der Grundlage von stylized facts und Gestaltungsempfehlungen f&uuml;r die Prozessmodellierung.
year : 2018
author 0 : Constantin Houy

title : Aktivit&auml;tsbasierte Verhaltensmodellierung und ihre Unterst&uuml;tzung bei Multiagentensimulationen.
year : 2000
author 0 : Franziska Kl&uuml;gl

title : Bewertung und Optimierung nichtfunktionaler Eigenschaften von Bildverarbeitungsalgorithmen auf heterogenen Rechnerarchitekturen.
year : 2020
author 0 : Christian Hartmann 0003

title : Bildgebende Diagnostik in der Kardiologie: Gestaltung eines interaktiven Lernprogrammes f&uuml;r computerunterst&uuml;tztes Lernen in der Medizinerausbildung.
year : 1991
author 0 : Gregor T&ouml;nshoff

title : NP-hard networking problems: exact and approximate algorithms.
year : 2011
author 0 : Rouven Naujoks

title : NESTML - die dom&auml;nenspezifische Sprache f&uuml;r den NEST-Simulator neuronaler Netzwerke im Human Brain Project.
year : 2018
author 0 : Dimitri Plotnikov

title : Modelle f&uuml;r die verlustfreie Bilddatenkomprimierung.
year : 1996
author 0 : Krystyna W. Ohnesorge

title : Beitr&auml;ge zur Untersuchung von Schaltungs- und Stoffflussvarianten an Zerkleinerungs- und Klassieranlagen auf der Basis programmierter L&ouml;sungsalgorithmen.
year : 1972
author 0 : Eckard Freudenthal
author 1 : Thomas Haufe

title : Datenmodell f&uuml;r den Entwurf betrieblicher Informationssysteme.
year : 1984
author 0 : Klaus Heuer

title : On iterative soft decision decoding of linear binary block codes.
year : 1997
author 0 : Rainer Lucas

title : Marker-less motion capture in general scenes with sparse multi-camera setups.
year : 2015
author 0 : Ahmed Elhayek

title : Personalcomputer als Controlling-Instrument in mittelst&auml;ndischen Unternehmen, angewandt auf die Finanzplanung und Finanzkontrolle f&uuml;r Bauunternehmen.
year : 1985
author 0 : Hans-Georg Isert

title : Robust Computer Vision for domestic robot applications.
year : 2014
author 0 : Sven Olufs

title : Improving the Quality of Enterprise Architecture Models: - Processes and Techniques -.
year : 2019
author 0 : Simon Hacks

title : Beitrag zur kombinierten stochastischen und deterministischen Modellierung von hydrologischen Prozessen.
year : 1988
author 0 : Karin Luckner

title : Untersuchung von Massnahmen zur Gew&auml;hrleistung der Datensicherheit bei der Anwendung dezentraler Rechentechnik: dargestellt am Beispiel der Erarbeitung eines Sicherheitskonzeptes f&uuml;r das RIS MLFN.
year : 1990
author 0 : Dietmar Kittmann

title : Avatar-induced compatibilities and the concept of avatar-self merging.
year : 2021
author 0 : Christian B&ouml;ffel

title : On the usage of reputation information in the internet of services.
year : 2012
author 0 : Stefan K&ouml;nig 0001

title : Computersimulation zur Modenselektivit&auml;t in einfachen und komplexen chemischen Modellsystemen.
year : 1990
author 0 : Wolfgang Karrlein

title : Ein universelles Multiprozessor-System f&uuml;r die schnelle Erfassung und Verarbeitung von Positronenkamera-Daten.
year : 1982
author 0 : Bruno Deluigi

title : Funktion, Architektur und Anwendung moderner Mikroprozessoren und Transputer.
year : 1990
author 0 : Salaheddin Dabbagh

title : Entwicklung von Expertensystemen f&uuml;r den Schiffsbetrieb am Beispiel wissensbasierter St&ouml;rungsanalysesysteme.
year : 1991
author 0 : Wolfgang Busse

title : Generation of multilingual ontology lexica with M-ATOLL: a corpus-based approach for the induction of ontology lexica.
year : 2017
author 0 : Sebastian Walter

title : Physiklernen und Handeln von Sch&uuml;lern in Estland und in Deutschland: eine empirische Untersuchung zu zwei unterschiedlichen Unterrichtskonzepten im Bereich von Energie und Energieversorgung mit den Methoden Concept mapping und Computersimulation.
year : 1999
author 0 : Priit Reiska

title : Konzipierung und Implementierung grafikorientierter Informationsverarbeitungssysteme.
year : 1989
author 0 : G&uuml;nter Reinemann

title : Ein Verfahren zur numerischen Simulation induktiver Erw&auml;rmungsprozesse und dessen technische Anwendung.
year : 1987
author 0 : Bernard Nacke

title : Eine Werkzeuginfrastruktur zur agilen Entwicklung mit der UML-P.
year : 2012
author 0 : Martin Schindler

title : Untersuchung ausgew&auml;hlter Linkadaptionsstrategien und deren Wechselwirkungen in drahtlosen Netzwerken.
year : 2013
author 0 : Hendrik Koetz

title : Object oriented network and systems management in a distributed environment: an approach towards technology independent management of broadband telecommunications networks.
year : 1999
author 0 : Torsten Schmale

title : Sieve Estimators for Spatial Data: Nonparametric Regression and Density Models with Wavelets for Strong Mixing Random Fields.
year : 2017
author 0 : Johannes Theodor Nikolaus Krebs

title : Graph-based Analysis of Dynamic Systems.
year : 2017
author 0 : Benjamin Schiller

title : Machine Learning for Non-Intrusive Load Monitoring.
year : 2019
author 0 : Matthias Kahl

title : A flexible framework for solving constrained ratio problems in machine learning.
year : 2015
author 0 : Thomas B&uuml;hler

title : Efficient Anonymous Group Communication.
year : 2018
author 0 : Tim Grube

title : Theorie formaler Sprachen in endlich erzeugten Monoiden mit besonderer Ber&uuml;cksichtigung kommutativer Monoide und Gruppen.
year : 1990
author 0 : Thomas Herbst

title : Cold War Games: der Kalte Krieg in Computerspielen (ca. 1980-1995).
year : 2020
author 0 : Clemens Reisner

title : Konfigurationsmanagement f&uuml;r offene Feldbusse.
year : 1993
author 0 : Gerhard Biwer

title : A specification and performance evaluation model for multicomputer database machines.
year : 1984
author 0 : Gerhard Schiffner

title : Photogrammetrische Erfassung r&auml;umlicher Informationen aus Videobildern.
year : 1990
author 0 : Ralph F&ouml;hr

title : Netzwerkdienste f&uuml;r Massively Multiplayer Online Games.
year : 2014
author 0 : Tonio Triebel

title : Modellierung und numerische Simulation geohydrodynamischer Transportprozesse.
year : 1985
author 0 : Hans-J&ouml;rg Diersch

title : Mikrorechnersysteme zur Fehlerdiagnose an mobilen Landmaschinen.
year : 1993
author 0 : Klaus Gottschalk

title : Statistical natural language processing methods for intelligent process automation.
year : 2020
author 0 : Alena Moiseeva

title : Entwicklung und Realisierung einer Trainings- und Ausbildungsumgebung zur Schulung der Proze&szlig;dynamik und des Anlagenbetriebs im Internet.
year : 1999
author 0 : Leon Urbas

title : Selected topics in algorithmic geometry.
year : 2013
author 0 : Victor Manuel Alvarez Amaya

title : Concept and implementation of a scalable architecture for data parallel computing.
year : 1996
author 0 : Johann vonder M&uuml;hll

title : Recursive parameter estimation for nonlinear continuous time systems through sensitivity model based adaptive filters.
year : 2000
author 0 : Christian Bohn

title : Ein Filter f&uuml;r die automatische syntaktische Analyse als Graphen-Transformationssystem.
year : 1987
author 0 : Renate Henschel

title : Automatische Bet&auml;tigung von Kraftfahrzeug-Kupplungen unter Anwendung der Fuzzy-Logik am Beispiel eines Hybridantriebs.
year : 1993
author 0 : Markus Zimmer

title : Untersuchungen zum Wahrnehmungsrealismus von Abbildern und Bildern: computergrafische Optimierungsans&auml;tze im Spannungsfeld von bildhafter Gestaltung, virtueller Architektur und visueller Wahrnehmung.
year : 2015
author 0 : Ingmar S. Franke

title : Lastkontrolle zur Vermeidung von Datenengp&auml;ssen in Datenbanksystemen.
year : 1994
author 0 : Axel M&ouml;nkeberg

title : Datenmodellierungskonzepte f&uuml;r Hypermedia und ihre Abbildung in Datenbanken.
year : 1993
author 0 : Michael Marmann

title : Der lautlose Zwang der Computer: e. Unters. &uuml;ber d. Einzug computergest&uuml;tzter Verwaltungsarbeit in d. Arbeitsalltag &ouml;ffentl. Verwaltungen.
year : 1987
author 0 : Volker R&ouml;ske

title : Automatisches Beweisen mit disjunktiven Beweisverfahren.
year : 2001
author 0 : Harald Gurres

title : Analyse der Verwendung formallogischer Darstellungsmittel in der Betriebswirtschaftslehre, Beitr&auml;ge zur einer Methodologie des Operations Research.
year : 1978
author 0 : Gerd Spiesmacher

title : Die Analyse von Fersenbeinfrakturen mit Hilfe der Computertomographie und Vorschlag einer CT gest&uuml;tzten Frakturklassifikation.
year : 1995
author 0 : Julia Kiskalt

title : Integration einer Simulationskomponente in rechnergest&uuml;tzte Systeme f&uuml;r die technische Vorbereitung der Produktion (TEVO).
year : 1987
author 0 : Axel Weckschmied

title : Learned 3D Local Features for Rigid Pose Estimation on Point Clouds.
year : 2020
author 0 : Haowen Deng

title : An Execution Model and High-Level-Synthesis System for Generating SIMT Multi-Threaded Hardware from C Source Code.
year : 2017
author 0 : Jens Huthmann

title : Digitale Erfassung und Verarbeitung von Laserscanningmikroskop-Bildsequenzen in der dreidimensionalen Mikroskopie.
year : 1990
author 0 : Thorsten Schormann

title : Konzept eines verteilten Mehrrechner-Systems.
year : 1988
author 0 : Clemens Kordecki

title : Knowledge representation and inductive reasoning using conditional logic and sets of ranking functions.
year : 2021
author 0 : Steven Kutsch

title : Testerzeugung f&uuml;r massiv-parallele Rechenfelder.
year : 2001
author 0 : Thilo Thiessenhusen

title : Texturbasierte Verfahren und interaktive 3D-Visualisierung f&uuml;r computergenerierte Hologramme.
year : 2001
author 0 : Matthias K&ouml;nig

title : Finite-Element-L&ouml;sung elastomechanischer Probleme auf Vektor-Rechnern.
year : 1983
author 0 : Matthias Kratz

title : Erfassung der PCB-Belastung in Gew&auml;ssern unter Anwendung eines biologischen Monitoring-Programmes.
year : 1993
author 0 : Paul-Gerhard Mast

title : Entwicklung von Hard- und Softwarekomponenten f&uuml;r das Sichtsystem eines Verkehrssimulators.
year : 1986
author 0 : Reinhard M&ouml;ller 0001

title : Analytische Untersuchungen zum Verhalten und zur Komplexit&auml;t hierarchischer Automatennetze.
year : 1985
author 0 : Nguyen Thuy Van

title : Efficient knowledge management for named entities from text.
year : 2017
author 0 : Sourav Dutta 0001

title : Blockbildung bei evolution&auml;ren Algorithmen.
year : 2013
author 0 : Sascha Riexinger

title : Design und Management von Experimentier-Workflows.
year : 2014
author 0 : Frank K&uuml;hnlenz

title : Static analysis of monadic datalog on finite labeled trees.
year : 2017
author 0 : Andr&eacute; Frochaux

title : Messung und Modellierung von SAP-R-3- und Storage-Systemen f&uuml;r die Kapazit&auml;tsplanung.
year : 2003
author 0 : Kay Wilhelm

title : Machine Learning and Security of Non-Executable Files.
year : 2017
author 0 : Nedim Srndic

title : Pattern analysis for power safe testing and prediction using machine learning.
year : 2019
author 0 : Harshad Dhotre

title : Exakte Rechnung durch Residuenarithmetik und einige M&ouml;glichkeiten ihrer Anwendung.
year : 1983
author 0 : J&ouml;rn Springer

title : Werkzeuge zur Rationalisierung der Softwareentwicklung unter besonderer Ber&uuml;cksichtigung von Aufgaben der Leitung und Planung.
year : 1989
author 0 : Lutz Teichmann

title : Adaptionsmechanismen f&uuml;r telefonbasierte Spracherkennungssysteme.
year : 1997
author 0 : Stefan Dobler

title : Linked product data: describing multi-functional and parametric building products using semantic web technologies.
year : 2020
author 0 : Anna Wagner

title : Kaskadierte Registerschaltungen f&uuml;r die Datenformatkonvertierung bei der digitalen Videosignalverarbeitung.
year : 1994
author 0 : Klaus Gr&uuml;ger

title : Sprachsegmente in der Spektralanalyse: Parameter zur Pr&auml;zisierung der Sprechererkennung auf der Grundlage der spektralen Intensit&auml;tsverteilung.
year : 2000
author 0 : Constanze Weinstock

title : Weiterentwicklung und Anwendung eines zweidimensionalen Technologiesimulators f&uuml;r VLSI-Schaltkreise.
year : 1991
author 0 : Dirk Bothmann

title : Beitr&auml;ge zum Entwurf und zur Anwendung von digitalen Bildspeichern.
year : 1983
author 0 : Burghard Rebel

title : Simulation von Umgebungsbedingungen f&uuml;r bildbasierte Systeme.
year : 2020
author 0 : Dennis Hospach

title : Integrierte Arbeitsumgebung zur numerischen Berechnung von Problemen der optimalen Steuerung.
year : 1996
author 0 : Rainer Mehlhorn

title : Efficient Security and Privacy Protection for Large-scale Wireless Indoor Positioning Applications.
year : 2015
author 0 : Mohammad Fal Sadikin

title : Informationelle Systeme f&uuml;r rechnergest&uuml;tztes Experimentieren.
year : 1989
author 0 : Uwe Machholz

title : Rechnergest&uuml;tzte symbolisch-algebraische Berechnungsmethoden in Warteschlangensystemen.
year : 1981
author 0 : Helmut Kempelmann

title : Ein Verfahren f&uuml;r die Rechnermodellierung eines atomistischen Gitterbereiches, umgeben von einem Finite-Elemente-Kontinuum, und seine Anwendung auf Rissfortschrittsprozesse in kubisch-raumzentrierten Metallen.
year : 1990
author 0 : Stephan Kohlhoff

title : A consistent cheminformatics framework for automated virtual screening.
year : 2015
author 0 : Sascha Urbaczek

title : Ein topologisch funktionales Modell der inh&auml;renten Komplexit&auml;t von Schaltfunktionen.
year : 1988
author 0 : J&uuml;rgen Neuschwander

title : Revealing the Invisible: On the Extraction of Latent Information from Generalized Image Data.
year : 2020
author 0 : Julian Iseringhausen

title : Adaptive dynamische Lastbalancierung.
year : 1997
author 0 : Thomas Lauer

title : Steuereinrichtungen f&uuml;r Industrieroboter mit vorzugsweise direkter Teach-in-Programmierung.
year : 1987
author 0 : Peter Haferkorn

title : Adaptive goal selection within the fluent calculus and FLUX.
year : 2014
author 0 : Yves Martin

title : Instandhaltungsgerechte Strukturierung technischer Anlageninformation am Beispiel von H&uuml;ttenwerken.
year : 1997
author 0 : Jens Reichel

title : Ein Beitrag zur Beschreibung und zur Verifikation komplexer digitaler Systeme.
year : 1983
author 0 : Werner Klarkowski

title : Aktives Lernen f&uuml;r Klassifikationsprobleme unter der Nutzung von Strukturinformationen.
year : 2015
author 0 : Tobias Reitmaier

title : Standardisierter Aufbau anwendungsspezifischer Zellenrechnersoftware.
year : 1993
author 0 : Johann Glas

title : Methodik eines formalen Korrektheitsbeweises bei graphisch spezifizierter Software: am Beispiel von Wellendigitalfiltern.
year : 1998
author 0 : Elmar Rummert

title : Realit&auml;t und computergest&uuml;tzte visuelle Simulation.
year : 1999
author 0 : Eckart Lange

title : Explizite Finite-Element-Modelle und ihre Naturanwendungen auf Str&ouml;mungsprobleme in Tidegebieten.
year : 1985
author 0 : G&uuml;nter Nitsche

title : Komponentorientierte Modellierung und Simulation kombinierter Systeme.
year : 1997
author 0 : Markus Kottmann

title : Theoretische und experimentelle Analysen zum Fitts'schen Gesetz bei der Interaktion mit gro&szlig;fl&auml;chigen ber&uuml;hrungssensitiven Bildschirmen.
year : 2012
author 0 : Sebastian Timm Vetter

title : Kommunikationsprobleme in homogenen rechnenden Strukturen.
year : 1987
author 0 : Helfried Broer

title : Algebraic Decoding of Subspace and Rank-Metric Codes.
year : 2017
author 0 : Hannes Bartz

title : Lernen in Neurocomputern f&uuml;r gro&szlig;e pulscodierte neuronale Netze.
year : 2001
author 0 : Martin Sch&auml;fer

title : Integration of short-time Fourier domain speech enhancement and observation uncertainty techniques for robust automatic speech recognition.
year : 2010
author 0 : Ram&oacute;n Fernandez Astudillo

title : Untersuchungen zur durchschnittlichen Gestalt gewisser Baumfamilien: mit besonderer Ber&uuml;cksichtigung von Anwendungen in der Informatik.
year : 1999
author 0 : Alois Panholzer

title : Lernen mit Bildern und Animationen: Studie zum Einfluss von Lernermerkmalen auf die Effektivit&auml;t von Illustrationen.
year : 1997
author 0 : Doris Lewalter

title : Register und Verbundstudie f&uuml;r Hodentumoren - Bonn, ein multizentrisches Krebsregister: (Planung, Aufbau, EDV-Unterst&uuml;tzung, Ergebnisse).
year : 1984
author 0 : Christian Sommerhoff

title : Rechnergest&uuml;tzte Projektierung von Steuerungssystemen.
year : 1986
author 0 : Thomas &Ouml;streicher

title : Afferenzbedingte Ver&auml;nderungen in der Synaptogenese zwischen Nervenzellen: eine computerunterst&uuml;tzte Simulation.
year : 1990
author 0 : Stefan Fischer 0009

title : Einheit der Welt und Einheitswissenschaft: Grundlegung einer allgemeinen Systemtheorie.
year : 1993
author 0 : Gerhard Schlosser

title : Erfolgsgr&ouml;&szlig;en von Dienstleisterportalen im Electronic Business: am Beispiel des Finanzdienstleistungsmarktes.
year : 2003
author 0 : Astrid Holste

title : Stereo vision-based road condition monitoring.
year : 2021
author 0 : Hauke Brunken

title : Anforderungen an die Detailstufenverwaltung in virtuellen Simulationsumgebungen = Requirements for the level of detailmanagement in virtual environments.
year : 1999
author 0 : Dirk Schlender

title : Bayesian estimation of self-similarity exponent.
year : 2013
author 0 : Natallia Makarava

title : Wissensmanagement in Beratungsprojekten auf Basis innovativer Informations- und Kommunikationstechnologien: das System K 3 ; Konzeption, Entwicklung und Implementierung eines Wissensmanagementsystems f&uuml;r Beratungsunternehmen sowie empirische Einsatzerfahrungen im Inhouse Consulting der BMW AG.
year : 2000
author 0 : Christoph Steiger

title : Program analysis and black-box GUI testing = Program Analysis und Black-box GUI Testing.
year : 2014
author 0 : Stephan Arlt

title : Theorie und Praxis der Netzentfaltungen als Grundlage f&uuml;r die Verifikation nebenl&auml;ufiger Systeme.
year : 2000
author 0 : Stefan R&ouml;mer

title : Ergonomische Evaluation von Software in der Druckindustrie unter dem Aspekt benutzerorientierter Funktionalit&auml;t.
year : 1994
author 0 : Ivan Panajotov

title : Distributed geo-services based on Wireless GIS: a case study for post-quake rescue information system.
year : 2011
author 0 : Yimei Liu

title : Rhetoriktraining online.
year : 2015
author 0 : Katie B&ouml;hme

title : Kaskadenrekursion in verteilten Systemen.
year : 1995
author 0 : Peter Knirsch 0002

title : Soft- und Hardware-Entwurf einer operativen Steuerung f&uuml;r eine flexible zentralisierte mechanische Kleinteilefertigung im Maschinenbau.
year : 1985
author 0 : Roland Schr&ouml;der

title : Methode zur Reifegradsteigerung mittels Fehlerkategorisierung von Diagnoseinformationen in der Fahrzeugentwicklung.
year : 2018
author 0 : Barbara Krausz 0002

title : Knowledge-Based Decision Making in Complex Environments: Methodological Aspects of Proactive Airport Security Management.
year : 2015
author 0 : Mara Cole

title : Ein Modell zum zentralen Betrieb von hoch flexiblen SOA-L&ouml;sungen auf Basis definierter Standards.
year : 2014
author 0 : Liane Will

title : Intrapersonal, Interpersonal, and Hybrid Interactions in Virtual Reality.
year : 2020
author 0 : Daniel Roth 0001

title : Pfadalgorithmen f&uuml;r Datenbanksysteme: Entwurf, Analyse, Evaluation und Realisation.
year : 1993
author 0 : Bin Jiang 0005

title : Werkzeugunterst&uuml;tzung f&uuml;r interorganisationales IT-Service-Management - ein Referenzmodell f&uuml;r die Erstellung einer ioCMDB -.
year : 2012
author 0 : Silvia Knittl

title : Testen in Verteilten Systemen.
year : 1991
author 0 : Shiqi Han

title : Compression Methods for Structured Floating-Point Data and their Application in Climate Research.
year : 2020
author 0 : Ugur &Ccedil;ayoglu

title : Reconstruction of human motions based on low-dimensional control signals.
year : 2012
author 0 : Jochen Tautges

title : Geometric and semantic understanding of objects from a single image using deep learning.
year : 2021
author 0 : Ahmed J. Afifi

title : Ray tracing techniques for computer games and isosurface visualization.
year : 2012
author 0 : Heiko Friedrich

title : Compression, modeling, and real-time rendering of realistic materials and objects.
year : 2012
author 0 : Nicolas Menzel

title : An abstraction to implement internet portals.
year : 2002
author 0 : Ingo Melzer

title : Computer und Arzt.
year : 1989
author 0 : Wolfgang Esser

title : Modified laplacians with localized eigenfunctions defined on images.
year : 2017
author 0 : Benjamin Berger

title : Ein Beitrag zur Entwicklung rechnergest&uuml;tzter on-line-Sensorsysteme f&uuml;r die automatisierte Lasermikrobearbeitung.
year : 1989
author 0 : Ralf Humke

title : Verkn&uuml;pfung des Konzepts der Netzkomponente mit der Struktur, dem Datenaufbau und der Betriebsf&uuml;hrung von elektrischen Versorgungsnetzen.
year : 1993
author 0 : Kouadio Etienne N'Guessan

title : TEDI - ein typgesteuerter Editor mit konfigurierbarer Benutzungsoberfl&auml;che zur Erstellung multimedialer Dokumente.
year : 1996
author 0 : J&uuml;rgen Sch&ouml;ning

title : Zuf&auml;llig erzeugte Unit-disk-Graphen als Testklasse f&uuml;r Graphf&auml;rbungsheuristiken.
year : 1998
author 0 : Gerhard Wei&szlig;enfels

title : On the utility of bytewise approximate matching in computer science with a special focus on digital forensics investigations.
year : 2014
author 0 : Frank Breitinger

title : Die Mittelbereitstellung f&uuml;r Bauleistungen unter Ber&uuml;cksichtigung der Unsicherheiten in der Planung.
year : 1981
author 0 : Siegfried Lederer

title : Entwicklung eines Sicherheitsmodells f&uuml;r offene verteilte Web-Services-Anwendungen.
year : 2013
author 0 : Eckehard Hermann

title : Wissensbasiertes Online-St&ouml;rungsmanagement flexibler, hoch automatisierter Montagesysteme.
year : 2003
author 0 : Frank Heller

title : Lokalisierbarkeit von User-Interface-Strings.
year : 2016
author 0 : Alexander Behrens

title : Similarity search and mining in uncertain spatial and spatio-temporal databases.
year : 2013
author 0 : Andreas Z&uuml;fle

title : Ein Beitrag zur symbolorientierten Off-line-Programmierung von Montagerobotern.
year : 1993
author 0 : Andreas Mehlan

title : Der Berufswahlprozess von Informatiklehrkr&auml;ften.
year : 2017
author 0 : Dorothee M&uuml;ller

title : Automatische Bildverarbeitung f&uuml;r die Qualit&auml;tssicherung.
year : 1995
author 0 : J&ouml;rg Amelung

title : Berechnungsmethoden der kritischen Temperatur von Reinstoffen: vergleichende Bewertung u. Optimierung d. Methodenparameter.
year : 1982
author 0 : Andreas Ohnsorge

title : Die Einf&uuml;hrung der computerintegrierten Fertigung (CIM) in Kunststoffspritzgiessbetrieben = the establishment of the computer integrated manufacturing (CIM) in injection molding plants.
year : 1987
author 0 : Frank-Robert Gliese

title : Ans&auml;tze zur formalen Verifikation analoger Schaltungen.
year : 1997
author 0 : Lars Hedrich

title : Entrophie-optimierende Steuerung der Objekterkennung durch einen fallbasierten Automaten.
year : 1997
author 0 : Thomas Boelow

title : Framework of quality measurement in CASE tool based software development.
year : 2010
author 0 : Hashem Yazbek

title : Wissensbasierte und fliessbildorientierte Bedienung eines verfahrenstechnischen Simulators.
year : 1993
author 0 : Markus B&auml;r

title : Ein operationelles Modell zur Syntax- und Semantikspezifikation.
year : 1991
author 0 : Detlef Kips

title : Entwicklung und Pr&uuml;fung eines Expertensystems auf einem Teilgebiet der zentralnerv&ouml;sen Erkrankungen des Rindes.
year : 1991
author 0 : Georg Heiber

title : Etablierung eines begabungsf&ouml;rdernden Lernumfeldes f&uuml;r M&auml;dchen im Bereich Informatik.
year : 2015
author 0 : Thiemo Leonhardt

title : An Improved Parametric Model for the Design of Virtual Acoustics and its Applications.
year : 2011
author 0 : Christian Bor&szlig;

title : Strukturbasierte Testmethoden f&uuml;r arithmetische Schaltkreise.
year : 1991
author 0 : Uwe Sparmann

title : Simulation adaptiver Koppelnetze f&uuml;r Multiprozessorsysteme.
year : 1996
author 0 : Ulrich Meyer 0003

title : Messtheoretische Analyse von statischen Softwarekomplexit&auml;tsmassen.
year : 1985
author 0 : Horst Zuse

title : Lateinische Rechtecke und Maschinenbelegung.
year : 1990
author 0 : Heidemarie Br&auml;sel

title : Evaluation of neuronal fiber tractography.
year : 2013
author 0 : Peter F. Neher

title : Formal configuration of fault-tolerant systems.
year : 2018
author 0 : Linda Herrmann

title : Specification and analytical evaluation of heterogeneous dynamic quorum-based data replication schemes.
year : 2012
author 0 : Christian Storm

title : Testing and evaluation fault tolerant protocols by deterministic fault injection.
year : 1993
author 0 : Yinong Chen

title : Konzeption und Implementierung graphisch interaktiver Werkzeuge zur Evaluierung komplexer informationsverarbeitender Systeme.
year : 1998
author 0 : Frank Steinfath

title : Grundlagen, Verfahren und Algorithmen f&uuml;r die automatische Modulsynthese im Schaltkreisentwurf.
year : 1989
author 0 : Andreas K&uuml;hlmann

title : Standarddaten- und Standardblattgestaltung f&uuml;r Einzelteile zur Speicherung in rechnerunterst&uuml;tzten Informationssystemen.
year : 1990
author 0 : B&auml;rbel Schambach

title : How to Raise Users' Awareness of Online Privacy: An Empirical and Theoretical Approach for Examining the Impact of Persuasive Privacy Support Measures on Users' Self-Disclosure on Online Social Networking Sites.
year : 2019
author 0 : Johanna Sch&auml;wel

title : Soziale Netzwerke im Kartellrecht ; eine Untersuchung zum Wettbewerb um Umfeld internetbasierter Netzwerkm&auml;rkte unter Ber&uuml;cksichtigung der Auswirkungen von Datensammlungen und des Einflusses des Datenschutzrechts im kartellrechtlichen Kontext.
year : 2018
author 0 : Claudia Zschoch

title : Parallel constraint solving for combinatorial problems.
year : 2021
author 0 : Ke Liu 0006

title : Zeitbegriffe und Zeitcodierungen in allgemeinbibliographischen Datenbanken: Analyse von RSWK, LCSH und RAMEAU sowie Entwicklung eines theoretischen Modells f&uuml;r ein Zeitretrieval.
year : 2003
author 0 : Jutta Frommeyer

title : Prozessorzuteilung in Parallelrechnern mit Hilfe selbstorganisierender Karten.
year : 1997
author 0 : J&uuml;rgen Quittek

title : Structured sparce signal recovery in general Hilbert spaces.
year : 2014
author 0 : Graeme Pope

title : Dezentrale Belegungsoptimierung in verteilten Systemen auf Basis einer erweiterten Max-Plus-Algebra.
year : 2000
author 0 : Peter Bort

title : Energiemanagement f&uuml;r drahtlose tief eingebettete Systeme: Feingranulares, faires Management zum Erreichen von Lebenszeitzielen bei knappen Energieressourcen.
year : 2016
author 0 : Andr&eacute; Sieber

title : Software transparency for free software distributions.
year : 2018
author 0 : Benjamin Hof

title : Computergest&uuml;tzte Gruppentechnik mittels Clusteranalysemethoden.
year : 1991
author 0 : Stefan Beer

title : MRI-based attenuation correction for whole body PET-MRI.
year : 2017
author 0 : Ilja Bezrukov

title : Verfahren zur Darstellung von Constraintsystemen am Beispiel der interaktiven bildbasierten Rekonstruktion.
year : 2012
author 0 : Frank Bauer 0001

title : Decision support for conceptual database design based on the evidence theory: an intelligent dialogue interface for conceptual database design.
year : 2001
author 0 : Margita Altus

title : Defining and assessing software quality by quality models.
year : 2013
author 0 : Klaus Lochmann

title : Datenkompression von Videoendoskopiebildern als Anwendung der Bildverarbeitung in der Medizin.
year : 1992
author 0 : Ingolf Menzel

title : Ein hierarchisches Verfahren zur Schaltkreissimulation.
year : 1993
author 0 : Bernhard Klaassen

title : Zur Applikation von Testbarkeitsanalyseverfahren f&uuml;r die Unterst&uuml;tzung des testfreundlichen Entwurfs digitaler und analoger Schaltungen.
year : 1994
author 0 : Toralf Becker

title : Adaptierbare CASE-Werkzeuge in proze&szlig;orientierten Software-Entwicklungsumgebungen.
year : 2003
author 0 : Marc Monecke

title : Methodische Grundlagen f&uuml;r die EDV-gest&uuml;tzte Vorbereitung und Leitung der Produktion (CAM) in den Plattenwerken des Wohnungsbaus.
year : 1987
author 0 : Erwin Ost

title : Schlussfolgerungen aus der Entwicklung von modernen Informations- und Kommunikationstechnologien auf die Ausbildung von Fachkadern im Bereich Information und Dokumentation an Hoch- und Fachschulen.
year : 1987
author 0 : Wolfgang J&auml;nsch

title : Distributed H&#8734; state estimation with applications to multi-agent coordination.
year : 2018
author 0 : Jingbo Wu

title : Sensorintegration und sensororientierte Bahnplanung: Elemente einer modernen, modularen Robotersteuerung.
year : 1996
author 0 : J&uuml;rg Luthiger

title : Konzeption einer REST-basierenden serviceorientierten Architektur zur Implementierung von Gesch&auml;ftsprozessen.
year : 2011
author 0 : Hao Yu 0009

title : Computational Methods for Structure-Activity Relationship Analysis and Activity Prediction.
year : 2015
author 0 : Disha Gupta-Ostermann

title : Planung und Durchf&uuml;hrung kundenindividueller Massenfertigung auf Basis einer Standardanwendungssoftware.
year : 2015
author 0 : Sven Pfeuffer

title : Aufbau eines CAD-Multimikrorechnernetzes.
year : 1983
author 0 : Tu Nguyen Nguyen

title : Integration von Sicherheitsgateways in eine Architektur f&uuml;r mehrseitige Sicherheit.
year : 2000
author 0 : Jan Z&ouml;llner 0002

title : On the feasibility and impact of digital fingerprinting for system recognition.
year : 2017
author 0 : Thomas Hupperich

title : Probleme des Aufbaus von rechnergesteuerten Lehrger&auml;tesystemen.
year : 1976
author 0 : Dietmar Heinze
author 1 : G&uuml;nter Mohr

title : System zur Ermittlung des aktuellen Kraftschlusspotentials eines Pkw im Fahrbetrieb.
year : 1993
author 0 : Hans-J&uuml;rgen G&ouml;rich

title : Computergest&uuml;tzte projektbegleitende Validierung in der Softwareproduktionsumgebung f&uuml;r automatische Steuerungen.
year : 1992
author 0 : Kerstin Ullrich

title : Device variability in synapses of neuromorphic circuits.
year : 2017
author 0 : Christoph Koke

title : Entwurf eines integrierten p&auml;dagogischen Informationssystems.
year : 1982
author 0 : Peter E. Hess

title : Konzeption und Realisierung eines &Uuml;bersetzergenerators f&uuml;r typografische Befehlssprachen.
year : 1983
author 0 : Heinz-J&uuml;rgen Teichmann

title : Context Specific Next Location Prediction.
year : 2014
author 0 : Halgurt Bapierre

title : Formal meta-programming in the calculus of constructions.
year : 1995
author 0 : Harald Rue&szlig;

title : Untersuchungen zur Anwendung neuronaler Netze f&uuml;r die L&ouml;sung von Problemen der Informationsverarbeitung in der biologischen Reinigungsstufe von Kl&auml;ranlagen.
year : 1997
author 0 : Uwe Winkler

title : Konzeption und Implementation portabler Komponenten des OSI-Referenzmodells, dargestellt an der ISO-gerechten Transportschicht.
year : 1989
author 0 : Manfred Zschiesche

title : Computational and logical aspects of infinite monoids.
year : 2003
author 0 : Markus Lohrey

title : Pattern formation in cellular automaton models: characterisation, examples and analysis.
year : 2000
author 0 : Sabine Dormann

title : Semantic Mapping for Autonomous Robots in Urban Environments.
year : 2018
author 0 : Christian Landsiedel

title : Untersuchungen zur digitalen Auswertung verrauschter Impulssignale.
year : 1971
author 0 : Karl-Heinz Jutzi

title : On the impact of memory corruption vulnerabilities in client applications.
year : 2016
author 0 : Robert Gawlik

title : Advanced EEG signal processing with applications in brain-computer interfaces: evaluating user focused paradigms for the purpose of enhancing brain-computer interaction.
year : 2019
author 0 : Irina-Emilia Nicolae

title : Modulares Beweisen temporallogischer Eigenschaften paralleler Programme.
year : 2010
author 0 : Simon B&auml;umler

title : Unerw&uuml;nschte E-Mail-Werbung.
year : 2003
author 0 : Alexander Wagner

title : Ein Dreischichten-Modell zur Berechnung mesoskaliger Wind- und Immissionsfelder &uuml;ber komplexem Gel&auml;nde.
year : 1985
author 0 : Dietrich Heimann

title : Analysis of affine motion-compensated prediction and its application in aerial video coding.
year : 2019
author 0 : Holger Meuel

title : Beitr&auml;ge zur Theorie von Wartesystemen mit den Optimalstrategien SPT und SRPT.
year : 1989
author 0 : Hettige Yasasiri Ranjit Perera

title : Entwicklung von kontrollflussbasierten Methoden und Techniken f&uuml;r einen benutzerfreundlichen Entwurf von sicheren Gesch&auml;ftsprozessen.
year : 2017
author 0 : Thomas M. Prinz

title : Ein Modell zur ereignisgetriebenen Simulation von MOS-Transistornetzwerken auf der Schalterebene.
year : 1989
author 0 : Klaus-Dieter Lewke

title : On the application of hidden Markov models for signal decoding in the context of brain computer interfaces.
year : 2018
author 0 : Tim Pfeiffer

title : Modellierung des adaptiven Mensch-Maschine-Dialoges und experimentelle Untersuchungen an einem Prototypen.
year : 1996
author 0 : Anton Obermaier

title : On the car sequencing problem : analysis and solution methods.
year : 2011
author 0 : Uli Golle

title : M&ouml;glichkeiten der Effizienzsteigerung logistischer Systeme durch den Einsatz neuer Informations- und Kommunikationstechnologien im G&uuml;terverkehr.
year : 1987
author 0 : Eduard M&ouml;hlmann

title : Die Modellierung von Anforderungen an die Informationsverarbeitung im Krankenhaus.
year : 1999
author 0 : Elske Ammenwerth

title : Semantisches Tagging zur Verwaltung von webbasierten Lernressourcen: Modelle, Methoden und eine Plattform zur Unterst&uuml;tzung Ressourcen-basierten Lernens.
year : 2011
author 0 : Doreen B&ouml;hnstedt

title : Subjektbezogene Untersuchungen zu einer Konzeption rechnergest&uuml;tzter Prognostizierungsprozesse in der Wissenschaft.
year : 1986
author 0 : Petra Bergmann

title : Die Anwendung &ouml;konomisch-mathematischer Methoden und der elektronischen Datenverarbeitung durch die Forsteinrichtung zur weiteren Verbesserung der Leitung und Planung der Forstwirtschaft der Deutschen Demokratischen Republik.
year : 1979
author 0 : Roland Barth

title : Model-driven development methodology for hybrid embedded systems based on UML with emphasis on safety-related requirements.
year : 2014
author 0 : Zamira Ang&eacute;lica Daw P&eacute;rez

title : Prozessintegration von EEPROM-Modulen f&uuml;r ASIC-CMOS-Technologien.
year : 1996
author 0 : Axel Walter

title : Enhancements for Visualizing Temporal and Geospatial Datasets.
year : 2015
author 0 : Halld&oacute;r Janetzko

title : Open neuroscience: challenging scientific barriers with open source hardware.
year : 2020
author 0 : Andr&eacute; Maia Chagas

title : Capability-based system-aware planning and scheduling of workflows for adaptable manufacturing systems.
year : 2016
author 0 : Nadine Keddis

title : System-level energy efficiency of intricate embedded systems through hardware-assisted runtime techniques.
year : 2020
author 0 : Ebrahim Haririan

title : Memory-aware platform description and framework for source-level embedded MPSoC software optimization.
year : 2017
author 0 : Robert Pyka

title : Entwurf einer neuen Votierlogik f&uuml;r ein modular-redundantes Rechensystem mit freilaufenden lokalen Taktgeneratoren.
year : 1988
author 0 : Rudolf G&uuml;ll

title : Wirtschaftlich optimale Laststeuerung mit evolution&auml;ren Strategien.
year : 1997
author 0 : Armin Joachim Gaul

title : Rechenmodell zur technisch-wirtschaftlichen Schallschutzplanung in Werkshallen der Stahlindustrie.
year : 1984
author 0 : Gerhard Neugebauer

title : Die Auswirkungen rechtlicher Verpflichtungen auf die Softwareentwicklung.
year : 1999
author 0 : Juliane Vorndamme

title : Reaktive Steuerung einer sechsbeinigen Laufmaschine in unbekannter Umgebung.
year : 1996
author 0 : Stefan Piekenbrock

title : Statistical learning methods for bias-aware HIV therapy screening.
year : 2012
author 0 : Jasmina Bogojeska

title : Documentation and mapping with 3D point cloud processing.
year : 2017
author 0 : Hamidreza Houshiar

title : Energieeffizientes Clustermanagement im Server-Load-Balancing-Bereich, am Fallbeispiel eines Apache-Webserver-Clusters.
year : 2017
author 0 : Simon Kiertscher

title : Probleme des Pers&ouml;nlichkeitsrechts- und Datenschutzes im Sozialrecht: (e. Analyse d. pers&ouml;nlichkeitsrechtstangierenden Normen d. Sozialrechts unter bes. Ber&uuml;cks. d. Grundsatzes d. Verh&auml;ltnism&auml;ssigkeit).
year : 1982
author 0 : Peter Lange 0001

title : Ein Umwelterfassungssystem f&uuml;r multisensorielle Montageroboter.
year : 1995
author 0 : Andreas Baader

title : Efficient query answering in peer data management systems.
year : 2011
author 0 : Armin Roth 0001

title : Estimation of simultaneous equation models with error components structure.
year : 1988
author 0 : Jayalakshmi Krishnakumar

title : Rechnerunterst&uuml;tzte Baugr&ouml;ssenauswahl von Drehstrom-Asynchron-Standardmotoren, ein Beitrag zur optimalen Auslegung von Maschinenantrieben.
year : 1985
author 0 : Gerald Brendler

title : Concurrency in Main-Memory Database Systems.
year : 2014
author 0 : Henrik M&uuml;he

title : Ein Beitrag zur Berechnung von Ur- und Umformproblemen mit der Methode der Finiten Elemente.
year : 1984
author 0 : Axel Krapoth

title : Technik - Konstruktionen: neue Technologien als soziologisches Theorieproblem.
year : 1997
author 0 : Karin Dollhausen

title : Stereo-Vision-Aided Inertial Navigation.
year : 2015
author 0 : Denis Grie&szlig;bach

title : Dual frequency magnetic particle imaging scanner: hardware for mobilityMPI.
year : 2018
author 0 : Christian Kuhlmann 0003

title : Parallele Analogsimulation auf Multiprozessoren mit verteiltem Speicher.
year : 1991
author 0 : Thomas Reus

title : Ein aktives Triangulationssensor-System zur schnellen Gewinnung r&auml;umlicher Informationen aus dynamischen Szenen.
year : 1996
author 0 : Lothar Thieling

title : New solutions for an old challenge: chances and limitations of optical, non-invasive acquisition and digital processing techniques for the age estimation of latent fingerprints.
year : 2014
author 0 : Ronny Merkel

title : Ein Physiologiemodell f&uuml;r Tactical Combat Casualty Care Training in mobilen Serious Games.
year : 2020
author 0 : Julia Hofmann

title : Rechnerunterst&uuml;tzte st&uuml;cklistenorientierte Prozesserarbeitung und Belegerzeugung f&uuml;r schwermaschinenbautypische Fertigungsbedingungen.
year : 1984
author 0 : Karl-Heinz Eichhorn

title : Untersuchung &uuml;ber die Verwendung von UNIX zur Datenerfassung und Realzeitverarbeitung.
year : 1984
author 0 : Hans Peter Huber

title : Performance and dependability modelling with second order fluid stochastic Petri nets.
year : 1999
author 0 : Katinka Wolter

title : Universelle Darstellung struktureller Information im Computer.
year : 1995
author 0 : Kaspar Bischofberger

title : Good code design with combinatorial approximation algorithms.
year : 1990
author 0 : Klaus-Uwe Koschnick

title : Beurteilung der prozessparameterabh&auml;ngigen Qualit&auml;t von Hochtemperaturl&ouml;tverbindungen mittels rechnerunterst&uuml;tzter Gef&uuml;geanalyse.
year : 1984
author 0 : J&uuml;rgen Kr&uuml;ger 0002

title : Untersuchungen zum Einsatz translatorischer pneumatischer Antriebe in Verarbeitungsmaschinen.
year : 1980
author 0 : Manfred Leuschke

title : Entwicklung hierarchisch strukturierter Radial-Netze f&uuml;r die Echtzeitklassifikation gro&szlig;er Objektmengen.
year : 1997
author 0 : Dirk Gerd Krumbiegel

title : Textabh&auml;ngige Sprecherverifizierung unter Ber&uuml;cksichtigung der Endpunktdetektion.
year : 1995
author 0 : Lutz Fliegner

title : Ein Multiprozessorsystem f&uuml;r die stochastische ereignisorientierte Simulation.
year : 1983
author 0 : Meir Barel

title : Eine einfache Kopplung von Mikrorechnern f&uuml;r den Einsatz zur Steuerung von Montageprozessen des Ger&auml;tebaus mit dezentraler Rechentechnik.
year : 1988
author 0 : Thomas Zerna

title : Parallele Netzwerkarchitekturen f&uuml;r Workstation-Cluster.
year : 1998
author 0 : Gunther Hipper

title : Model-based testing of automotive HMIs with consideration for product variability.
year : 2012
author 0 : Linshu Duan

title : Multidimensionale Guttman-Skalierung.
year : 1987
author 0 : Peter Zysno

title : Bernstein-B&eacute;zier-Darstellung trivariater Splines.
year : 1987
author 0 : Dieter Lasser

title : Wahrung der Konsistenz wesentlicher systeminterner Daten in fehlertoleranten verteilten Realzeitsystemen.
year : 1988
author 0 : Peter Hartlm&uuml;ller

title : Ein interaktiver Modellierer f&uuml;r evolution&auml;re Produktmodelle.
year : 1997
author 0 : Winfried Kowalczyk

title : Solvin k-list problems and their impact on information set decoding.
year : 2018
author 0 : Leif Both

title : Rechnergest&uuml;tzte Modellierung von Lagerst&auml;tten: eine Grundlage f&uuml;r die Rationalisierung der Produktionsvorbereitung in Bergbaubetrieben.
year : 1989
author 0 : Eckhard G&ouml;hler

title : Visualisierung abstrakter Objekte und Beziehungen in einem interaktiven Graphiksystem.
year : 1995
author 0 : Robert Schleich

title : Optimale Steuerung eines Roboterarms auf Bahnen unter autonomen und nichtautonomen Nebenbedingungen.
year : 1989
author 0 : Ulrich Leiner

title : Algorithms and tools for the analysis of high throughput DNA sequencing data.
year : 2014
author 0 : Marcel Martin

title : Automatic Identification and Recovery of Obfuscated Android Apps.
year : 2020
author 0 : Leonid Glanz

title : Simulation wiederverwendbarer Raumtransportsysteme im cislunaren Raum unter besonderer Ber&uuml;cksichtigung chemischer Antriebe.
year : 1983
author 0 : R&uuml;diger Ress

title : Rechtsschutz f&uuml;r Standardsoftware.
year : 1991
author 0 : Torsten Emmerich

title : Hybrid Fault Tolerant Consensus in Wireless Embedded Systems.
year : 2021
author 0 : Wenbo Xu 0002

title : An approximation and refinement approach to first-order automated reasoning.
year : 2018
author 0 : Andreas Teucke

title : Entwicklung eines Systems zur Produkterfolgsanalyse und -planung f&uuml;r eine Verbundgruppe des M&ouml;belmarktes.
year : 1982
author 0 : Ingo Willems

title : Data-driven Methods for Fault Localization in Process Technology.
year : 2013
author 0 : Christian K&uuml;hnert

title : Untersuchungen zu den M&ouml;glichkeiten der Ber&uuml;cksichtigung der Urbanisation bei der mathematischen Modellierung von Einzugsgebieten des Mittelgebirges am Beispiel des Einzugsgebietes der Chemnitz (Pegel G&ouml;ritzhain).
year : 1981
author 0 : Andreas H. Schumann

title : Untersuchung geographischer Anfragesprachen auf der Basis relationaler und objektrelationaler Datenbankmanagementsysteme.
year : 2002
author 0 : Matthias Ziegler

title : Constraint-based Analysis of Distributed Systems.
year : 2021
author 0 : Philipp J. Meyer

title : Heuristiken zur simulationsbasierten Operationsplanung in Augenkliniken.
year : 2016
author 0 : Hanna Ewen

title : Neural networks, fuzzy logic, and optimal control for vehicle active systems with four-wheel steering and active suspension.
year : 1993
author 0 : Bo Cai

title : Personalisiertes Information-Brokering.
year : 2002
author 0 : Achim Nick

title : Computerunterst&uuml;tzte Operationsplanung und -ausf&uuml;hrung mittels individueller Bearbeitungsschablonen in der Orthop&auml;die.
year : 1999
author 0 : Klaus Radermacher 0001

title : A multipoint communication architecture for end to end quality of service guarantees.
year : 1997
author 0 : Daniel Bauer

title : Facial expression recognition with a three-dimensional face model.
year : 2011
author 0 : Christoph Mayer 0001

title : Monaden und T-Systeme.
year : 1983
author 0 : Joachim Machner

title : Emotions and Performance in Virtual Worlds. An empirical study in the presence of missing data.
year : 2015
author 0 : Sabrina Schiele

title : Automatische Modellerstellung f&uuml;r wissensbasierte Werkst&uuml;ckerkennungssysteme.
year : 1989
author 0 : Willi H&auml;ttich

title : Massively Parallel Direct Numerical Simulation of Particulate Flows.
year : 2012
author 0 : Jan G&ouml;tz

title : Aufbau eines rechnergest&uuml;tzten Informationsrecherchesystems f&uuml;r das Forschungsprojekt "Diabetes mellitus und Fettstoffwechselst&ouml;rungen", Darstellung anhand der biochemischen Problematik.
year : 1981
author 0 : Helga Z&uuml;hlke

title : Approximation algorithms for scheduling and two-dimensional packing problems.
year : 2010
author 0 : Ulrich M. Schwarz

title : Multilinguales aspektbasiertes Opinion Mining: Entwicklung eines ressourcenarmen Extraktionsverfahrens und Untersuchung von Nutzerperspektiven.
year : 2017
author 0 : Julia Maria Stru&szlig;

title : Modell einer datenbankgest&uuml;tzten statistischen Analyse von Struktur-Wirkungs-Beziehungen in der Toxikologie unter besonderer Ber&uuml;cksichtigung einer automatisierten Molek&uuml;ldeskription.
year : 1992
author 0 : Thomas F&ouml;rster 0002

title : Dependency management in large-scale agile software development.
year : 2017
author 0 : Saskia Bick

title : Qualifizierung f&uuml;r innovative Informationstechnologie: konzeptionelle Ans&auml;tze zur Verringerung der Diskrepanz zwischen Theorie und Praxis.
year : 1990
author 0 : Petra Dahmen

title : Aspekte der Automatisierung informationeller Transaktionen zwischen Anbietern und Nachfragern von Wirtschaftsg&uuml;tern und der Herausbildung elektronischer M&auml;rkte unter besonderer Beachtung des Einsatzes multimediabasierter Telematiksysteme.
year : 1997
author 0 : Uwe Schr&ouml;ter

title : Bildsch&auml;rfeverbesserung von hochaufgel&ouml;sten Festbildern.
year : 1993
author 0 : Fritz Lebowsky

title : Data provisioning in simulation workflows.
year : 2017
author 0 : Peter Reimann 0002

title : Bootstrapping Explainable Text Categorization in Emergent Knowledge-Domains.
year : 2021
author 0 : Tobias Eljasik-Swoboda

title : Mobility and Radio Resource Management in Future Aeronautical Mobile Networks.
year : 2013
author 0 : Serkan Ayaz

title : Supporting group awareness in multi user environments through perceptualization.
year : 1999
author 0 : Markus Sohlenkamp

title : Ein Verfahren zur Planung komplexer bergm&auml;nnischer Betriebsabl&auml;ufe, dargestellt am Beispiel des Sprengvortriebes.
year : 1982
author 0 : Heinz Norbert Sch&auml;chter

title : Visualization methods for sustainable planning.
year : 2011
author 0 : Sebastian Petsch

title : Graphical user interface prototyping for distributed requirements engineering.
year : 2014
author 0 : Sven Scheibmayr

title : Zur Verifikation von modular zerlegten Programmen.
year : 1988
author 0 : Bernhard Hohlfeld

title : Stand und neuere Konzeptionen einer zwischenbetrieblichen Integration der EDV im G&uuml;terverkehr.
year : 1984
author 0 : Martina St&auml;dtler

title : Datenflussorientierte Programmierung mit Attributgrammatiken.
year : 1987
author 0 : Antje Dziolloss

title : Die gesetzm&auml;ssige Herausbildung internationaler Reproduktionskomplexe der RGW-L&auml;nder und die sich daraus ergebenden Erfordernisse f&uuml;r ihre gemeinsame Leitung und Planung unter besonderer Ber&uuml;cksichtigung der Aussenhandelsbeziehungen, untersucht am Beispiel des ESER.
year : 1977
author 0 : Johannes Held 0002

title : Agile Methods in the Digital Transformation - Exploration of the Organizational Processes of an Agile Transformation.
year : 2019
author 0 : Christoph Fuchs

title : Signalverarbeitungsverfahren f&uuml;r Multimikroprozessorsysteme zur Fehlerdiagnose an Zahnradgetrieben.
year : 1989
author 0 : Walter Nitsche

title : Ein Verfahren zur Decodierung von bin&auml;ren linearen Blockcodes &uuml;ber die halbe Mindestdistanz ohne und mit Kanalzustandsinformation.
year : 1987
author 0 : Martin Bossert

title : Revisiting the interplay of inter-domain traffic and routing policies.
year : 2019
author 0 : Thomas Krenc

title : Consistent Feature-Model Driven Software Product Line Evolution.
year : 2021
author 0 : Michael Nieke

title : Long term preservation of product lifecycle metadata in OAIS archives.
year : 2012
author 0 : J&ouml;rg Brunsmann

title : Sozio-technische Ans&auml;tze f&uuml;r die Gestaltung von Informationssystemen: exemplar. F&auml;lle u. Gestaltungshypothesen.
year : 1982
author 0 : Hans Oppelland

title : Massively parallel stream processing with latency guarantees.
year : 2016
author 0 : Bj&ouml;rn Lohrmann

title : Rekonfigurierbare Hardwarekomponenten im Kontext von Cloud-Architekturen.
year : 2018
author 0 : Oliver Knodel

title : Socio-economic consequences of irrigation in developing countries with special reference to India: a system dynamics study.
year : 1982
author 0 : Govind Prasad Gupta

title : Interaktive Layoutgestaltung von Fertigungseinheiten mittels Ebenentechnik.
year : 1988
author 0 : Ines Kunitzsch

title : Static analysis of run-time modes in Kahn Process Networks.
year : 2012
author 0 : Michael Beyer

title : Enterprise Tomography - ein effizientes Diagnoseverfahren zur semiautomatischen Lokalisierung von polymorphen Integrationskonzepten in Unternehmenssoftwaresystemen.
year : 2012
author 0 : Jan Aalmink

title : Quality-aware Content Adaptation in Digital Video Streaming.
year : 2016
author 0 : Stefan Wilk

title : Middleware f&uuml;r Ubiquit&auml;re Systeme: Ein Modellgetriebener Ansatz.
year : 2012
author 0 : Till Riedel

title : Taming control divergence for vectorizing programs on SIMD Extensions.
year : 2020
author 0 : Huihui Sun

title : Isometry invariant shape priors for variational image segmentation.
year : 2014
author 0 : Bernhard Schmitzer

title : Entwicklung und Rekonstruktion einer interaktionsgepr&auml;gten Sichtweise auf das komplement&auml;re Mensch-Maschine-Verh&auml;ltnis.
year : 2021
author 0 : Lea Budde

title : Sharing location information with trusted peers: a user-centric analysis of location privacy.
year : 2013
author 0 : Klaus Rechert

title : Termination und Konfluenz von Semi-Thue-Systemen mit nur einer Regel.
year : 1990
author 0 : Winfried Kurth

title : Usability and expressiveness in database keyword search: bridging the gap.
year : 2013
author 0 : Elena Demidova

title : Optimale Gegenstrategien bei Datenverifikations-Tests.
year : 1983
author 0 : Hans-Peter Battenberg

title : Anomaly detection in cloud computing environments.
year : 2020
author 0 : Florian Johannes Schmidt

title : Design of Self-Adaptation in Distributed Embedded Systems.
year : 2015
author 0 : Gereon Wei&szlig;

title : Mehrprozessorsteuerung f&uuml;r ein grafisches Farbrasterdisplay.
year : 1985
author 0 : G&uuml;nter Donath

title : Dreidimensionales Messen mit einer Videokamera unter Ausnutzung geometrischer Randbedingungen.
year : 1994
author 0 : Rolf Gerdes

title : Wissensbasierte Werkzeuge f&uuml;r den Datenbank-Entwurf.
year : 1987
author 0 : Richard P. Br&auml;gger

title : Auswertung von Stereobildfolgen mit Kantenmerkmalen.
year : 1991
author 0 : Nils Rehfeld

title : Beitrag zur Methodik der Gestaltung und Entwicklung von Informationsverarbeitungssystemen in technischen Anwendungsbereichen.
year : 1984
author 0 : Reinhard H&uuml;bler

title : Entwurf und Integration eines anwenderorientierten Fuzzy-Entwicklungssystems in die Prozessmanagementumgebung RISP.
year : 1994
author 0 : Uwe Kreibaum

title : Reichweitenoptimierende Fahr- und Betriebsstrategien f&uuml;r Elektrofahrzeuge.
year : 2016
author 0 : Stefan K&ouml;hler 0003

title : Entwurf eines rekonfigurierbaren Netzadapters und Untersuchung geeigneter Zugangsprotokolle.
year : 2002
author 0 : Thomas Meier 0003

title : Die digitale Bilddatenbank "Becken": Entwicklung und erste Erfahrungen im Einsatz f&uuml;r wissenschaftliche Auswertung und Lehre.
year : 1997
author 0 : Hendrik R&ouml;tterink

title : Novel techniques for monitoring network traffic at the flow level.
year : 2013
author 0 : Eduard Glatz

title : Platz- und Zeitkomplexit&auml;t von Entscheidungsproblemen im Zusammenhang mit der Kommunikationskomplexit&auml;t regul&auml;rer Sprachen.
year : 2010
author 0 : Christian Brandl

title : Neural Representations of Self-Motion During Natural Scenes in the Human Brain.
year : 2017
author 0 : Didem Korkmaz Hacialihafiz

title : Ziele und Aufbau eines Informationssystems f&uuml;r die Pflanzenz&uuml;chtung.
year : 1992
author 0 : Elmar A. Weissmann

title : Verfahren zur Erzeugung, Ver&auml;nderung und Darstellung von dreidimensionalen Modellen nat&uuml;rlicher Objekte.
year : 1989
author 0 : Werner Schneider

title : Sichere und effiziente Netzwerkcodierung.
year : 2019
author 0 : Stefan Pfennig

title : SOA Governance: Compliance-Nachweise in serviceorientierten Architekturen.
year : 2013
author 0 : Gabriela Loosli

title : Artificial intelligent approaches to time series forecasting.
year : 1999
author 0 : Ajoy Kumar Palit

title : Kollaboratives Information Retrieval auf Basis raum-zeitlicher Small Worlds f&uuml;r verteiltes Social Networking.
year : 2014
author 0 : Florian Straub

title : Anytime algorithms for stream data mining.
year : 2011
author 0 : Philipp Kranen

title : Steuerung projektlogistischer Systeme mit Hilfe der netzorientierten formalen Sprache LCS (loosely coupled system) und ihrer Erweiterung IS (interaction system).
year : 1986
author 0 : Karl Sommer

title : Context-Aware Decision Making in Wireless Networks: Optimization and Machine Learning Approaches.
year : 2019
author 0 : Sabrina Klos

title : Rechnergest&uuml;tzter Entwurf der Compilerstruktur mit Attributgrammatiken.
year : 1988
author 0 : Ilka Atanasowa Miluschewa

title : Zum Aufbau wissensbasierter Informationssysteme in Forschung und Entwicklung.
year : 1989
author 0 : Dierk Langbein

title : Nutzergerechte Informationsvisualisierung f&uuml;r Augmented Reality Anzeigen.
year : 2012
author 0 : Anne Wegerich

title : Einsatz rechnergest&uuml;tzter Optimierung mittels der Evolutionsstrategie zur L&ouml;sung galvanotechnischer Probleme.
year : 1984
author 0 : Hans-Joachim Riedel

title : On the design and security of block ciphers.
year : 1992
author 0 : Xuejia Lai

title : An integer programming approach to exact and fuzzy symmetry detection.
year : 2003
author 0 : Christoph Buchheim

title : Visualization of search results from the World Wide Web.
year : 2002
author 0 : Thomas M. Mann

title : Schematisation in hard-copy tactile orientation maps.
year : 2013
author 0 : Christian Graf 0001

title : Shape Retrieval Methods for Architectural 3D Models.
year : 2014
author 0 : Raoul Wessel

title : Quadrilateral surface mesh generation for animation and simulation.
year : 2012
author 0 : David Bommes

title : System zur Klassifikation und Lokalisation von 3D-Objekten durch Anpassung vereinheitlichter Merkmale in Bildfolgen.
year : 2003
author 0 : Thorsten K&ouml;lzow

title : Engineering tool supported collaboration processes for web-based platforms: idea elaboration in virtual ideation communities.
year : 2016
author 0 : Philipp Kipp

title : Automatic Optimization of 3D Mesh Data for Real-Time Online Presentation.
year : 2018
author 0 : Max Limper

title : &Ouml;konomisch-&ouml;kologische Hausm&uuml;llentsorgung: eine Computersimulation zur Entscheidungsunterst&uuml;tzung bei der Probleml&ouml;sung im Zweckverband Abfallwirtschaft Rhein-Neckar.
year : 1992
author 0 : Hans-J&uuml;rgen Gallo

title : Dynamics of complex autonomous Boolean networks.
year : 2014
author 0 : David Rosin

title : PROMT knowlegde based tutoring of text problems applied to project management.
year : 1996
author 0 : Michael P&uuml;lz

title : Objektorientierte Kommunikation in verteilten Rechnersystemen.
year : 1993
author 0 : Gerhard Koller

title : On Scenario-Based Testing of Automated and Autonomous Driving Systems.
year : 2021
author 0 : Florian Hauer 0002

title : Wissensbasierte Erweiterung der Netzplantechnik.
year : 1991
author 0 : Ludwig Hennicke

title : Methodik zur Erstellung eines Testsystems f&uuml;r ein offenes Fehlermanagement auf der Basis von OSI Protokollbeschreibungen.
year : 1995
author 0 : Christina Winkler

title : Rendering with Poxels: a software architecture for programmable shading systems.
year : 1999
author 0 : Uwe Behrens

title : Flexible low-density parity-check codes: rate, length, and complexity.
year : 2016
author 0 : Moritz Beermann

title : Tippverhaltenserkennung auf Basis benutzerindividueller, fester Eingabetexte.
year : 2012
author 0 : Johann Schenkl

title : Vendor managment in global IS outsourcing projects.
year : 2011
author 0 : Katharina Schott

title : Theoretische Bilanz und erste schulpraktische Ergebnisse der Lehrplanarbeiten zum Computergrundkurs im ESP-Unterricht der Klasse 9.
year : 1988
author 0 : Harry Kreuzmann

title : Secure mediation between strangers in cyberspace.
year : 2002
author 0 : Y&uuml;cel Karabulut

title : Attacking complexity in logic synthesis of asynchronous circuits.
year : 2012
author 0 : Dominic Wist

title : GRAPH - eine auf Petri-Netzen basierende Entwicklungsumgebung f&uuml;r verteilte Systeme.
year : 1990
author 0 : J&ouml;rg Schepers

title : Softwarehilfsmittel zur Programmierung von Multiprozessoren mit begrenzten Nachbarschaften: e. Beitr. zur Konfigurationsverwaltung.
year : 1986
author 0 : Klaus Moritzen

title : Konstruktion eines dezentral arbeitenden Kommunikationsmechanismus f&uuml;r mehrstufige Prozessorganisation.
year : 1984
author 0 : Martin Elixmann

title : Equality and extensionality in automated higher order theorem proving.
year : 1999
author 0 : Christoph Benzm&uuml;ller

title : Fuzzy-modellbasierte Regelung nichtlinearer Prozesse.
year : 1999
author 0 : Martin Fischer 0006

title : Optimization of resilience in virtual networks.
year : 2015
author 0 : Isil Burcu Barla Harter

title : Quasianaloger Materialflusssimulator - ein Instrument zur Untersuchung von Betriebsabl&auml;ufen in komplexen f&ouml;rdertechnischen Systemen.
year : 1982
author 0 : Gundo H. Riechelmann

title : Polit&ouml;konomische Analyse der Effektivit&auml;t des Einsatzes der Industrierobotertechnik, unter besonderer Beachtung der Erfordernisse umfassender Intensivierung.
year : 1986
author 0 : Manfred Schaschek

title : Dialogical system design across cultural boundaries: system design out of Africa.
year : 2001
author 0 : Heike Winschiers

title : Fehlermodelle f&uuml;r h&ouml;here Hardware-Beschreibungen beim Entwurf grosser VLSI-Chips.
year : 1994
author 0 : Klaus-Peter A. Wachsmann

title : Komplexit&auml;tsanalyse verschiedener Wahlprobleme zur Beeinflussung des Wahlausgangs.
year : 2016
author 0 : Dominikus Kr&uuml;ger

title : Reconstructing 3D human avatars from monocular images.
year : 2020
author 0 : Thiemo Alldieck

title : Aktion, Reaktion und Wechselwirkung bei sensorgef&uuml;hrten Robotern.
year : 1989
author 0 : Rainer Palm

title : Zukunftsorientierte Gestaltung informationstechnologischer Netzwerke im Hinblick auf die Handlungsf&auml;higkeit des Menschen.
year : 1996
author 0 : Gabriele Veldkamp

title : Integration bildgebender Verfahren in den vorklinischen Anatomieunterricht: Evaluationsergebnisse des Medizindidaktischen Pilotprojektes D&uuml;sseldorf.
year : 2003
author 0 : Janine Metten

title : Hardwaretestsprachen: Konzepte f&uuml;r den Entwurf.
year : 1988
author 0 : Michael Neubauer 0002

title : Kommunikationsfunktionen f&uuml;r fehlertolerante Mehrrechnersysteme mit busartiger Verbindungsstruktur.
year : 1986
author 0 : Bernd Wiemann

title : Ausfalltolerante verteilte Systeme.
year : 1988
author 0 : Klaus Helml

title : Auswirkungen des wissenschaftlich-technischen Fortschritts auf das System der Planung, Lenkung und Kontrolle der Produktion unter besonderer Ber&uuml;cksichtigung der Automatisierung.
year : 1984
author 0 : Gunter P&uuml;schel

title : Interaktiver Entwurf und geometrische Beschreibung glatter &Uuml;berg&auml;nge zwischen r&auml;umlich gekr&uuml;mmten Fl&auml;chenstrukturen.
year : 1985
author 0 : Werner Hansmann

title : App-Orchestrierung als Methode zur formalen Modellierung von App-Ensembles f&uuml;r industrielle Gesch&auml;ftsprozesse = App-orchestration as a method for formal modelling of app-ensembles for industrial business processes.
year : 2020
author 0 : Johannes Pfeffer

title : Das Datenschutzgesetz im Privatbereich: unter besonderer Ber&uuml;cksichtigung seiner motivationalen Grundlage.
year : 1994
author 0 : James Thomas Peter

title : Denotationelle Analysen funktional-logischer Programme.
year : 1999
author 0 : Frank Zartmann

title : Anwendungsarchitektur-konforme Konfiguration selbstorganisierender Softwaresysteme.
year : 2013
author 0 : Holger Klus

title : Sprachkonzepte zur Ausnahmebehandlung f&uuml;r verteilte Programmierung mit asynchroner Kommunikation.
year : 1993
author 0 : Hans-J&uuml;rgen Plewan

title : Total-quality-Management in der Softwareproduktion: industrielle Leistungserstellung und Modelle eines umfassenden Qualit&auml;tsmanagements ; Merkmalsauspr&auml;gungen zur Situation in der Softwareproduktion.
year : 1996
author 0 : Reimund Hauer

title : Coercive functions from a topological viewpoint and properties of minimizing sets of convex functions appearing in image restoration.
year : 2015
author 0 : Ren&eacute; Ciak

title : Untersuchungen zur Anwendung der Digitalsimulation in der Zuverl&auml;ssigkeitstheorie und deren praktische Realisierung in einem Rechenprogramm.
year : 1981
author 0 : Roland Spannaus

title : Spezielle Eingr&ouml;ssenregelungen mit Mikrorechnerregler.
year : 1988
author 0 : Bernd Henniger

title : Modeling user perception and behavior when interacting with a mobile payment system.
year : 2016
author 0 : Niklas Kirschnick

title : Universal Computation and Memory by Neural Switching.
year : 2011
author 0 : Fabio Schittler Neves

title : Numerical optimization of amplitude and phase modulated rf pulses.
year : 1993
author 0 : Hendrik Kooijman-Kurf&uuml;rst

title : Stochastic satisfiability modulo theories: a symbolic technique for the analysis of probabilistic hybrid systems.
year : 2012
author 0 : Tino Teige

title : Netzgesteuertes adaptives Videostreaming &uuml;ber Mobilfunknetze.
year : 2019
author 0 : Zigmund Orlov

title : Causal models for decision making via integrative inference.
year : 2017
author 0 : Philipp Geiger

title : Einflu&szlig; von handlungsbezogenen und kognitiven Pers&ouml;nlichkeitsmerkmalen auf das Lerngeschehen beim Wissenserwerb mit Hypertexten.
year : 1997
author 0 : Thomas Zink 0002

title : Beitr&auml;ge zur adaptiven Modellfindung linearer und nichtlinearer mechanischer Systeme.
year : 1981
author 0 : Phung duy Dung

title : A component architecture for artificial neural network systems.
year : 2002
author 0 : F&aacute;bio Ghignatti Beckenkamp

title : &Uuml;ber Expertensysteme f&uuml;r wissenschaftliches Rechnen mit Ergebnisverifikation.
year : 1992
author 0 : Stefan K&ouml;nig 0006

title : Computerprogramme im deutschen Urheberrechtssystem.
year : 1993
author 0 : Ulrich Weber-Steinhaus

title : Qualitative constraint-based reasoning: methods and applications.
year : 2015
author 0 : Matthias Westphal

title : New methods for 3D reconstructions using high resolution satellite data.
year : 2021
author 0 : Ke Gong

title : Asynchrone Iterationsverfahren zur L&ouml;sung linearer Gleichungssysteme auf massiv parallelen Multiprozessorrechnern.
year : 1994
author 0 : Klaus J&uuml;rgens

title : Continuous Performance Evaluation and Capacity Planning for Enterprise Applications.
year : 2015
author 0 : Andreas Brunnert

title : Simulation-based Planning of Machine Vision Inspection Systems with an Application to Laser Triangulation.
year : 2020
author 0 : Mahsa Mohammadikaji

title : Untersuchungen zur Parallelisierung von Algorithmen der diskreten digitalen Simulation.
year : 1989
author 0 : Ulrich Naujokat

title : Robustness analysis of deep neural networks in the presence of adversarial perturbations and noisy labels.
year : 2019
author 0 : Emilio Rafael Balda Ca&ntilde;izares

title : Einbettung selbstorganisierender Karten in autonome Miniroboter.
year : 2003
author 0 : Ulf Witkowski

title : Verifying concurrent programs under weak memory models.
year : 2017
author 0 : Oleg Travkin

title : Adaptive verteilte Informationsverarbeitung: die Entwicklung Neuronaler Netze f&uuml;r den Einsatz in der Praxis.
year : 1994
author 0 : Petra Getfert

title : Aufbau eines integrierten EDV-Systems zur Planung, Durchf&uuml;hrung und Auswertung von Feldversuchen.
year : 1992
author 0 : Nikolaus Franz Meier

title : Rechnergest&uuml;tztes Entwurfs- und Optimierungssystem f&uuml;r Schraubendruckfedern.
year : 2003
author 0 : Kersten Liebermann

title : Codierte Multitr&auml;gerverfahren f&uuml;r Powerline- und Mobilfunkanwendungen.
year : 2003
author 0 : Dirk Benyoucef

title : Computergest&uuml;tzte Fernr&ouml;ntgenseitenanalyse am Beispiel von Dentofacial Planner und Orthognathic Treatment Planner: eine vergleichende Untersuchung.
year : 1993
author 0 : Bernhard Fischer

title : Model-Based Statistical Testing of Embedded Real-Time Software with Continuous and Discrete Signals in a Concurrent Environment: The Usage Net Approach.
year : 2012
author 0 : Frank B&ouml;hr

title : An Integrated Data Analysis Suite and Programming Framework for High-Throughput DNA Sequencing.
year : 2014
author 0 : Felix Ott

title : Ein schneller parallel-serieller Analog-Digital-Umsetzer in NMOS-Technologie.
year : 1981
author 0 : Horst-Lothar Fiedler

title : Efficient parallel proximity queries and an application to highly complex motion planning problems with many narrow passages.
year : 2013
author 0 : Rainer Erbes

title : Decentralized authorization for inter-domain collaborations with iRBAC framework.
year : 2012
author 0 : Hannah Kyungsun Baker

title : Describing data patterns: a general deconstruction of metadata standards.
year : 2013
author 0 : Jakob Vo&szlig;

title : Wiederaufsetzen in fehlertoleranten Mehrrechnersystemen.
year : 1992
author 0 : Heiko Siraf

title : Neue Verfahren zur adaptiven Reihenfolgefestlegung in regelungstechnischen Applikationen mit nicht-unterbrechbarer Verarbeitung.
year : 1992
author 0 : Thomas Meyer 0006

title : Zur inhaltlichen und methodischen Gestaltung einer Grundlagenausbildung in Mikrorechentechnik auf den verschiedenen Stufen des einheitlichen sozialistischen Bildungssystems unter besonderer Ber&uuml;cksichtigung der Erwachsenenqualifizierung.
year : 1986
author 0 : Horst Birnstiel

title : Resource-Aware Decomposition of Geoprocessing Services Based on Declarative Request Languages.
year : 2012
author 0 : Michael Owonibi

title : Efficient algorithms for production scheduling.
year : 2020
author 0 : Pascal Wortel

title : Methodik zur Implementierung spezialisierter Compiler mit Hilfe UNIX-basierter Software-Werkzeuge.
year : 1989
author 0 : Agnessa Wassilewa

title : Grammar-based compression for strings and trees.
year : 2019
author 0 : Danny Hucke

title : Leveraging Email based Social Networks to Prevent Spam: Framework, System Design and Evaluation.
year : 2012
author 0 : Sufian Hameed

title : A study of efficient digital speech processing systems with applications to arabic.
year : 1984
author 0 : Hamdi El-Badawi Ahmad

title : Automatisierte Erkennung aberrierter Chromosomen zur Realisierung eines biologischen Dosimeters.
year : 1982
author 0 : Birgit Ueberreiter

title : Eliminationsprozesse in der kombinatorischen Optimierung, ein Beitrag zur Greedoidtheorie.
year : 1986
author 0 : Oskar Goecke

title : Aspects of preprocessing applied to combinatorial graph problems.
year : 2013
author 0 : Mathias Weller

title : Entscheidbarkeit und Komplexit&auml;t der Funktionsgleichheit von Programmen.
year : 1981
author 0 : Heinrich Beck

title : Dynamische Systeme mit Aschinger-Matrizen, Modelle aus &Ouml;kologie und Operations Research.
year : 1985
author 0 : Szaniszlo Fenyi

title : Development of an expert system for modeling of bioprocesses: integration of expert knowledge for modeling of bioprocesses.
year : 1996
author 0 : Wiwat Ruenglertpanyakul

title : Objektorientierte Datenmodellierung in der rechnerunterst&uuml;tzten Montageablaufplanung.
year : 1993
author 0 : Jens Neubert

title : Konzeption, Konfiguration und Einsatzm&ouml;glichkeiten digitaler Rechner in der Photogrammetrie.
year : 1985
author 0 : Heinz-J&uuml;rgen Przybilla

title : Graphentheoretische Beschreibung und Bestimmung der endlichen und unendlichen Nullstellen von linearen Mehrgr&ouml;ssensystemen.
year : 1987
author 0 : Ferdinand Svaricek

title : Forbidden-patterns and word extensions for concatenation hierarchies.
year : 2001
author 0 : Christian Gla&szlig;er

title : A cost model for expressing and estimating ecological costs of software-driven systems.
year : 2016
author 0 : Thomas Schulze 0002

title : Industrielle Bildverarbeitung, ein Baustein der rechnergest&uuml;tzten Qualit&auml;tssicherung.
year : 1990
author 0 : Klaus Borgschulte

title : &Uuml;ber die Ann&auml;herung der Verteilungsfunktionen von Summen unabh&auml;ngiger Zufallsgr&ouml;&szlig;en gegen unbegrenzt teilbare Verteilungsfunktionen unter besonderer Beachtung der Verteilungsfunktion der standardisierten Normalverteilung.
year : 2013
author 0 : Ludwig Paditz

title : Computergesteuerte etymologische W&ouml;rterb&uuml;cher: Konzeption und Umsetzung anhand des Franz&ouml;sischen.
year : 2020
author 0 : Sylvia Weber 0002

title : Generik und Dynamik in Hypertexten.
year : 1996
author 0 : Martin Richartz

title : Specification and verification of hybrid and real time systems.
year : 1996
author 0 : Yassine Lakhnech

title : Optimiertes Training mehrschichtiger feedforward Netwerke.
year : 2003
author 0 : Merten Joost

title : Die Kosten-Nutzen-Analyse von EDV-Projekten im Phasenkonzept: Probleml&ouml;sungsans&auml;tze in Form von Modellen u. standardisierten Verfahren.
year : 1986
author 0 : Friedrich Otto Wilhelm Droste

title : Beitr&auml;ge zur digitalen Simulation des Eisenbahnbetriebes.
year : 1986
author 0 : Wilfried Nestler

title : Theoretische Grundlagen und praktikable unscharfe Methoden f&uuml;r die rechnergest&uuml;tzte Entscheidungsfindung zur &ouml;konomischen Steuerung von Produktionsprozessen.
year : 1987
author 0 : Gerd J&auml;nicke

title : Usability-Ergebnisse als Wissensressource in Organisationen.
year : 2015
author 0 : Ben Heuwing

title : Stable deep reinforcement learning.
year : 2019
author 0 : Jan W&uuml;lfing

title : Datenbankunterst&uuml;tzung f&uuml;r kooperative Hypermedia-Management-Systeme.
year : 1994
author 0 : Helge Sch&uuml;tt

title : Serviceorientiertes Mehrkanal-Beaconing in Fahrzeug-Ad-hoc-Netzen.
year : 2012
author 0 : Robert Lasowski

title : Refactoring feature modules: disciplined generation of reusable modules.
year : 2011
author 0 : Martin Kuhlemann

title : Steuerung und Beobachtung chaotischer Systeme.
year : 2000
author 0 : Hendrik Richter 0001

title : Internet und Steuern: Electronic Commerce und Telearbeit.
year : 1999
author 0 : Tanja Utescher-Dabitz

title : Steuerung von Industrierobotern und Manipulatoren durch ein hierarchisch strukturiertes Mehrebenenmikrorechnersystem.
year : 1985
author 0 : J&uuml;rgen Wahrburg

title : Verfahren zum Schaltungspartitionieren f&uuml;r die parallele Simulation auf Transistorebene.
year : 2003
author 0 : Norbert Fr&ouml;hlich

title : Fragmentbasierte Softwarearchitekturen f&uuml;r Produktlinien.
year : 2017
author 0 : Marco K&ouml;rner 0002

title : Interactive Visualization Techniques for Large-Scale Particle Simulations.
year : 2012
author 0 : Roland Fraedrich

title : Entwurf von B&eacute;zierkurven f&uuml;r den Schnitt zweier Quadriken.
year : 1989
author 0 : Gert Beyer

title : Internetsicherheit in Europa: zur Gew&auml;hrleistung der Netz- und Informationssicherheit durch Informationsverwaltungsrecht.
year : 2018
author 0 : Hannfried Leisterer

title : Hardware extensions for a timing-predictable many-core processor.
year : 2019
author 0 : Martin Frieb

title : Extension of the Rule-Based Programming Language XL by Concepts for Multi-Scaled Modelling and Level-of-Detail Visualization.
year : 2015
author 0 : Yongzhi Ong

title : Standardisierung betrieblicher Informationssysteme.
year : 1996
author 0 : Peter Buxmann

title : Ein neues Konzept f&uuml;r eine serviceorientierte Datenhaltungsplattform f&uuml;r Lebenszyklusdaten.
year : 2020
author 0 : Oliver Kusche

title : Datenbasierte Metamodellierung mit automatisch erzeugten Fuzzy-Regeln.
year : 1998
author 0 : Klaus-Peter Huber

title : Graphisch-interaktive Idealisierung von CAD-Geometrie zur Kopplung an die FE-Strukturberechnung.
year : 1988
author 0 : Thomas Rochlitz

title : Untersuchung von Programmierans&auml;tzen im Maschinen- und Anlagenbau bez&uuml;glich ihrer Gebrauchstauglichkeit sowie ihrer Einfl&uuml;sse auf die Softwaremodularisierung.
year : 2015
author 0 : Martin Obermeier

title : Anwendungsspezifische Erweiterung von Konstruktionssystemen f&uuml;r geometrisch-gestalterische T&auml;tigkeiten unter Ber&uuml;cksichtigung einer systemneutralen Datenhaltung.
year : 1995
author 0 : Matthias Baumann

title : Improving interpolants of non-convex polyhedra with linear arithmetic and probably approximatley correct learning for bounded linear arrangements.
year : 2018
author 0 : Bj&ouml;rn Beber

title : Zur Erweiterung von Programmiersprachen durch Bibliotheken: Konzeption und Realisierung der Ulmer Oberon-Bibliothek.
year : 1994
author 0 : Andreas Franz Borchert

title : Ein Verfahren zur ortstransparenten Betriebsmittelnutzung f&uuml;r offene Rechnernetze, in denen das Client-Server-Organisationsmodell Anwendung findet.
year : 1994
author 0 : Wilfried Haas

title : Migration Patterns between Germany and Turkey: An Agent-Based Model.
year : 2019
author 0 : Sefa Zeynep Siretioglu Girgin

title : &Uuml;ber hierarchisch konstruierte Modelle und deren Simulation: systemtheoret. Aspekte.
year : 1985
author 0 : Dieter Hogrefe

title : Behavioral Economics - Enhanced: Machine Learning and Decision Making.
year : 2020
author 0 : Carina Ines Hausladen

title : Untersuchungen zur effizienten Kommunikation in komponentenbasierten Client-Server-Systemen.
year : 2002
author 0 : Klaus Beschorner

title : Ein Assistenzsystem f&uuml;r die energetisch optimierte L&auml;ngsf&uuml;hrung eines Elektrofahrzeugs.
year : 2016
author 0 : Andreas Freuer

title : Einfluss nat&uuml;rlicher Benutzerschnittstellen zur Steuerung des Sichtfeldes und der Fortbewegung auf Rezeptionsprozesse in virtuellen Lernumgebungen.
year : 2015
author 0 : Katharina Schuster

title : Behavioral Studies with IT-Administrators - Updating in Complex Environments and Securing Web Servers.
year : 2021
author 0 : Christian Tiefenau

title : Wirtschaftliche Kostenplanung durch Kennwerte aus Angebotsanalysen: ein Beitrag zu verbessertem Planungsablauf und vermehrter Kostentransparenz im individuellen Wohnungsbau.
year : 1982
author 0 : Michael Wotschke

title : Ein objektorientiertes Modell f&uuml;r verteiltes Arbeiten in der Tragwerksplanung mit Hilfe vernetzter Rechnersysteme.
year : 1995
author 0 : Michael Stark 0005

title : Vergenzsteuerung und Tiefenrekonstruktion mit einem aktiven Stereokamerasystem.
year : 1995
author 0 : Wolfgang M. Theimer

title : Methode und Werkzeug zur modellbasierten Hypertext-Entwicklung.
year : 1996
author 0 : Sigrun Goll

title : Computer-integriertes Controlling (CIC): ein Konzept zum Management zunehmender Informationsmengen in der Unternehmensf&uuml;hrung.
year : 1993
author 0 : Reto T. Renz

title : Anwendung der dynamischen Programmierung in der Wasserwirtschaft.
year : 1975
author 0 : Hendrik Hommel

title : Symptomorientierte computerunterst&uuml;tztes System zur differentialdiagnostischen Betrachtung neuromuskul&auml;rer Erkrankungen.
year : 1996
author 0 : Ernst Greiner

title : Trainable communication systems.
year : 2021
author 0 : Sebastian Cammerer

title : Stochastic multiplayer games: theory and algorithms.
year : 2011
author 0 : Michael Ummels

title : Eine ordnungsbasierte Regelsprache f&uuml;r NF2-Relationen.
year : 1993
author 0 : Peter Sander

title : Privacy in Smart Grids.
year : 2013
author 0 : Marek Jawurek

title : Natural Language Visual Grounding via Multimodal Learning.
year : 2020
author 0 : Jinpeng Mi

title : Computational modeling of lexical ambiguity.
year : 2012
author 0 : Linlin Li 0001

title : Eine Theorie zur graphischen Visualisierung algebraischer Spezifikationen.
year : 1993
author 0 : Catharina Rieckhoff

title : Ein System zur Lauterkennung in fliessender Sprache auf der Basis artikulatorischer Merkmale.
year : 1989
author 0 : Otto Schmidbauer

title : Telearbeit: M&ouml;glichkeiten und Grenzen einer telekommunikativen Dezentralisierung von betrieblichen Arbeitspl&auml;tzen.
year : 1989
author 0 : Thomas Lenk

title : Strukturierung von Steuerungssequenzen auf der Basis von Petri-Netzen und deren Implementierung auf einem Multitasking-Ziel-System unter Verwendung einer Hochsprache.
year : 1991
author 0 : Martin van W&uuml;llen

title : Scalability Engineering for Parallel Programs Using Empirical Performance Models.
year : 2018
author 0 : Sergei Shudler

title : Security engineering methodology for embedded systems in metering.
year : 2014
author 0 : Donatus Weber

title : Reduktionssysteme, formale Sprachen und Automatentheorie.
year : 1983
author 0 : Patrick Horster

title : Interaktives l&ouml;sungsraumorientiertes Entscheidungsverfahren f&uuml;r Infrastrukturinvestitionen.
year : 1985
author 0 : Klaus Hochstrate

title : Flexible Detektion von Arzneimittelnebenwirkungen f&uuml;r die Versorgungsforschung.
year : 2016
author 0 : Tobias Krahn

title : Modeling Recurring Concepts in Single-label and Multi-label Streams.
year : 2020
author 0 : Zahra Ahmadi

title : Untersuchungen zur &Uuml;berpr&uuml;fung von statischen Integrationsbedingungen in einem erweiterten Entity-Relationship-Datenmodell.
year : 1986
author 0 : Norbert S&uuml;dkamp

title : &Auml;quivalenzbeziehungen zwischen Modellen f&uuml;r Bin&auml;rkan&auml;le mit B&uuml;ndelfehlern.
year : 1992
author 0 : Hans Kalveram

title : Beitrag zur Gestaltung eines einheitlichen Systems der Rechentechnik und Systemsoftware f&uuml;r die Nutzung im Schaltungsentwurf der Mikroelektronik.
year : 1982
author 0 : Bernd Ahner

title : Adaptive prototype-based dissimilarity learning.
year : 2015
author 0 : Xibin Zhu

title : Experimental and numerical studies on solute transport in unsaturated heterogeneous porous media under evaporation conditions.
year : 2012
author 0 : Michel Bechtold

title : Maximum-Likelihood-Demodulation magnetisch aufgezeichneter Digitalsignale.
year : 1988
author 0 : Michael Lange 0002

title : Graphical model MAP inference with continuous label space in computer vision.
year : 2018
author 0 : Oliver M&uuml;ller 0003

title : Approximationsbasierter Entwurf diskreter Steuerungen f&uuml;r gemischtwertige Regelstrecken.
year : 2000
author 0 : Thomas Moor

title : Computer in &auml;sthetischen Prozessen: d. Ver&auml;nderung &auml;sthet. Interaktionen durch Computer u. ihre Konsequenzen f&uuml;r &auml;sthet. Erfahrung.
year : 1988
author 0 : Ingrid Stoppa-Sehlbach

title : Live inverse rendering.
year : 2020
author 0 : Abhimitra Meka

title : Active Self-Calibration of Multi-Sensor Systems.
year : 2012
author 0 : Marcel Br&uuml;ckner

title : Evaluation eines Software-Prototypen zur automatischen Tumorvolumetrie im CT.
year : 2015
author 0 : Schirin Elisa Wahl

title : Dezentrale Produktionssteuerung mit Agenten-Systemen: Entwicklung neuer Verfahren und Vergleich mit zentraler Lenkung.
year : 1994
author 0 : Mark Weigelt

title : Darstellung und Verarbeitung regelorientierter Wissensbasen mittels Boolescher Gleichungen.
year : 1993
author 0 : Oliver Schumann

title : Die Behandlung gebrochener Transporte im Modellbildungsprozess bei der L&ouml;sung von Transportaufgaben.
year : 1988
author 0 : Volkmar Langer

title : Entwicklung von F&uuml;hrungsinformationssystemen: ein methodenorientierter Ansatz.
year : 1999
author 0 : Roland Holten

title : Pattern search for the visualization of scalar, vector, and line fields.
year : 2015
author 0 : Zhongjie Wang

title : Zur Problematik der Realisierung einer Einrichtung f&uuml;r die Bildung und Aufl&ouml;sung von Datenpaketen unter Ber&uuml;cksichtigung der CCITT-Empfehlung X.3.
year : 1985
author 0 : Andreas Troll

title : Exact algorithms for NP hard problems on networks: design, analysis and implementation.
year : 2002
author 0 : Jochen Alber

title : On the test complexity of VLSI systems.
year : 1994
author 0 : Hongzhong Wu

title : Ein Ansatz zur Bestimmung der Versagenswahrscheinlichkeit von Stahlbetonbauteilen bei Impulsbelastung.
year : 1983
author 0 : Nils Friedrich Zorn

title : Decoderseitige Bewegungssch&auml;tzung in der Videocodierung.
year : 2012
author 0 : Sven Klomp

title : Szeneninterpretation unter Verwendung multimodaler Sensorik und Salienzma&szlig;en.
year : 2013
author 0 : Markus M&uuml;ller 0007

title : Beitrag zur Entwicklung der Modellmethode als Hilfsmittel beim Entwurf von optimalen und suboptimalen Steuerungen f&uuml;r technologische Prozesse mit &auml;usserer Instationarit&auml;t.
year : 1982
author 0 : Thomas Reichardt

title : Inducing conceptual user models.
year : 2002
author 0 : Martin Eric M&uuml;ller

title : Conformance checking and simulation-based evolutionary optimization for deployment and reconfiguration of software in the cloud.
year : 2014
author 0 : S&ouml;ren Frey

title : Untersuchung zur Portabilit&auml;t von Programmsystemen und deren Gestaltung unter besonderer Beachtung der Anforderungen von Programmpaketen der Rationalisierung der Fertigungsvorbereitung.
year : 1985
author 0 : Wolfgang Mayerl

title : Perceptual display: exceeding display limitations by exploiting the human visual system.
year : 2012
author 0 : Piotr Didyk

title : Context-aware analysis of elderly activity in cluttered home environment.
year : 2014
author 0 : Muhammad Shoaib 0007

title : Sch&auml;tzung der Skalierungs- und Mimikparameter f&uuml;r ein 3D-Gesichtsmodell in der Bewegtbildcodierung.
year : 2000
author 0 : Liang Zhang 0014

title : Entwicklung emissionsorientierter Methoden zur Abstimmung von Stoff- und Energiestr&ouml;men auf der Basis von fuzzyfizierten Expertensystemen, neuronalen Netzen und Neuro-Fuzzy-Ans&auml;tzen: dargestellt am Anwendungsbeispiel der Produktionssteuerung in einer F&auml;rberei der Textilindustrie.
year : 1994
author 0 : Axel Tuma

title : Entwicklung eines Programmpaketes STRUKTUR auf der Basis einer angewandten Strukturtheorie und Untersuchung von Anwendungsgebieten.
year : 1980
author 0 : Ilona Thiedig

title : Antriebs- und Reglerkonzept zur Teilautomatisierung von Baumaschinen.
year : 1990
author 0 : Thomas L&ouml;cher

title : LINDA - Leistungsmanagement in Netzwerken mit Dienstg&uuml;teadaption: am Beispiel einer Ethernet-Middleware.
year : 2018
author 0 : Markus Hager

title : Hypothesengesteuerte Analyse von Objektarchitekturen.
year : 1999
author 0 : Joachim Hans Fr&ouml;hlich

title : Die Gestaltung der Aufbauorganisation des betrieblichen Informations- und Kommunikationssystems: Entwicklung eines computergest&uuml;tzten Gestaltungsverfahrens.
year : 1989
author 0 : Werner Dinkelbach

title : Konzeptionierung eines Spektrum-Management-Systems f&uuml;r heterogene Funklandschaften.
year : 2018
author 0 : J&ouml;rg Schneider 0002

title : Internal representations of visual objects and their retrieval during situated language processing.
year : 2015
author 0 : Emilia Ellsiepen

title : Affin-invariante Fourierdeskriptoren f&uuml;r Grauwertmuster.
year : 1993
author 0 : Axel Fenske

title : Messung von Ausgepr&auml;gtheitsfunktionen als Mittel zur Bestimmung der Wirksamkeit akustischer Merkmale bei der Sprachwahrnehmung.
year : 1987
author 0 : Rainer Seck

title : Berechnung von Form und Kr&auml;ften biegeschlaffer, r&auml;umlicher Zugsysteme.
year : 1983
author 0 : Hartmut Leitzke

title : Analyse, Entwurf und Experimentalaufbau eines bitseriellen Daten&uuml;bertragungssystems f&uuml;r intelligente Mess-, Stell- und Leittechnik.
year : 1987
author 0 : Norbert Weinrich

title : Ermittlung effektiver M&ouml;glichkeiten zur Intensivierung des Produktionsprozesses durch Weiterentwicklung und Anwendung der Komplexmethode sowie deren Einordnung in die Leitung und Planung der bezirksgeleiteten Industrie.
year : 1984
author 0 : Manfred Sauer
author 1 : J&uuml;rgen Weihrauch

title : Installationsplanung mit einem wissensbasierten System.
year : 1988
author 0 : Christoph Mathis

title : Rechnerunterst&uuml;tzte Polarimetrie und polarimetrische Detektion in der HPLC.
year : 1985
author 0 : Werner Garbade

title : Syntaktische Strukturanalyse, Morphometrie und DNA-Analyse des Bronchialkarzinoms als Basis f&uuml;r ein Expertensystem und zur Beschreibung des Tumorwachstums.
year : 1991
author 0 : Heiko Stute

title : Supporting interpersonal awareness over a distance.
year : 2019
author 0 : Torben Wallbaum

title : Hyperlinguistics: Hypertext-Lernumgebungen im akademischen Kontext ; eine Fallstudie.
year : 1995
author 0 : Bettina Ansel Suter

title : Simultane Klassifikation der Bodenbedeckung und Landnutzung unter Verwendung von Conditional Random Fields.
year : 2017
author 0 : Lena Albert

title : Konzeption eines Geo-Datenmodells unter Verwendung von Freiformk&ouml;rpern auf der Basis von volume non uniform rational b-splines.
year : 2001
author 0 : Bj&ouml;rn Kesper

title : Integriertes Management erweiterbarer verteilter Systeme.
year : 1999
author 0 : Markus Pizka

title : Evaluierung eines wissensbasierten Systems zur Diagnostik von An&auml;mien.
year : 2003
author 0 : Monika Mlnarschik

title : Entwurf und Implementation einer objektorientierten UNIX-Shell: ein Prototyping-orientierter Ansatz.
year : 1994
author 0 : Olaf David

title : Pr&auml;zise dreidimensionale Rekonstruktion von Gef&auml;sssystemen aus biplanen angiographischen Projektionen und deren klinische Anwendung.
year : 1997
author 0 : Andreas Wahle

title : Einsatz eines Parallelrechners f&uuml;r die Untersuchung dynamischer Vorg&auml;nge in Energieversorgungsnetzen.
year : 1982
author 0 : Karl Schmidt

title : Ein Verfahren zur Synthese optimaler Bedienungssysteme unter Verwendung von Fuzzy Logic.
year : 1999
author 0 : Klaus Hopstock

title : Algorithmic Decision-Making in Multi-Agent Systems: Votes and Prices.
year : 2018
author 0 : Toni B&ouml;hnlein

title : Die Integration der EDV in die fachliche Ausbildung, ein Beitrag zur effektiven Gestaltung des Studiums.
year : 1974
author 0 : Wolfgang Thoss

title : Computersimulierte komplexe Problemstellungen in der Management-Diagnostik: die Theorie zum Konzept Herausforderung Komplexit&auml;t.
year : 1993
author 0 : Dieter Hasselmann

title : Development of Visualization Tools for Dynamic Networks and Evaluation of Visual Stability Characteristics.
year : 2016
author 0 : Alfredo Ramos Lezama

title : Modeling and numerical solution of inverse optimal control problems for the analysis of human motions.
year : 2013
author 0 : Sebastian Albrecht 0001

title : Ein Beitrag zur robusten Regelung nichtlinearer Strecken nach dem Sliding-Mode-Prinzip.
year : 1997
author 0 : Romain Scheeck

title : Integrale Ljapunov-Funktionen zur rechnergest&uuml;tzten Stabilit&auml;tsanalyse nichtlinearer zeitdiskreter Regelungssysteme.
year : 1997
author 0 : Thomas Scheel

title : Automatische digitale Erfassung grafischer Informationen von mehrfarbigen Leiterplattenentwurfsskizzen.
year : 1977
author 0 : Rolf Streubel

title : Interaktive Programmierung von Manipulationssequenzen.
year : 1999
author 0 : Holger Friedrich 0002

title : Abbildung von Synergiepotenzialen zwischen IT-Anforderungen in Scrum.
year : 2016
author 0 : Fabian Sobiech

title : Zum Einfluss unterschiedlicher Nahrung und ausgew&auml;hlter abiotischer Faktoren auf physiologische und morphologische Parameter von Aphis fabae und ihren Parasiten unter Ber&uuml;cksichtigung der Modellierbarkeit der Wirt-Parasit-Beziehung.
year : 1981
author 0 : Ahmed Hussien El-Heneidy

title : Evolutionsmanagement prozess- und serviceorientierter Unternehmensarchitekturen.
year : 2012
author 0 : Matthias Postina

title : Beitrag zur Gestaltung dialogorientierter, dezentraler Programmsysteme f&uuml;r die technologische Fertigungsvorbereitung.
year : 1986
author 0 : Axel Jopke
author 1 : Andreas Naumann

title : Einsatz von Mikrorechnern zur Steuerung kleiner Endvermittlungsstellen.
year : 1980
author 0 : Enn Koger

title : Engineering stochastic local search for the satisfiability problem.
year : 2014
author 0 : Adrian Balint

title : Ger&auml;tetechnischer Entwurf eines Kommunikationssubnetzes.
year : 1979
author 0 : Ingo Wende

title : Algorithmic methods for coordinating swarms of simple robots.
year : 2020
author 0 : Arne Schmidt 0001

title : Beitrag zur vollst&auml;ndig digitalen Informationsverarbeitung f&uuml;r die Steuerung von mittels Spannungswechselrichter gespeister Drehstromasynchronmaschinen.
year : 1984
author 0 : Reinhard M&uuml;ller 0002

title : Algebraic query optimization in database systems.
year : 1999
author 0 : Wolfgang Scheufele

title : Bewegungskompensation zur automatisierten Auswertung videofluoreszenzangiographischer Bildsequenzen der Netzhaut.
year : 1993
author 0 : Horst Toonen

title : A practically relevant approach to system level fault diagnosis.
year : 1997
author 0 : J&ouml;rn Altmann

title : Ein computergest&uuml;tztes Lehrprogramm zur Einf&uuml;hrung in das Gebiet "Nichtlineare Schwingungen".
year : 1994
author 0 : Bounthong Vongxaya

title : Grundlagen und Methoden zur betrieblichen Bilanzierung der Produktionskapazit&auml;t in Meliorationsbaubetrieben.
year : 1987
author 0 : Michael Hembus

title : Spezifikationen h&ouml;herer Ordnung.
year : 1990
author 0 : Thomas Gr&uuml;nler

title : Der Spannungsbedarf des station&auml;ren Hochstromlichtbogens in einem Lichtbogenofen f&uuml;r die Stahlherstellung.
year : 1980
author 0 : Werner H&ouml;ke

title : Entwicklung eines Management-Informations-Modells zur Verbesserung der Wirtschaftlichkeit von Fertigungsprozessen.
year : 1995
author 0 : Martin Renato Sch&ouml;nheit

title : Real-time business intelligence through compact and efficient query processing under updates.
year : 2018
author 0 : Muhammad Idris

title : Theory and Engineering of Scheduling Parallel Jobs.
year : 2018
author 0 : Jochen Speck

title : Entwurf eines verteilten CODASYL-Datenbanksystems gem&auml;ss den Konzepten eines allgemeinen Drei-Ebenen-Architekturmodells.
year : 1982
author 0 : Theodor Fink

title : Linguistic knowledge in cross-language information retrieval.
year : 2002
author 0 : B&auml;rbel Ripplinger

title : Potentialdecodierung f&uuml;r lineare Blockcodes.
year : 1996
author 0 : Robert L&ouml;hnert

title : Endliche Implementierung algebraischer Spezifikationen.
year : 1990
author 0 : Michael Breu

title : Interactive Procedural Modeling Approaches and Visual Illumination Inspection Techniques for Virtual Scenes.
year : 2018
author 0 : Tim Reiner

title : PSTV-Untersystem DARSTELLUNG: ein Beitrag zur rechnergest&uuml;tzten Behandlung geometrisch/graphischer Objekte in der bautechnischen Projektierung.
year : 1984
author 0 : Stefan Wiesmann

title : Analysis of Different Random Graph Models in the Identification of Network Motifs in Complex Networks.
year : 2017
author 0 : Wolfgang E. Schlauch

title : Rechtsschutz der Computersoftware - Grundfragen der gesellschaftsrechtlichen Auseinandersetzung.
year : 1989
author 0 : Thomas Adloff

title : Local orientation analysis in images and image sequences using steerable filters.
year : 2000
author 0 : Weichuan Yu

title : Assessment and analysis of the applicability of recurrent neural networks to natural language understanding with a focus on the problem of coreference resolution.
year : 2016
author 0 : Franz David Kaumanns

title : Computational methods to study phenotype evolution and feature selection techniques for biological data under evolutionary constraints.
year : 2014
author 0 : Christina Kratsch

title : Frameworks for analyzing multi-threaded C.
year : 2014
author 0 : Kalmer Apinis

title : Zur Makroprozessmodellierung f&uuml;r die Echtzeitprozessf&uuml;hrung am Beispiel der Flotation.
year : 1987
author 0 : Peter Koch 0004

title : Adaptive Prioritization of Network Security Incidents.
year : 2020
author 0 : Leonard Renners

title : Development of a non-contact EEG hat using textile capacitive electrodes.
year : 2020
author 0 : Sara Nazari Asl

title : Testing Framework for Real-time And Embedded Systems.
year : 2014
author 0 : Diana Alina Serbanescu

title : Information systems strategy in the digital age.
year : 2019
author 0 : Jan Stockhinger

title : Performance Modeling and Parallelization of Environment Perception and Path Planning Algorithms for Heterogeneous Advanced Driver Assistance System Architectures.
year : 2020
author 0 : J&ouml;rg Fickenscher

title : Multilevel Datenfusion konkurrierender Sensoren in der Fahrzeugumfelderfassung.
year : 2013
author 0 : Mathias Haberjahn

title : Heap-based reasoning about asynchronous programs.
year : 2018
author 0 : Johannes Kloos

title : Generic Quality-Aware Refactoring and Co-Refactoring in Heterogeneous Model Environments.
year : 2015
author 0 : Jan Reimann 0002

title : Effective correctness criteria for real-time requirements.
year : 2012
author 0 : Amalinda Christina Post

title : Der Einsatz des Computers im Unterricht der Primarstufe der Schule f&uuml;r Lernbehinderte.
year : 1990
author 0 : Irene Baumann-Geldern-Egmond

title : Designing interactive systems: key issues for a holistic approach.
year : 2000
author 0 : Maria A. Wimmer

title : Effiziente Sch&auml;tzung dichter Bewegungsvektorfelder unter Ber&uuml;cksichtigung der Epipolargeometrie zwischen unterschiedlichen Ansichten einer Szene.
year : 2013
author 0 : Bernd Kitt

title : Extraktion und Separation von Konturen und Formen in realen Szenen mit dynamischen neuronalen Netzen.
year : 1998
author 0 : Lothar Weitzel

title : Indikatoren und Indizes der Umwelt.
year : 1980
author 0 : Georg Flascha

title : Verfahren zur linearen Modellierung dynamischer ereignisdiskreter Systeme mittels Walsh-Funktionen.
year : 2000
author 0 : J&ouml;rg Sonnenberg

title : Fast Repeater Tree Construction.
year : 2014
author 0 : Christoph Bartoschek

title : Usable access control.
year : 2014
author 0 : Matthias Beckerle

title : Evaluierung gitterbasierter Pfadplanungs-Algorithmen f&uuml;r die Hardwarebeschleunigung mit FPGAs.
year : 2013
author 0 : Michael Schmidt 0004

title : Zeitminimale Berechnung von R&uuml;ckkopplungssteuerungen f&uuml;r optimale Lenkungsprobleme mit Anwendung in der Raumfahrt.
year : 1987
author 0 : Bernd Kugelmann

title : Sprachunabh&auml;ngige dynamische Ausf&uuml;hrung von Vorgehensmodellen.
year : 1996
author 0 : Stefan Hardt

title : Regelung und Kontrolle chaotischer Systeme.
year : 1996
author 0 : Tilo Hagel

title : Voice recognition by computer.
year : 2003
author 0 : Milan Sigmund

title : Novel Approaches to Systematically Evaluating and Constructing Call Graphs for Java Software.
year : 2021
author 0 : Michael Reif

title : Dekomposition von Mehrprodukt-Warteschlangennetzwerken mit "Batch-Processing".
year : 2018
author 0 : Wiebke Kl&uuml;nder

title : Mobile Augmented/Virtual Reality Interface Design and Evaluation.
year : 2016
author 0 : Ming Li 0016

title : Bidirectional job matching through unsupervised feature learning.
year : 2018
author 0 : Sisay Adugna Chala

title : Bayesian Neural Networks for Probabilistic Machine Learning.
year : 2021
author 0 : Manuel Hau&szlig;mann

title : Beitr&auml;ge zum Traveling Salesman Problem.
year : 1990
author 0 : Bernd Jeromin

title : Ausgew&auml;hlte Strategien zur Fehlerverhinderung und Fehlertoleranz am Beispiel von Systemen der Prozessdatenkommunikation.
year : 1990
author 0 : Konrad Rafeld

title : Transformation und ontologische Formulierung multikriterieller Problemstellungen f&uuml;r die L&ouml;sung mit Verfahren der nichtlinearen Parameter-Optimierung.
year : 2016
author 0 : Christian John

title : Spezifikationstechniken und Generierungswerkzeuge f&uuml;r graphische Benutzungsoberfl&auml;chen.
year : 1997
author 0 : Siegfried Schreiber

title : Qualit&auml;tssicherung f&uuml;r objektorientierte Software: Anforderungsermittlung und Test gegen die Anforderungsspezifikation.
year : 2000
author 0 : Mario Winter

title : IT-Forensik: zur Erhebung und Verwertung von Beweisen aus informationstechnischen Systemen.
year : 2015
author 0 : Dennis Heinson

title : Estimating Head Measurements from 3D Point Clouds.
year : 2019
author 0 : Isabel C. Pati&ntilde;o Mej&iacute;a

title : Graph Inference in Biomedical Image Analysis.
year : 2019
author 0 : Markus Rempfler

title : Beitrag zur Ermittlung und Beurteilung der dynamischen Bauteilbelastungen von Warmwalzantrieben in der Entwurfsphase.
year : 1981
author 0 : Helmut Gudehus

title : Fortgeschrittener Unterricht mit Computerunterst&uuml;tzung, eine Studie am Beispiel des Lehrens und Lernens der Programmiersprache ANS MUMPS.
year : 1985
author 0 : Wolfgang Kirsten

title : Methods for Efficient and Accurate Discovery of Services.
year : 2014
author 0 : Martin Junghans 0001

title : On the realization of huge sparsely occupied and fine grained address spaces.
year : 1996
author 0 : Jochen Liedtke

title : Ein neues Multiparameter-Messdaten-Verarbeitungssystem und ausgew&auml;hlte Anwendungsbeispiele.
year : 1985
author 0 : Wolfgang Vogel

title : Multiscale Modeling of Inter-Vehicle Communication.
year : 2016
author 0 : Tristan Gaugel

title : Analyzing epigenomic data in a large-scale context.
year : 2019
author 0 : Felipe Fernandes Albrecht

title : Learning-based visual scene and person understanding for mobile robotics.
year : 2020
author 0 : Alexander Hermans

title : Ein Beitrag zur rechnergest&uuml;tzten Projektierung von Montageprozessen.
year : 1987
author 0 : Egbert Sumi

title : Konzeption und Realisierung eines aktiven Datenbanksystems: Architektur, Schnittstellen und Werkzeuge.
year : 2000
author 0 : J&uuml;rgen Zimmermann 0003

title : Qualifikatorische und arbeitsorganisatorische Einflussgr&ouml;ssen bei der Einf&uuml;hrung von CAD-CAM-Systemen: Untersuchung in Grossbetrieben der metallverarbeitenden Industrie.
year : 1993
author 0 : Horst Rien&auml;cker

title : Equational completion by poof transformation.
year : 1986
author 0 : Wolfgang K&uuml;chlin

title : Fehlerkorrigierende zyklische Blockcodes zur Zuverl&auml;ssigkeitserh&ouml;hung von VLSI-Schaltnetzen.
year : 1989
author 0 : Manfred Bartel

title : Central reactive power control for smart low-voltage distribution grids.
year : 2017
author 0 : Efrain Bernal Alzate

title : Konzeption und Realisierung einer flexiblen Bildsegmentierung f&uuml;r ein wissensbasiertes Bildanalysesystem.
year : 1990
author 0 : Heinz Br&uuml;nig

title : Zustandsbeobachter f&uuml;r zeitdiskrete nichtlineare Systeme: geometrische Analyse und Synthese.
year : 1996
author 0 : Robert Ingenbleek

title : System zur Unterst&uuml;tzung der optischen Pr&uuml;fung von Werkst&uuml;cken durch den Vergleich von Bildern auf der Basis eines integrierten Produktmodellierungssystems.
year : 1994
author 0 : Kerstin Geiger

title : Dreidimensionale Modellbildung in der Bildanalyse.
year : 1987
author 0 : Peter Hess

title : M&ouml;glichkeiten und Grenzen einer operationalen Erfolgskontrolle bei der Investitionsf&ouml;rderung von gewerblichen Produktionsbetrieben im Rahmen der regionalen Wirtschaftspolitik.
year : 1972
author 0 : Hans-Joachim Klein 0002

title : Service availability and discovery responsiveness : a user-perceived view on service dependability.
year : 2015
author 0 : Andreas Dittrich

title : Logische und physische Kopplung von Rechnerverbundsystemen.
year : 1987
author 0 : Ronald Baudisch

title : Magnetische und systemtechnische Grundlagen der digitalen Bild- und Tonspeicherung.
year : 1984
author 0 : Manfred Siakkou

title : Query Processing over Graph-structured Data on the Web.
year : 2018
author 0 : Maribel Acosta Deibe

title : Ein PC-basiertes Off-line-Programmiersystem mit schneller Kollisionserkennung.
year : 1994
author 0 : Christian H. Fedrowitz

title : Semantics and loop invariant synthesis for probabilistic programs.
year : 2016
author 0 : Friedrich Gretz

title : Rationale B&eacute;zierdarstellung r&auml;umlicher Bewegungsvorg&auml;nge und ihre Anwendung zur Beschreibung bewegter Objekte.
year : 1994
author 0 : Bert J&uuml;ttler

title : &Uuml;ber die Austauschbarkeit von Universalit&auml;t und Effizienz bei Instanzennetzsimulatoren, insbesondere f&uuml;r digitale Hardware.
year : 1983
author 0 : Fl&aacute;vio Rech Wagner

title : Zur Erkennung und Klassifizierung von Kartoffelm&auml;ngeln einschliesslich Beimengungen mittels CCD-Sensortechnik und digitaler Bildverarbeitung.
year : 1991
author 0 : Andreas K&auml;stner

title : Datenschutz in sozialen Online-Netzwerken de lege lata und de lege ferenda.
year : 2016
author 0 : David Kampert 0002

title : Ein Konzept f&uuml;r die deduktive Erweiterung eines relationalen Datenbanksystems.
year : 1989
author 0 : Nicolai Prei&szlig;

title : Der Modellierer GEKO.
year : 1987
author 0 : Andreas Hartwig

title : Aspekte der Schattierung dreidimensionaler Objekte zur realit&auml;tsnahen Visualisierung in der Computer Graphics.
year : 1989
author 0 : Klaus Dieter B&ouml;sing

title : Methods for the prediction and guidance of human gaze.
year : 2012
author 0 : Eleonora Vig

title : Frauen und M&auml;nner am Computer: Aspekte geschlechtsspezifischer Technikaneignung.
year : 1997
author 0 : Sabine Collmer

title : Design of very large scale integration systolic array for matrix operations = Entwurf eines hoch-integrierten systolischen Arrays f&uuml;r Matrix-Operationen.
year : 1986
author 0 : Abdel Badee Abdel Aziz Abdel Kader

title : Implementation of combinator specifications: notions and proving techniques.
year : 1996
author 0 : Michael Mehlich

title : Lightweight Protocols and Applications for Memory-Based Intrinsic Physically Unclonable Functions on Commercial Off-The-Shelve Devices.
year : 2017
author 0 : Andr&eacute; Schaller

title : Knowledge representation with condensed set-valued attributes.
year : 2012
author 0 : Frank Christopher R&uuml;gheimer

title : &Ouml;konomische Labor- und Modellexperimente auf der Grundlage rechnergest&uuml;tzter Planspiele.
year : 1985
author 0 : Rainer Siebecke

title : Mustergraphen: Klassifikation von multivariaten Zeitreihen auf Basis von Intervallsequenzen.
year : 2014
author 0 : Sebastian Peter

title : Anforderungsbasierte Modellierung und Ausf&uuml;hrung von Datenflussmodellen.
year : 2018
author 0 : Pascal Hirmer

title : Query Optimization in Distributed Heterogeneous Data Stream Systems.
year : 2021
author 0 : Niko Pollner

title : Assistenzsystem zur Unterst&uuml;tzung der datengetriebenen Produktentwicklung.
year : 2020
author 0 : Christof K&uuml;stner

title : Pushing the boundaries of Brain-Computer Interface technology: challenges in novel applications and large-scale studies.
year : 2017
author 0 : Laura Acqualagna

title : Strategien von Laien im Umgang mit dem Nichtverstehen wissenschaftlicher Informationen im Internet: Funktionen und Konsequenzen sozialer Kategorisierung.
year : 2012
author 0 : Christoph Borzikowsky

title : Modellierung der vietnamesischen Phonetik mittels Sprachsynthese.
year : 1984
author 0 : Pham Hong Ky

title : Onions in the queue: an integral networking perspective on anonymous communication systems.
year : 2016
author 0 : Florian Tschorsch

title : Requirements Engineering with interrelated conceptual models and real world scenes.
year : 2000
author 0 : Peter Haumer

title : Wissens- und featurebasierte Unterst&uuml;tzung der Konstruktion von Stirnradgetrieben unter besonderer Ber&uuml;cksichtigung des Gussgeh&auml;uses.
year : 1995
author 0 : Siegmar Haasis

title : Efficient and Effective Event Pattern Management.
year : 2013
author 0 : Sinan Sen

title : Pharmazeutisch-technologische Untersuchungen zur Entwicklung Salicylat-selektiver Elektroden mit computergest&uuml;tzter telemetrischer Messwert&uuml;bertragung.
year : 1996
author 0 : Petra Vossenk&auml;mper

title : Objektorientierte Software-Technik f&uuml;r industrielle Steuerungssysteme.
year : 2000
author 0 : Andreas Speck

title : Konzeption eines Informationssystems f&uuml;r bergm&auml;nnische und markscheiderische Planung und Dokumentation.
year : 1993
author 0 : Klaus Friedeheim

title : Mathematische Modellierung von blasenbildenden Kohlewirbelschichtfeuerungsanlagen.
year : 1983
author 0 : Bernd Hartleben

title : Ein Beitrag zur Verbesserung der Echtzeitbedingung beim Aufbau eines Multiprogramm-Betriebssystems f&uuml;r Mikrorechner.
year : 1987
author 0 : Hoang Quoc Lap

title : Methoden und Werkzeuge f&uuml;r die integrierte Produktentwicklung.
year : 1997
author 0 : Stefan Ambrosy

title : Hybrid routing in delay tolerant networks.
year : 2012
author 0 : Christoph P. Mayer

title : Ein Daten- und Wissensmodell zur Unterst&uuml;tzung integrierter flexibler Fertigungssysteme.
year : 1992
author 0 : Ralph Meyfarth

title : Die Struktur und Grunds&auml;tze der Gestaltung von rechnergest&uuml;tzten Leitungsinformationssystemen an Universit&auml;ten und Hochschulen.
year : 1989
author 0 : Peter Schirmbacher

title : Optimale Positioniersteuerung f&uuml;r elektrische Antriebe von Industrierobotern.
year : 1989
author 0 : Jorge Sanchez Bermudez

title : On reliable visualization algorithms for real algebraic curves and surfaces.
year : 2013
author 0 : Christian Stussak

title : Proposal of a hybrid algorithm for burst transmission in wireless sensor networks.
year : 2018
author 0 : Zeeshan Ansar

title : Zur Bestimmung der &ouml;konomischen Effekte der Konzentration von Datenverarbeitungsressourcen in Rechenzentren kollektiver Nutzung.
year : 1981
author 0 : Joachim Friedrich 0003
author 1 : Siegfried K&ouml;pke

title : Workload Modeling and Prediction for Workflow Scheduling in Dynamic Grid Environments.
year : 2014
author 0 : Attiqa Rehman

title : Rechnergest&uuml;tzte Qualit&auml;tssicherungsmassnahmen beim Metall-Schutzgasschweissen.
year : 1996
author 0 : Thilo Reichel

title : Neues Verfahren zum Selbsttest von Mikroprozessoren.
year : 1982
author 0 : Axel Hunger

title : Modelltheoretische Untersuchungen von Methoden zur on-line-Identifikation dynamischer Systeme am Beispiel des photosynthetischen Apparates.
year : 1991
author 0 : Per Johannes L&uuml;bke

title : Beitrag zum Einsatz von 16-bit-Mikrorechnern zur Steuerung vermittlungstechnischer Einrichtungen.
year : 1986
author 0 : Reinhard Friedemann

title : Security for Decentralised Service Location - Exemplified with Real-Time Communication Session Establishment.
year : 2013
author 0 : Jan Seedorf

title : Kognitive Strukturen und Prozesse bei der Formulierung von Suchfragen: eine empirische Analyse von Vermittler- und Endnutzerrecherchen in bibliographischen Online-Referenzinformationssystemen.
year : 1990
author 0 : Angelika Gl&ouml;ckner-Rist

title : Design und Implementierung einer offenen, modularen Robotersteuerung mit Oberon.
year : 1997
author 0 : Ren&eacute; Roshardt

title : On the foundations of key exchange.
year : 2013
author 0 : Christina Brzuska

title : Temporales Schliessen unter Standardannahmen bei der Verarbeitung nat&uuml;rlicher Sprache.
year : 1993
author 0 : Sven Lorenz

title : Analysis and Design of Service Business Models.
year : 2015
author 0 : Andreas Zolnowski

title : Computer als Sozialisationsfaktor: der Einflu&szlig; des Computers auf die kindliche Sozialisation im familialen Kontext.
year : 1995
author 0 : Christian Lenhart

title : Software-Ergonomie in der Gef&auml;hrdungsbeurteilung: Eine arbeitswissenschaftliche Untersuchung zur Ermittlung von psychischer Belastung und von Ressourcen an Bildschirmarbeitspl&auml;tzen im B&uuml;robereich im Rahmen der Gef&auml;hrdungsbeurteilung nach dem Arbeitsschutzgesetz.
year : 2016
author 0 : Werner Diedrich

title : I-O-Parallelit&auml;t in Datenbanksystemen: Entwurf, Implementierung und Evaluation eines Speichersystems f&uuml;r Disk-Arrays.
year : 1994
author 0 : Peter Zabback

title : Computerbasierte Methoden zur automatischen Layoutberechnung von zweidimensionalen Darstellungen molekularer Strukturen.
year : 2011
author 0 : Katrin Stierand

title : Konzeption eines Geb&auml;udemodells als Beitrag zum rechnergest&uuml;tzten Entwurf.
year : 1985
author 0 : Alfred Scholz

title : Rechnergest&uuml;tzte Fabrikanalyse und -planung auf der Basis einer fl&auml;chenbezogenen Werksstruktur-Datenbank.
year : 1984
author 0 : Uwe Bracht

title : Mathematische Methoden zur Lokalisation von Parameterfehlern in analogen Netzwerken: ein Beitrag zur Theorie der Fehlerdiagnostik.
year : 1977
author 0 : J&uuml;rgen Franz

title : Genauigkeit geometrischer Gr&ouml;ssen aus Vektordaten.
year : 1997
author 0 : Frank Bethge

title : Zur wissensbasierten Unterst&uuml;tzung des Entwurfs integrierter Schaltungen.
year : 1988
author 0 : Eduard Moser

title : Learning for interaction with objects.
year : 2020
author 0 : Andreas Eitel

title : Bestimmung der Antizipationsf&auml;higkeit im Karate-Kumite unter Nutzung der virtuellen Realit&auml;t.
year : 2016
author 0 : Nicole Bandow

title : Word meaning in context: a probabilistic model and its application to question answering.
year : 2012
author 0 : Georgiana Dinu

title : Formale Aspekte der Falsifikation: drei Updateoperationen.
year : 1990
author 0 : R&uuml;diger Sch&auml;tz

title : Dynamische Anwendungspartitionierung f&uuml;r heterogene adaptive Computersysteme.
year : 2014
author 0 : Marko R&ouml;&szlig;ler

title : Empirical analysis of eye movements during code reading: evaluation and development of methods.
year : 2021
author 0 : Teresa Busjahn

title : Die elektronische Medienwelt als Gegenstand einer philosophischen Ethik.
year : 1994
author 0 : Guntram Platter

title : Mikrorechner-Hardware- und -Software-Module zur effektiven Realisierung von Automatisierungsl&ouml;sungen mit Elektroantriebssystemen.
year : 1986
author 0 : Ralph Hansen

title : Zur Problematik effizienter Verkehrsflusssteuerung im Luftverkehr.
year : 1982
author 0 : Heinrich Mensen

title : Object Understanding Through Abstraction Inspired by Compositionality and Connectionism - From Noisy Scene Point Clouds to Objects and Shape Reasoning.
year : 2019
author 0 : Christian A. Mueller

title : A flexible metaheuristic framework for solving rich vehicle routing problems: Formulierung, Implementierung und Anwendung eines kognitionsbasierten Simulationsmodells.
year : 2011
author 0 : Ulrich Vogel

title : Optimierte Fuhrparkdimensionierung und Einsatzlenkung der Flurf&ouml;rderzeuge mit EDV im innerbetrieblichen Transport.
year : 1985
author 0 : Siegfried Seliger

title : Optimal Spatial Registration of SLAM for Augmented Reality.
year : 2019
author 0 : Folker Wientapper

title : Systempr&uuml;fung datenbankgest&uuml;tzter Informationssysteme: Grundlagen f&uuml;r Systemdokumentation, internes Kontrollsystem u. computergest&uuml;tzte Pr&uuml;fungstechniken aus d. Sicht d. aktienrechtl. Jahresabschlusspr&uuml;fung.
year : 1985
author 0 : Wolfgang Zillessen

title : Graphentheoretische Grundlagen f&uuml;r die Partitionierung h&ouml;chstintegrierter Schaltkreise.
year : 1982
author 0 : Albert Engel

title : Anpassbare Informationssysteme: auf dem Weg zu aufgaben- und benutzerorientierter Systemgestaltung und Funktionalit&auml;t.
year : 1992
author 0 : Detlef Haaks

title : E-Mail-Tutorien: eine empirische Untersuchung E-Mail-vermittelter Kommunikationen von Deutschstudierenden und Deutsch-als-Fremdsprache-Lehrenden in der Ausbildung.
year : 2003
author 0 : Claudia Tamme

title : Dynamic object-based inheritance with subtyping.
year : 2000
author 0 : G&uuml;nter Kniesel

title : Web-Usability aus linguistischer und formaler Sicht: am Beispiel von universit&auml;ren Websites.
year : 2012
author 0 : Shaimaa Marzouk

title : Development of an improved emission model for the reconstruction of past and projection of future atmospheric concentrations of benzo[a]pyrene over Europe.
year : 2012
author 0 : Johannes Bieser

title : Ein syntaxgesteuertes Dialogsystem f&uuml;r den AKT A 6454 zur Interaktion mit Fachsprachen in CAD/CAM-Systemen.
year : 1987
author 0 : Thomas Kolschmann

title : Verification Techniques for TSO-Relaxed Programs.
year : 2016
author 0 : Georgel Calin

title : Von algebraischen Spezifikationen zu algebraischen Programmen.
year : 1986
author 0 : Horst Hansen

title : 3D-Modellierung mit interaktiven Oberfl&auml;chen.
year : 2013
author 0 : Marc Herrlich

title : Ereignisorientierte Simulation dynamischer Systeme.
year : 1990
author 0 : Thomas Strietzel

title : Computer forensics in cyber-physical systems: applying existing forensic knowledge and procedures from classical IT to automation and automotive.
year : 2020
author 0 : Robert Altschaffel

title : Computergest&uuml;tzte Todeszeitbestimmung am Leichenfundort.
year : 1987
author 0 : Veronika Kerkloh

title : Zur Dimensionierung von Mikrorechner-Automatisierungsanlagen bez&uuml;glich Verf&uuml;gbarkeit und Sicherheit.
year : 1987
author 0 : Hartmut H&auml;ssner

title : Agentenbasierte marktliche Koordination von Wertsch&ouml;pfungsnetzwerken.
year : 2016
author 0 : Christian Ru&szlig; 0001

title : Graph transformation planning with time and concurrency.
year : 2016
author 0 : Steffen Ziegert

title : A study of pushdown games.
year : 2013
author 0 : Wladimir Fridman

title : Experimentelle Erprobung eines Konzepts der linearen Optimierung von Trockenmischfutter f&uuml;r die Regenbogenforelle (Salmo gairdneri Richardson) auf der Basis der verdaulichen N&auml;hrstoffe.
year : 1983
author 0 : Bernd Vens-Cappell

title : Experimentelle und analytische Untersuchungen zur Effizienz von Speicherverwaltungsverfahren bei Textdaten.
year : 1983
author 0 : Dietmar Fox

title : Didaktisch-methodische Vorgehensweisen bei der nutzerorientierten Lehre komplexer informationsverarbeitender Systeme in der Ingenieurausbildung, dargestellt am Beispiel der Mikroprozessortechnik.
year : 1984
author 0 : Uwe Reese

title : Integrale Gestaltung von Gesch&auml;ftsprozessen und Anwendungssystemen in Dienstleistungsbetrieben.
year : 1997
author 0 : J&ouml;rg Krumbiegel

title : Elastic and dynamic orchestration of service function chains for 5G networks.
year : 2017
author 0 : Ahmed Mohamed Medhat Mohamed Ahmed Hassan

title : Generic methods for document layout analysis and preprocessing.
year : 2012
author 0 : Syed Saqib Bukhari

title : Face Morphing and Morphing Attack Detection.
year : 2021
author 0 : Ulrich Scherhag

title : Attributionen in der Mensch-Computer-Interaktion: Einfluss auf die Bewertung und Gestaltung interaktiver Produkte.
year : 2019
author 0 : Adelka Niels

title : Verbindungsnetzwerke als Permutationsgeneratoren im kryptologischen Kontext.
year : 1993
author 0 : Michael Portz

title : Ein modulares optisches Trackingsystem f&uuml;r medizintechnische Anwendungen: integrierte Datenflussarchitektur in Hard- und Software und Applikationsframework.
year : 2012
author 0 : Andreas K&ouml;pfle

title : Rechnergest&uuml;tztes Auswahlverfahren als Entscheidungshilfe f&uuml;r den Einsatz von NC-Steuerungen und Programmiersystemen.
year : 1986
author 0 : Nabil Aziz Salib

title : Konzeption und Einsatz wissensbasierter Systeme im Bereich statistischer Datenanalyse: M&ouml;glichkeiten und Grenzen am Beispiel sozialwissenschaftlicher Fragestellungen.
year : 1992
author 0 : Michael Monka

title : Modern techniques for transaction-oriented database recovery.
year : 2017
author 0 : Caetano Sauer

title : Spezifikation mathematischer Rechenstrukturen und Typenpolymorphismen in der Computeralgebra.
year : 1993
author 0 : Indra A. Tjandra

title : K&uuml;nstliche Intelligenz im computerunterst&uuml;tzten Unterricht.
year : 1995
author 0 : Udo Garmann

title : Software in der Analytik als Gegenstand und Instrument der Validierung.
year : 1994
author 0 : Walter Reuss

title : Computational methods for the identification and quantification of microbial organisms in metagenomes.
year : 2015
author 0 : Martin Michael Serenus Lindner

title : On the importance of centering in artificial neural networks.
year : 2021
author 0 : Jan Melchior

title : Zur Behandlung von Optimierungsproblemen mit diskreten und stetigen Variablen auf der Grundlage von Dualit&auml;tskonzepten und Strafmethoden.
year : 1988
author 0 : Marlies Borchardt

title : Exploiting autobiographical memory for fallback authentication on smartphones.
year : 2016
author 0 : Alina Hang

title : Behavior coordination for reusable system design in interactive robotics.
year : 2013
author 0 : Frederic H. K. Siepmann

title : Die Zukunft elektronischer Demokratie: die Bedeutung des demokratischen Prinzips in softwaretechnischen Konzepten und der elektronischen Demokratie als Anwendungsdom&auml;ne der Softwareentwicklung.
year : 2011
author 0 : Maika B&uuml;schenfeldt

title : Aufbau und Kongruenz mentaler und technischer Modelle f&uuml;r intelligente ambiente Computersysteme.
year : 2016
author 0 : Felix Schmitt

title : Computerbezogene Sprache: eine explorative Studie zur Untersuchung von handlungsbegleitendem Sprechen in der Interaktion mit dem Computer.
year : 1999
author 0 : Elke Kachelrie&szlig;

title : Mining perennial objects.
year : 2013
author 0 : Zaigham Faraz Siddiqui

title : Church-Rosser languages and their application to parsing problems.
year : 2001
author 0 : Jens R. Woinowski

title : Automatische Gewinnung von Merkmalen und Klassifizierungseigenschaften f&uuml;r Produkte auf Basis eines integrierten Produktmodells.
year : 1997
author 0 : Karl Hain

title : A3ME - device-agent based middleware for mixed mode envirnoments = Ger&auml;teagentenbasierte Middleware f&uuml;r heterogene Netzwerke und Umgebungen.
year : 2016
author 0 : Arthur Herzog

title : Advancing Memory-corruption Attacks and Defenses.
year : 2018
author 0 : Christopher Liebchen

title : Ein echtzeitf&auml;higes Dialogsystem mit iterativer Ergebnisoptimierung.
year : 2002
author 0 : Julia Fischer

title : Datenerhebung und -verarbeitung in den Polizeigesetzen der L&auml;nder.
year : 1999
author 0 : Martin Koch 0004

title : Rechnergest&uuml;tzte Qualit&auml;tssicherung im betrieblichen Software-Entwurf.
year : 1987
author 0 : Thomas P&aacute;lffy

title : Machine learning using radiomics and dosiomics for normal tissue complication probability modeling of radiation-induced xerostomia.
year : 2018
author 0 : Hubert Gabrys

title : Risikohandhabung: ein entscheidbezogenes Verfahren.
year : 1983
author 0 : Carlo Imboden

title : Self-supervised reconstruction and synthesis of faces.
year : 2021
author 0 : Ayush Tewari

title : Hardware-Unterst&uuml;tzung f&uuml;r W&ouml;rterbucharbeit.
year : 1990
author 0 : Mahmoud Saadat

title : &Uuml;bersicht &uuml;ber die in den Jahren 1975 bis 1982 mit dem "Verwandten-Programm" serostatistisch ausgewerteten F&auml;lle strittiger Abstammung.
year : 1985
author 0 : Thomas Dieterle

title : Detection, tracking and pose estimation of people in challenging real-world scenes.
year : 2011
author 0 : Mykhaylo Andriluka

title : Ein baukastenartiges Expertensystem-Architekturmodell mit fuzzy-fallbasierter Schlu&szlig;folgerungskomponente.
year : 1996
author 0 : J&ouml;rg Petersen

title : Toward better computation models for modern machines.
year : 2013
author 0 : Tomasz Jurkiewicz

title : &Uuml;ber postoptimale Methoden in der ganzzahligen linearen Optimierung.
year : 1989
author 0 : Thomas Schober

title : &Uuml;ber-alles-Kalibrierung von Industrierobotern zur lokalen Minimierung der Posefehler.
year : 1995
author 0 : Bernd W. Diewald

title : Interaktive Multimedia-Pr&auml;sentationen in offenen Systemen: Entwurf und Implementierung einer Laufzeitumgebung zur Evaluation und Verbesserung des zuk&uuml;nftigen Standards MHEG.
year : 1995
author 0 : Thomas Meyer-Boudnik

title : Offene Systeme und ihre Anwendungen in der Bedienungstheorie.
year : 1983
author 0 : Rolf Fa&szlig;ler

title : Weakly and Semi Supervised Semantic Segmentation of RGB Images.
year : 2021
author 0 : Johann Sawatzky

title : Grobgranular rekonfigurierbare Mikroarchitekturen zur dynamischen Erzeugung heterogener Prozessorinstanzen in Chip-Multiprozessoren.
year : 2012
author 0 : Ralf K&ouml;nig 0001

title : Driftanalyse und Driftreduktion f&uuml;r hierarchische Bewegtbildcodierungen.
year : 1996
author 0 : Oliver Werner

title : Computereinsatz im Aufsatzunterricht: rechnergest&uuml;tzte Analyse von Gebrauchstexten und M&ouml;glichkeiten des Schreibens in der Sekundarstufe I unter FRAMEWORK III.
year : 1991
author 0 : Martin Plieninger

title : Security and Data Analysis - Three Case Studies.
year : 2017
author 0 : Henning Perl

title : Eine Integration formaler und objektorientierter Methoden bei der Entwicklung von Kommunikationsprotokollen.
year : 1999
author 0 : Manfred Johann Kr&auml;&szlig;

title : &Uuml;ber lernende optische Inspektion am Beispiel der Sch&uuml;ttgutsortierung.
year : 2018
author 0 : Matthias Richter 0003

title : Round-trip delay ranging with orthogonal frequency division multiplex signals.
year : 2015
author 0 : Emanuel Staudinger

title : Model and Algorithm Selection in Statistical Learning and Optimization.
year : 2014
author 0 : Bernd Bischl

title : Ein Datenbanksystem in der Strahlentherapie zur Dokumentation von Therapieverlauf und Ergebnissen.
year : 1983
author 0 : Klaus A. Kuhn

title : CSCL-basierte Vermittlung von Projektmanagementkompetenzen in der Softwareentwicklung.
year : 2014
author 0 : Isabel Schaller

title : Kybernetische Beschreibung limnischer &Ouml;kosysteme.
year : 1988
author 0 : Albrecht Gnauck

title : Entwicklung von Verfahren der rechnergest&uuml;tzten Layoutbewertung als Komponenten des CAD-Projektierungsprozesses.
year : 1989
author 0 : Stephan K&ouml;nner

title : Atmosph&auml;renkorrektur von multispektralen Satellitendaten f&uuml;r forstliche Anwendungen.
year : 1991
author 0 : Gilbert Kattenborn

title : Secure and efficient comparisons between untrusted parties.
year : 2018
author 0 : Martin Beck

title : Forschungsfreiheit und informationelle Selbstbestimmung: gesetzliche Forschungsregelungen zwischen grundrechtlicher F&ouml;rderungspflicht und grundrechtlichem Abwehrrecht.
year : 1992
author 0 : Johann Bizer

title : Duplicate Detection in Probabilistic Relational Databases.
year : 2015
author 0 : Fabian Panse

title : Distributed control for complex mission scenarios with non-holonomic agents - an LPV approach.
year : 2021
author 0 : Aly Attallah

title : Eine Finite-Elemente-Methode und ihre Anwendung zur Erstellung von digitalen Gel&auml;ndemodellen.
year : 1988
author 0 : Hans-J&uuml;rgen Schaffeld

title : Induction-based Verification of Timed Systems.
year : 2016
author 0 : Tobias Isenberg 0002

title : Dezentralisierung betrieblicher EDV-Systeme.
year : 1994
author 0 : Eva K&ouml;hl

title : Complex behaviour in evolutionary robotics.
year : 2015
author 0 : Lukas K&ouml;nig

title : Ein Beitrag zur Konzeption problemorientierter Programmbausteine f&uuml;r die rechnerunterst&uuml;tzte Konstruktion unter besonderer Ber&uuml;cksichtigung des Formwerkzeugbaus (CAD).
year : 1983
author 0 : Bernd Lagemann

title : Lernbeitr&auml;ge im Rahmen einer kognitiven Architektur f&uuml;r die intelligente Prozessf&uuml;hrung.
year : 2012
author 0 : Erik Schaffernicht

title : Graphisches Faktenretrieval mit Liniendiagrammen: Gestaltung und Evaluierung eines experimentellen Rechercheverfahrens auf der Grundlage kognitiver Theorien der Graphenwahrnehmung.
year : 1995
author 0 : Christian Wolff 0001

title : Entwicklung eines PC-Anwenderprogrammes zur Ern&auml;hrungserhebung, -beratung und -f&uuml;hrung bei Stoffwechselst&ouml;rungen.
year : 1994
author 0 : Stephan Scholz

title : Model-based reliability analysis of aerospace systems.
year : 2018
author 0 : Harold Bruintjes

title : Prozessrechneranwendung im wasserbaulichen Versuchswesen.
year : 1982
author 0 : Fritz-Josef Traut

title : Wissensbasierte Pilotenunterst&uuml;tzung im Ein-Mann-Cockpit bei Instrumentenflug.
year : 1990
author 0 : Heinz-Leo Dudek

title : Konsistente Integration stochastischer Wissensquellen zur semantischen Decodierung gesprochener &Auml;u&szlig;erungen.
year : 1997
author 0 : Holger Stahl

title : Computergest&uuml;tzte Steuerungs- und Positionierverfahren f&uuml;r Elektroh&auml;ngebahnsysteme.
year : 1995
author 0 : Martin K&auml;ppner

title : Qualit&auml;tsaspekte multimodaler Kommunikation: subjektive und objektive Messungen.
year : 2003
author 0 : Alexander M. Braun

title : Computerfrauen: welchen Anteil haben Frauen an Computergeschichte u. -arbeit?
year : 1987
author 0 : Ute Hoffmann

title : &Ouml;konomische Gestaltungsanforderungen f&uuml;r die Entwicklung elektronischer M&auml;rkte.
year : 1994
author 0 : Noah Kr&auml;henmann

title : &Uuml;ber die Anwendung kennwertlinearer adaptiver Verfahren zur Identifikation linearer Systeme.
year : 1973
author 0 : Hans Bomm

title : Automated Experiments for Deriving Performance-relevant Properties of Software Execution Environments.
year : 2013
author 0 : Michael Hauck 0001

title : Vergleichende Untersuchungen zur sicherheitstechnischen Optimierung eines optischen Kraftfahrzeugdatenbussystems.
year : 1994
author 0 : Peter Moos

title : Subjektive Leistungen im Arbeitsprozess: eine empirische Untersuchung von Arbeitsstilen in der Programmierarbeit.
year : 1993
author 0 : J&ouml;rg Str&uuml;bing

title : Knowledge Transfer-based Recommendations to Enable Self-Service Business Intelligence.
year : 2019
author 0 : Safwan Sulaiman

title : Web-based reference software for characterisation of surface roughness.
year : 2018
author 0 : Bini Alapurath George

title : Computer aided engineering for industrial robots - Mechanik von Mehrk&ouml;rpersystemen.
year : 1989
author 0 : Harald Loose

title : Integrationswerkzeuge in einer Softwareentwicklungsumgebung.
year : 1995
author 0 : Martin Lefering

title : Zur rechnergest&uuml;tzten Berechnung und Konstruktion von st&auml;hlernen Stabtragwerken des Industrie- und Anlagenbaus.
year : 1985
author 0 : Michael Falck

title : Untersuchungen zum bildbasierten, markerlosen Kameratracking aus Stereovideosequenzen f&uuml;r den Einsatz in der virtuellen Fernsehproduktion.
year : 2015
author 0 : Thomas Lagemann

title : Zur Modellierung und Simulation volkswirtschaftlicher Prozesse mit Hilfe eines kopplungsf&auml;higen betrieblichen Simulationsmodells.
year : 1981
author 0 : Bernd Viehweger

title : Dokumentlieferung im Zeitalter elektronischen Publizierens.
year : 1992
author 0 : Achim O&szlig;wald

title : Simulation von Prototypen vernetzter Kfz-Steuerger&auml;te.
year : 1996
author 0 : Gero Kempf

title : Techno(krato)polis: &uuml;ber die Instrumentalisierung der Medien und den Verlust des &ouml;ffentlichen Diskurses innerhalb der Marktstrategien politisch-industrieller Interessenkonglomerate am Beispiel der Historie von HDTV und DISB.
year : 1997
author 0 : Christiane Gierke

title : Parallel computational geometry - exploiting polygonal order for maximally parallel algorithms.
year : 1986
author 0 : Hubert Wagener

title : Application-driven exploration of a programmable platform for Wireless LAN.
year : 2013
author 0 : Hans-Peter Loeb

title : Nutzwertanalyse rechnergest&uuml;tzter Befundungssysteme.
year : 1980
author 0 : Herbert Helm

title : Entwurf und Umsetzung eines flexiblen Frameworks zur intuitiven, AR-gest&uuml;tzten Steuerung von Robotern.
year : 2014
author 0 : Simon Notheis

title : Mapping Task-based Data-flow Models on Heterogeneous CPU-GPU Systems.
year : 2017
author 0 : Hao Wu 0012

title : Towards an Integrated Framework for Reliability-Aware Embedded System Design on Multiprocessor System-on-Chips.
year : 2014
author 0 : Jia Huang

title : Self-tuning for cloud database clusters.
year : 2016
author 0 : Siba Mohammad

title : Der Interaktionsprozess bei Tangible Interaction Entwicklung und Analyse eines Interaktionsmodells - Richtlinien zur Verwendung beim Design.
year : 2013
author 0 : Marc Hermann

title : Untersuchung zum Beweiswert der DNA-Multilocus-Analyse am Beispiel der Sonde MZ 1.3 im Abstammungsgutachten sowie &uuml;ber die Verwendbarkeit des EDV-gest&uuml;tzten Auswertungssystems DNAVIEW f&uuml;r DNA-Fragmente.
year : 1994
author 0 : Kurt Braunbeck

title : &Uuml;berlastscheduling in einem Verbund autonomer Realzeitrechensysteme.
year : 1981
author 0 : Gerhard Banzhaf

title : &Uuml;ber abstrakte Charakterisierungen von Bisimulation.
year : 1998
author 0 : Markus Roggenbach

title : Presupposing.
year : 1995
author 0 : Bart Geurts

title : Engineering-orientierte Steuerungsarchitektur auf der Basis von Aktionsprimitiven f&uuml;r Anwendungen in der Robotik.
year : 2012
author 0 : Matthias Hennig

title : Efficient Algorithms for Large-Scale Image Analysis.
year : 2011
author 0 : Jan Wassenberg

title : Modellbasierte Wissensakquisition zur rechnerunterst&uuml;tzten Wissensbereitstellung f&uuml;r den Anwendungsbereich Entwicklung und Konstruktion.
year : 1992
author 0 : Thomas G&ouml;bler

title : Interactive on-skin devices for expressive touch-based interactions.
year : 2017
author 0 : Martin Weigel 0001

title : Fragments of existential second-order logic and logics with team semantics.
year : 2019
author 0 : Matthias Hoelzel

title : Monetary Efficiency in Infrastructure Clouds - Solution Strategies for Workload Distribution and Auction-based Capacity Allocation.
year : 2013
author 0 : Ulrich Lampe

title : Anwendungsorientierte Schichten in Rechnernetzen am Beispiel der DELTA-Dienste und Beitr&auml;ge zur Entwicklung offener Systeme.
year : 1987
author 0 : Norbert Wulst

title : Supporting adaptation intelligibility, control, evaluation and adaptation policy evolution in a context-based adaptive collaboration environment.
year : 2013
author 0 : Syed Sajid Hussain

title : An Extensible Graph Query Language for Model-Based Information Retrieval in Intelligent Environments.
year : 2020
author 0 : Norman K&ouml;ster

title : Informierte Graphensuchverfahren und genetische Algorithmen zur L&ouml;sung von Containerbeladeproblemen.
year : 1995
author 0 : Andreas Bortfeldt

title : Verfeinerung in verschiedenen Modellen f&uuml;r paralleles Rechnen.
year : 1998
author 0 : Friederike Benjes

title : Fabricating custom-shaped thin-film interactive surfaces.
year : 2015
author 0 : Simon Olberding

title : Videobasierte Verfahren zur Sch&auml;tzung des Interaktionsinteresses bei der Mensch-Roboter-Interaktion mittels Analyse durch Synthese.
year : 2012
author 0 : Christian Martin 0001

title : Packing a trunk: a physically based approach with full motional freedom.
year : 2013
author 0 : Kai Werth

title : Counterexample generation for higher-order logic using functional and logic programming.
year : 2012
author 0 : Lukas Bulwahn

title : Verfahren der sequentiellen Merkmalsanalyse f&uuml;r die Mustererkennung.
year : 2000
author 0 : Peter Walter

title : Spezifikation und Implementation einer Entwurfssprache f&uuml;r betriebswirtschaftliche Anwender-Softwaresysteme.
year : 1996
author 0 : Wolfram Reinken

title : Objektorientierter Fachentwurf: ein terminologiebasierter Ansatz f&uuml;r die Konstruktion von Anwendungssystemen.
year : 1996
author 0 : Bruno Schienmann

title : Fuzzybasierte Auftragsauswahl an Schmiedeaggregaten.
year : 1999
author 0 : Klaus Fischer 0003

title : Benutzerunterst&uuml;tzung in Hypertextsystemen durch private Kontexte.
year : 1991
author 0 : Martin Hofmann 0018

title : Modulares Konzept zur effizienten Modellbildung und Simulation von Handhabungsger&auml;ten mit elastischen Eigenschaften.
year : 1990
author 0 : Mahmut G&uuml;nay

title : A Semantic Wiki-based Platform for IT Service Management.
year : 2015
author 0 : Frank Kleiner

title : Modellbasierte Kameraposebestimmung aus Bildern.
year : 2012
author 0 : Peter Decker 0001

title : NC-Programmierung f&uuml;r das Werkzeugschleifen.
year : 1991
author 0 : Johann Schimonyi

title : Computer-assisted lighting design and control.
year : 2001
author 0 : Michael Sperber

title : Auswahl von F&uuml;geverfahren f&uuml;r den Ger&auml;tebau durch den Einsatz mittlerer EDV-Anlagen.
year : 1980
author 0 : Karl Heinz Ehrich

title : Formal description of parallel computer architectures as a basis of optimizing code generation.
year : 1993
author 0 : Werner Heinrich

title : A toolset for visualization, interaction, and rendering in virtual environments.
year : 2001
author 0 : Stanislav L. Stoev

title : Partikel-basierte Modellierung: ein Simulationswerkzeug mit Anwendungsschwerpunkt im Umweltbereich.
year : 1995
author 0 : Volker K&uuml;hn 0002

title : Sicherheit kryptographischer Protokolle.
year : 1993
author 0 : Ralf Handl

title : R&auml;umliche audio-visuelle Integration und ihre Anwendungen.
year : 2002
author 0 : Hartmut Chodura

title : Automatic facial analysis methods: facial point localization, head pose estimation, and facial expression recognition.
year : 2018
author 0 : Anwar Saeed

title : Realzeitf&auml;hige Umfelderfassung mittels 2.5D-Kameras f&uuml;r sicherheitskritische Applikationen: Konzeption und Entwicklung assistierender Systeme unter Ber&uuml;cksichtigung limitierender Faktoren der Kameratechnik.
year : 2017
author 0 : Carsten Stahlschmidt

title : Beitrag zur Realisierung rechnerintegrierter Messsysteme f&uuml;r Prozessgr&ouml;ssen.
year : 1990
author 0 : Torsten Greiner

title : Prognostizierung der Zuverl&auml;ssigkeit von Mitteln der Rechentechnik.
year : 1985
author 0 : Wolfram Klinger

title : Zur Theorie der nichtlinearen dynamischen Systeme und ihrer Anwendung in der Elektrotechnik.
year : 1984
author 0 : Do Trung Ta

title : Facilitating Flexible Link Layer Protocols for Future Wireless Communication Systems.
year : 2016
author 0 : Andr&eacute; Puschmann

title : Equivalences for concurrent and distributed systems: a survey of dissertation.
year : 1999
author 0 : Igor V. Tarasyuk

title : Pr&auml;diktive Verfahren mit Vektorquantisierung zur Sprach&uuml;bertragung bei einer Datenrate von 16 kbit/s.
year : 1987
author 0 : J&uuml;rgen Dziumbla

title : Eine neue Methode des unscharfen Schlie&szlig;ens f&uuml;r Expertensysteme.
year : 2003
author 0 : Michael F. Mlynski

title : Spektralsch&auml;tzung und Identifikation mechanischer Systeme mittels Kurz-Zeit-Fourier-Analyse.
year : 1984
author 0 : Le Huy Thao

title : Ein Beitrag zur Identifikation nichtlinearer dynamischer Systeme auf der Grundlage der unbedingten Maximum-Likelihood-Sch&auml;tzung.
year : 1976
author 0 : Dieter Bernhardt

title : Massive parallelization of HOG-based algorithms for object detection.
year : 2017
author 0 : Darius Malysiak

title : Skalierbare Sprachcodierung auf Basis der Wavelet-Transformation.
year : 2000
author 0 : Joachim Stegmann

title : Ein modulares Bildverarbeitungssystem f&uuml;r Echtzeitbetrieb bei industrieller Anwendung.
year : 1983
author 0 : Jens Callsen

title : Visuelles Erkennen von Objekten mit Auspr&auml;gungsvarianzen.
year : 2011
author 0 : Jens Teichert

title : Beschreibung grosser sozialer Einheiten durch modularisierte Modellsysteme.
year : 1985
author 0 : Bernd Thober

title : High-speed microsimulations of traffic flow.
year : 1995
author 0 : Kai Nagel

title : Entwicklung und Erprobung eines Dienstleistungskonzepts zur Integration von Simulationen in die Kernreaktor-Fern&uuml;berwachung.
year : 2002
author 0 : Axel Grohmann

title : Mobile Ger&auml;te in verteilten Anwendungsumgebungen: ein Integrationsansatz zwischen Abstraktion und Migration.
year : 2002
author 0 : Stefan M&uuml;ller-Wilken

title : VoIP performance of the relay-enhanced IEEE 802.16m wireless broadband system.
year : 2015
author 0 : Karsten Klagges

title : 3D real time object recognition.
year : 2017
author 0 : Konstantinos Amplianitis

title : Ein Erkennungssystem f&uuml;r fliessende Sprache in neuronaler Architektur.
year : 1994
author 0 : Martin Paping

title : Vereinfachung von Prozess-Systemen durch Sequentialisierung.
year : 1982
author 0 : Jakob Schauer

title : A fully abstract model for sequential computation.
year : 2000
author 0 : Michael Marz

title : Cloud-based support for Massively Multiplayer Online Role-Playing Games.
year : 2017
author 0 : Ziqiang Diao

title : Modelica-based computational tools for sensitivity analysis via automatic differentiation.
year : 2012
author 0 : Atiyah Mohamed Gamal Elsheikh

title : Sentiment Analyse mit lokalen Grammatiken: wissensbasierter Ansatz zur Extraktion von Sentiments in Hotelbewertungen.
year : 2015
author 0 : Marlene Wolfgruber

title : Towards Efficient Resource Allocation in Desktop Grid Systems: Inherent Problems and Traditional Solutions.
year : 2018
author 0 : Khalid Khan

title : Verst&auml;rkung von Lesesignalen in dynamischen Halbleiterspeichern.
year : 1988
author 0 : Rainer Kraus

title : Automatic extraction of vortex core lines and other line type features for scientific visualization.
year : 2000
author 0 : Martin Roth

title : Vertical handoff and single sign-on solutions for seamless service provisioning.
year : 2013
author 0 : Thang Tran

title : Information flows to support software developers in using security APIs.
year : 2021
author 0 : Peter Leo Gorski

title : Spontane Verkn&uuml;pfung von Diensten: Wiederverwendung und Kostenersparnis.
year : 2003
author 0 : Thomas Mundt

title : Zur Darstellung von Monoiden durch konfluente Regelsysteme.
year : 1981
author 0 : G&uuml;nther Bauer 0002

title : Intuitive Exploration of Multivariate Data.
year : 2017
author 0 : Daniel Paurat

title : Optimale Regelung f&uuml;r Systeme mit variabler Struktur.
year : 1994
author 0 : Andreas Michael Schmid

title : Ein Meta-Modell-Konzept zur Analyse von Gesch&auml;ftsprozessen.
year : 1999
author 0 : Anke Sch&uuml;ll

title : Eine dom&auml;nen&uuml;bergreifende Softwarespezifikationstechnik f&uuml;r automatisierte Fertigungsanlagen.
year : 2003
author 0 : Thorsten Molt

title : Methodische Entwicklung von Expertensystemen.
year : 1992
author 0 : Michael Karst

title : Selbstorganisierende Karten: Theorie, Anwendung und VLSI-Implementierung.
year : 1992
author 0 : Viktor Tryba

title : Detecting and mitigating information flow threats in Android OS / by Sascha Gro&szlig;.
year : 2019
author 0 : Sascha Gro&szlig;

title : Animation von Datenstrukturen.
year : 1992
author 0 : Xinbo Lu

title : Optimization, application, and usability of algorithmic skeletons for parallel programming on multi-core and multi-GPU clusters.
year : 2020
author 0 : Fabian Wrede

title : Systematik der Entwicklung von Pulvermischungen in Hartgelatinekapseln als Grundlage f&uuml;r ein wissensbasiertes System.
year : 1995
author 0 : Veit Schmelmer

title : Graphlet based network analysis of protein structures.
year : 2012
author 0 : Ioannis Filippis

title : Genetische Aspekte der Lebensentstehung, eine Computersimulation.
year : 1984
author 0 : Ursula Niesert

title : Blindenspezifische Methoden f&uuml;r das User-Centred Design multimodaler Anwendungen.
year : 2014
author 0 : Mei Miao

title : Service level agreement mediation, negotiation and evaluation for cloud services in intercloud environments.
year : 2016
author 0 : Alexander Stanik

title : Scalable parallel simulation of variably saturated flow.
year : 2019
author 0 : Jose A. Fonseca

title : Computergest&uuml;tzte Bildanalyse: Realisierung und Erprobung eines neuen Systems zur automatischen Partikelz&auml;hlung.
year : 1995
author 0 : Harald Berger 0002

title : Digitalization of mobility: understanding the transformational impacts of pervasive digital technologies on business models in the mobility sector.
year : 2018
author 0 : Bj&ouml;rn Hildebrandt

title : Artefaktreduktion am 3D-Datensatz bei der dorsalen Instrumentierung der Wirbels&auml;ule.
year : 2019
author 0 : Marcus Mohr 0002

title : Concept exploration: knowledge acquisition in conceptual knowledge systems.
year : 1997
author 0 : Gerd Stumme

title : Model-driven information flow security engineering for cyber-physical systems.
year : 2020
author 0 : Christopher Gerking

title : Rechnerunterst&uuml;tzte Wiederverwendung von Hardware-Beschreibungsmodellen beim Entwurf digitaler Systeme.
year : 1997
author 0 : Gunther Lehmann

title : Erwartungsorientierte Spracherkennung.
year : 1987
author 0 : Joachim Mudler

title : Diskriminative Lernverfahren f&uuml;r die automatische Spracherkennung.
year : 1996
author 0 : Wolfgang Reichl

title : An investigation on the power of unlabeled data.
year : 2015
author 0 : Malte Darnst&auml;dt

title : Dynamic adaptive video streaming with minimal buffer sizes.
year : 2018
author 0 : Yongtao Shuai

title : Design and analysis of lightweight block ciphers: a focus on the linear layer.
year : 2018
author 0 : Christof Beierle

title : Machine Learning for Connectomics.
year : 2019
author 0 : Benedikt Staffler

title : Ein netzplanorientiertes Steuerungssystem f&uuml;r Bauprozesse.
year : 1986
author 0 : Werner B&ouml;hr

title : Qualit&auml;tsvergleiche auf Konsumg&uuml;term&auml;rkten: die Auswirkungen neuer Informations- und Kommunikationstechnologien auf die Informationsbeschaffung von Konsumenten.
year : 2003
author 0 : Stephan Langer

title : Cosimulation und Kommunikationssynthese im Entwurf gemischter Hardware-Software-Systeme.
year : 1998
author 0 : Michael Gasteier

title : Dynamic privacy adaptation in ubiquitous computing.
year : 2014
author 0 : Florian Schaub

title : Automatic speaker identification by artificial neural networks.
year : 1997
author 0 : Jialong He

title : Die Bedeutung des Electronic Bankings f&uuml;r das Cash Management im multinationalen Konzern.
year : 1992
author 0 : Carl Loyal

title : System dynamics und Makro&ouml;konometrie: dynam. makro&ouml;konom. Modellierung in multimethodolog. Sicht.
year : 1981
author 0 : Manfred Sommer 0001

title : MultiPaths revisited: a novel approach using OpenFlow-enabled devices.
year : 2011
author 0 : Ali Al-Shabibi

title : Automatisierte Modellerstellung zur computergest&uuml;tzten Simulation von Erkrankungen unter besonderer Ber&uuml;cksichtigung einer gesundheits&ouml;konomischen Verwendung am Beispiel eines klinischen Tumorregisters.
year : 2017
author 0 : Monika Pobiruchin

title : Die modellgest&uuml;tzte Entwicklung intelligenter tutorieller Systeme.
year : 1994
author 0 : Markus Kretschmer

title : Efficient Conversion of Scientific Legacy Documents into Semantic Web Resources: using biosystematics as a working example.
year : 2011
author 0 : Guido Sautter

title : New geometric algorithms and data structures for collision detection of dynamically deforming objects.
year : 2015
author 0 : David Mainzer

title : Measuring Frames: Discursive Institutions in Polarized Politics.
year : 2016
author 0 : Oul Han

title : Strategien der Signalverarbeitung in der Chemosensorik: konventionelle Methoden und neuronale Netze.
year : 1996
author 0 : Gerhard Niebling

title : Zur rechnergest&uuml;tzten Projektierung von Stromwandlerkaskaden und Differentialschutzeinrichtungen unter Ber&uuml;cksichtigung von Ausgleichsvorg&auml;ngen im Elektroenergieversorgungsnetz.
year : 1990
author 0 : Holger Schult

title : Authentifizierung von Audiodaten mittels inhalts-fragiler Wasserzeichen.
year : 2012
author 0 : Michael Gulbis

title : Mensch-Rechner-Dialog in nat&uuml;rlicher Sprache: e. Pilotstudie.
year : 1983
author 0 : Frank Z&auml;nker

title : Resource-Aware and Elastic Parallel Software Development for Distributed-Memory HPC Systems.
year : 2019
author 0 : Ao Mo-Hellenbrand

title : Kommunikation als Produktivfaktor in der Produktion: Analyse, Entwicklung und Implementierung eines unternehmensspezifischen Systems von Kommunikation, leistungsorientierter Teamarbeit und kontinuierlichem Lernen zur Steigerung von Qualit&auml;t und Produktivit&auml;t in der Produktion.
year : 2003
author 0 : Thomas Vollmar

title : Cryptographic Primitives that Resist Backdooring and Subversion.
year : 2020
author 0 : Sogol Mazaheri

title : Simulationsmodelle und Mikrorechnersimulatoren als Werkzeuge zur Entwicklung zuverl&auml;ssiger Steuerungssoftware f&uuml;r die Prozessautomatisierung.
year : 1986
author 0 : Reinhard Koeppe

title : Modellgest&uuml;tzte Synthese ereignisdiskreter Steuerungen.
year : 1999
author 0 : Bernhard Ober

title : Das Kampff&uuml;hrungsrecht im internationalen Cyberkrieg.
year : 2018
author 0 : Julia Dornbusch

title : Program segmentation for controlling software testing and analysis.
year : 1998
author 0 : Javier Dreyer

title : Erkennen und Verstehen durch Datenstrukturanalyse beim Konstruieren mit CAD: M&ouml;glichkeiten zur Analyse von Informationen.
year : 1992
author 0 : Georg Hagen

title : Beitrag zum Rechnereinsatz in der Massenspektrometrie f&uuml;r Datenerfassung und -verarbeitung und die ersch&ouml;pfende Analyse metastabiler Ionen.
year : 1983
author 0 : Arnold Fraefel

title : Why and how to control cloning in software artifacts.
year : 2011
author 0 : Elmar J&uuml;rgens

title : M&ouml;glichkeiten und Grenzen einer Anwendung der Simulationstechnik auf die Bestimmung von Zahlungseingangserwartungen industrieller Unternehmungen: Ergebnisse e. empir. Unters.
year : 1981
author 0 : Wolfgang Wirtz

title : Technologische Strukturierung informationeller Prozesse einer industriem&auml;ssigen Milchproduktionsanlage (IMPA) zur Prozessoptimierung.
year : 1985
author 0 : Dietmar Cimbal

title : Vertrieb von Standardsoftware: Rechtsnatur der &Uuml;berlassungsvertr&auml;ge und vertragliche Haftung f&uuml;r Softwarefehler.
year : 1993
author 0 : Mirko Sickinger

title : Untersuchungen zur Implementation von Modula-2.
year : 1986
author 0 : Helmut M&ouml;nch

title : Multimodale chemisch-sensitive Bildgebung: Implementierung und Evaluierung neuer mikrospektroskopischer Ans&auml;tze.
year : 2016
author 0 : Roman Gr&uuml;ner

title : Algorithms and Hardness Results for Object Nets.
year : 2013
author 0 : Frank Heitmann

title : Die Pflichten im Computersoftwarevertrag: Darst. d. Besonderheiten im Vergleich zu d. Vertragstypen d. allg. Zivilrechts.
year : 1988
author 0 : Roland B&ouml;mer

title : Verschl&uuml;sselung und innere Sicherheit: die verfassungsrechtliche Zul&auml;ssigkeit eines Verschl&uuml;sselungsverbots bei elektronischer Datenkommunikation.
year : 2003
author 0 : Christian Meyn

title : Ein Tourenproblem zur Sch&uuml;ttgutoptimierung.
year : 1981
author 0 : Heiner Schreier

title : State event logic.
year : 1997
author 0 : Gerd Gro&szlig;e

title : Untersuchung von Scheduling-Algorithmen f&uuml;r massiv-parallele Systeme mit virtuell gemeinsamem Speicher.
year : 1997
author 0 : Alfred Arnold

title : Chancen und Risiken Juristischer Expertensysteme.
year : 1990
author 0 : Georg D. Braune

title : Die verfassungsrechtliche Problematik des "Medienprivilegs" des &#167; 1 Abs. 3 Bundesdatenschutzgesetz.
year : 1988
author 0 : Claudia Seibel-Schwiedernoch

title : Modellbasierte Lokalisation gest&uuml;tzt auf monokulare Videobilder.
year : 1997
author 0 : Stefan Lanser

title : SOA und Softwarequalit&auml;t.
year : 2013
author 0 : Andreas G&ouml;b

title : Untersuchung von Algorithmen und Entwicklung eines Prozessors zur Berechnung der diskreten Kosinustransformation f&uuml;r hochaufl&ouml;sendes Fernsehen.
year : 1994
author 0 : Helmut Steckenbiller

title : Modelle und Algorithmen f&uuml;r das Facetten-Stereosehen.
year : 1992
author 0 : Manfred Weisensee

title : Risikofolgeverteilung bei Informatikprojekten: Haftung f&uuml;r Softwarem&auml;ngel bei Planung und Realisierung von Informationssystemen unter besonderer Darstellung der Rechtsnatur des Entwicklungsvertrages f&uuml;r Informationssysteme.
year : 1990
author 0 : Ursula Widmer

title : Radiosity on evolving networks.
year : 2000
author 0 : Christian-Arved Bohn

title : A Probabilitistic Theory of Interactive Systems.
year : 2012
author 0 : Philipp Neubeck

title : Simulationssystem zur Interaktion mit realen Fischen unter Verwendung von Analyse-durch-Synthese-Verfahren.
year : 2019
author 0 : Klaus M&uuml;ller

title : Complete type inference in functional programming.
year : 2001
author 0 : Manfred Widera

title : Verification of Discrete-Time Markov Decision Processes.
year : 2021
author 0 : Tobias Meggendorfer

title : Surface Patches with Uncertainties for 3D Object Recognition and 3D Mapping with Noisy Sensors.
year : 2017
author 0 : Narunas Vaskevicius

title : Datenschutzfreundliche Erkennung und Abwehr von Insiderbedrohungen.
year : 2020
author 0 : Ephraim Zimmer

title : Ideale in Gruppenalgebren in der Codierungstheorie.
year : 1995
author 0 : Ute Vellbinger

title : Statistical machine translation: from single word models to alignment templates.
year : 2002
author 0 : Franz Josef Och

title : Markovsche und Nicht-Markovsche Approximationen an Markovsche Entscheidungsprozesse.
year : 1985
author 0 : Martin Bertram 0002

title : Entwicklung einer rechnergest&uuml;tzten Entscheidungshilfe auf der Basis der multiattributiven Nutzenstheorie.
year : 1989
author 0 : Falk-R&uuml;diger Finze

title : Konzeption und Einsatz wissensbasierter Systeme als erg&auml;nzende Systeme in der Fertigung.
year : 2015
author 0 : Mohammad Mashi

title : Rational Decision Support with a Natural Language Dialogue System.
year : 2016
author 0 : Daniel O. M&auml;urer

title : Die Darstellung optimaler sequentieller Entscheidungsregeln als stochastischer Prozess bei kontinuierlicher Zeit und beliebig vielen Hypothesen: eine Anwendung der Theorie der Martingale und der stochastischen Integration.
year : 1981
author 0 : Raimund Rhiel

title : Information retrieval based on information structures.
year : 1989
author 0 : Peter Sch&auml;uble

title : Softwareagenten-basierte Berechnung interdisziplin&auml;rer gekoppelter Simulationen.
year : 2017
author 0 : Matthias J&uuml;ttner

title : Visuelle Programmierung von Industrierobotern: ein Beitrag zur bedienergerechten Gestaltung von Programmiersystemen.
year : 1996
author 0 : Frank M&ouml;bius

title : Ordinale Netzwerkskalierung.
year : 1984
author 0 : Ulfert Droge

title : Dynamisches Front-End f&uuml;r prozessorientierte Anwendungssysteme: Entwicklung eines objektorientierten Systems.
year : 1999
author 0 : J&ouml;rn-Peter Grisse

title : Interface complexity of personal digital assistant: an empirical study of linear and non-linear menu.
year : 2006
author 0 : Sanjay Kumar Tripathi

title : Die Auswirkungen des Einsatzes moderner Informations- und Kommunikationstechnologien in Kreditinstituten auf den betriebswirtschaftlichen Unterricht im Ausbildungsberuf Bankkaufmann/Bankkauffrau: ein Beitrag zur Erfassung, Systematisierung und unterrichtlichen Erarbeitung bedeutsamer Wandlungsprozesse im Berufsfeld Wirtschaft und Verwaltung.
year : 1992
author 0 : G&uuml;nter Wierichs

title : Fast invariant transforms and their applications in signal classification and recognition.
year : 1991
author 0 : Ming Fang

title : Ein Beitrag zum Aufbau und zur Fortf&uuml;hrung von Koordinatendateien sowie zur Fl&auml;chenberechnung und deren Fehlergrenzen im Liegenschaftswesen.
year : 1982
author 0 : Karl-Heinz Rodig

title : Untersuchungen zur Ermittlung der Auslastung von EDV-Anlagen, dargestellt am Beispiel der Systeml&ouml;sungen BESM6/BAMOS und ES 1055/OS/ES 6.1.
year : 1984
author 0 : Lutz Br&auml;uer

title : Stochastic Methods for Fiber-Droplet Collisions in Flow Processes.
year : 2013
author 0 : Simon Schr&ouml;der

title : Neural Network Supervision: Notes on Loss Functions, Labels and Confidence Estimation.
year : 2020
author 0 : Gil Keren

title : Steuerungsorientierte Robotersimulation.
year : 1992
author 0 : Meinolf Osterwinter

title : Eine Programmierumgebung f&uuml;r verteiltes PEARL: Codeerzeugung mittels Programmsynthese.
year : 1986
author 0 : Gudrun Kragl

title : Mehrgitterverfahren zur 3D-Rekonstruktion aus 2D-Ansichten.
year : 1988
author 0 : Markus Schmidt 0002

title : Sprachoperatoren und arithmetische Eigenschaften unendlicher Symbolfolgen.
year : 1994
author 0 : Siegfried Lehr

title : Entwicklung eines EDV-gest&uuml;tzten Informationssystems f&uuml;r den Blutspendedienst.
year : 1981
author 0 : Reinhard Schlevogt

title : Optimierung servohydraulischer Antriebe f&uuml;r den Einsatz in Industrierobotern.
year : 1986
author 0 : Peter Saffe

title : Ein generisches Organisationsschema der Konfigurationsverwaltung im Software-Engineering.
year : 1996
author 0 : Georg Heidenreich

title : Die Bedeutung der Entwicklungen im Bereich der Informationstechnologien f&uuml;r den Wandel in Wirtschaft und Gesellschaft.
year : 1991
author 0 : Roland Raff

title : A systematic approach to control structure design.
year : 1997
author 0 : Jorge Ot&aacute;vio Trierweiler

title : Photometric reconstruction from images: new scenarios and approaches for uncontrolled input data.
year : 2014
author 0 : Jens Ackermann

title : Worterkennung mit einem k&uuml;nstlichen neuronalen Netzwerk.
year : 1992
author 0 : Tino Gram&szlig;

title : Zugriffsobjekte - ein Programmiermodell f&uuml;r Multicomputer.
year : 2000
author 0 : Stefan L&uuml;pke

title : Model based reinforcement learning in continuous environments.
year : 2001
author 0 : Martin Appl

title : Mikrofonarrays und mehrkanalige Signalverarbeitung zur Verbesserung gest&ouml;rter Sprache.
year : 1999
author 0 : Martin Drews

title : Modal Interface Theories for Specifying Component-based Systems.
year : 2017
author 0 : Sascha Fendrich

title : Learning the Structure of Continuous Markov Decision Processes.
year : 2014
author 0 : Jan Hendrik Metzen

title : Vorbereitende Untersuchungen zum Einsatz rechnergest&uuml;tzter Informationssysteme an Technischen Hochschulen.
year : 1982
author 0 : Karin Bocek

title : Charakterisierung von Graphenklassen durch verbotene Strukturen und Reduktionen.
year : 1982
author 0 : Frank Wankm&uuml;ller

title : Online learning of latent linguistic structure with approximate search.
year : 2019
author 0 : Anders Bj&ouml;rkelund

title : Advanced Corpus Annotation Strategies for NLP. Applications in Automatic Summarization and Text Classification.
year : 2021
author 0 : Christopher Tauchmann

title : Usability Oriented Visualization Techniques for 3D Navigation Map Display.
year : 2014
author 0 : Mikael Vaaraniemi

title : Group Activity Recognition Using Wearable Sensing Devices.
year : 2014
author 0 : Dawud Gordon

title : Automatic Reconstruction of Textured 3D Models.
year : 2012
author 0 : Benjamin Pitzer

title : Hardware-effiziente, hochparallele Implementierungen von Lattice-Boltzmann-Verfahren f&uuml;r komplexe Geometrien.
year : 2016
author 0 : Markus Wittmann

title : Beitrag zu den Grundlagen der Ausarbeitung von Teilefertigungsprozessen.
year : 1981
author 0 : Manfred Auerswald

title : Systemdynamische Simulation - eine effiziente M&ouml;glichkeit zum Modellieren und Bewerten wirtschaftlicher Prozesse.
year : 1990
author 0 : Klaus Geisler

title : Untersuchung eines Mehrkanalmikroprozessor-Reglers in der LPG Fr&uuml;hgem&uuml;sezentrum Dresden als Grundlage f&uuml;r den Einsatz von Mikrorechnern zur Klimasteuerung in Gew&auml;chsh&auml;usern.
year : 1986
author 0 : Matthias Diezemann

title : Practice-Centered Support for Indoor Navigation: Design of a Ubicomp Platform for Firefighters.
year : 2012
author 0 : Leonardo Ram&iacute;rez Z&uacute;&ntilde;iga

title : Database-Marketing: Inhalt und Funktionen eines Database-Marketing-Systems, Aspekte des erfolgreichen Einsatzes sowie organisatorische Gesichtspunkte.
year : 1992
author 0 : Christian Huldi

title : 3D building reconstruction from high resolution multi-aspect interferometric synthetic aperture RADAR data.
year : 2013
author 0 : Antje Thiele

title : Ressourcen-Provisionierungsverfahren zur Erweiterung energetischer Freiheitsgrade von Rechenzentren unter Ver&auml;nderung der IT-Last.
year : 2021
author 0 : Alexander Borgerding

title : Three-valued abstraction and heuristic-guided refinement for verifying concurrent systems.
year : 2013
author 0 : Nils Timm

title : Situative Gestaltung des IT-Produktmanagements: eine empirische Untersuchung.
year : 2014
author 0 : Katharina Peine

title : Trust in interdependent and task-oriented human-computer cooperation.
year : 2018
author 0 : Philipp Kulms

title : Systematik in der Vertriebsinformation der Brauerei.
year : 1993
author 0 : Karl Wilhelm Schweisfurth

title : Markov decision processes with uncertain parameters.
year : 2018
author 0 : Dimitri Scheftelowitsch

title : Physikalisch basierte Simulation in virtuellen Umgebungen.
year : 1999
author 0 : Matthias Unbescheiden

title : Towards closed loop deep brain stimulation: an integrated approach for neural recording and microstimulation.
year : 2012
author 0 : Susanne L&ouml;ffler

title : Organisatorische und informationelle Beziehungen zwischen Rechnungsf&uuml;hrung und Statistik und der Leitung des unmittelbaren Produktionsprozesses bei Nutzung von Datenbanken unter Ber&uuml;cksichtigung der Bedingungen der metallverarbeitenden Industrie.
year : 1982
author 0 : Frank Leyer

title : Integrierte Ans&auml;tze zur Videocodierung und Objektklassifikation.
year : 2014
author 0 : Raimar Wagner

title : Eine Systemarchitektur f&uuml;r die Gestaltung und das Management verteilter Informationssysteme.
year : 1990
author 0 : Andreas J. Ness

title : A semantical framework for the integration of object oriented modeling languages.
year : 1999
author 0 : Marcus Klar

title : Reasoning in description logic ontologies for privacy management.
year : 2019
author 0 : Adrian Nuradiansyah

title : Aggregatverarbeitung in multidimensionalen Datenbanksystemen.
year : 1998
author 0 : Wolfgang Lehner

title : Discovering and disambiguating named entities in text.
year : 2015
author 0 : Johannes Hoffart

title : Die Bedeutung neuer Informationstechniken f&uuml;r integrierte Einkaufskooperative.
year : 1989
author 0 : Werner Boos

title : An Asynchronous Graphical Kernel System (AGKS).
year : 1987
author 0 : Ronald Charles Salley

title : Logische Klassifizierung regul&auml;rer Baumsprachen.
year : 1994
author 0 : Andreas Potthoff

title : Ein regelbasierter Testdatengenerator f&uuml;r das Rapid Prototyping von Datenbankanwendungen.
year : 1996
author 0 : J&ouml;rg R&ouml;hrle

title : Aufbau eines MIMD-Rechners und Parallelisierung von Applikationsprogrammen aus dem Bereich des elektronischen CAD.
year : 1992
author 0 : Josef Maria Joachim Kr&uuml;cken

title : Dynamic horizontal image translation in stereo 3D.
year : 2017
author 0 : Stefan Eickelberg

title : Training von komplexem Probleml&ouml;sen mit Hilfe von Netzwerk-Diagrammen.
year : 1994
author 0 : Monika Voss

title : Link attribute dissemination in electronic social networks: an approach for measurement of influence and dissemination effects in social networks.
year : 2013
author 0 : Robert Hillmann

title : Ein Verfahren zur schnellen Absch&auml;tzung des Verhaltens stochastischer dynamischer Systeme.
year : 1985
author 0 : Dietmar Fischer

title : Beitr&auml;ge zur algebraischen Theorie der formalen Sprachen.
year : 1983
author 0 : Roman K&ouml;nig

title : Anwendung wahrscheinlichkeitstheoretischer Methoden in der linguistischen Informationsverarbeitung.
year : 2013
author 0 : Mahmoud Gindiyeh

title : Ein Verfahren zur L&ouml;sung von Zwei-Ebenen-Optimierungsaufgaben in Verbindung mit der Untersuchung von chemischen Gleichgewichten.
year : 1988
author 0 : Wolfgang Oeder

title : Experimentelle Untersuchungen zur Pr&auml;zision des Compugnath-Systems.
year : 1993
author 0 : Andrea Putz

title : Modelle zur Signalverarbeitung im menschlichen Geh&ouml;r.
year : 1993
author 0 : Roland Sottek

title : Die bin&auml;re Prozessanalyse als Grundlage zum Entwurf von Bin&auml;rsteuerungen.
year : 1979
author 0 : Jochen Alder

title : DPCM-Kodierung von Bildsequenzen mit Irrelevanzreduktion durch Unscharffilterung.
year : 1992
author 0 : Jacob Wassermann

title : Algebraische Algorithmenentwicklung am Beispiel der Arithmetik in endlichen K&ouml;rpern.
year : 1994
author 0 : Willi Geiselmann

title : Die Attraktivit&auml;t der Informatik und soziale Aspekte der modernen Softwareentwicklung im Schulkontext.
year : 2012
author 0 : Timo G&ouml;ttel

title : Linearisierungen, Graphgrammatiken und Graphakzeptoren f&uuml;r Selektorgraphen.
year : 1981
author 0 : Kurt-Ulrich Witt

title : Generierung individueller, bedarfsgerechter Sichten auf die Daten einer elektronischen Gesundheitskarte.
year : 2018
author 0 : Jasmin Buck

title : Dynamic protocol stacks.
year : 2014
author 0 : Ariane Trammell

title : Hierarchisches Routingmanagement: Autonomes Netzwerkmanagement f&uuml;r ein dynamisches Routing unter Ber&uuml;cksichtigung von Qualit&auml;tsanforderungen.
year : 2016
author 0 : Thomas Volkert

title : Saliency Methods for Object Discovery Based on Image and Depth Segmentation.
year : 2016
author 0 : Germ&aacute;n Mart&iacute;n Garc&iacute;a

title : Signal processing methods for beat tracking, music segmentation, and audio retrieval.
year : 2013
author 0 : Peter Grosche

title : Ein nichtdeterministischer call-by-need Lambda-Kalk&uuml;l mit erratic Choice: operationale Semantik, Programmtransformationen und Anwendungen.
year : 2000
author 0 : Arne Kutzner

title : Grundlagen eines rechnergest&uuml;tzten arbeitswissenschaftlichen Prognose- und Informationssystems.
year : 1994
author 0 : Hansj&uuml;rgen Gebhardt

title : Zur Herausbildung der Kybernetik, wissenschaftstheoretische und wissenschaftshistorische Untersuchungen zur Konstituierung einer neuen Denkweise.
year : 1981
author 0 : Hartmut A. Gorgs

title : Secure and privacy-preserving services based on secure multiparty computation.
year : 2019
author 0 : Marcel von Maltitz

title : Organisatorische Kompatibilit&auml;t im Computerverbund.
year : 1978
author 0 : Christoph Meller

title : Zuverl&auml;ssigkeitsmodelle auf der Grundlage von Niveau&uuml;berschreitungsuntersuchungen bei stochastischen Prozessen und der Modellierung von Abnutzungsvorg&auml;ngen.
year : 1989
author 0 : Volkmar Pieper

title : Zur Auswertung von Farbinformation beim maschinellen Erkennen von Verkehrssituationen in Echtzeit.
year : 1996
author 0 : Lampros Tsinas

title : Zur Ermittlung von Nash-Gleichgewichtspunkten in nichtkooperativen N-Personen-Spielen mit Methoden der konvexen Optimierung unter besonderen Aspekten der Anwendung in den Wirtschaftswissenschaften.
year : 1985
author 0 : Michaela Willems

title : Die Identifikation von Mehrgr&ouml;ssensystemen mit Hilfe rekursiver Parametersch&auml;tzverfahren.
year : 1981
author 0 : Klaus Diekmann

title : Context-aware task scheduling in distributed computing systems.
year : 2019
author 0 : Janick Edinger

title : Application and validation of capacitive proximity sensing systems in smart environments.
year : 2014
author 0 : Andreas Braun 0001

title : Affective technology and virtual reality: theoretical foundations and empirical investigations.
year : 2019
author 0 : Henrik Freude

title : Formulartyperkennung und Schriftaufbereitung in der optischen automatischen Archivierung.
year : 1997
author 0 : Martin B&ouml;hm

title : Motion Estimation, 3D Reconstruction and Navigation with Range Sensors.
year : 2017
author 0 : Mariano Jaimez Tarifa

title : Rigid and deformable motion and disassembly planning with a focus on the digital mockup process in the automotive industry.
year : 2017
author 0 : Daniel Schneider 0002

title : Towards understanding the impact of the GDPR on online advertisement: a technical and human-centric point of view.
year : 2020
author 0 : Tobias Urban

title : Large state spaces and large data: Utilizing neural network ensembles in reinforcement learning and kernel methods for clustering.
year : 2015
author 0 : Stefan Fau&szlig;er

title : Bearbeitung seismischer Weitwinkeldaten im Interceptzeit-Strahlparameter-Raum.
year : 1984
author 0 : Bernd Milkereit

title : Darstellung und Blending einer Klasse analytischer Objekte mit Non-Uniform Rational B-Splines.
year : 1994
author 0 : Xiaolin Zhou

title : Effiziente neuronale Algorithmen f&uuml;r &uuml;berwachtes Lernen mit Zielfunktionen.
year : 1996
author 0 : Arnd Bischoff

title : Computersimulationen mit biomechanischen Mehrk&ouml;rpermodellen und Fuzzy-Regelung zur Untersuchung der Bewegungskoordination am Beispiel Standhochsprung.
year : 1995
author 0 : Karin Widmayer

title : COMPASITES - Computer-aided active site analysis of protein structures.
year : 2013
author 0 : Andrea Volkamer

title : AMATIES - eine umfassende Sammlung von Eigenschaften biogener Aminos&auml;uren: Erstellung und erste Charakterisierung der Datenbasis.
year : 1988
author 0 : Annette Fr&ouml;mmel
author 1 : Karen Kleine

title : Maschinen als kollaborative Gespr&auml;chspartner: nutzer- und situationsorientierte Gestaltung automotiver Sprachdialogsysteme.
year : 2013
author 0 : Linn Hackenberg

title : Partitionierung von Fehlerlokalisierungsproblemen mit Algorithmen aus der ganzzahligen linearen Optimierung.
year : 2017
author 0 : Marcus Frenkel

title : Methodisches Gestalten mit CAD-Systemen.
year : 1988
author 0 : Hans-Peter Mannweiler

title : Model-based Design of Embedded Systems by Desynchronization.
year : 2016
author 0 : Yu Bai 0003

title : Realisierung von Multisensoranwendungen mit vernetzten logischen Sensoren und Aktoren.
year : 1993
author 0 : Ernst Hagg

title : Governance der individuellen Datenverarbeitung: wertorientierte und risikobewusste Steuerung der IDV-Anwendungen in Kreditinstituten.
year : 2013
author 0 : Elizaveta Kozlova

title : Beschreibung, Klassifikation und mentale Repr&auml;sentation komplexer Mensch-Computer-Interaktion.
year : 1989
author 0 : Edmund Eberleh

title : Organizational effectiveness, service quality, and related aspects in IT services.
year : 1997
author 0 : Rainer Bubenheim

title : Konzepte f&uuml;r die Architektur von Rechensystemen unter besonderer Ber&uuml;cksichtigung von Zuverl&auml;ssigkeit und Verteiltheit.
year : 1983
author 0 : Reinhold Kr&ouml;ger

title : Untersuchungen zur Ablaufplanung bei Parallelrechnern mit virtuell gemeinsamem Speicher.
year : 1994
author 0 : Markus A. Linn

title : High Dynamic Range Imaging Systems for Dynamic Scenes.
year : 2017
author 0 : Fahd Bouzaraa

title : Praktische Probleme bei der Konstruktion von Software zur automatisierten Terminierungsanalyse.
year : 2014
author 0 : Jan Schultze

title : Entwicklung eines handlungsorientierten, erfahrungsgeleiteten Verfahrens zur projektiven Gestaltung integrierter, rechnerunterst&uuml;tzter Produktionsarbeitssysteme.
year : 1994
author 0 : Rainer Upmann

title : A systematic evaluation approach for data stream-based applications.
year : 2016
author 0 : Sandra Geisler

title : Probleme und L&ouml;sungsans&auml;tze bei der Datenbeschaffung und Parametersch&auml;tzung f&uuml;r Mikrosimulationsmodelle der privaten Haushalte.
year : 1988
author 0 : Otto Hellwig

title : Ein Konzept zur interaktiven Formoptimierung kontinuierlicher Strukturen.
year : 1995
author 0 : Kai Wieghardt

title : Computersimulation effektiver Medien.
year : 1992
author 0 : Susanne St&ouml;lzle

title : Untersuchungen zu Systemkonzepten f&uuml;r 16-Bit-Mikrorechner unter dem Aspekt der Anwendung auf dem Gebiet der automatischen Bildverarbeitung.
year : 1986
author 0 : Heiko Kieser

title : Ein grundlegendes Operationsmodell f&uuml;r die strukturierte parallele Bildverarbeitung: Entwurf und Anwendung.
year : 1989
author 0 : Peter Gemmar

title : Verifizierte globale Optimierung auf Parallelrechnern.
year : 1997
author 0 : Andreas Wiethoff

title : Synthese des Datenflusses digitaler Schaltungen aus formalen Funktionsbeschreibungen.
year : 1984
author 0 : Wolfgang Rosenstiel

title : Beitrag zur Integration materialwirtschaftlicher Aufgaben in die CIM-Konzeption eines Betriebes des elektronischen Ger&auml;tebaus.
year : 1990
author 0 : G&uuml;nter Schneider

title : Interdependent Security and Compliance in Service Selection.
year : 2016
author 0 : Fatih Karatas

title : Wissensbasiertes zerst&ouml;rungsfreies Pr&uuml;fen hybrider Faserverbundstrukturen durch optische Lock-in-Thermografie.
year : 2021
author 0 : Michael Klaus Gerhard Jelinek

title : Relational Reasoning - Constraint Solving, Deduction, and Program Verification.
year : 2015
author 0 : Aboubakr Achraf El Ghazi

title : Modellierung dynamischer Aspekte mit dem Objekt-Prozess-Modell.
year : 1994
author 0 : Rainer Burkhardt

title : Interpretable Machine Learning Models for Mining Chemical Databases.
year : 2014
author 0 : Lars Rosenbaum

title : Wissensorientierte Echtzeitsysteme am Beispiel nicht-numerischer Regelungen.
year : 1992
author 0 : Werner Brockmann

title : Untersuchung zweier denotationaler Semantikdefinitionen von CSP.
year : 1987
author 0 : Frank Zetzsche

title : Automatische Bestimmung der Modulationstransferfunktion intraoraler digitaler R&ouml;ntgensensoren unter Einsatz des bilateralen Filters.
year : 2018
author 0 : Michael Bucuta

title : Protokollnetze: eine Verallgemeinerung des Proze&szlig;begriffs f&uuml;r Petrinetze.
year : 1997
author 0 : Sofie Czernik

title : Mikrocomputergenerierte Random-dot-Stereogramme mit einfach und mehrfach gestufter Querdisparation: Herstellungstechnik u. Anwendung.
year : 1988
author 0 : Johannes Raphael Wache

title : Konzeption eines faseroptischen Hochgeschwindigkeitsnetzwerks f&uuml;r echtzeitf&auml;hige Parallelrechneranwendungen.
year : 1998
author 0 : Thomas Vo&szlig;

title : An open architecture for distributed IP traffic analysis.
year : 2011
author 0 : Cristian Morariu

title : Verwaltung und Pr&uuml;fung nat&uuml;rlichsprachlicher Spezifikationen.
year : 2000
author 0 : Ralf Melchisedech

title : Dynamic fuzzy pattern recognition.
year : 2000
author 0 : Larisa G. Angstenberger

title : Entwicklung einer Bewertungssystematik f&uuml;r die Mensch-Roboter-Kollaboration.
year : 2017
author 0 : Carsten Thomas 0001

title : Parallele lineare Algebra: parallele L&ouml;sungen ausgew&auml;hlter linearer Gleichungssysteme bei unterschiedlichen Multiprozessor-Architekturen.
year : 1992
author 0 : J&uuml;rgen Brehm

title : Reduktion auf adjungierten Datentypen.
year : 1991
author 0 : Terry Stroup

title : Inhaltsbasierte Analyse und Segmentierung narrativer, audiovisueller Medien.
year : 2017
author 0 : Markus Rickert 0002

title : Aufbau eines Rechnerverbundsystems auf der Basis von DECnet.
year : 1990
author 0 : Bernd Papenfuss

title : Computer-Animation: Inhalt, &Auml;sthetik und Potential einer neuen Abbildungs-Technik.
year : 1994
author 0 : Matthias Pieper

title : Zur Entwicklung eines lernf&auml;higen, behaviorbasierten Systems.
year : 1997
author 0 : Jan-Torsten Milde

title : Zur parallelen Simulation und Regelung grosser Systeme mit Transputern.
year : 1994
author 0 : Dirk Clemens

title : Betrachtung der Mensch-Computer-Interaktion eines bilddatenorientierten medizinischen Arbeitsplatzes f&uuml;r computergest&uuml;tzte Diagnostik und Therapieplanung.
year : 1988
author 0 : Gabriele von Voigt

title : Open graph transformation systems: a new approach to the compositional modelling of concurrent and reactive systems.
year : 1998
author 0 : Reiko Heckel

title : Beitrag zum Aufbau einer digitalen Nachformsteuerung.
year : 1983
author 0 : Ulrich Br&uuml;ggemann

title : Robust Object Tracking for Micro- and Nanorobotics.
year : 2014
author 0 : Christian Dahmen

title : Effective active learning for complex natural language processing tasks.
year : 2013
author 0 : Florian Laws

title : Compression principles for sensorimotor learning.
year : 2018
author 0 : Zhen Peng

title : Entscheidungskriterien zur objektiven Beurteilung des sicherheitstechnischen Niveaus von Hochsicherheitsbereichen der Informationsverarbeitung.
year : 1994
author 0 : Wolfgang J. Friedl

title : Effiziente Nutzung des Informationsgehalts chemischer Daten mittels Hypermedia.
year : 1995
author 0 : Andreas Gloor

title : Facilitating Knowledge Graph Analysis - Acquisition and Large-Scale Analysis of Topological Graph Measures.
year : 2021
author 0 : Matth&auml;us Zloch

title : A type-theoretic framework for software component synthesis.
year : 2019
author 0 : Jan Bessai

title : An observability-driven system concept for monocular-inertial egomotion and landmark position determination = ein beobachtbarkeitsmotiviertes Systemkonzept f&uuml;r monokular-inertiale Eigenbewegungs- und Landmarkenposotionserfassung.
year : 2018
author 0 : Marcel Markgraf

title : Ein objektorientiertes Verfahren zur Optimierung von Gesch&auml;ftsprozessen unter Verwendung eines genetischen Algorithmus.
year : 1999
author 0 : Joachim Bauske

title : Automatisierte Auswahl von Algorithmen f&uuml;r das dynamische Fahrzeugwegeplanungsproblem.
year : 2019
author 0 : Thomas Mayer 0002

title : Impact of Network Effects on Application Quality.
year : 2012
author 0 : Muhammad Amir Mehmood

title : Towards real-time SIEM-based network monitoring and intrusion detection throught event normalization.
year : 2015
author 0 : Amir Shahab Sadr-Azodi

title : Probleme der rationellen Informationsverarbeitung und -bereitstellung in einem Industriezweig durch das Informationssystem Wissenschaft und Technik (IWT) unter besonderer Ber&uuml;cksichtigung des Einsatzes der EDV: (dargestellt am Beispiel des Industriezweiges Nachrichten- und Messtechnik).
year : 1974
author 0 : Kurt Latotzke

title : Lernf&auml;hige Algorithmen im Modellierungsprozess optischer Systeme.
year : 1984
author 0 : Georg Elsner

title : Konvergenzraten von Random-Search-Verfahren zur globalen Optimierung.
year : 1984
author 0 : Georg Rappl

title : Zum Aufbau von raumbezogenen Planungsinformationssystemen dargestellt am Beispiel eines computergest&uuml;tzten Raumordnungskatasters.
year : 1992
author 0 : Ines Benhold

title : The usual suspects: data-oriented models for identification und representation of lexical collocations.
year : 1999
author 0 : Brigitte Krenn

title : Probleme beim Upscaling hochaufl&ouml;sender geologischer Faziesmodelle zu Gridblockmodellen f&uuml;r die Lagerst&auml;ttensimulation.
year : 1997
author 0 : Olaf Haase

title : Aktiver Einsatz eines Multisensorsystems zur Exploration der Umwelt mit einem mobilen Roboter.
year : 1997
author 0 : Peter Weckesser

title : Adaptive Real-time Anomaly-based Intrusion Detection using Data Mining and Machine Learning Techniques.
year : 2014
author 0 : Maher Salem

title : Ein neuromorphes System f&uuml;r die datengetriebene Szenenanalyse.
year : 1997
author 0 : Winfried A. Fellenz

title : A study of transformational semantics.
year : 1979
author 0 : Peter Pepper

title : Interaktive Rekonstruktion geometrischer Modelle aus digitalen Bildern.
year : 1996
author 0 : Ina Pitschke

title : Analyse meteorologisch-klimatologischer Zeitreihen mit Hilfe des Systems der Walshfunktionen.
year : 1984
author 0 : Gabriele Malitz

title : Bildschirmtext im Ackerbaubetrieb: Nutzen, Bewertung, Vorschl&auml;ge.
year : 1987
author 0 : Josef Bosch

title : Smoothed Analysis of Selected Optimization Problems and Algorithms.
year : 2014
author 0 : Tobias Brunsch

title : Suche in dynamischen planaren Unterteilungen der Ebene.
year : 1989
author 0 : Otfried Fries

title : Theoretische Grundlagen zur Ermittlung von F&uuml;hrungsgr&ouml;ssen f&uuml;r die Prozessregelung Reibschweissen mittels mathematischer Modellierung.
year : 1987
author 0 : Bernhard Pech

title : Verfahrensgrundlagen des rechnerunterst&uuml;tzten Konstruierens mit Hilfe einer Konstruktions-Methodenbank.
year : 1982
author 0 : Matthias Schlensker

title : Engpasszeitminimierung bei Transport-, Umlade- und Standortproblemen.
year : 1985
author 0 : Joachim R. Daduna

title : Satellitenaltimetrie &uuml;ber Eis: Anwendungen des GEOSAT-Altimeters &uuml;ber dem Ekstr&ouml;misen, Antarktis = Satellite altimetry over ice.
year : 1994
author 0 : Klemens Heidland

title : Untersuchung dreidimensionaler turbulenter Wandgrenzschichten an Schiffsdoppelmodellen.
year : 1979
author 0 : Wolfgang Hauke

title : Efficiency and effectiveness evaluation of an automated multi-country patient count cohort system.
year : 2016
author 0 : I&ntilde;aki Soto Rey

title : Aufbau eines computergest&uuml;tzten Spektralanalysesystems f&uuml;r Sprachschall.
year : 1988
author 0 : Uwe Hollmach

title : Nutzungsgradsteigerung von Montagesystemen durch den Einsatz der Simulationstechnik.
year : 1989
author 0 : Karsten Schl&uuml;ter

title : Eine Technologie f&uuml;r das durchg&auml;ngige und automatisierte Testen eingebetteter Software.
year : 2016
author 0 : Till Fischer

title : Pr&uuml;f- und Testprozesse in der Softwareentwicklung: Bestandsaufnahme von Gestaltungsbereichen und deren Einflu&szlig;faktoren.
year : 1999
author 0 : Uwe M&uuml;ller 0001

title : Visual Abstractions for Analyzing Uncertain Multidimensional Data.
year : 2016
author 0 : Ismail Demir

title : Entwurf und Implementierung einer Methodenbank und Nutzung in der Informatikausbildung im Maschineningenieurwesen.
year : 1989
author 0 : Christian Wittetschek

title : Software-Service: Servicepolitik von Software-Herstellern.
year : 1994
author 0 : Markus Deppe

title : Vergleichende hydrologische Modellierung mit dem Modell PRMS unter Anwendung von geographischen Informationssystemen.
year : 1993
author 0 : Thomas L&uuml;llwitz

title : Ein System zur &Uuml;berwachung und Steuerung von realen Endoskopiephantomen.
year : 2014
author 0 : Matthias Vietz

title : Internet based robotic tele presence.
year : 2002
author 0 : Dirk Schulz 0001

title : Disentanglement, Compositionality, Specification: Representation Learning with Generative Adversarial Networks.
year : 2021
author 0 : Tobias Hinz

title : Objektorientierte Entwicklung eines mobilen Workflow Management Systems.
year : 1999
author 0 : Margret Hesselmann

title : Elektrooptische Signalverarbeitung zur Darstellung autostereoskopischer Bewegtbilder und zur Strukturerkennung.
year : 1999
author 0 : Gerhard Bader

title : Untersuchungen zur effektiven Implementierung des Relationenkonzeptes f&uuml;r Datenbanksysteme am Beispiel relationenalgebraorientierter Anfragesprachen.
year : 1981
author 0 : Vera Wenk

title : Architektur f&uuml;r die Automation der Managementinstrumentierung bausteinbasierter Anwendungen.
year : 2001
author 0 : Rainer Hauck

title : Wege zur rationellen Berechnung des dynamischen Verhaltens von mechanischen Strukturen.
year : 1983
author 0 : Helmut Helpenstein

title : Beitr&auml;ge zur Entwicklung eines lokalen Rechnernetzes sowie dessen praktische Anwendung in einem Industriebetrieb.
year : 1988
author 0 : Eckhard Jahn

title : Fehlertolerantes Verhalten in Multiprozessoren: Unters. zur Diagnose u. Rekonfiguration.
year : 1982
author 0 : Erik Maehle

title : Eigenschaften der primalen Methode bei der zweistufigen L&ouml;sung nichtkonvexer Aufgaben der statischen Optimierung.
year : 1981
author 0 : Alexander Heescher

title : Multi-wavelength laser line profile sensing for agricultural applications.
year : 2016
author 0 : Wolfram Strothmann

title : Fehlerkorrigierende Quellendecodierung.
year : 2001
author 0 : Kalman Cinkler

title : On statistical pattern recognition in independent component analysis mixture modelling.
year : 2013
author 0 : Addisson Salazar

title : Methoden des knowledge engineering: ein Expertensystem f&uuml;r das Wertpapiergesch&auml;ft in Banken.
year : 1992
author 0 : Uwe Hoppe

title : Gestaltung der Benutzerschnittstelle eines Informationssystems zur inhaltlichen Verarbeitung von Texten.
year : 1983
author 0 : Feodora Csima

title : &Ouml;konometrische Modellierung und Simulation ausgew&auml;hlter volkswirtschaftlicher Prozesse der DDR.
year : 1982
author 0 : Peter P. Eckstein

title : Region based analysis and coding of stereoscopic video.
year : 1997
author 0 : Manfred Ziegler

title : Bewegungserkennung und Bewegungsanalyse mit dem synergetischen Computer.
year : 1995
author 0 : Richard Haas

title : L&ouml;sungsansatz f&uuml;r die Gestaltung einer rechnergest&uuml;tzten Anfragen-, Angebots- und Kundenauftragsbearbeitung: ein Beitrag zur Schaffung rechnerintegrierter Systeme.
year : 1989
author 0 : Michael Pilarski

title : Near-rings and group automata.
year : 1987
author 0 : Gerhard Hofer

title : Tarski-Hierarchien.
year : 1994
author 0 : Volker Halbach

title : Automatisierungstendenzen in der Informationswirtschaft mittelst&auml;ndischer Fachgesch&auml;fte, dargestellt am Beispiel der Schuhbranche.
year : 1986
author 0 : Katrin Hansen

title : Methoden und funktioneller Entwurf von Software zur l&auml;ngerfristigen Ertragsplanung in Pflanzenproduktionsbetrieben.
year : 1988
author 0 : Cornelia R&ouml;sler

title : Exploiting semantic web knowledge graphs in data mining.
year : 2018
author 0 : Petar Ristoski

title : Avocado: a distributed virtual environment framework.
year : 2003
author 0 : Henrik Tramberend

title : Anwendung temporaler Logiken zur &Uuml;berwachung dynamischer Integrit&auml;tsbedingungen von Datenbanken.
year : 1994
author 0 : Heren Zhou

title : Surfacing ambiguity in natural language requirements.
year : 2001
author 0 : Erik Kamsties

title : Parameter identification of nonlinear continuous time systems using the Hartley modulating functions method.
year : 1999
author 0 : Sequare Daniel-Berhe

title : Stability and Accuracy Analysis of a Feature Selection Ensemble for Binary Classification in Biomedical Datasets.
year : 2018
author 0 : Ursula Neumann

title : Locator, Identifier Split Based Internet Architecture With Integrated Security &amp; Privacy.
year : 2012
author 0 : Oliver Hanka

title : Publizistik- und Kommunikationswissenschaft: von d. unsystemat. Handablage zur computergesteuerten Pressedatenbank: Bedingungen, Ziele, Chancen u. Risiken d. Strukturwandels von Dokumentationseinrichtungen im Medienbereich.
year : 1987
author 0 : Klaus-Werner Schulz

title : Rechnergest&uuml;tzte Bestimmung des Fertigungszeitaufwandes f&uuml;r neue Schiffstypen im Stadium der Projektierung.
year : 1989
author 0 : Hans-Joachim Schmidt 0002
author 1 : Dieter Wulf

title : Erfahrungsgeleitete Planung von Laseranlagen.
year : 1999
author 0 : J&uuml;rgen Spitznagel

title : Abstandsberechnung und Kollisionserkennung f&uuml;r mehrere Kinematiken in der virtuellen Welt.
year : 2012
author 0 : Marcos Adrian Salonia

title : Entwurf und Vergleich von Erkennungsverfahren sowie Methoden zum Fotoausschlu&szlig; f&uuml;r die automatische Gesichtserkennung.
year : 1997
author 0 : Alexander Gebhart

title : Generating and Managing Secure Passwords for Online Accounts.
year : 2018
author 0 : Moritz Horsch

title : Mathematische Analyse und n&auml;herungsweise L&ouml;sung eines verallgemeinerten Matroidproblems.
year : 1985
author 0 : Peter Bachmann

title : Data-flow Prinzip im dynamischen Scheduling des Multiprozessors EMPRESS.
year : 1985
author 0 : Milan Tadjan

title : Functional data analysis methods for the evaluation of sensor signals.
year : 2017
author 0 : Karen Fuchs

title : Hybride Modellnutzung in der automotiven Formfindung: ein Beitrag zur interdisziplin&auml;ren Zusammenarbeit im Designprozess.
year : 2018
author 0 : Ulrich Feldinger

title : Schuldnerberatung im Wandel: von der traditionellen Sozialarbeit zur computergest&uuml;tzten Dienstleistung.
year : 1997
author 0 : G&uuml;nter Wohlers

title : Debug automation from pre-silicon to post-silicon.
year : 2013
author 0 : Mehdi Dehbashi

title : Providing efficient, extensible and adaptive intra-query parallelism for advanced applications.
year : 2000
author 0 : Clara Nippl

title : Higher Performance Traversal and Construction of Tree-Based Raytracing Acceleration Structures.
year : 2019
author 0 : Dominik Wodniok

title : Embodied localisation and mapping.
year : 2013
author 0 : Jakob Schwendner

title : Database recovery in the design envoronment: requirements analysis and performance evaluation.
year : 1989
author 0 : Cirano Iochpe

title : Entwurf von Datenpfaden in schnellen integrierten Schaltungen.
year : 1997
author 0 : Sven Simon 0001

title : Ein Testerzeugungsverfahren f&uuml;r digitale Schaltungen auf der Verhaltensebene.
year : 1986
author 0 : Raul Fernando Weber

title : Aspects of Code Generation and Data Transfer Techniques for Modern Parallel Architectures.
year : 2018
author 0 : Manuel Mohr

title : Metric-based continuous evaluation of powertrain software architecture = Metrikenbasierte kontinuierliche Evaluierung der Antriebstrangarchitektur.
year : 2019
author 0 : Hariharan Venkitachalam

title : Convexity in Image-Based 3D Surface Reconstruction.
year : 2012
author 0 : Kalin Kolev

title : Counting in the Jacobian of hyperelliptic curves: in the light of genus 2 curves for cryptography.
year : 2010
author 0 : Sandeep Sadanandan

title : Analyse und Vorausberechnung &Ouml;konomischer Prozesse mit dem Programmpaket "Multiplikative Arima-Modelle".
year : 1985
author 0 : Ulrich Rohland

title : Informationstheoretische Modellierung der Informationsprozesse bei der technologischen Vorbereitung von Industrierobotern in flexiblen Fertigungszellen.
year : 1988
author 0 : Jens Wallner

title : A context-sensitive plan execution language for adaptive behaviour in autonomous systems.
year : 2012
author 0 : Herwig Gerhard Moser

title : Parallele Netzwerksimulation auf Multicomputern.
year : 1996
author 0 : Volkhard Klinger

title : Ein kombiniertes Verfahren zur Erkennung von Hindernissen, Fahrbahn- und Fahrzeugdaten.
year : 1997
author 0 : Gustavo Garc&iacute;a Padilla

title : Parallelisierung eines komplexen Finite-Elemente-Programmsystems.
year : 2000
author 0 : Swen N&ouml;lting

title : Didaktische Kriterien zur Strukturierung von Bedienungsanleitungen: eine exemplarische Analyse von Software-Bedienungsanleitungen.
year : 1999
author 0 : Peter Stadtfeld

title : Computer Integrated Manufacturing und Wettbewerbsstrategie.
year : 1992
author 0 : Ulrich Bodo G&ouml;rgel

title : Controlling verteilter Informationssysteme: Client/Server-Architekturen.
year : 1997
author 0 : Heiko Aurenz

title : Konzeption von Bibliotheks- und Bibliotheksverbundsystemen.
year : 1985
author 0 : Martin Fuchs 0003

title : A view based approach to software process management.
year : 1993
author 0 : Wolfgang Deiters

title : Plattform&uuml;bergreifende Konstruktion graphischer Benutzeroberfl&auml;chen.
year : 1996
author 0 : J&uuml;rgen Dammert

title : Methoden zur Absch&auml;tzung des wirtschaftlichen Erfolges von Organisationsmassnahmen.
year : 1983
author 0 : Werner Eickmeier

title : Understanding space by moving through it: neural networks of motion- and space processing in humans.
year : 2012
author 0 : Magdalena Graciela Wutte

title : Beitr&auml;ge zu globalen Fragen in der NURBS-Technik.
year : 2007
author 0 : Ilijas Selimovic

title : Visuelle Aufmerksamkeit, perzeptive Organisation und invariante Objekterkennung: eine Integration neurobiologischer und psychologischer Befunde in einem neuronalen Netzwerk-Modell.
year : 1996
author 0 : Rainer Goebel

title : Views and concerns and interrelationships: lessons learned from developing the multi-view software engineering environment PIROL.
year : 2002
author 0 : Stephan Herrmann 0001

title : Bioinformatics methods for the genetic and molecular characterisation of cancer.
year : 2016
author 0 : Daniel St&ouml;ckel

title : Gestaltungs- und Entwicklungsziele k&uuml;nftiger Systemunterlagen f&uuml;r Datenbanken: Grundfragen ihrer Realisierbarkeit.
year : 1980
author 0 : Klaus Wagner 0002

title : Modellierung des betrieblichen Reproduktionsprozesses und darauf aufbauend des Prozesses der Buchf&uuml;hrung in Form eines EDV-Projektes zur Unterst&uuml;tzung der Aus- und Weiterbildung im wirtschaftswissenschaftlichen Hochschulstudium.
year : 1984
author 0 : Karin Urbich

title : Zur Strukturierung spezieller Permutationsnetzwerke.
year : 1986
author 0 : Friedmar W&auml;chter

title : Analysis and improvement of the visual object detection pipeline.
year : 2017
author 0 : Jan Hendrik Hosang

title : Algorithmen und Datenstrukturen f&uuml;r die Wegesuche im Haltestellennetz eines Bedarfsbussystems.
year : 1985
author 0 : Jan G. L&ouml;schner

title : Hochgenaue Standardfunktionen f&uuml;r reelle und komplexe Punkte und Intervalle in beliebigen Gleitpunktrastern - Exponentialfunktion, trigonometrische und hyperbolische Funktionen, Wurzel und Quardrat.
year : 1987
author 0 : Klaus Dieter Braune

title : Verminderung des Produkteinf&uuml;hrungsrisikos durch Virtual Reality-unterst&uuml;tzte Konzepttests: eine experimentelle Studie zur Durchf&uuml;hrung von VR-Car Clinics.
year : 1999
author 0 : Andreas Erdmann

title : Einsatz paralleler Rechner in Proze&szlig;steuerung und Sensorik.
year : 1999
author 0 : Wolfgang G. A. Trier

title : Objektorientierte Modellierung der Dynamik von Mehrk&ouml;rpersystemen mit Hilfe von &Uuml;bertragungselementen.
year : 1993
author 0 : Andr&eacute;s Kecskem&eacute;thy

title : Zur Entwicklung von Unternehmungen im dynamischen Wettbewerb, die Aussagef&auml;higkeit evolution&auml;rer Modelle am Beispiel des Modells von Nelson und Winter.
year : 1983
author 0 : Maria-Angelika Hanne

title : Die Bestimmung der Elektroenergiequalit&auml;t in Elektroenergiesystemen nach einem pr&auml;zisierten Modell im Frequenzbereich.
year : 1990
author 0 : Elke Bauer

title : Ein Strukturmodell zur rechnergest&uuml;tzten Fahrzeugentwicklung.
year : 1989
author 0 : Axel H&auml;nschke

title : Multimodal interactive error recovery for non-conversational speech user interfaces.
year : 1999
author 0 : Bernhard Suhm

title : Aspekte einer Methodologie der Informationsbedarfsermittlung f&uuml;r automatisierte Informationssysteme.
year : 1990
author 0 : G&uuml;nter Bergweiler

title : Datenbankkonzepte f&uuml;r das World Wide Web: eine deduktive objektorientierte Sicht.
year : 1999
author 0 : Rainer Himmer&ouml;der

title : Robustheitsanalyse linearer Systeme mit der Methode der konvexen Zerlegung.
year : 1990
author 0 : Helmut Ossadnik

title : Learning the language of apps.
year : 2020
author 0 : Nataniel Pereira Borges Jr.

title : Interactive Visualization Lenses:: Natural Magic Lens Interaction for Graph Visualization.
year : 2018
author 0 : Ulrike Kister

title : Statistische Modellanalyse und Regressionsanalyse im Hypothesenfindungsprozess: e. Beitr. zur Kritik u. Erweiterung d. konventionellen &ouml;konometr. Forschungsstrategie am Beispiel d. schweizer. Importfunktion.
year : 1982
author 0 : Alex B&ouml;ckli

title : Dimensionsreduzierte Vorverarbeitung f&uuml;r neuronale Netze mit Anwendungen in der Gew&auml;sser&ouml;kologie.
year : 1998
author 0 : Thomas Dapper

title : Eine webbasierte Integrations- und Testplattform zur Unterst&uuml;tzung des verteilten Entwicklungsprozesses von komplexen Serviceroboter-Applikationen.
year : 2014
author 0 : Ulrich Reiser

title : Kostenoptimale Gestaltung spezieller Zuverl&auml;ssigkeitspr&uuml;fungen unter Ausnutzung von Vorkenntnissen.
year : 1983
author 0 : Michael W&auml;chtler

title : Concept and implementation of an efficient communication network for distributed parallel computing.
year : 1997
author 0 : Peter Kohler

title : Admissible representations for continuous computations.
year : 2003
author 0 : Matthias Schr&ouml;der 0001

title : Eine Architektur f&uuml;r Tutor-Systeme.
year : 1994
author 0 : Uwe Dumslaff

title : Towards automatic and reliable localized model order reduction.
year : 2019
author 0 : Andreas Buhr

title : COMVIS: a communication framework for computer vision.
year : 1999
author 0 : Alex Cozzi

title : Methode der virtuellen Punkte zur autonomen bildbasierten Roboterregelung.
year : 1999
author 0 : Thomas Trittin

title : Hybrid Wired-Wireless Communication Networks for Factory Automation.
year : 2020
author 0 : Lisa Underberg

title : Entwurf und Verifikation von Ablaufsteuerungen.
year : 2015
author 0 : Stephan Fischer 0003

title : Qualit&auml;tsgesicherte effiziente Entwicklung vorw&auml;rtsgerichteter k&uuml;nstlicher neuronaler Netze mit &uuml;berwachtem Lernen (QUEEN).
year : 1999
author 0 : Thomas Waschulzik

title : Abstract flexibility description for virtual power plant scheduling.
year : 2017
author 0 : Judith Fr&ouml;hling

title : Finger orientation as an additional input dimension for touchscreens.
year : 2019
author 0 : Sven Mayer

title : Assistenzbasierte Planung der Datenregistrierung f&uuml;r flexible, multisensorische Inspektionssysteme.
year : 2018
author 0 : Marc Gronle

title : Half-quadratic Inference and Learning for Natural Images.
year : 2017
author 0 : Uwe Schmidt 0001

title : Altlasten und Grundwasser: ein Expertensystem zur Einsch&auml;tzung und Bewertung des Gef&auml;hrdungspotentials von Altablagerungen.
year : 1991
author 0 : Gudrun Osterkamp

title : Wirtschaftlichkeitsanalysen von PC-Infrastrukturen als Aufgabe des IS-Controlling.
year : 1996
author 0 : Andreas Schumm

title : Abstraktion in ereignisbasierten Modellen verteilter Systeme.
year : 1995
author 0 : Ruggero Constantini

title : The application of spread spectrum (SS) techniques for improving radar target identification in intelligent systems.
year : 1996
author 0 : Farouk Abdallah Salem

title : Beitrag zur simulativen und experimentellen Untersuchung eines stromwechselrichtergespeisten feldorientiert geregelten Drehstromantriebes mit vollst&auml;ndig digitaler Signalverarbeitung.
year : 1990
author 0 : Falk M&uuml;ller

title : Bestimmung von Gesichtsmerkmalen zur automatischen Gesichtserkennung in der Zugangskontrolle.
year : 1997
author 0 : Thomas Eppler

title : Effiziente Erkennung ostasiatischer Schriftzeichen.
year : 1998
author 0 : Torsten Caesar

title : Machine learning in economics.
year : 2020
author 0 : Martin Kies

title : How well can we predict where people look in images?
year : 2020
author 0 : Matthias K&uuml;mmerer

title : Erkl&auml;rungen im Kontext der Mensch-Computer-Interaktion: ein Konzept zur Integration der Methoden von Hypertext und k&uuml;nstlicher Intelligenz.
year : 1994
author 0 : Fahri Yetim

title : Aufgabengerechte Informationsbereitstellung in Zeiten von Big Data: Konsequenzen f&uuml;r ein Informationsmanagement.
year : 2019
author 0 : Marco Pospiech

title : Latenzzeitkompensation und Auswerter: zwei Aspekte der Implementierung nicht-strikter funktionaler Programmiersprachen auf massiv-parallelen Rechnern.
year : 2000
author 0 : Matthias Horn

title : Automated Reasoning Embedded in Question Answering.
year : 2013
author 0 : Bj&ouml;rn Pelzer

title : Methoden zur Nutzung von A-priori-Wissen und globaler Information f&uuml;r die Objektisolierung.
year : 1991
author 0 : G&uuml;nter Wolf

title : Entwicklung neuer Diagnoseverfahren auf der Basis multivariater Methoden und deren Anwendung in einem Softwareinformationssystem zur Anlagen&uuml;berwachung.
year : 2012
author 0 : Peter Engel

title : A model-based approach for data processing in IoT environments.
year : 2020
author 0 : Ana Cristina Franco da Silva

title : Bringing haptic general-purpose controls to interactive tabletops.
year : 2012
author 0 : Malte Hanno Wei&szlig;

title : Link Mining and Localisation in the Context of Face-to-Face Contact Networks.
year : 2016
author 0 : Christoph Scholz 0001

title : Explorative Entwicklung informationstechnischer Innovationen: Systementw&uuml;rfe von Therapie- und Alltagshilfen f&uuml;r Menschen mit Demenz.
year : 1999
author 0 : Erwin Riederer

title : Entwicklung eines rechnergest&uuml;tzten Systems zur Planung, Lenkung und Kontrolle der Produktion in einem Kombinat mit Leitung &uuml;ber einen Stammbetrieb auf Basis des Arbeitsplatzcomputers A 7100.
year : 1988
author 0 : Werner Weise

title : TURIST: ein oberfl&auml;chenorientiertes System zur 3D-Rekonstruktion.
year : 1992
author 0 : Rainer Steinbrecher

title : Automatisierte Hardware-Software-Partitionierung im Entwurf integrierter Echtzeitsysteme.
year : 1996
author 0 : J&ouml;rg Henkel

title : Verfahren zur Testmustererzeugung f&uuml;r statische CMOS-Schaltnetze.
year : 1989
author 0 : Manfred Sch&auml;fer

title : Konzepte und Techniken zur servicebasierten Visualisierung von geovirtuellen 3D-Umgebungen.
year : 2016
author 0 : Benjamin Hagedorn

title : Entwicklung eines computergest&uuml;tzten Bildanalyseverfahrens zur Differentialdiagnose von Parodontalerkrankungen im Vergleich zu konventionellen Methoden.
year : 1991
author 0 : Hans-J&uuml;rgen Gahlen

title : Kinematische Synthese ebener Koppelgetriebe unter Einbeziehung eines grafischen interaktiven Bildschirmsystems.
year : 1989
author 0 : Christian Steglich

title : Das Parsen von indizierten Sprachen.
year : 1988
author 0 : Martin Willmann-Strodtmann

title : Matrizen- und zustandsraumreduzierende Verfahren zur Leistungsbewertung gro&szlig;er stochastischer Petrinetze.
year : 2002
author 0 : J&ouml;rn Freiheit

title : Multilayer dynamic link networks for establishing image point correspondences and visual object recognition.
year : 1995
author 0 : Rolf P. W&uuml;rtz

title : Entwurf eines universellen Modells zur Beschreibung dezentraler programmierbarer Steuerungssysteme unterschiedlicher physischer Struktur.
year : 1990
author 0 : Ronald Schoop 0001

title : Schwingungsspektroskopische und quantenmechanische Berechnungen organischer Molek&uuml;le unter Einsatz eines Parallelrechners.
year : 1995
author 0 : Frank Hermann Walter

title : Interactive approaches to video lecture assessment.
year : 2012
author 0 : Korbinian Thomas Riedhammer

title : Eine Methodenkette zur integrierten Software-Entwicklung: von der Problemstellung zum Programmsystem mit Petrinetzen.
year : 1990
author 0 : Kamran Rastgooy Damavandi

title : Gestaltungsempfehlungen f&uuml;r mehrbenutzerf&auml;hige Informationsanwendungen auf interaktiven Wandbildschirmen im (halb-)&ouml;ffentlichen Raum.
year : 2018
author 0 : Andrea Nutsi

title : Beitrag zur Gestaltung st&ouml;rsicherer Mikroprozessrechner als Teil der Fehlertoleranz unter dem Aspekt der Schiffsautomatisierung.
year : 1988
author 0 : Egbert Freiberg

title : FPGA implementation of a decimal floating-point co-processor with accurate scalar product unit.
year : 2012
author 0 : Malte Baesler

title : Indirect code generation for VLIW architectures and a hardware optimization algorithm.
year : 2012
author 0 : Xiaoyan Jia

title : Seamless interoperability and data portability in the social web for facilitating an open and heterogeneous online social network federation.
year : 2018
author 0 : Sebastian G&ouml;nd&ouml;r

title : Integration von bestehendem Sicherheitswissen in einen Software-Entwicklungsprozess.
year : 2014
author 0 : Aleksander Dikanski

title : Digitale Editionsformen. Zum Umgang mit der &Uuml;berlieferung unter den Bedingungen des Medienwandels.
year : 2013
author 0 : Patrick Sahle

title : Logisches Schliessen bei Unsicherheit: Inferenzen in einer probabilistischen Wissensbasis bei induktiv und deduktiv erlernten Informationen.
year : 1994
author 0 : Heinz Peter Reidmacher

title : Ein verallgemeinertes station&auml;res Entscheidungsmodell der dynamischen Optimierung: ein einheitlicher Zugang zu Gl&uuml;cksspielmodellen und Semi-Markoffschen Entscheidungsmodellen.
year : 1991
author 0 : Winfried Stienen

title : Towards On-The-Fly Image Processing.
year : 2016
author 0 : Alexander Jungmann

title : Modulare Software-Architektur f&uuml;r Mehrwertanwendungen der deutschen Gesundheitstelematik.
year : 2013
author 0 : Sebastian D&uuml;nnebeil

title : Secure Distributed Information Management Based on Semantic Web Technologies.
year : 2021
author 0 : Falko Sch&ouml;nteich

title : The mechanical parallelization of loop nests containing while loops.
year : 1997
author 0 : Martin Griebl

title : Neuronale Attraktornetzwerke zur assoziativen Speicherung eines hohen Informationsgehaltes bei r&auml;umlichen Korrelationen.
year : 1997
author 0 : Mathias Schl&uuml;ter

title : Fine-Scaled 3D Geometry Recovery from Single RGB Images.
year : 2018
author 0 : Jun Li 0042

title : Hardware architectures for real-time video processing and view synthesis.
year : 2013
author 0 : Pierre Greisen

title : Tailoring individual algorithms for on-line problems = Zuschneiden von individuellen Algorithmen auf on-line Probleme.
year : 2020
author 0 : Sebastian Sch&ouml;nitz

title : On the importance of time synchronization for context aware applications.
year : 2012
author 0 : Bernd Niklas Klein

title : Leistungsbewertung von Medienzugangsprotokollen f&uuml;r lokale Hochgeschwindigkeitsnetze.
year : 1988
author 0 : Peter Martini

title : Ein Verfahren zum Nachweis des anforderungsgem&auml;ssen Zeitverhaltens von Rechnersystemen mit Sicherheitsverantwortung.
year : 1996
author 0 : G&uuml;nter Gl&ouml;e

title : Cloud Computing: strafrechtlicher Schutz privater und gesch&auml;ftlicher Nutzerdaten vor Innent&auml;ter-Angriffen de lege lata und de lege ferenda.
year : 2020
author 0 : Daniel M&uuml;ller 0005

title : Zur Etablierung der privaten Computerhandhabung: eine Grundlagenstudie am Fall der Computerbenutzung Jugendlicher.
year : 1996
author 0 : Frank Ohlhaver

title : Fault injection framework for time-triggered systems.
year : 2020
author 0 : Daniel Onwuchekwa

title : Video visual analytics.
year : 2013
author 0 : Markus H&ouml;ferlin

title : Communication-less Strategies for Widening.
year : 2019
author 0 : Violeta N. Ivanova-Rohling

title : Untersuchung des Zusammenhangs zwischen der Last auf physikalischer Schicht und Protokollen der OSI-Ebenen 5-7 in Abh&auml;ngigkeit verschiedener Benutzeranwendungen und Erstellung eines Generators zur Erzeugung von Lasten.
year : 1996
author 0 : Rolf Kozlowski

title : Efficient Algorithms for Large-Scale Correspondence Problems in Computer Vision.
year : 2019
author 0 : Frank Steinbr&uuml;cker

title : Automated methods for audio-based music analysis with applications to musicology.
year : 2012
author 0 : Verena Konz

title : Mathematische Modellierung elektrothermischer und elektrochemischer Prozesse.
year : 1985
author 0 : Martin Schleiff

title : Ein Beitrag zu Implementierung von Signalverarbeitungsalgorithmen in Messcomputern.
year : 1988
author 0 : Bernd Schneegast

title : Ausgew&auml;hlte skelettszintigraphische Befunde: Kasuistik, Deskription, Diskussion ; eine Grundlage f&uuml;r die Entwicklung wissensbasierter Systeme in der Nuklearmedizin.
year : 1995
author 0 : Helga Runte

title : Geometrisches Modellieren durch interaktive Rekonstruktionsmethoden.
year : 1991
author 0 : Wolfgang Leister

title : An image processing based patient-specific optimal catheter selection.
year : 2013
author 0 : Sami ur Rahman

title : Unscharfe Suche f&uuml;r Terme geringer Frequenz in einem gro&szlig;en Korpus.
year : 2010
author 0 : Karl Gerhards

title : Multi-criteria cooperation in multiagent systems by local adaptation.
year : 2011
author 0 : Markus Eberling

title : Texture synthesis and style transfer using perceptual image representations from convolutional neural networks.
year : 2017
author 0 : Leon A. Gatys

title : Affective analysis of videos: detecting emotional content in real-life scenarios.
year : 2017
author 0 : Esra Celik

title : Evolution und Kooperation - Mensch und intelligenter Automat: (Analysen u. Hypothesen).
year : 1986
author 0 : Michael Roth 0005

title : Operationalisierung der &ouml;kologiebezogenen Berichterstattung aus Sicht des Informationsmanagements: Konzeption eines Vorgehensmodells zur formalisierten Explikation logischer Dokumenttypmodelle im Rahmen der Umweltkommunikation von Unternehmen.
year : 1997
author 0 : Thomas Schraml

title : Herleitung und Anwendung eines neuen robusten rekursiven on line Maximum Likelihood Sch&auml;tzverfahren mit Gewichtung.
year : 1991
author 0 : Ernst Stangneth

title : Kommunikationskonzept f&uuml;r selbststeuernde Fahrzeugkollektive in der Intralogistik.
year : 2013
author 0 : Peter Tenerowicz-Wirth

title : Feststellung von Normwerten der Ohrmuscheln Mitteleurop&auml;er mittels kephalometrischer computergest&uuml;tzter Messverfahren.
year : 1991
author 0 : Lars Kaesemann

title : An Approach for Guiding Developers to Performance and Scalability Solutions.
year : 2015
author 0 : Christoph Heger

title : Rechtsschutz f&uuml;r DV-Programme: d. immaterialg&uuml;terrechtl. Zuordnung d. Programme f&uuml;r elektron. Datenverarbeitungsanlagen.
year : 1986
author 0 : Gerd Bornm&uuml;ller

title : Location-Based Services from a User's Perspective : a Balanced Examination of Benefits and Risks.
year : 2016
author 0 : Stephanie Ryschka

title : Strukturen f&uuml;r ein integratives Logistik-Management-Informations-System (ILMIS) als Instrument des Logistik-Controlling.
year : 1994
author 0 : Klaus Dieter Lorenzen

title : Inter- und Intratransaktionsparallelit&auml;t in Datenbanksystemen: Entwurf, Implementierung und Evaluation eines Datenbanksystems mit Inter- und Intratransaktionsparallelit&auml;t.
year : 1995
author 0 : Christoph Hasse

title : Sequenzen und Arrays mit guten aperiodischen und periodischen Autokorrelationsfunktionen.
year : 1991
author 0 : Leopold B&ouml;mer

title : Analyse und Erweiterung des un&uuml;berwacht lernenden neuronalen Klassifikators CLAN und Anwendung in der Bilderkennung.
year : 1998
author 0 : Elmar Seidenberg

title : Prozessorientiertes Produktqualit&auml;tsmonitoring f&uuml;r die Entwicklung elektronischer Systeme.
year : 2012
author 0 : Stefan H&auml;usler

title : Zeitkompliziertheiten von Berechnungsproblemen der digitalen Bildverarbeitung, Vergleiche zwischen sequentieller und paralleler Datenverarbeitung.
year : 1982
author 0 : Reinhard Klette

title : Modellbildung und Regelung eines Synchrongenerators mit supraleitender Erregerwicklung.
year : 1987
author 0 : Hubert Bischof

title : Erzeugung und Erkennung digitaler Objekte in Gitterpunktr&auml;umen.
year : 1987
author 0 : Peter W. Sauer

title : Differential Equation Based Framework for Deep Reinforcement Learning.
year : 2021
author 0 : Simon Gottschalk 0002

title : Der Einsatz einer h&ouml;heren Programmiersprache f&uuml;r ein Multiprozessorsystem.
year : 1986
author 0 : Arnold Beck
author 1 : Detlef Lobenstein

title : Switched-Capacitor Realisierung von Estimations-Algorithmen f&uuml;r adaptive Filter und MFSK Empf&auml;nger.
year : 1991
author 0 : Ulrich Menzi

title : Hierarchische Petrinetze: Beitr&auml;ge zur Theorie und formale Basis f&uuml;r zugeh&ouml;rige Werkzeuge.
year : 1992
author 0 : Rainer Fehling

title : Scheduling jobs in shops with multi-purpose machines.
year : 1992
author 0 : Bernd Jurisch

title : Zur Messgr&ouml;ssenverarbeitung unter dem Gesichtspunkt der optimalen &Uuml;bertragung von Information.
year : 1982
author 0 : Sebastian Engell

title : Analyse der Ressourceneffizienz leitungsgebundener Kommunikation in Multiprozessorsystemen.
year : 2013
author 0 : Manuel Strugholtz

title : Probleml&ouml;sen an Fallstudien aus dem Wirtschafts- und sozialen Bereich der Landwirtschaft.
year : 1980
author 0 : Peter Franck

title : Votierungsverfahren als Teil der Fehlertoleranz in verteilten PDV-Systemen.
year : 1986
author 0 : Georg Pauthner

title : Online optimization in the random-order model.
year : 2014
author 0 : Klaus Radke

title : Ein wissensbasierter Ansatz zur Konfigurierung rechnergest&uuml;tzter Messsysteme.
year : 1991
author 0 : Carsten Rudolph

title : Entwicklung eines Programms zur computergest&uuml;tzten Vermessung von Wirbels&auml;ulen-R&ouml;ntgenaufnahmen und Errechnung von metrischen Kenngr&ouml;ssen eines Normkollektives.
year : 1990
author 0 : Hans-Peter Lallinger

title : Methods for efficient resource utilization in statistical machine learning algorithms.
year : 2018
author 0 : Helena Kotthaus

title : Entwicklung und Aufbau eines Prozessors zur Durchf&uuml;hrung der schnellen Fourier-Transformation (FFT).
year : 1990
author 0 : Wolfgang Dinter

title : Erweiterung von Prolog um mengentheoretische Konstrukte und deren effiziente Implementierung.
year : 1993
author 0 : Sabine Schumann

title : Proze&szlig;studien zur Wassermassenbildung und -ausbreitung in numerischen Modellen des subpolaren Nordatlantik.
year : 1997
author 0 : Ren&eacute;-Andreas Redler

title : Portefeuille-Management unter Verwendung von Wertpapier-Informations-Systemen.
year : 1989
author 0 : Michael E. Vogel

title : Psychologische Pr&auml;diktoren der Brain-Computer Interface Steuerung.
year : 2018
author 0 : Eva M. Hammer

title : SILP: scheduling and allocating with integer linear programming.
year : 1996
author 0 : Li Zhang 0036

title : Informationsvorsorge im Recht: die informations- und verfassungsrechtliche Problematik juristischer Informationssysteme.
year : 1991
author 0 : Holger G&uuml;nter Wolfgang Conrad

title : 3D exemplar-based image inpainting in electron microscopy.
year : 2019
author 0 : Patrick Trampert

title : Linked Enterprise Data als semantischer, integrierter Informationsraum f&uuml;r die industrielle Datenhaltung.
year : 2018
author 0 : Markus Graube

title : Zur Gestaltung der Benutzerschnittstelle von Softwaresystemen f&uuml;r automatisierte Informationssysteme.
year : 1988
author 0 : Klaus M&uuml;ller 0002

title : A mobile data management architecture for interoperability of resource and context data.
year : 2013
author 0 : Andreas Markus Brodt

title : Wrist-Worn Light-Based Smart Digital Jewellery.
year : 2017
author 0 : Jutta Fortmann

title : Beitrag zum Einsatz von Mikrocomputern in St&uuml;ckgutf&ouml;rder- und -lagersystemen.
year : 1981
author 0 : Wilhelm Caninenberg

title : Grafische Oberfl&auml;che f&uuml;r IATROS: eine Untersuchung zur Abbildbarkeit einer befehlsgesteuerten Benutzerschnittstelle.
year : 1995
author 0 : Christian-Alexander Reinhard Reck

title : Software-Sales-Management: Effizienzverbesserung des Absatzbereichs von IT-Unternehmen.
year : 1996
author 0 : Bettina Horster

title : Wertorientiertes Controlling von Service-orientierten Informationssystemen: Erfolgsfaktoren flexibler IT-Applikationen.
year : 2016
author 0 : Florian Werner 0001

title : Videobasierte Geb&auml;rdenspracherkennung mit Hidden-Markov-Modellen.
year : 1999
author 0 : Kirsti Grobel

title : Using Petri nets to parallelize algebraic algorithms.
year : 2019
author 0 : Lukas Ristau

title : Remeshing-Algorithmen f&uuml;r dreidimensionale Finite-Element-Simulationen von Umformprozessen.
year : 1993
author 0 : Robert Schneiders

title : Design and evaluation of an architecture for creativity support systems: supporting creative processes in organizations and groups.
year : 2013
author 0 : Matthias Voigt

title : Applications of textile based capacitive ECG recordings.
year : 2012
author 0 : Bhavin Chamadiya

title : Learning with relational knowledge in the context of cognition, quantum computing, and causality.
year : 2020
author 0 : Yunpu Ma

title : A Neural-Symbolic Framework for Mental Simulation.
year : 2020
author 0 : Michael Kissner

title : Enabling Sensing-based Opportunistic Spectrum Re-usage with Secondary QoS Support.
year : 2011
author 0 : Daniel Willkomm

title : Ein algebraischer Kalk&uuml;l f&uuml;r einen strukturierten Entwurf von Datenabstraktionen.
year : 1982
author 0 : Udo W. Lipeck

title : Synthese und praktische Realisation von Systemen und Algorithmen f&uuml;r digitale Signalverarbeitung.
year : 1985
author 0 : Jan V. Zeman

title : Kosteng&uuml;nstigste zuverl&auml;ssige Inspektionsstrategien zur Abwehr kombinierter illegaler Aktivit&auml;ten.
year : 1990
author 0 : Karl-Anton Hiller

title : &Uuml;berwacht lernendes Bildauswertungssystem zur Erkennung von Oberfl&auml;chenfehlern.
year : 1990
author 0 : Bertram Nickolay

title : Dynamic meaning and accommodation.
year : 1999
author 0 : Susanna Kuschert

title : Constrained Graph Drawing.
year : 2012
author 0 : Barbara Pampel

title : Guaranteed Verification of Dynamic Systems.
year : 2019
author 0 : Stefan Schwab

title : Integration analytischer Kontrollmethoden zur Performanzverbesserung von Causal Link Planern.
year : 1996
author 0 : Reinhard Praeger

title : Verifikation abstrakter Zustandsmaschinen.
year : 1999
author 0 : Gerhard Schellhorn

title : Parameterschaetzung in impliziten Modellen der chemischen Reaktionskinetik.
year : 1982
author 0 : Wolfgang Schellong

title : Ein Beitrag zum Entwurf fehlertoleranter Parallelprozessorsysteme.
year : 1983
author 0 : Harald Greiner

title : Eine global konvergente Methode zur L&ouml;sung von Problemen aus der Strukturoptimierung.
year : 1992
author 0 : Christian Zillober

title : Entwicklung einer Spezifikationssprache zur modellbasierten Generierung von Security-/Safety-Monitoren zur Absicherung von (eingebetteten) Systemen.
year : 2014
author 0 : Sven Patzina

title : &Uuml;ber Methoden zur Anwendung verteilter Rechnersysteme bei begrenzter &Uuml;bertragungskapazit&auml;t.
year : 1989
author 0 : Bernd G&ouml;de

title : Estimation of motion in consecutive images.
year : 1999
author 0 : Verena Marianne Gelpke

title : Untersuchungen zur Steuerung von Regalf&ouml;rderzeugen durch Bildverarbeitung.
year : 1991
author 0 : Andreas H&uuml;ser

title : Effiziente Rechenverfahren f&uuml;r umfangreiche geod&auml;tische Parametersch&auml;tzungen.
year : 1987
author 0 : Ulrich Grepel

title : Algorithm Selection in Auction-based Allocation of Cloud Computing Resources.
year : 2019
author 0 : Diana Gudu

title : Ein Beitrag zur Beschreibung von Sprachsegmenten.
year : 1974
author 0 : Jochen Linnemann
author 1 : J&uuml;rgen Thaler

title : Planning with knowledge about types and goal orderings.
year : 2001
author 0 : Frank Weberskirch

title : Probabilistic protein homology modeling.
year : 2014
author 0 : Armin Meier

title : Language Extensibility and Configurability to Support Stencil Code Development.
year : 2020
author 0 : Nabeeh Jum'ah

title : Controlling mittelst&auml;ndischer Unternehmen unter besonderer Ber&uuml;cksichtigung ausgew&auml;hlter Entwicklungsaspekte des Datenverarbeitungsbereichs.
year : 1985
author 0 : Kay Nowak

title : Entwurf und Implementierung eines Compilers zur Generierung von Extraktionsprogrammen f&uuml;r digitale Nachrichten&uuml;bertragungsverfahren.
year : 1994
author 0 : Tania Maria Marquordt

title : Maschinelle Phonem-Graphem-Umsetzung f&uuml;r unbegrenzten deutschen Wortschatz.
year : 1989
author 0 : Ute Jekosch

title : Numerical treatment of localized fields in rigorous diffraction theory and its application to light absorption in structured layers.
year : 2016
author 0 : Maximilian Auer

title : Basis, Steuerung und kooperierende Zustandsgraphen.
year : 1990
author 0 : Uwe Doetzkies

title : Entwicklung einer auslastungsabh&auml;ngigen Energieeffzienzmetrik f&uuml;r Rechenzentren.
year : 2016
author 0 : Daniel Schlitt

title : Algorithmen in der Justiz: Rechtsfragen zum Einsatz von Legal Tech im Zivilprozess.
year : 2020
author 0 : Christoph Rollberg

title : Dynamischer Datenfluss und Kontrollfluss in der Softwaresynthese f&uuml;r digitale Kommunikationssysteme.
year : 1994
author 0 : Matthias Pankert

title : New Approaches on Octilinear Graph Drawing.
year : 2015
author 0 : Robert Krug 0001

title : Mehrdimensionale Skalierung aus inferenzstatistischer und anwendungsorientierter Sicht.
year : 1982
author 0 : Eveline von G&auml;ssler

title : CAD-Systeme zur Projektierung flexibler Fertigungen als Bestandteil rechnerintegrierter Informationsflussl&ouml;sungen f&uuml;r automatisierte Betriebe.
year : 1986
author 0 : Christian-Andreas Schumann

title : Der Missbrauch von Codekarten aus strafrechtlicher Sicht.
year : 1991
author 0 : Beat Schmidli

title : Mangelnde Normenklarheit im Datenschutz-Strafrecht: e. empir. Untersuchung der Datenschutz-Kriminalit&auml;t mit reformpolitischen Schlussfolgerungen und Vorschl&auml;gen.
year : 1984
author 0 : Armin Herb

title : Expertensystemgest&uuml;tzte Diagnose massiv paralleler Rechner.
year : 1993
author 0 : Lutz Eichler

title : Mobile gait analysis: from prototype towards clinical grade wearable.
year : 2019
author 0 : Julius Hannink

title : Analysis and Optimization of the Offline Software of the ATLAS Experiment at CERN.
year : 2017
author 0 : Robert Langenberg

title : Auswertung und Typpr&uuml;fung von Logikprogrammen &uuml;ber Objekthierarchien.
year : 1996
author 0 : Beate Marx

title : Ziele und Inhalte f&uuml;r die Bef&auml;higung der Sch&uuml;ler der Klassen 9 und 10 auf dem Gebiet der Informatik insbesondere zur Weiterentwicklung des fakultativen Kurses "Informationsverarbeitung-Prozessautomatisierung" der Klassen 9 und 10 aus der Sicht neuer p&auml;dagogischer Erkenntnisse bei der Anwendung spezieller Softwaresysteme.
year : 1990
author 0 : J&uuml;rgen Migdalek

title : Ein Beitrag zur Modellierung grosser Systeme und interaktiver entscheidungsunterst&uuml;tzender Systeme mit Anwendung in der bautechnologischen Versorgung.
year : 1985
author 0 : Dieter Ehrenberg

title : Timing Sensitive Dependency Analysis and its Application to Software Security.
year : 2020
author 0 : Martin Hecker 0001

title : Deterministische Ablaufplanung in homogenen Mehrprozessorsystemen.
year : 1980
author 0 : Manfred Kunde

title : Grundlagen einer rechnergest&uuml;tzten DV-Projektierung in der Phase Anforderungsanalyse und Spezifikation mit Hilfe einer Modell- und Methodenbank.
year : 1981
author 0 : Lutz Weickert

title : Unendliche Reduktionssysteme.
year : 1983
author 0 : Susanne Kemmerich

title : Entwurf anwendungsspezifischer integrierter Schaltungen f&uuml;r den Einsatz in der Mechatronik.
year : 1995
author 0 : Peter Windirsch

title : A secure open in-vehicle platform.
year : 2018
author 0 : Jan Holle

title : Steuerbarkeit behaviororientierter Systeme.
year : 1997
author 0 : Steffen F&ouml;rster

title : Weltweite Unterst&uuml;tzung des lokalen Notrufs durch die &Uuml;bermittlung von Positionsdaten bei der Benutzung von Smartphones.
year : 2018
author 0 : Peter Hans-J&ouml;rg Kurz

title : Flexible Kommunikation in effizient entwickelten adaptiven vernetzten Dienste- und Ger&auml;tesystemen.
year : 2016
author 0 : Oliver Dohndorf

title : Methode zur systematischen Entwicklung von fachspezifischer Software f&uuml;r rechnerunterst&uuml;tzte Projektierungssysteme am Beispiel von Elektroenergieanlagen.
year : 1985
author 0 : Reinhard Kutscher

title : Automatisierte Verweilzeituntersuchungen: ein Beitrag zur Automatisierung verfahrenstechnischer Experimente.
year : 1988
author 0 : G&uuml;nter Kettner

title : &Ouml;konomisch-mathematische Modellierung und Algorithmierung grosser Optimierungsprobleme der Wirtschaftspraxis und M&ouml;glichkeiten ihrer effektiven rechentechnischen Realisierung.
year : 1984
author 0 : Rolf Rogge

title : Modeling and optimizing content-based publish, subscribe systems.
year : 2012
author 0 : Arnd Schr&ouml;ter

title : Ein hardware-unterst&uuml;tzter LISP-Interpreter.
year : 1985
author 0 : Werner Eicher

title : Similarity Search Algorithms over Top-k Rankings and Class-Constrained Objects.
year : 2019
author 0 : Evica Milchevski

title : Einheitliche Auswertung krustenseismischer Daten in Westeuropa: Darst. von Krustenparametern u. Laufzeitanomalien.
year : 1984
author 0 : Mohammed Mehdi Mostaanpour

title : Optimierung des vertikalen turbulenten Diffusionskoeffizienten in der Stratosph&auml;re f&uuml;r 1-dimensionale Modelle atmosph&auml;rischer Photochemie.
year : 1982
author 0 : Therese Jan&szlig;en-Schmidt

title : Grundlagen des Aufbaus und Erfahrungen bei der Anwendung wissensbasierter Diagnosesysteme f&uuml;r flexible Fertigungszellen.
year : 1990
author 0 : Sylvia Springer

title : A multi-resolution based framework for the analysis of line drawing images.
year : 1999
author 0 : Christiane Kl&ouml;ditz

title : Gestaltung und Dokumentation organisationsanalytischer Untersuchungen zur Erarbeitung rechnergest&uuml;tzter Organisationsl&ouml;sungen in betrieblichen Leitungsprozessen.
year : 1988
author 0 : Astrid Gottschalk

title : Automatisches Erkennen des Konzeptionsoptimums bei Milchk&uuml;hen mit Hilfe rechnergest&uuml;tzter Systeme zur Herden&uuml;berwachung: Arbeit aus d. Inst. f&uuml;r Betriebstechnik d. Bundesforschungsanst. f&uuml;r Landwirtschaft Braunschweig-V&ouml;lkenrode (FAL) u.d. Inst. f&uuml;r Tierzucht u. Tierverhalten d. Christian-Albrechts-Univ. zu Kiel.
year : 1987
author 0 : Hermann Roth

title : The goal-oriented business intelligence architectures method: a process-based approach to combine traditional and novel analytical technologies.
year : 2020
author 0 : David Fekete

title : Orientierung durch Suchmaschinen: ein dynamisch-transaktional gedachtes Modell.
year : 2019
author 0 : Bj&ouml;rn Br&uuml;ckerhoff

title : Coalgebraische Methoden f&uuml;r objektorientierte Spezifikation.
year : 2002
author 0 : Hendrik Tews

title : Testbarkeit kombinatorischer Schaltungen: Theorie und Entwurf.
year : 1989
author 0 : Trung-Qu&ocirc;c L&ecirc;

title : Interpolation-Assisted Evolutionary Rule-Based Machine Learning - Strategies to Counter Knowledge Gaps in XCS-Based Self-Learning Adaptive Systems.
year : 2019
author 0 : Anthony Stein

title : Self-service business intelligence essays on the preparation and usage of information resources.
year : 2015
author 0 : Michael Schulz 0003

title : Pedestrian Mobility Mining with Movement Patterns.
year : 2013
author 0 : Thomas Liebig

title : ALLOC - ein wissensbasierter Ansatz zur L&ouml;sung des Allokationsproblems von Tasks in verteilten Realzeitsystemen.
year : 1989
author 0 : Gerhard Hergenr&ouml;der

title : Bernstein-B&eacute;zier representations for facial surgery simulation.
year : 2002
author 0 : Samuel Hans Martin Roth

title : Wachsende mehrdimensionale selbstorganisierende Karten zur Analyse bewegter Szenen.
year : 1998
author 0 : Udo Seiffert

title : Neural and behavioral interactions in the processing of speech and speaker information.
year : 2015
author 0 : Jens Kreitewolf

title : Partizipation, Mitbestimmung, demokratische Technikentwicklung: Ansatzpunkte zur sozialen Gestaltung von Arbeit und Technik durch beteiligungsorientierte Systementwicklung.
year : 1992
author 0 : Walter Wicke

title : Entscheidungsunterst&uuml;tzung in elektronischen Verhandlungen: eine Analyse unter besonderer Ber&uuml;cksichtigung von unvollst&auml;ndigen Informationen.
year : 2013
author 0 : Andreas Reiser

title : Rechnerunterst&uuml;tzte Erstellung von Baugruppenzeichnungen.
year : 1983
author 0 : Hans Schmeink

title : Einsatz wissensbasierter Systeme in der Strukturoptimierung dargestellt am Beispiel der Fachwerkoptimierung.
year : 1991
author 0 : Karlheinz Lehner

title : Shape analysis for algorithm animation: strengths and weaknesses.
year : 2011
author 0 : Sascha A. Parduhn

title : Computerschriftzeichenschutz: der Schutz typographischer Schriftzeichen - insbesondere Computerschriften - durch das Schriftzeichengesetz und andere Vorschriften.
year : 1995
author 0 : Susanne Brinkhoff

title : Logarithmisch platzbeschr&auml;nkte Simulationen.
year : 1989
author 0 : Gerhard Buntrock

title : Eine hierarchische Modellierungs- und Simulationsmethodik zur Bewertung partiell-fehlertoleranter Systeme.
year : 1991
author 0 : Dietmar Nenwig

title : Entwurf datendurchsatzoptimierter Hardware-Architekturen morphologischer Bildverarbeitungsoperationen.
year : 2013
author 0 : Markus Holzer 0004

title : Ein allgemeiner Ansatz zum Nachweis der &Auml;quivalenz von denotationaler und operationaler Semantik bei Programmiersprachen.
year : 1982
author 0 : Werner Stephan 0001

title : The role of plans and planning in the development of computer programming expertise: a situated action view.
year : 1997
author 0 : Lai-Chong Law

title : Generating Insights in Social Choice Theory via Computer-aided Methods.
year : 2016
author 0 : Christian Geist

title : Grundlagen zur rechnergest&uuml;tzten Erarbeitung von Arbeitsgangfolgen f&uuml;r rotationssymmetrische Teile.
year : 1982
author 0 : Holger Meier

title : Entwurf und Implementierung mehrdimensionaler Zugriffsstrukturen.
year : 1989
author 0 : Bernhard Seeger

title : Ein integriertes Mustererkennungssystem zur Interpretation hochaufl&ouml;sender Thorax-Elektrokardiogramme.
year : 1993
author 0 : Ludger Franz Vogt

title : Ein Beitrag zur Vereinfachung von linearen Zustandsraummodellen durch Modellzerlegung.
year : 1982
author 0 : Werner Domschke

title : Agent-based provision of system services.
year : 2019
author 0 : Przemyslaw Trojan

title : Ein schnelles Verfahren zur 3D-Darstellung medizinischer Objekte.
year : 1989
author 0 : Liliane Peters

title : Untersuchungen zum Aufbau eines territorialen Systems von Datenspeichern und Datenbanken, dargestellt am Beispiel des Bezirkes Rostock.
year : 1982
author 0 : Wolfgang Pieper

title : Kaleidoscopic imaging.
year : 2014
author 0 : Ilya Reshetouski

title : Fault-tolerant clock synchronization in distributed systems with low topological requirements.
year : 2019
author 0 : Zoha Moztarzadeh

title : Wirtschaftlichkeitsanalyse elektronischer Bankvertriebswege: ein szenariogest&uuml;tztes Vorgehensmodell zur Unterst&uuml;tzung strategischer Investitionsentscheidungen.
year : 1997
author 0 : Gerald W&ouml;rner

title : Auswahl und Integration von Systemkomponenten der Daten-, B&uuml;ro- und Kommunikationstechnik, Entwicklung einer &uuml;bergreifenden Methodik unter besonderer Ber&uuml;cksichtigung des Systemeinsatzes im Vertriebsbereich.
year : 1987
author 0 : Alfred Schmidt

title : Modellentwicklungen zur Vorhersage des Umweltverhaltens organischer Verbindungen auf der Basis computergest&uuml;tzter Struktur/Eigenschafts-Transformationen.
year : 1988
author 0 : Axel Drefahl

title : Generative programming - principles and techniques of software engineering based on automated configuration and fragment-based component models.
year : 1999
author 0 : Krzysztof Czarnecki

title : Vorbereitende Untersuchungen zur EDV-gest&uuml;tzten Befunderhebung an Panorex-Aufnahmen.
year : 1984
author 0 : Dieter Drescher

title : Echtzeitsimulation zur Prozessf&uuml;hrung komplexer Systeme: Entwurf u. Realisierung e. Systems zur interaktiven graph. Modellierung u. zur modularen/verteilten Echtzeitsimulation verkoppelter dynam. Systeme.
year : 1988
author 0 : Hubert B. Keller

title : Informationsfreiheit und Urheberrecht - Pressedatenbanken im Internet.
year : 2003
author 0 : Michael Niggemann

title : Efficient Programming Model for OpenMP on Cluster-Based Many-Core System.
year : 2015
author 0 : Hayder Al-Khalissi

title : Informationssuche und Informationsaufnahme im privaten Haushalt bei der Anwendung von Textkommunikationsmedien: wichtige Einflussfaktoren f&uuml;r die private Anwendung von Kommunikationsformen wie Bildschirmtext und Videotext und daraus abgeleitet &Uuml;berlegungen zur Akzeptanz dieser Systeme.
year : 1985
author 0 : Stefan Jedele

title : Ein kooperatives Transaktionskonzept f&uuml;r CAD-Datenbanken.
year : 2000
author 0 : Oliver Eck

title : Aufwand- und Nutzen-Bewertung einer rechnergef&uuml;hrten St&ouml;rungsbeseitigung in Mittelspannungsnetzen.
year : 2003
author 0 : Stefan Rolauffs

title : Handwriting Analysis with Focus on Writer Identification and Writer Retrieval.
year : 2019
author 0 : Vincent Christlein

title : Hybride Simulation instation&auml;rer Gerinneabfl&uuml;sse unter besonderer Ber&uuml;cksichtigung sielzugbeeinflusster Abflussvorg&auml;nge.
year : 1977
author 0 : Patrik Huber 0002

title : Tracking von Menschen und menschlichen Zust&auml;nden.
year : 2020
author 0 : Patrick Dunau

title : Datenbearbeitung und 3D-Modellierung des Schwerefeldes am Beispiel des Salzstocks Geesthacht-Hohenhorn.
year : 2014
author 0 : Kerstin Altenbrunn

title : On the control through leadership multi-agent systems.
year : 2015
author 0 : Suttida Wongkaew

title : Scalable Realtime Rendering and Interaction with Digital Surface Models of Landscapes and Cities.
year : 2016
author 0 : Roland Wahl

title : Eine Architektur f&uuml;r Programmsynthese aus nat&uuml;rlicher Sprache.
year : 2016
author 0 : Mathias Landh&auml;u&szlig;er

title : Prior-Knowledge Addition to Spatial and Temporal Classification Models with Demonstration on Hand Shape and Gesture Classification.
year : 2020
author 0 : Aditya Tewari

title : Data Provenance and Destiny in Distributed Environments.
year : 2012
author 0 : Christoph Ringelstein

title : Darstellung des algebraischen Abschlusses endlicher K&ouml;rper und spur-kompatible Polynomfolgen.
year : 1993
author 0 : Alfred Scheerhorn

title : Objektorientiertes Qualit&auml;tsinformationssystem: Referenzmodell und Realisierungsans&auml;tze.
year : 1999
author 0 : Wolfgang Hoffmann 0002

title : Wissensmanagement im Lebenszyklus von ERP-Systemen: explorative Untersuchung und Entwicklung eines Gestaltungskonzeptes f&uuml;r SAP R/3-Projekte.
year : 2003
author 0 : Mark Wahl

title : Maximum entropy models in the analysis of genome-wide data in cancer research.
year : 2015
author 0 : Hai-Chau Nguyen

title : Rationalisierung der Probleml&ouml;sung und Wissenschaftsprognose durch Anwendung thesaurusartiger graphischer Hilfsmittel.
year : 1980
author 0 : Gerd Bauer 0001

title : Schuldnerberatung: von der traditionellen Sozialarbeit zur computergest&uuml;tzten Dienstleistung f&uuml;r den privaten Haushalt.
year : 1994
author 0 : G&uuml;nter Wohlers

title : Adapting and Recommending Content and Expertise in Highly Collaborative Web Portals.
year : 2012
author 0 : Andreas Nauerz

title : Ein Framework zur Berechnung der Hermite-Normalform von gro&szlig;en, d&uuml;nnbesetzten, ganzzahligen Matrizen.
year : 2001
author 0 : Patrick Theobald

title : A network processor architecture for high speed carrier grade ethernet networks.
year : 2013
author 0 : Kimon Karras

title : Methoden der Informationsverarbeitung f&uuml;r die industrielle Qualit&auml;tskontrolle: Einsatz und Vergleich am Beispiel der L&ouml;tstelleninspektion.
year : 1994
author 0 : Werner P&ouml;chm&uuml;ller

title : An efficient runtime system combining dataflow, multithreading, and distributed shared memory.
year : 1999
author 0 : Markus Leberecht

title : Spectral voice conversion based on locally linear transformation rules for vocal tract characteristics.
year : 2002
author 0 : Masoud Geravanchizadeh

title : Biomarkers from advanced medical image analysis.
year : 2019
author 0 : Dominik Blum

title : Methodologies for Distributed Acquisition and Collection of Electrical Energy Data.
year : 2019
author 0 : Thomas Kriechbaumer

title : Formal methods for probabilistic energy models.
year : 2018
author 0 : Marcus Daum

title : Eine linguistische Theorie der Robustheit.
year : 1991
author 0 : Sebastian Goeser

title : Maple: a Modula-2 file server for the Lilith computing environment.
year : 1985
author 0 : Farrell Ostler

title : Data Science for Neuroscience: The Brain as Inspiration, Model and Data Source.
year : 2014
author 0 : Christopher John H&auml;usler

title : Die Rolle der computergest&uuml;tzten automatischen Knochenerkennung und virtuellen Knochenentfaltung in der Diagnostik von Brustkorbfrakturen bei polytraumatisierten Patienten.
year : 2019
author 0 : Sebastian Maximilian Steer

title : Einsatz wissensbasierter Systeme zur Modellierung und Darstellung von gartenbautechnischem Fachwissen am Beispiel des hybriden Expertensystems HORTEX.
year : 1992
author 0 : Thomas Rath

title : Entwicklung von Informationsleistungen f&uuml;r das Internet aus Verlagssicht.
year : 1999
author 0 : Christiane Henkel

title : Die mathematische Behandlung von Pr&auml;ferenz und Tausch unter Zugrundelegung des Automatenbegriffes.
year : 1981
author 0 : Joachim M&uuml;ller 0004

title : &Uuml;ber die zur &Uuml;bertragung Gaussscher Nachrichtenfolgen mit vorgegebener Genauigkeit notwendige Informationsmenge.
year : 1986
author 0 : Hans-Peter Weber

title : Werkzeuge und Systeme zur Unterst&uuml;tzung des Erwerbs und der objektorientierten Modellierung von Wissen.
year : 1986
author 0 : Wolf-Fritz Riekert

title : Computergest&uuml;tzte Kommunikation am Arbeitsplatz: die Aneignung neuer Kommunikationstechniken in Organisationen am Beispiel von electronic mail.
year : 1994
author 0 : Georg Wiest

title : Thermal Management for Dependable On-Chip Systems.
year : 2014
author 0 : Thomas Ebi

title : Graph Mining Methods for Predictive Toxicology.
year : 2013
author 0 : Andreas Maunz

title : Ressourcenadaptierende Raumbeschreibung: ein beschr&auml;nkt-optimaler Lokalisationsagent.
year : 1999
author 0 : Anselm Blocher

title : Eine theoretische Untersuchung zur Einf&uuml;hrung neuer Entwurfsprinzipien f&uuml;r diskrete zwei- und mehrwertige statische Systeme auf Grundlage der Schwellwertlogik.
year : 1984
author 0 : Juri Todorow

title : Reasoning about Backward Compatibility of Class Libraries.
year : 2013
author 0 : Yannick Welsch

title : Analysis of missing data with random forests.
year : 2012
author 0 : Alexander Hapfelmeier

title : Transforming TechKnowledgies: the case of open digital fabrication.
year : 2017
author 0 : Christoph Schneider

title : Space charge calculations using refinements on structured and unstructured grids.
year : 2015
author 0 : Christian Bahls

title : Die Adoption von Informationstechnologien durch kleine und mittlere Unternehmen des Agribusiness.
year : 2003
author 0 : S&ouml;nke Jessen

title : Funktionalanalytische Methoden zur Gewinnung von Bewegungsinformation aus TV-Bildfolgen.
year : 1991
author 0 : Christoph Schn&ouml;rr

title : Suitability of Touch Gestures and Virtual Physics in Touch Screen User Interfaces for Critical Tasks.
year : 2020
author 0 : Jurek Breuninger

title : A reconfigurable architecture for real-time image compression on-board satellites.
year : 2017
author 0 : Kristian Manthey

title : Grafische Realzeitunterst&uuml;tzung f&uuml;r Fernhandhabungsvorg&auml;nge in komplexen Arbeitsumgebungen im Rahmen eines Systems zur Steuerung, Simulation und Off-Line-Programmierung.
year : 1992
author 0 : Uwe G. K&uuml;hnapfel

title : Symmetric coordination: an alternative theory of phrase structure.
year : 1992
author 0 : Birgit Wesche

title : Multi-level iteration schemes with adaptive level choice for nonlinear model predictive control.
year : 2018
author 0 : Leonard Wirsching

title : Man-machine interfaces and implementational issues in computer-aided control system design.
year : 1989
author 0 : Carl Magnus Rimvall

title : Vertragsrechtliche Aspekte elektronischer M&auml;rkte - nach schweizerischem Obligationenrecht.
year : 1999
author 0 : Michael Gisler

title : Simula und Simulation kombinierter Modelle.
year : 1982
author 0 : Joachim Fischer

title : Elektronische Vertr&auml;ge aus deutscher, europ&auml;ischer und US-amerikanischer Sicht: Wirksamwerden, Beweisfragen, Widerruf unter besonderer Ber&uuml;cksichtigung der elektronischen Signatur.
year : 2003
author 0 : Andr&eacute; Marc Uhlmann

title : Cryptanalysis of iterated block ciphers.
year : 1996
author 0 : Carlo Harpes

title : Novel analysis approaches to context-dependent molecular networks.
year : 2011
author 0 : Dorothea Emig

title : Efficient Protocols.
year : 2015
author 0 : Alexander Giese

title : Data exploration in natural sciences using machine learning and scientific visualization.
year : 2018
author 0 : Aaron Scherzinger

title : Die Konfigurierung modular aufgebauter Datenbankbetriebssysteme.
year : 1993
author 0 : Kai Bruns

title : Neue Schranken f&uuml;r SVP-Approximation und SVP-Aufz&auml;hlungsalgorithmen.
year : 2013
author 0 : Benjamin Lange

title : Resolution based decision procedures for subclasses of first-order logic.
year : 1999
author 0 : Ullrich Hustadt

title : Untersuchungen &uuml;ber die Berechnungsproblematik der Dichtefunktion f&uuml;r Primzahlkonstellationen.
year : 1988
author 0 : Heidrun Pelzer

title : Learning Image and Video Representations Based on Sparsity Priors.
year : 2017
author 0 : Xian Wei

title : Stochastic optimisation methods and pattern search algorithms for augmented reality videoconferencing.
year : 2016
author 0 : Nicolas H. Lehment

title : Spezifikation der Architektur und Realisierung eines Reduktionssystems mit konsequenter Unterst&uuml;tzung strukturierter Datenobjekte und n-stelliger definierter Funktionen.
year : 1986
author 0 : Claudia Schmittgen

title : Integration of Conductive Materials and SMD-Components into the FDM Printing Process for Direct Embedding of Electronic Circuits.
year : 2020
author 0 : Florens Wasserfall

title : EASY - ein Werkzeug zur Unterst&uuml;tzung der automatischen High-Level-Synthese des Datenteils digitaler Systeme: Konzeption und Implementierung einer Experimentalversion.
year : 1990
author 0 : Steffen R&uuml;lke

title : Symbolic Analysis of Cryptographic Protocols.
year : 2014
author 0 : Florian B&ouml;hl

title : Untangling the Web of Client-Side Cross-Site Scripting.
year : 2015
author 0 : Benjamin Stock

title : Advances in probabilistic modeling of natural images.
year : 2015
author 0 : Lucas Theis

title : Explorative Analyse medizinischer Daten mit dem interaktiven Graphikprogramm FACE.
year : 1993
author 0 : Johannes Buchmann 0002

title : Modellierung thematischer N&auml;he in Organisationen durch Machine Learning.
year : 2019
author 0 : Thomas Thiele

title : Mehrstufige Speicherhierarchien f&uuml;r objektorientierte Systeme: Realisierung und Leistungsbewertung.
year : 1990
author 0 : Carsten Vogt

title : Interaction Analysis in Smart Work Environments through Fuzzy Temporal Logic.
year : 2014
author 0 : Joris IJsselmuiden

title : Entwicklung standardisierter Auswertungsverfahren von Datenbest&auml;nden aus dem Heidelberger Drug Monitoring System: Darstellung der informationstheoretischen und datenverarbeitungstechnischen Inhalte.
year : 1990
author 0 : Dominik J. Drisch

title : Optimierung von Steuerungsstrukturen in dezentralisierten Produktionssystemen.
year : 1997
author 0 : Mirko Dobberstein

title : Vermeidung spezialisierungsbedingter Probleme in objektorientierten Systemen.
year : 2001
author 0 : Rainer Neumann

title : Analyse der Basisdokumentation der Urologischen Universit&auml;tsklinik K&ouml;ln von 1979 - 1986.
year : 1991
author 0 : Andreas Selbmann

title : Der Softwareherstellungsvertrag.
year : 1991
author 0 : Doris Slongo

title : Descriptor systems: observers and fault diagnosis.
year : 1995
author 0 : Ming Hou 0001

title : Parallelisierende und bez&uuml;glich Fl&auml;che, Zeit und Verlustleistung optimierende High-Level-Synthese mikroelektronischer Systeme.
year : 2001
author 0 : Marc Theisen

title : Conversion of representations of 3D geo-objects.
year : 2012
author 0 : Mai Phuong Vuong

title : Soziale Identifikation mit virtuellen Gemeinschaften: Bedingungen und Konsequenzen.
year : 1999
author 0 : Sonja Utz

title : Energy-Efficient and Timely Event Reporting Using Wireless Sensor Networks.
year : 2014
author 0 : Patrick W&uuml;chner

title : Geo-routing in urban car-2-X communication networks.
year : 2018
author 0 : Mehdi Tavakoli Garrosi

title : LAMDA - Learning Agents for Mechanism-Design Analysis.
year : 2014
author 0 : Iris Lorscheid

title : Punktsch&auml;tzung von Streuungsparametern bei balancierten gemischten Modellen.
year : 1982
author 0 : Armando Mario Infante

title : Analog Circuit Design Approaches.
year : 2014
author 0 : Xiaoying Wang 0001

title : Automatically Parallelizing Embedded Legacy Software on Soft-Core SoCs.
year : 2019
author 0 : Kris Heid

title : Der Datenschutz im grenz&uuml;berschreitenden Datenverkehr: eine rechtsvergleichende und kollisionsrechtliche Untersuchung.
year : 1990
author 0 : Reinhard Ellger

title : Moment-Based Methods for Real-Time Shadows and Fast Transient Imaging.
year : 2017
author 0 : Christoph Jonathan Peters

title : Authentifikationsdienste f&uuml;r sichere Informationssysteme.
year : 1993
author 0 : Birgit Klein

title : Methodischer Systementwurf f&uuml;r den elektronischen Handel.
year : 1997
author 0 : Sonja Zwi&szlig;ler

title : Text-to-Video: Image Semantics and NLP.
year : 2019
author 0 : Katharina Schwarz

title : MIZAR verification of generic algebraic algorithms.
year : 1997
author 0 : Christoph Schwarzweller

title : Solving the ridematching problem in dynamic ridesharing.
year : 2013
author 0 : Wesam Herbawi

title : Strategies for a Semantified Uniform Access to Large and Heterogeneous Data Sources.
year : 2021
author 0 : Mohamed Nadjib Mami

title : Web-oriented Event Processing.
year : 2015
author 0 : Roland St&uuml;hmer

title : Untersuchungen zur technischen Realisierbarkeit von Verbindungsnetzwerken f&uuml;r Multicomputer-Architekturen.
year : 1985
author 0 : Wolfram Ermel

title : Das Online-Handbuch: die Unterst&uuml;tzung des Benutzers in der Mensch-Computer-Interaktion.
year : 1992
author 0 : Gabriele Fremmer

title : Architectural support for scientific applications on multicomputers.
year : 1993
author 0 : Marco Fillo

title : Rechnergest&uuml;tzter Firmwareentwurf.
year : 1989
author 0 : Joachim Rei&szlig;

title : Transactional support for cooperative applications.
year : 1999
author 0 : J&uuml;rgen W&auml;sch

title : Modellhafte Arbeitsabl&auml;ufe zur digitalen Erstellung von topographischen und geologischen Karten und dreidimensionalen Visualisierungen.
year : 1995
author 0 : Lorenz Hurni

title : A dynamic and component-based process scheduler framework for heterogeneous many-core systems.
year : 2016
author 0 : Anselm Busse

title : Evaluation von Anlagestrategien: Realisierung eines objektorientierten Simulators.
year : 1995
author 0 : Werner Gothein

title : Anpassungsf&auml;hige Benutzeroberfl&auml;chen f&uuml;r medizinische Dokumentationssysteme.
year : 1993
author 0 : Harald Pitz

title : Geo-Modellierungen mit Daten des Weltraumsensors MOMS-02.
year : 1997
author 0 : Jochen Schiewe

title : Datengetriebene parallelisierte Ablaufsteuerung f&uuml;r die automatisierte industrielle Bildverarbeitung.
year : 2012
author 0 : Maik Schumann

title : Mikroprozessorsteuerung f&uuml;r eine Armprothese mit trainierbarer Befehlserkennung = Microprocessor control for a prosthetic arm with trainable command recognition.
year : 1993
author 0 : Christof Sch&auml;rer

title : Towards More Useful Description Logics of Time, Change and Context.
year : 2013
author 0 : V&iacute;ctor Didier Guti&eacute;rrez-Basulto

title : On control and observation of neutral systems.
year : 1982
author 0 : Dietmar A. Salamon

title : Anwendungsentwicklung mit Komponenten-Frameworks in der Automatisierungstechnik.
year : 2002
author 0 : Stjepan Dujmovic

title : Digitale Bildverarbeitung im Agrarbereich unter spezieller Ber&uuml;cksichtigung der Entwicklung eines Systems zur Erkennung von Ackerunkr&auml;utern.
year : 1993
author 0 : Heiko Georg

title : Event orientation and secure federation for object lifecycle management.
year : 2011
author 0 : Steffen Kunz

title : Content management and protection using trusted computing and MPEG-21 technologies.
year : 2011
author 0 : Florian Schreiner 0002

title : Data-Centric Examination Approach (DCEA) for a qualitative determination of error, loss and uncertainty in digital and digitised forensics.
year : 2020
author 0 : Stefan Kiltz

title : A conceptual framework for mobile security supporting enterprises in adopting mobility.
year : 2019
author 0 : Basel Hasan

title : Der PPS-CAx-CIM-Markt Schweiz: eine Untersuchung &uuml;ber den Anwender- sowie den Anbietermarkt.
year : 1995
author 0 : Thomas Schaller

title : Automatische Selektion signifikanter scharfer Werte in unscharfen regelbasierten Systemen der Informations- und Automatisierungstechnik.
year : 1996
author 0 : Thomas A. Runkler

title : Gestaltung von F&uuml;hrungsinformationssystemen: betriebswirtschaftliche Konzeption und Softwareanforderungen.
year : 1997
author 0 : Helgard Struckmeier

title : M&ouml;glichkeiten der Bestimmung des f&uuml;r die Durchf&uuml;hrung des innerst&auml;dtischen &ouml;ffentlichen Personennahverkehrs erforderlichen Aufwandes an Arbeitskr&auml;ften.
year : 1977
author 0 : Wolfram Scheibe

title : Performance of super-resolution methods in parameter estimation and system identification.
year : 2017
author 0 : C&eacute;line Aubel

title : Caching for flash-based databases and flash-based caching for databases.
year : 2012
author 0 : Yi Ou

title : Automatische Bildauswertung zur dynamischen Schielwinkelmessung bei Kleinkindern und S&auml;uglingen.
year : 1999
author 0 : Rainer Schian

title : Mitbestimmung bei Bildschirmtechnologien.
year : 1985
author 0 : Ulrike Wagner

title : Entwicklung und Erprobung eines neuen Dokumentationssystems f&uuml;r Notfalleins&auml;tze im Rettungsdienstbereich Ludwigsburg.
year : 1987
author 0 : Thomas V&ouml;gele

title : Kollaborative Gesch&auml;ftsprozessmodellierung mit kontrollierter nat&uuml;rlicher Sprache.
year : 2019
author 0 : Timm Caporale

title : Towards a home-use BCI: fast asynchronous control and robust non-control state detection.
year : 2019
author 0 : Sebastian Nagel 0001

title : Zur &Uuml;bersetzung von Termen eines angewandten &#923;-Kalk&uuml;ls in Zielmaschinencode unter besonderer Ber&uuml;cksichtigung der R&uuml;ck&uuml;bersetzbarkeit ausgezeichneter Zwischenzust&auml;nde der Codeausf&uuml;hrung.
year : 1998
author 0 : Carsten Rathsack

title : Ein datengesteuertes Ausf&uuml;hrungsmodell f&uuml;r Programmiersprachen mit mehrfacher Wertzuweisung.
year : 2000
author 0 : Wolfgang Gellerich

title : Zur Anwendung von Verfahren der freien Minimierung auf nichtlineare Probleme mit linearen Restriktionen.
year : 1982
author 0 : Wolfgang Schneiderheinze

title : Entwurf eines Eventkorrelators mit Abh&auml;ngigkeitsgraphen.
year : 2000
author 0 : Boris Gruschke

title : Morphometrische und densitometrische Untersuchungen an Gliomen mit Hilfe der automatischen Mikroskopbildanalyse als Basis einer objektivierten Klassifizierung und Gradierung.
year : 1983
author 0 : Hubert Martin

title : Leitfaden zum Aufbau einer Fertigungsdatenbank f&uuml;r Maschinenbauunternehmen.
year : 1995
author 0 : Rolf-J&uuml;rgen Schlenkrich

title : &Uuml;berlagerung von Magnet-Resonanz-Tomographie- mit Positronen-Emissions-Tomographie-Bildern.
year : 1996
author 0 : Martin Sp&uuml;lbeck

title : Beitr&auml;ge zur Theorie und Anwendung von Differenzenverfahren.
year : 1982
author 0 : Gisbert Stoyan

title : Systematisierung des Entscheidungsprozesses zur Bestimmung effektiver organisatorisch-technischer L&ouml;sungen zur Anwendung der EDV, untersucht am Beispiel der operativen Lenkung und Kontrolle der Produktionsdurchf&uuml;hrung.
year : 1983
author 0 : Margret Stanierowski

title : Auswahl, Konfiguration und Einsatz lokaler Netze in Fertigungsumgebungen.
year : 1991
author 0 : Martin von Hassel

title : Automatisiertes, wissensbasiertes IT-Operations-Management.
year : 2017
author 0 : Fabian Meyer

title : Mechanistische Untersuchungen zur homogen katalysierten H2-Transferreaktion von Alkoholen auf Ketone und Entwicklung neuer Methoden zur automatisierten Literaturrecherche.
year : 1982
author 0 : Leonhard Kie&szlig;ling

title : Ein Konzept f&uuml;r die nutzerbezogene Gestaltung von Assistenzsystemen und deren Nutzerschnittstellen.
year : 2017
author 0 : Stefan Lutherdt

title : Large classifier systems in bio- and cheminformatics.
year : 2013
author 0 : J&ouml;rg Wicker

title : Semantik von Anfragesprachen f&uuml;r Dokumenten-, Fakten- und Erkl&auml;rungssuchsysteme.
year : 1988
author 0 : Ulrike Reiner

title : Sichtenintegration: Methode und Arbeitsmittel f&uuml;r den konzeptuellen Entwurf eines rechnergest&uuml;tzten Informationssystems.
year : 1990
author 0 : Peter Hanke

title : Improving Data Quality, Model Functionalities and Optimizing User Interfaces in Decision Support Systems.
year : 2017
author 0 : Markus Franz

title : Interprocedural Program Analysis: Herbrand Equalities and Local Solvers.
year : 2018
author 0 : Stefan Schulze Frielinghaus

title : Parity-based Error Detection with Recomputation for Fault-tolerant Spaceborne Computing.
year : 2017
author 0 : G&ouml;k&ccedil;e Aydos

title : Informationsfl&uuml;sse in Zuliefernetzwerken.
year : 1999
author 0 : Claus Schmid

title : Dynamic automatic noisy speech recognition system: (DANSR) (Dynamische automatische verrauschte Spracherkennung).
year : 2014
author 0 : Sheuli Paul

title : Computer, Rationalit&auml;t und Mythen in der politischen Arena: Begr&uuml;ndungen und Hintergr&uuml;nde von Entscheidungen &uuml;ber den EDV-Einsatz - am Beispiel der Bundesanstalt f&uuml;r Arbeit.
year : 1992
author 0 : Michael Faust

title : Kopplungsans&auml;tze mechatronischer Systeme in Modellierung und Simulation.
year : 1999
author 0 : Rainer D&uuml;rr

title : Entwicklung einer Standard-Teilnehmerstation f&uuml;r ein lokales Kommunikationsnetz.
year : 1986
author 0 : Ingo Schreiber

title : Geoinformationssysteme zur Lageanalyse und Risikobewertung.
year : 2012
author 0 : Robert Brendel

title : Modellbildung und Echtzeitsimulation deformierbarer Objekte zur Entwicklung einer interaktiven Trainingsumgebung f&uuml;r die minimal-invasive Chirurgie.
year : 1997
author 0 : Christian Kuhn 0002

title : Technische Formalismen zur Analyse und Beschreibung biologischer Systeme.
year : 1987
author 0 : Heinrich Sauerwein

title : Blackboardarchitekturen zur Entwicklung intelligenter tutorieller Systeme: ein Prototyp am Beispiel der linearen Optimierung.
year : 1999
author 0 : Andreas Born

title : Massnahmen zur Erh&ouml;hung der Verf&uuml;gbarkeit von Mikroprozessrechnern: dargestellt am Beispiel der automatischen Steuerung eines Nachkondensationsreaktors.
year : 1986
author 0 : Werner Hegewald

title : Optimization of MPEG-2 video encoding.
year : 1997
author 0 : Minhua Zhou

title : Robust Adaptation and Learning Over Networks.
year : 2016
author 0 : Sara Al-Sayed

title : Verwaltung von Kommunikationspuffern in Mikrorechnerverbundsystemen.
year : 1985
author 0 : Uwe Schneider 0004

title : Nachweisbare Authentikation f&uuml;r zuk&uuml;nftige Mobilfunksysteme.
year : 1999
author 0 : Stefan P&uuml;tz

title : Nichtgleichgewichtsphasen&uuml;berg&auml;nge in der menschlichen Motorik und Erweiterungen des synergetischen Computers.
year : 1997
author 0 : Andreas Daffertshofer

title : Population dynamics with epistatic interactions and its applications to mathematical models of cancer.
year : 2016
author 0 : Benedikt Bauer

title : Ein objektorientiertes Metamodell zur Wissensrepr&auml;sentation f&uuml;r Intelligente Tutorsysteme.
year : 1992
author 0 : Ludwig Weidinger

title : System Design and Real-Time Guidance of an Unmanned Aerial Vehicle for Autonomous Exploration of Outdoor Environments.
year : 2015
author 0 : Benjamin Adler

title : Analysis and evaluation of multi-relational recommender systems.
year : 2012
author 0 : Artus Krohn-Grimberghe

title : Visual Analytics for Improving Exploration and Projection of Multi-Dimensional Data.
year : 2015
author 0 : Matthias J&ouml;rg Sch&auml;fer

title : Einfluss der computergest&uuml;tzten Informations- und Kommunikationstechnologie auf das menschliche Informationsverhalten: Wirkungsanalyse und organisatorische Reaktionsm&ouml;glichkeiten.
year : 1991
author 0 : Christoph Minnig

title : Activity of microRNAs and transcription factors in Gene Regulatory Networks: Activity of microRNAs and transcription factors in Gene Regulatory Networks.
year : 2012
author 0 : Haroon Naeem

title : Computational models of gene expression regulation.
year : 2020
author 0 : Fatemeh Behjati-Ardakani

title : Clustering-based support for software architecture restructuring.
year : 2012
author 0 : Niels Streekmann

title : A GB related parser for Norwegian.
year : 1993
author 0 : Torbj&oslash;rn Nordg&aring;rd

title : Innovative Konfiguration einer gruppentechnologieorientierten Methodenbank zur Rationalisierung flexibler Fertigungen / von Doan Thi Minh Dung.
year : 1997
author 0 : Thi Minh Dung Doan

title : Entwicklung und Leistungsvergleich von ausgew&auml;hlten, datenbankgest&uuml;tzten Informationssystemen im kommerziellen Bereich.
year : 1991
author 0 : Kamal Rafehi

title : Performance of brain-computer communication in Amyotrophic Lateral Sclerosis.
year : 2017
author 0 : Stefano Silvoni

title : Trustworthy Verification of Realtime Systems.
year : 2020
author 0 : Simon Wimmer

title : Gebrauchstaugliche mobile Computersysteme im Regel- und Ausnahmebetrieb von Rettungsdiensten.
year : 2015
author 0 : Tilo Mentler

title : Abstrakte Syntax und Programm-Manipulation.
year : 1982
author 0 : Alfred Laut

title : Stabilit&auml;tseigenschaften neuronaler Netze.
year : 1998
author 0 : Henning Stamer

title : Informationelle Selbstbestimmung in Netzwerken: Rechtsrahmen, Gef&auml;hrdungslagen und Schutzkonzepte am Beispiel von Cloud Computing und Facebook.
year : 2015
author 0 : Michael Marc Maisch

title : Development and Interpretation of Machine Learning Models for Drug Discovery.
year : 2015
author 0 : Jenny Balfer

title : Beitrag zur Gestaltung rechnergest&uuml;tzter Konstruktionsverfahren unter dem Aspekt der Anpassung an die Bedingungen im betrieblichen Reproduktionsprozess.
year : 1983
author 0 : Erika Lelansky

title : Frei konfigurierbare regionenbasierte Farbtexturanalyse zur automatischen Auswertung von Bild-Stichproben.
year : 1999
author 0 : Andreas Burmeister

title : Entwicklung &ouml;kotoxikologischer Pr&uuml;fverfahren mit Hilfe der Fuzzy-Clusteranalyse.
year : 1999
author 0 : Martin Friederichs

title : Self-diagnosis in Network-on-Chips.
year : 2015
author 0 : Atefe Dalirsani

title : Transfer echtzeitiger Signale in asynchronen Breitband-Digitalnetzen.
year : 1994
author 0 : Peter Jonas 0002

title : Energieorthogonale Finite Elemente.
year : 1983
author 0 : Manfred G&ouml;ttlicher

title : Algorithmen zum effizienten Deployment virtueller Netzwerkservices.
year : 2017
author 0 : Michael Till Beck

title : Sprachsynthese nach Regeln f&uuml;r unbeschr&auml;nkten deutschen Text.
year : 1984
author 0 : Hans-Wilhelm R&uuml;hl

title : Finanzanalysen in der Investitions- und Finanzierungsberatung: Potential und problemad&auml;quate Systemunterst&uuml;tzung.
year : 1999
author 0 : Jochen Schneider 0003

title : Generalized concatenated structure of cyclic and UEP codes and its applications.
year : 1993
author 0 : Yan Gao

title : Unternehmensstrategien, Innovationsprozesse und Wettbewerb in der Computer-Industrie: eine empirische Analyse des PC-Marktes.
year : 1997
author 0 : Katharina S. Denger

title : Improving the Capabilities of Distributed Collaborative Intrusion Detection Systems using Machine Learning.
year : 2019
author 0 : Carlos Garcia Cordero

title : Adaptive Complexity and Error-Resilient Channel Decoding Concepts.
year : 2014
author 0 : Jan Geldmacher

title : Anwendung und experimentelle &Uuml;berpr&uuml;fung der Simulation mit semianalytischer L&ouml;sungsmethode an einem Zwangsdurchlaufdampferzeuger mit &uuml;berlagertem Umlauf.
year : 1982
author 0 : Johannes Kley

title : Grundlagen und Konzept eines CAD-Systems zur Entwicklung und Optimierung flexibler Werkst&uuml;ckspanneinrichtungen.
year : 1988
author 0 : Gerald Keil

title : Zyklische MDS-Codes.
year : 1983
author 0 : Jean Georgiades

title : Effektives Widening mit Hashbasierter Partitionierung des Hypothesenraums.
year : 2019
author 0 : Alexander Fillbrunn

title : Ein Beitrag zur Realisierung von verteilten Workflow-Management-Systemen durch Entwicklung verfahrensunabh&auml;ngiger Basiskomponenten.
year : 2000
author 0 : Andreas Schmidt 0008

title : Vertrauen durch Reputation im elektronischen Handel.
year : 2003
author 0 : Sabine A. Einwiller

title : Newton Methods for Image Registration.
year : 2012
author 0 : Martin Schr&ouml;ter

title : Flexibilisierung kollaborativer Prozessmodellierung durch den Einsatz webbasierter Modellierungswerkzeuge.
year : 2015
author 0 : Alexander Nolte

title : Massive: software engineering for multiagent systems.
year : 1999
author 0 : J&uuml;rgen Lind

title : Effiziente Suchverfahren zur Erkennung kontinuierlich gesprochener Sprache.
year : 1998
author 0 : Stefan Ortmanns

title : Computerunterst&uuml;tzung bei der Dokumentation und Diagnosestellung von akuten Bauchschmerzen.
year : 1997
author 0 : Thomas Kafka

title : Linguistische Fuzzy-Systeme mit verallgemeinerten Konklusionen und ihre Anwendung zur Modellbildung und Regelung.
year : 1999
author 0 : Jens J&auml;kel

title : Contributions to the noise analysis of switched capacitor circuits.
year : 1994
author 0 : Josef Goette

title : Sicherheitsarchitektur f&uuml;r verteilte Systeme.
year : 1991
author 0 : Matthias K&auml;ding

title : Lexikon und automatische Lemmatisierung.
year : 1995
author 0 : Petra Maier-Meyer

title : Detached Provenance Analysis.
year : 2020
author 0 : Tobias M&uuml;ller 0006

title : Interaktives Programmsystem zur Erstellung von Fertigungsunterlagen f&uuml;r die Kaltmassivumformung.
year : 1981
author 0 : Michael Rebholz

title : Todeszeitbestimmung mit Hilfe der elektronischen Datenverarbeitung.
year : 1990
author 0 : Clemens Bitter

title : Intrusion Detection durch strukturbasierte Erkennung von Anomalien im Netzwerkverkehr.
year : 2002
author 0 : Jens T&ouml;lle

title : Eine grafische Anfragesprache f&uuml;r temporale Datenbanken.
year : 1996
author 0 : Volker S&auml;nger

title : Predicting cache contention in multicore processor systems.
year : 2011
author 0 : Michael J. Zwick

title : An approach for quantitative aggregation of evidence from controlled experiments in software engineering.
year : 2012
author 0 : Marcus Ciolkowski

title : Skalierbare Visualisierung objektorientierter Software.
year : 1998
author 0 : J&ouml;rn Trilk

title : Computerunterst&uuml;tzte in vitro Ultraschall-B-Bildanalyse entz&uuml;ndlicher und metastatisch befallener Lymphknoten des Kolons und Rektums.
year : 1994
author 0 : Axel Hermann Wiest

title : Increased flexibility and dynamics in distributed applications and processes through resource decoupling.
year : 2015
author 0 : Alexander Kipp

title : Anti-Unifikation modulo Gleichungstheorie und deren Anwendung zur Lemmagenerierung.
year : 1996
author 0 : Birgit Heinz

title : Funktionale &Auml;quivalenz von Petri-Netzen.
year : 1995
author 0 : Gerlinde Schreiber

title : Automorphism groups of Wada dessins and Wilson operations.
year : 2010
author 0 : Cristina Sarti

title : Realistic, real time shading and rendering of objects with complex materials.
year : 2003
author 0 : Jan Kautz

title : Controller design from temporal logic: undecidability need not matter.
year : 1997
author 0 : Martin Fr&auml;nzle

title : Distributed analysis of vertically partitioned sensor measurements under communication constraints.
year : 2017
author 0 : Marco Stolpe

title : Rechnergest&uuml;tzte Integration von Rechnungswesen-Informationen und Marktforschungsdaten: der Weg vom Symptom zur Therapie.
year : 1999
author 0 : Klemen Cas

title : Textur- und Mikrostrukturanalysen an Materialien f&uuml;r den direkten und indirekten Zahnersatz.
year : 2014
author 0 : Christiane Diana Hartmann

title : Entwicklung eines Customer-self-service-Systems im technischen Kundendienst des Maschinenbaus.
year : 1999
author 0 : Peter Hermes

title : Aufbau eines Fernr&ouml;ntgen-Computeranalysesystems, Vergleich zwischen herk&ouml;mmlicher und computergest&uuml;tzter Auswertung des Fernr&ouml;ntgenseitenbildes hinsichtlich ihrer Genauigkeit.
year : 1983
author 0 : Andreas Scherpe

title : Digitale Simulation elektrochemischer Systeme: Untersuchungen zeitabh&auml;ngiger Ph&auml;nomene an rotierenden Scheibenelektroden und Analyse von Cyclovoltammogrammen durch direkte Simulation.
year : 1995
author 0 : J&ouml;rg Strutwolf

title : Komplexit&auml;tsaussagen und Algorithmen f&uuml;r spezielle Reihenfolgeprobleme.
year : 1988
author 0 : Ralph Hofrichter

title : Web Advertising, Nutzerprofile und Teledienstedatenschutz.
year : 2003
author 0 : Jens Fr&ouml;hle

title : Logische Modellierung der Steuerungs-Integration in offenen Software-Entwicklungssystemen.
year : 1995
author 0 : Nikolaos Vlachantonis

title : Entwicklung und Test von Onboard-Algorithmen f&uuml;r die Landfernerkundung.
year : 1999
author 0 : Anko B&ouml;rner

title : Methoden f&uuml;r den Entwurf von Stream-Cipher-Systemen.
year : 1986
author 0 : Thomas Siegenthaler

title : Projektierungsverfahren f&uuml;r technische Software dargestellt an wissensbasierten Systemen.
year : 1996
author 0 : Eberhard Kurz

title : Benchmarking digital image forensics using the "Dresden Image Database".
year : 2013
author 0 : Thomas Gloe

title : Anwendungsm&ouml;glichkeiten von Expertensystemen in der Zahnheilkunde.
year : 1995
author 0 : Christian Ebenh&ouml;ch

title : Orientation analysis in 4D light fields.
year : 2014
author 0 : Sven Wanner

title : Assoziatives diagnostisches Probleml&ouml;sen mit dem Expertensystem-Shell MED 2.
year : 1986
author 0 : Franziskus Gerhard Puppe

title : Kontextsensitiv lernende Sequenzvorhersage zur erfahrungsbasierten Unterst&uuml;tzung bei der Softwareprozessausf&uuml;hrung.
year : 2013
author 0 : Michael Deynet

title : Topologieerhaltende neuronale Netzwerke in der Robotik: adaptive visuo-motorische Kontrolle und intelligente Pfadplanung.
year : 1998
author 0 : Michael Zeller

title : On Statistical Data Compression.
year : 2016
author 0 : Christopher Mattern

title : Localization of Cyber-Physical Systems: Privacy, Security and Efficiency.
year : 2020
author 0 : Amr Abdelhafez Mohamed Alanwar Abdelhafez

title : Rechnergest&uuml;tzte Pr&uuml;fung von Asynchronmaschinen.
year : 1989
author 0 : Ibrahim Khalouf

title : Synthese von Co-Prozessoren mit spekulativer Ausf&uuml;hrung.
year : 1995
author 0 : Ulrich Holtmann

title : Self-Organizing Transport Networks: Decentralized Optimization based on Genetic Programming.
year : 2013
author 0 : Johannes G&ouml;bel

title : Plattform f&uuml;r das interaktive ambulante psychophysiologische Assessment.
year : 2014
author 0 : J&uuml;rgen Stumpp

title : Applying OLAP Pre-Aggregation Techniques to Speed Up Aggregate Query Processing in Array Databases.
year : 2012
author 0 : Ang&eacute;lica Garc&iacute;a Guti&eacute;rrez

title : Rapid Creation of Interactive Formal Prototypes for Validating Safety-Critical Systems.
year : 2017
author 0 : Lukas Ladenberger

title : Simulationsgest&uuml;tzte, theoretische Modelle zur Ableitung des Diesel&ouml;lbedarfes von Ackerschleppern und Analysen zur optimalen Mechanisierung unter Risikoaspekten.
year : 1984
author 0 : Bernd Schmittinger

title : Performance-Verifikation von Netzwerkarchitekturen eingebetteter Systeme unter Ber&uuml;cksichtigung von Laufzeitvariabilit&auml;t.
year : 2018
author 0 : Martin Manderscheid

title : Computer vision and machine learning in sustainable mobility: the case of road surface defects.
year : 2020
author 0 : Sromona Chatterjee

title : Correctness, completeness, and consistency of equational data type specifications.
year : 1983
author 0 : Peter Padawitz

title : Adaptive methods for robust document image unterstanding.
year : 2012
author 0 : Iuliu Vasile Konya

title : Generierung interaktiver Informationssysteme und ihrer Benutzungsoberfl&auml;chen f&uuml;r mehrere Benutzer.
year : 2002
author 0 : Alfons Brandl

title : Model-Based Policy Derivation for Usage Control.
year : 2015
author 0 : Prachi Kumari

title : Entropy measures and unconditional security in cryptography.
year : 1997
author 0 : Christian Cachin

title : Weak autoepistemic reasoning: a study in autoepistemic reasoning from a logic programming perspective.
year : 1994
author 0 : J&uuml;rgen Kalinski

title : Informationstechnische Behandlung des mehrzieligen regelungstechnischen Entwurfs.
year : 1993
author 0 : Hans-Dieter Joos

title : Soft features for statistical machine translation of spoken and signed languages.
year : 2012
author 0 : Daniel Stein

title : Performance and thermal management on self-adaptive hybrid multi-cores.
year : 2013
author 0 : Markus Happe

title : Refinements of volume rendering algorithms and their application to non-volumetric data.
year : 2016
author 0 : Tobias Brix

title : Effiziente Finite-Elemente-L&ouml;sung der Energiegleichung zur thermischen Berechnung tribologischer Kontakte.
year : 2017
author 0 : Dirk Jaitner

title : Techniques to Protect Confidentiality and Integrity of Persistent and In-Memory Data.
year : 2019
author 0 : Anjo Vahldiek-Oberwagner

title : Zu Aspekten von praktisch-technischem und wissenschaftlich-theoretischem Sch&ouml;pfertum: e. erkenntnistheoret. Studie zur Erfindung des Computers durch Konrad Zuse und zur Entdeckung des Periodischen Systems der chemischen Elemente durch Dmitri Iwanowitsch Mendelejew.
year : 1985
author 0 : Irina Poldrack

title : Sicherheit im Netzmanagement: Integration von Sicherheitsmechanismen in Netzmanagement-Protokolle.
year : 1994
author 0 : Bruno Studer

title : Ein Informationssystem zur Angebotsabwicklung werkstattorientierter Einzelfertiger und seine Gesch&auml;ftsproze&szlig;kette.
year : 1997
author 0 : Emil Pfrang

title : Conjoint simulation: a modeling framework for combined performance and dependability analysis of computer systems.
year : 1997
author 0 : Axel Hein

title : Prozessgerechte Toleranzfestlegung: Bereitstellung von Prozessgenauigkeitsinformationen f&uuml;r die Konstruktion.
year : 1994
author 0 : Martin Holland

title : Analog neural networks in autonomous systems.
year : 1996
author 0 : Andreas B&uuml;hlmeier

title : Induction, Training, and Parsing Strategies beyond Context-free Grammars.
year : 2020
author 0 : Kilian Gebhardt

title : Maschinelle Lexikographie und Wortbildungsstrukturen.
year : 1990
author 0 : Nico Weber

title : Dynamisches Management serviceorientierter Ressourcen in cyber-physischen Produktionssystemen mittels multipler Evaluationskriterien und Ressourcenoperationen.
year : 2020
author 0 : Maximilian Engelsberger

title : Evolution&auml;re Synthese neuronaler Netze unter Verwendung von Graph-Grammatiken.
year : 1997
author 0 : Ralph Heider

title : Das rechnergest&uuml;tzte Experiment in Verarbeitungs- und Verfahrenstechnik.
year : 1987
author 0 : Wolfgang Kl&ouml;den

title : Authentisierung von Produktdaten unter besonderer Ber&uuml;cksichtigung von STEP.
year : 1999
author 0 : Martin Momberg

title : Anwendungen eines hybrid-optischen R&uuml;ckkopplungssystems.
year : 1981
author 0 : Gert Ferrano

title : Maschinelle Analyse deutscher Pr&auml;fixverben mit PROLOG unter morphosemantischem Aspekt.
year : 1999
author 0 : Hyun Joo Lee

title : Adaptive User Support in Interactive Information Retrieval Processes.
year : 2017
author 0 : Daniel T. J. Backhausen

title : SocialFORCE - Methode zur Analyse und Bewertung von viralen Digital-Produkten und -Dienstleistungen.
year : 2013
author 0 : Markus Dirr

title : Rasterentwurfsmethode: e. Ansatz zur method. Softwareerstellung.
year : 1985
author 0 : Jan-Armin Reepmeyer

title : K&uuml;nstliche neuronale Netze in der Finanzprognose: security selection basiert auf Parametersch&auml;tzungen k&uuml;nstlicher neuronaler Netze.
year : 1999
author 0 : Lars Dieterle

title : Vorverarbeitung und Segmentierung von Stromlaufpl&auml;nen unter Verwendung von Bildgraphen.
year : 1982
author 0 : Heinrich Bley

title : Methoden zur sechsdimensionalen Objektlageerkennung aus Tiefenbildern.
year : 2012
author 0 : Manuel Glas

title : Fahrplanbasiertes Energiemanagement in Smart Grids.
year : 2017
author 0 : Christian Hirsch

title : Rational cryptography: novel constructions, automated verification and unified definitions.
year : 2013
author 0 : Oana-Madalina Ciobotaru

title : Searching for Generic Chemical Patterns in Combinatorial Chemical Spaces.
year : 2013
author 0 : Hans-Christian Ehrlich

title : Designing privacy preserving personalized public display systems.
year : 2015
author 0 : Morin Ostkamp

title : Computergest&uuml;tzte Planungssysteme in der Epidemiologie: Anwendung und Bewertung objektorientierter Methoden bei deren Entwicklung.
year : 1999
author 0 : Michael Person

title : Eine Simulationsumgebung f&uuml;r signalverarbeitende Systeme.
year : 1992
author 0 : Erdmuthe Meyer zu Bexten

title : Hybrid multimodal elastic image registration and computer-based characterization of blood vessels in radiological images.
year : 2013
author 0 : Andreas Biesdorf

title : Unconstrained recognition of offline Arabic handwriting using generative and discriminative classification models.
year : 2017
author 0 : Moftah Elzobi

title : Modulare Echtzeit-Simulation auf einem Mehrprozessorsystem am Beispiel eines Sattelkraftfahrzeuges.
year : 1988
author 0 : Ralf Hadeler

title : Informationssystem-Architekturen produzierender Unternehmen bei software-definierten Plattformen.
year : 2018
author 0 : J&ouml;rg Hoffmann 0006

title : Insight: ein virtuelles Labor f&uuml;r Entwurf, Test und Analyse von autonomen Agenten.
year : 1997
author 0 : Simone Strippgen

title : Homogenization and Dimension Reduction of a Textile Shell and Minimization of Buckling with Microstructure-Optimization.
year : 2021
author 0 : Stephan Wackerle

title : Applying the stream-processing paradigm to ultra high-speed communication systems.
year : 2020
author 0 : Steffen B&uuml;chner 0002

title : Physical-layer security for the internet of things.
year : 2017
author 0 : Christian T. Zenger

title : Deep Networks That Know When They Don't Know.
year : 2021
author 0 : Alejandro Molina Ramirez

title : Time series scenario composition framework in Hydroinformatics Systems.
year : 2015
author 0 : Chi-Yu Li

title : Automatische Merkmalsynthese: ein Lern- und Klassifikationssystem zur Erkennung komplexer und deformierter, nat&uuml;rlicher und k&uuml;nstlicher Objekte.
year : 2002
author 0 : Dag Pechtel

title : Automatische Oberfl&auml;chenmodellierung starrer dreidimensionaler Objekte aus stereoskopischen Rundum-Ansichten.
year : 1997
author 0 : Reinhard Koch

title : Systematischer Entwurf einer Komplexl&ouml;sung f&uuml;r eine speicherprogrammierbare Kleinsteuerung auf der Basis von Einchip-Mikrorechnern.
year : 1985
author 0 : Ronald Schoop 0001

title : Integration von fuzzy Sets und wissensbasierten Systemen in die EDV-gest&uuml;tzte Bearbeitung von Umweltvertr&auml;glichkeitsuntersuchungen in der Verkehrsplanung.
year : 1997
author 0 : Andreas Witte

title : Beschreibung des Datenbanksystems Herzkatheterbank und exemplarische Darstellung des Einsatzes dieses Systems zur Erfassung von Qualit&auml;tfaktoren im Bereich der invasiven Kardiologie (PTCA).
year : 1993
author 0 : Claudia Elke Heinrich

title : Konzeption logistikgerechter PPS-Systeme: kleine und mittlere Serienfertiger.
year : 1989
author 0 : Detlef F. Pape

title : Estimating the complexity of path-following methods in linear programming by curvature integrals along the central trajectory.
year : 1991
author 0 : Gongyun Zhao

title : Dekompositionstechniken zur optimalen Auslegung von Bauweisen unter Ber&uuml;cksichtigung lokaler Effekte.
year : 1997
author 0 : Hans J&uuml;rgen Wahl

title : Network-based inference of protein function and disease-gene association.
year : 2012
author 0 : Samira Jaeger

title : Distributed computations in a dynamic, heterogeneous grid environment.
year : 2002
author 0 : Thomas Dramlitsch

title : Dienstg&uuml;te f&uuml;r vermaschte drahtlose Netze.
year : 2012
author 0 : Silke Meister

title : Ein mathematisches Modell mit numerischem und analytischem Ansatz zur Berechnung der Profilform beim Kaltwalzen von Band.
year : 1984
author 0 : Holger Teutsch

title : Optimierung der Bewegung diskret modellierbarer elektromechanischer Systeme.
year : 1986
author 0 : Hendrik Rothe

title : Interference management in wireless caching and distributed computing.
year : 2021
author 0 : Jaber Kakar

title : Entwurf der Hardware-Beschreibungssprache REGLAN im Rahmen von CONLAN: Konzepte und Implementierung statisch semantischer Aspekte.
year : 1992
author 0 : Ralf Torsten Menche

title : Visual detection of independently moving objects by a moving monocular observer.
year : 2008
author 0 : Felix Woelk

title : Visualization of volumetric datasets.
year : 2001
author 0 : Catalin Dartu

title : Blocking techniques for efficient entity resolution over large, highly heterogeneous information spaces.
year : 2013
author 0 : Georgios Papadakis 0001

title : Z&uuml;chterische Untersuchungen zu Fruchtbarkeitsmerkmalen beim weiblichen Schwein sowie deren Kontrolle, Steuerung und zuchtorganisatorische Nutzung im Betrieb mit Hilfe des B&uuml;rocomputers.
year : 1985
author 0 : J&uuml;rgen Krause 0003

title : Mensch-Proze&szlig;-Kommunikation und der Beitrag der Datenreduktion: Untersuchungen am Beispiel des Kraftwerksprozesses.
year : 1997
author 0 : Dirk Neupert

title : Das Schuldnerverzeichnis unter besonderer Ber&uuml;cksichtigung des Datenschutzes.
year : 1995
author 0 : Gabriele Straub

title : Quantitative Methoden der menschlichen Raumwahrnehmung mit Methoden der Computergraphik.
year : 1995
author 0 : Johannes Friebe

title : Purposive three-dimensional reconstruction by means of a controlled environment.
year : 2011
author 0 : Michael Trummer

title : Dynamische Lastverteilung mit bekannter Ressourcenanforderung in heterogenen Rechnernetzen und Frameworks.
year : 1997
author 0 : J&uuml;rgen Schubert

title : Entwicklung eines rechnergesteuerten L&ouml;semodells zur tendenziellen Beurteilung der biologischen Verf&uuml;gbarkeit am Beispiel des Phenylbutazons.
year : 1983
author 0 : Ullrich Hanstein

title : Modellbasierte Worterkennung in Spracherkennungssystemen f&uuml;r grossen Wortschatz.
year : 1991
author 0 : Alfred Kaltenmeier

title : Printing Beyond Color: Spectral and Specular Reproduction.
year : 2016
author 0 : Sepideh Samadzadegan

title : Private-by-Design Advertising and Analytics: From Theory to Practice.
year : 2015
author 0 : Alexey Reznichenko

title : Adaptive time- and process-aware information systems.
year : 2017
author 0 : Andreas Lanz

title : Untersuchungen zur Informationsspeicherung in CAD-Systemen und der Besonderheiten von CAD-Datenbasen.
year : 1986
author 0 : Hans-Steffen Grosch

title : NetInf - Network of Information: an information-centric networking architecture for the future internet.
year : 2013
author 0 : Christian Dannewitz

title : Performance Engineering for Exascale-Enabled Sparse Linear Algebra Building Blocks.
year : 2018
author 0 : Moritz Kreutzer

title : Accounting for Privacy in the Cloud Computing Landscape.
year : 2018
author 0 : Martin Henze

title : Referat und Referieren: linguist. Beitr. zu ihrer Applikation in d. Information u. Dokumentation.
year : 1982
author 0 : Gerhard Pfeiffer-J&auml;ger

title : Preference-based physician scheduling in hospitals.
year : 2019
author 0 : Christopher Nikolaus Gross

title : Aktionsorientierte Datenverarbeitung unter besonderer Ber&uuml;cksichtigung des industriellen Fertigungsbereiches.
year : 1987
author 0 : J&uuml;rgen Hofmann

title : Ein Multiprozessorsystem auf Transputer-Basis.
year : 1993
author 0 : Carl-Werner Oehlrich

title : Behaviour-aware mobile touch interfaces.
year : 2018
author 0 : Daniel Buschek

title : Zur Relevanz der Dokumentation und Kommunikation in der betrieblichen Softwareentwicklung und -wartung: eine Konzeption zur Verbesserung der Effizienz von Dokumentation und Kommunikation in der betrieblichen Softwareentwicklung mittels CSCW-basierter Technologie und der Integration von Hypertextfunktionalit&auml;t zur Informationsvernetzung.
year : 1996
author 0 : Eberhard David

title : Algorithmen und Schaltungsarchitekturen zur Maximum a Posteriori Faltungsdecodierung.
year : 1996
author 0 : Herbert Dawid

title : Graphische Datenverarbeitung bei FEM-Berechnungen von Maschinen, interaktive Geometrieerfassung und Netzwerkerstellung.
year : 1981
author 0 : Horst Heinrichs

title : Development and validation of a less-sensitive DTI-based fiber tractography approach employing cubic hermite splines and global connectivity information.
year : 2013
author 0 : Niklas Stein

title : An architecture for hybrid knowledge representation.
year : 1990
author 0 : Guilherme Bittencourt

title : Computermodellierung von Raumbeschallungsanlagen.
year : 1992
author 0 : Hans-J&ouml;rg Ederer

title : Produktionsunterst&uuml;tzung f&uuml;r den Schiffbau unter Integration von Konstruktions- und Planungsdaten.
year : 2003
author 0 : Martin Schulten

title : Analyse der automatisierten Informationsverarbeitung in der Staatsbank der DDR und M&ouml;glichkeiten filialbezogener Automatisierungsl&ouml;sungen.
year : 1989
author 0 : Michael Hohmann

title : Zur Verteilung von nichtsequentiellen Programmen auf Rechnernetze unter Ber&uuml;cksichtigung der Realisierbarkeit.
year : 1982
author 0 : Stefan Eichholz

title : Verification of Data-aware Business Processes in the Presence of Ontologies.
year : 2016
author 0 : Ario Santoso

title : Model-driven adaptation for spoken dialogues in intelligent environments.
year : 2012
author 0 : Tobias Johannes Heinroth

title : Partial aggregation for collective communication in distributed memory machines.
year : 2021
author 0 : Roger Kowalewski

title : Grundlagen der Entwicklung und des Einsatzes adaptiver Anwendungsprogramme zur automatisierten Informationsverarbeitung im sozialistischen Konsumg&uuml;terbinnenhandel.
year : 1985
author 0 : Dieter Kirsten

title : Modellierung, Messung und Bewertung von Anforderungen zur Unterst&uuml;tzung von Planung, Entwurf und Betrieb von Informationssystemen.
year : 1981
author 0 : Siegfried Florek

title : Ein Hochgeschwindigkeits-Vernetzungselement f&uuml;r eine flexible Parallelrechnerarchitektur.
year : 1993
author 0 : Karel van Loon

title : Model generation for natural language interpretation and analysis.
year : 2000
author 0 : Karsten Konrad

title : Anwendung der Gruppentheorie auf Probleme der Mustererkennung.
year : 1985
author 0 : Stephan Frydrychowicz

title : Zur Gestaltung der Innenrevision im sozialistischen Binnenhandel bei Anwendung zentraler und dezentraler elektronischer Datenverarbeitung f&uuml;r Rechnungsf&uuml;hrung und Statistik.
year : 1988
author 0 : G&uuml;nter Janke

title : Integrating concepts from constraint programming and operations research algorithms.
year : 2002
author 0 : Torsten Fahle

title : Massively Parallel Algorithms for Data Ingestion on New Hardware.
year : 2020
author 0 : Elias Stehle

title : Konzepte f&uuml;r ein offenes, objektrelationales Multimedia-Datenbanksystem.
year : 2002
author 0 : Wolfgang Lindner 0001

title : Fortschrittsverst&auml;ndnis in der gestaltungsorientierten Wirtschaftsinformatik.
year : 2012
author 0 : Christian Fischer 0001

title : Selbsteinstellendes Gleichstromantriebs-Regelsystem mit Mikrorechner.
year : 1985
author 0 : Eberhard Kroth

title : Coverage of Compositional Property Sets for Hardware and Hardware-dependent Software in Formal System-on-Chip Verification.
year : 2017
author 0 : Binghao Bao

title : Extraktion und Klassifikation prosodischer Merkmale in der automatischen Sprachverarbeitung / Andreas Kiessling.
year : 1997
author 0 : Andreas Kie&szlig;ling 0001

title : Untersuchungen zu Fragen, die im Zusammenhang mit der Existenz der optimalen Steuerung auftreten.
year : 1983
author 0 : Hartmut Schmeling

title : Weakly Selective Training induces Specialization within Populations of Sensory Neurons.
year : 2016
author 0 : Julia Hillmann

title : Determinants of continuous intention of contributors to open-source software projects: definition and empirical testing of the open-source software work characteristics theory.
year : 2019
author 0 : D&eacute;sir&eacute;e Sottek

title : Zur Komplexit&auml;t von Reduzierbarkeitsproblemen &uuml;ber H-Comparabilitygraphen.
year : 2009
author 0 : Michael Andresen

title : Mathematische Eigenschaften von Signaturregistern und Aspekte ihres Einsatzes in der Fehlerdiagnose digitaler Schaltungen.
year : 1989
author 0 : J&uuml;rgen Pliquett

title : Lernf&auml;hige Multi-Kompartiment-Systeme und neurobiologische Anwendungen.
year : 2002
author 0 : Thomas Frontzek

title : Analyse von Einflussfaktoren beim rechnerunterst&uuml;tzten Konstruieren.
year : 1991
author 0 : Thomas Langner

title : Gaze guidance for augmented vision.
year : 2014
author 0 : Laura Pom&acirc;rjanschi

title : Raising the abstraction level of hardware software co-designs.
year : 2015
author 0 : Richard Donald Sylv&egrave;re Leys

title : Octree-Strahlgeneratoren: Analyse, Klassifikation und Optimierung von Octree-Strahlgeneratoren in erweiterbaren Ray-tracing-Systemen.
year : 1995
author 0 : Robert Endl

title : Entwicklung und Implementation eines Algorithmus f&uuml;r die rechnergest&uuml;tzte bewertete Auswahl von komplex beschriebenen Komponenten.
year : 1987
author 0 : Dietmar Kurth

title : Simultane Anforderungs- und Architekturdefinition auf Basis semantischer &Auml;hnlichkeit von Anforderungen.
year : 2013
author 0 : Sebastian Maltzahn

title : Automatische Erkennung fliessender Sprache mit silbenorientierten Einheiten.
year : 1984
author 0 : Hans-J&uuml;rgen Geywitz

title : Mathematische Modellierung eines Flugstromreaktors f&uuml;r die Kohlenpyrolyse.
year : 1984
author 0 : Peter Michael Naderwitz

title : Selbstorganisierende neuronale Karten.
year : 1988
author 0 : Helge J. Ritter

title : Aggregating local features into bundles for high-precision object retrieval.
year : 2013
author 0 : Stefan Romberg

title : Wissensbasierte Entscheidungsunterst&uuml;tzung bei der Auswahl von Industrierobotern.
year : 1991
author 0 : G&uuml;nter Jordan

title : Verfahren zur Festlegung dreischichtiger r&uuml;ckwirkungsfreier neuronaler Netze.
year : 1993
author 0 : Christian Politt

title : Model composition in model checking.
year : 2014
author 0 : Ingo Felscher

title : Visually pleasing real-time global illumination rendering for fully-dynamic scenes.
year : 2011
author 0 : Zhao Dong 0001

title : Einsetzbarkeit und Nutzen der digitalen Spracherkennung in der radiologischen Diagnostik.
year : 1999
author 0 : Holger Arndt 0002

title : Multi-Mikroprozessorsystem zur Regelung und Analyse von Lernprozessen.
year : 1983
author 0 : Heribert Kristl

title : Ein Ansatz zur CAD-integrierten muskuloskelettalen Analyse der Mensch-Maschine-Interaktion.
year : 2019
author 0 : Daniel Benjamin Kr&uuml;ger

title : Experimentelle Analyse des menschlichen Kausystems.
year : 2003
author 0 : Heinrich Schieferstein

title : Analysis, design and evaluation of a framework for the modularization of service systems.
year : 2015
author 0 : Regine D&ouml;rbecker

title : Beitr&auml;ge zur mathematischen Analyse medizinischer Bild- und Volumendatens&auml;tze.
year : 1995
author 0 : Cornelia Zahlten

title : Modeling of Image Acquisition for Improving Digital Camera Systems.
year : 2013
author 0 : Michael Sch&ouml;berl

title : Analyzing the influence of product features and recommendations on buying decisions: A new realistic experimental web shop and analysis environment.
year : 2017
author 0 : Jens Hofmann 0002

title : Direct communication methods for distributed GPUs.
year : 2014
author 0 : Lena Oden

title : Gestaltung universeller Bildverarbeitungssysteme.
year : 1986
author 0 : Ralf Rieken

title : Scheduling for heterogeneous opportunistic workstation clusters.
year : 1998
author 0 : Matthias Neeracher

title : Regionenorientierte Transformationscodierung in der Bildkommunikation.
year : 1990
author 0 : Michael Gilge

title : Modell-basierte Leistungsbewertung und Optimierung von Multi-Core-Architekturen zur Paketverarbeitung in Kommunikationsnetzen.
year : 2016
author 0 : Torsten M. Runge

title : Ein graphischer Mehrebeneneditor f&uuml;r den strukturkonsistenten Schaltungsentwurf.
year : 1997
author 0 : Ulf Schellin

title : Symbolische Analysemethoden f&uuml;r algebraische Petrinetze.
year : 1996
author 0 : Karsten Schmidt 0004

title : Verkehrsanalyse von Vermittlungs-Steuerungen mit taktgesteuerter Ein-Ausgabe und Priorit&auml;ten = Traffic analysis of switching system control structures with clocked I-O and priorities.
year : 1983
author 0 : Herbert Jans

title : Rentabilit&auml;t von Identity und Access Management im digitalen Wandel.
year : 2020
author 0 : Phillip Messerschmidt

title : Rekursive Bestimmung der Anzahlfunktionen diskreter Muster mittels Hessenbergmatrizen.
year : 1986
author 0 : Siegmar Kempfle

title : Ein numerisches Verfahren zur Bestimmung der Spannungen in einer unter Abbaueinwirkung stehenden dehnerlosen Rohrleitung.
year : 1982
author 0 : Norbert Leucht

title : Fault tolerance in parallel data processing systems.
year : 2019
author 0 : Mareike H&ouml;ger

title : Integration of Data Mining into Scientific Data Analysis Processes.
year : 2012
author 0 : Dennis Wegener

title : Analyse von Maschinendaten zur Entscheidungsunterst&uuml;tzung bei der Produktverbesserung durch die Anwendung eines Feedback Assistenz Systems.
year : 2014
author 0 : Susanne Dienst

title : Movement feedback for gait rehabilitation in individuals with incomplete spinal cord injury and individuals after a stroke.
year : 2018
author 0 : Daniel Schlie&szlig;mann

title : Supporting human-machine interaction by robust automatic speech recognition.
year : 2019
author 0 : Hendrik Meutzner

title : Practical Private Set Intersection Protocols for Privacy-Preserving Applications.
year : 2021
author 0 : Christian Weinert

title : Transformationale Entwurfsraum-Exploration f&uuml;r den Entwurf eingebetteter Systeme.
year : 2000
author 0 : Joachim Gerlach

title : Proze&szlig;orientierte Telekommunikationsplanung f&uuml;r unternehmens&uuml;bergreifende Logistiksysteme.
year : 1999
author 0 : Frank Thom&eacute;

title : Micromagnetic Modeling by Computational Science Integrated Development Environments (CSIDE).
year : 2011
author 0 : Massoud Najafi Maryam Negari

title : Interactive generation of effective discourse in situated context: a planning-based approach.
year : 2013
author 0 : Konstantina Garoufi

title : Erzeugung testorientierter Signalbeschreibungen aus ereignisbezogenen Daten.
year : 1992
author 0 : Uwe Schr&ouml;der 0002

title : Robust and Efficient Monte Carlo Light Transport Simulation using Regularizations and the Half Vector Integration Domain.
year : 2017
author 0 : Anton S. Kaplanyan

title : Contributions to mechanical proofs of correctness for compiler front ends.
year : 1997
author 0 : Debora Weber-Wulff

title : Versionenverwaltung von Objekten durch ein erweitertes relationales Datenbanksystem.
year : 1988
author 0 : Erwin Petry

title : Neue Kommunikationstechniken im Stra&szlig;enverkehr: Kanalmultiplexen in der Nahbereichskommunikation.
year : 1997
author 0 : J&uuml;rgen Kassubek

title : Dokumentenorientierte Modellierung und Controlling von Gesch&auml;ftsprozessen: integriertes Workflow-Management in der Industrie.
year : 1997
author 0 : Heinz Raufer

title : Konzeption eines effizienten Common Lisp-Systems f&uuml;r Universal-Prozessoren.
year : 1990
author 0 : Christian Flug

title : Incident Handling Systems with Automated Intrusion Response.
year : 2017
author 0 : Nadine Herold

title : Unique identification of elements in evolving models : towards fine-grained traceability in model-driven engineering.
year : 2010
author 0 : Sven Wenzel

title : Estimation and model selection for dynamic biomedical images.
year : 2015
author 0 : Martina Feilke

title : Analysis and Design of Symmetric Cryptographic Algorithms.
year : 2015
author 0 : Philipp Jovanovic

title : Architekturmodelle zur Planung der Informationsverarbeitung von Kreditinstituten.
year : 1995
author 0 : Joachim Schmalzl

title : Reality-based Idioms: Designing Interfaces for Visual Data Analysis that Provide the Means for Familiar Interaction.
year : 2018
author 0 : Simon Butscher

title : Informationssystem f&uuml;r den konstruktiven Entwicklungsprozess in der Medizintechnik.
year : 1990
author 0 : Friedrich Gropp

title : Erkennung der Kartenschrift mit einem Expertensystem.
year : 1993
author 0 : Liqiu Meng

title : Adaptive modulare Prozesssignalverarbeitung in Transputernetzwerken.
year : 1996
author 0 : Robert Westendorp

title : Variable vegetativ-somatische Regulationsfunktionen der Formatio reticularis des unteren Hirnstammes: Rechnersimulationen neuronaler Netzwerke auf der Basis von tierexperimentell gewonnenen Daten.
year : 1983
author 0 : Manfred Lambertz

title : Optimierte Software- und Hardware-Strukturen f&uuml;r Constraint-Netze.
year : 1996
author 0 : J&ouml;rg-Ingo Jakob

title : Dezentrale, kontextbasierte Steuerung der Suche im Internet.
year : 2012
author 0 : Mario Kubek

title : 3D Interaction Techniques in Multi-User Virtual Reality: towards scalable templates and implementation patterns for cooperative interfaces.
year : 2020
author 0 : Andr&eacute; Kunert

title : Entscheidungs-Unterst&uuml;tzungs-Systeme zur Steuerung von Produktions-Transport-Prozessen im Bauwesen.
year : 1990
author 0 : Wolfgang S. Wittig

title : Open source software: urheberrechtliche Aspekte freier Software.
year : 2003
author 0 : Mike J. Widmer

title : Visualisierung quantenphysikalischer Zweizustandssysteme.
year : 1997
author 0 : Ralf Rath

title : Lagerhaltung und Distribution eines saisongebundenen Markenartikelherstellers der Nahrungsmittelindustrie: Verlauf u. Ergebnisse e. Fallstudie.
year : 1986
author 0 : Gero Scholz

title : An interactive knowledge based shell for configuration tasks.
year : 1994
author 0 : Carlo Bach

title : Robust Facial Landmark Detection in the Wild.
year : 2019
author 0 : Daniel Merget

title : Rechnergest&uuml;tzter Datenbankentwurf und die Behandlung komplexer Entit&auml;ten in relationalen Systemen.
year : 1989
author 0 : Uwe Hartmann

title : Efficient Resource Management of real-time online interactive applications in cloud environments.
year : 2016
author 0 : Dominique Meil&auml;nder

title : Implementierungskonzepte f&uuml;r Non-Standard-Datenbanksysteme: verdeutlicht am Beispiel des DBS-Kernsystems PRIMA.
year : 1989
author 0 : Andrea Sikeler

title : Analyse polymorpher Typen bei logischen Programmiersprachen mittels Substitutionsgrammatiken.
year : 1991
author 0 : Dieter Ackermann

title : Flexible web-based management of components for industrial automation.
year : 2002
author 0 : Vicente Ferreira de Lucena

title : Einsatz des ISO-Transaktionsdienstes zur Echtzeitkommunikation in verteilten Systemen.
year : 1993
author 0 : Gabriele Dobler

title : Soziale Roboter und soziale R&auml;ume: eine Affordanz-basierte Konzeption zum r&uuml;cksichtsvollen Handeln.
year : 2015
author 0 : Felix Lindner 0001

title : Estimation and regularization of probability density functions in image processing.
year : 2014
author 0 : Christian Heinemann

title : Rhythm modelling of long-term activity data.
year : 2014
author 0 : Marko Borazio

title : Berechnung und Optimierung von Geometrie und Eingriffsverhalten von Verzahnungen beliebiger Achslage.
year : 2017
author 0 : Maximilian Zimmer

title : Barrierefreiheit 2.0: Ein neuer Ansatz zur verbesserten Zug&auml;nglichkeit zu Webinhalten f&uuml;r Menschen mit Lernschwierigkeiten.
year : 2014
author 0 : Michael Schaten

title : Beurteilung der Eignung von Softwaresystemen f&uuml;r eine lange Lebensdauer.
year : 2002
author 0 : Arnd L&ouml;bbert

title : Spherical mean values: efficient computation by Fourier techniques and regularized reconstructions of function samples from discrete means.
year : 2015
author 0 : Torsten G&ouml;rner

title : Supervised machine learning in service systems: deriving insights from distributed data.
year : 2019
author 0 : Robin Hirt

title : Gegenw&auml;rtiger Stand und Perspektiven digitaler Bildarchivierungs- und Kommunikationssysteme (PACS): Pr&uuml;fung der M&ouml;glichkeiten zum Aufbau eines PAC-Systems am Zentrum f&uuml;r Radiologie der Universit&auml;t T&uuml;bingen anhand des Bilddatenvolumens im Jahre 1983.
year : 1987
author 0 : Friedrich Johannes Kolbe

title : Design, Implementierung und Evaluierung einer virtuellen Maschine f&uuml;r Oz.
year : 1998
author 0 : Ralf Scheidhauer

title : Neue Anwendung schneller Fouriertransformation in der Betriebsfestigkeit und finiter Elemente in der Sintertheorie.
year : 1986
author 0 : Dieter Joensson

title : Analysis and implementation of hierarchical mutually recursive first class modules.
year : 2015
author 0 : Judith Rohloff

title : A distributed virtual reality system for spatial updating: concepts, implementation, and experiments.
year : 2001
author 0 : Markus von der Heyde

title : Performance Modeling of Mobile Video Streaming.
year : 2021
author 0 : Christian Moldovan

title : Datenintegrit&auml;t in heterogenen Informationssystemen: ereignisorientierte Aktualisierung globaler Datenredundanzen.
year : 1992
author 0 : Joachim Klein 0003

title : Verifizierende rechnerinvariante Numerikmodule.
year : 1998
author 0 : Tim Kersten

title : Digitale drahtlose Mikrofonsysteme mit Vielfachzugriff.
year : 1994
author 0 : Florian Graf

title : Integration von Performancebewusstsein in Entwicklungsumgebungen f&uuml;r komponentenbasierte Unternehmensanwendungen.
year : 2019
author 0 : Alexandru Danciu

title : Latency Prediction for P2P Overlays.
year : 2012
author 0 : Benedikt Elser

title : Fehlererkennung mit Co-Prozessoren in der Prozessdatenverarbeitung unter Echtzeitbedingungen.
year : 1992
author 0 : Klaus K&uuml;bler

title : L&ouml;sung von linearen Gleichungssystemen auf systolischen Prozessorfeldern.
year : 1990
author 0 : J&uuml;rgen G&ouml;tze

title : Tabletop Interaction Beyond Touch.
year : 2017
author 0 : Chi Tai Dang

title : Controlling und Informationstechnologie: Auswirkungen auf die organisatorische Gestaltung.
year : 1991
author 0 : Udo Liedtke

title : Identifikation und Rekonstruktion von Geb&auml;uden in Luftbildern mittels unscharfer Constraints.
year : 2000
author 0 : Thomas H. Kolbe

title : Ein Compiler f&uuml;r Vektorrechner mit optimaler Auswertung von vektoriellen Ausdrucksb&auml;umen.
year : 1990
author 0 : Thomas Rauber

title : Konzeption und Entwicklung des Soft-Computing-basierten Klassifikationssystems ISOCOS.
year : 2002
author 0 : Frank Kroll

title : Automatische Merkmalsauswahl f&uuml;r neuronale Netze mit Anwendung in der pixelbezogenen Klassifikation von Bildern.
year : 1999
author 0 : Ute Matecki

title : Fehlerlokalisierung in analogen elektronischen Systemen mit Hilfe von Graphen.
year : 1977
author 0 : Bernd Hebm&uuml;ller

title : An Automata-Theoretic Approach to Open Actor System Verification.
year : 2015
author 0 : Ilham W. Kurnia

title : &Uuml;ber die Charakterisierung und Konstruktion von Entity-Relationship-Datenbanken mit Kardinalit&auml;tsbedingungen.
year : 1996
author 0 : Sven Hartmann

title : Eine Methode zur graphischen Darstellung multivariater Daten.
year : 1981
author 0 : Herbert Stahl

title : Semantics, Language and Geometry: Learning to Understand the Scene.
year : 2020
author 0 : Iro Laina

title : Concurrency as a modality.
year : 1990
author 0 : Barbara Paech

title : Eine aktive hierarchische Wissensstruktur f&uuml;r die Musteranalyse.
year : 1988
author 0 : Wolfgang Eichhorn

title : Visualization and interaction techniques for node-link diagram editing and exploration.
year : 2012
author 0 : Mathias Frisch

title : Distributed computing and transparency rendering for large displays.
year : 2015
author 0 : Daniel Kauker

title : Zeitkritischer Verkehr in Wartesystemen von Hochgeschwindigkeitsnetzen: Modellbildung und mathematische Analyse.
year : 1996
author 0 : Dedy Dewanto Tjhie

title : Elektronenstrahlgesteuerter Vollscheiben-Selbsttest f&uuml;r hochintegrierte Digitalschaltungen.
year : 1984
author 0 : Ulrich Theus

title : Eine kritische und begr&uuml;ndende Darstellung der Funktionen der Protokollmaschine von OSI-TP.
year : 2000
author 0 : Klaus Heien

title : Representation and generalization in autonomous reinforcement learning.
year : 2017
author 0 : Wendelin B&ouml;hmer

title : Modelling and inferring connections in complex networks.
year : 2013
author 0 : Em&ouml;ke-&Aacute;gnes Horv&aacute;t

title : Quality of experience based network resource allocation for wireless multimedia delivery.
year : 2012
author 0 : Srisakul Thakolsri

title : Parallele Evolutionsstrategien mit der Optimierungsumgebung EvA.
year : 2001
author 0 : J&uuml;rgen Wakunda

title : Globale Bewegungsbeschreibung und Video-Mosaiking unter Verwendung parametrischer 2-D-Modelle, Sch&auml;tzverfahren und Anwendungen.
year : 2001
author 0 : Aljoscha Smolic

title : Wirtschaftsinformatik der "langen Frist": Perspektiven f&uuml;r Menschen, Automaten und Arbeit in einer lebensdienlichen &Ouml;konomie.
year : 2003
author 0 : Ludger Eversmann

title : Towards Next Generation Sequential and Parallel SAT Solvers.
year : 2015
author 0 : Norbert Manthey

title : Mobiles Internet im Unternehmenskontext: Webtechnologien als technische Basis f&uuml;r Gesch&auml;ftsanwendungen auf mobilen Endger&auml;ten.
year : 2012
author 0 : Stefan Christmann

title : Online Simulation in Semiconductor Manufacturing.
year : 2012
author 0 : Daniel Noack

title : Algorithmic improvements for feedback-driven fuzzing.
year : 2020
author 0 : Cornelius Aschermann

title : Modellierung und Analyse von seriellen Produktionssystemen.
year : 1982
author 0 : Walter Hau&szlig;mann

title : Datumsprobleme und stochastische Aspekte beim GPS-Nivellement f&uuml;r lokale Ingenieurnetze.
year : 1997
author 0 : Detang Zhong

title : Beitrag zur Realisierung von Fachsprachen f&uuml;r die automatengest&uuml;tzte Projektierung im Bauwesen.
year : 1983
author 0 : Klaus H&ouml;fer

title : Eine Formalisierung der Hardwarebeschreibungssprache VHDL f&uuml;r die Hardware-Verifikation.
year : 1997
author 0 : Ralf Reetz

title : Schnelle parallele Fehlererholung in verteilten In-Memory Key-Value Systemen.
year : 2019
author 0 : Kevin Beineke

title : Building bridges in abstraction-based controller synthesis: advancing, combining, and comparing methods from computer and control.
year : 2015
author 0 : Anne-Kathrin Schmuck

title : Die rechtliche Einheit von Hardware und Software.
year : 1991
author 0 : Thorsten P&ouml;tzsch

title : Cluster-Based Parallelization of Simulations on Dynamically Adaptive Grids and Dynamic Resource Management.
year : 2014
author 0 : Martin Schreiber 0001

title : Integriertes Management gro&szlig;er Web-Sites auf der Basis datenbankbasierter Modellierungskonzepte.
year : 2000
author 0 : Ulrike Sommer

title : Vorschl&auml;ge zum Aufbau eines betriebswirtschaftlichen Softwareinformationssystems unter Beachtung von Kriterien f&uuml;r Erarbeitung, Erstellung, Beurteilung und Einsatz von Mikrorechnerprojektl&ouml;sungen: insbesondere aus der Sicht des anwendenden Unternehmens.
year : 1993
author 0 : Ronald Milde

title : Neuronale Netzwerke und Informationstheorie.
year : 1995
author 0 : Klaus Holthausen

title : Entwurf von Algorithmen zur Berechnung Liouvillescher L&ouml;sungen von linearen gew&ouml;hnlichen Differentialgleichungen.
year : 1991
author 0 : Felix Ulmer

title : Nichtdeterminismus in Programmiersprachen.
year : 1984
author 0 : Martha Seif Habashi Malaty

title : Mining Sandboxes.
year : 2018
author 0 : Konrad Jamrozik

title : Probleme des Informationsflusses in durchg&auml;ngig automatisierten Systemen f&uuml;r doppelt gekr&uuml;mmte Fl&auml;chen.
year : 1982
author 0 : Surab Gumberidse

title : Hard real-time garbage collection im modern object oriented programming languages.
year : 2002
author 0 : Fridtjof Siebert

title : Kausale Beschreibung von Systemen.
year : 1993
author 0 : Hans Peter Gisiger

title : Ergonomische Gestaltung eines Informationssystems f&uuml;r die Intensivstation: Systemanalyse und Entwurf.
year : 1994
author 0 : Hans-Joachim Popp

title : Vom Tagesschriftsteller zum technischen Redakteur?: Versuch e. log.-histor. u. empir. Analyse journalist. T&auml;tigkeit.
year : 1981
author 0 : Bernd Sch&uuml;tt

title : Graph-based Patterns for Local Coherence Modeling.
year : 2020
author 0 : Mohsen Mesgar

title : Transportprobleme mit Reihenfolgen.
year : 1979
author 0 : Wilfried M&uuml;ller 0001

title : Visuelle und rechnergest&uuml;tzte Satellitenbildauswertung zur Erfassung der Bodenversalzung am Beispiel der Konya-Hochebene, T&uuml;rkei.
year : 1981
author 0 : Arne Enno Thies

title : 3-D-Gesichtserkennung mit selbstorganisierendem mehrkanaligem Matching-Verfahren.
year : 1997
author 0 : Susanne Gerl

title : Secure Communication in Disaster Scenarios.
year : 2019
author 0 : Lars Baumg&auml;rtner

title : Strukturierte Erstellung und kooperative Nutzung von Instruktionsmaterial in einem computerintegrierten Klassenraum.
year : 1997
author 0 : Nelson-Antranig Baloian Tataryan

title : Beitr&auml;ge zur Codierungs- und Komplexit&auml;tstheorie mittels algebraischer Funktionenk&ouml;rper.
year : 1991
author 0 : Mohammad Amin Shokrollahi

title : Formal Analysis of Variability-Intensive and Context-Sensitive Systems.
year : 2021
author 0 : Philipp Chrszon

title : Elektronenstrukturprogramm f&uuml;r Vektorrechner: Anwendung auf Silylen-Phosphan.
year : 1989
author 0 : Cornelia Lerch

title : Robust multi-channel speech recognition with neural network supported statistical beamforming.
year : 2020
author 0 : Jahn Heymann

title : Funktionentheoretische Methoden in der Regelungstheorie unendlichdimensionaler Systeme.
year : 1986
author 0 : Hartmut Logemann

title : Time-Efficient Analysis of Complex Dependencies.
year : 2020
author 0 : Michael Vollmer 0001

title : Untangling Internet Debate - Decentralization and Reuse of Arguments for Online Discussion Software.
year : 2020
author 0 : Alexander Schneider 0001

title : Modellierung rechnerunterst&uuml;tzter Prozesse der konstruktiv-technologischen Vorbereitung im Schiffbau.
year : 1990
author 0 : Klaus Ristau

title : On Supporting Interoperability between RDF and Property Graph Databases.
year : 2021
author 0 : Harsh Vrajeshkumar Thakker

title : Abstract Transducers for Software Analysis and Verification.
year : 2020
author 0 : Andreas Stahlbauer

title : Analyse und experimentelle Auswertung verschiedener Routing-Protokolle mit virtuellen Koordinaten auf Sensornetzen.
year : 2019
author 0 : Daniel Gau&szlig;mann

title : Automatische SC-Filtersynthese auf der Basis mikroelektronischer Techniken.
year : 1989
author 0 : Uwe Weder

title : Visual Perception with Synthetic Data.
year : 2020
author 0 : Stephan R. Richter

title : Parametersch&auml;tzung mit einem modifizierten Maximum-Likelihood-Verfahren bei Systemen mit Prozess- und Messrauschen.
year : 1987
author 0 : Dieter Scheithauer

title : Advanced methods and protocols for wake-up receivers.
year : 2017
author 0 : Timo Kumberg

title : Auswertung einer Datensammlung der WHO &uuml;ber die Mortalit&auml;t an malignen Knochen- und Bindegewebstumoren f&uuml;r die Jahre 1955 bis 1973 in ausgesuchten L&auml;ndern: e. internat. Vergleich.
year : 1980
author 0 : Michael Zimmermann

title : Rechnerunterst&uuml;tzte Konstruktion von Werkzeugen zum Spritzgiessen von thermoplastischen Kunststoffen.
year : 1983
author 0 : Ulrich Lichius

title : Fehlervermeidung und Prozessmonitoring in komplexen und dynamischen Gro&szlig;schadenslagen.
year : 2014
author 0 : Uwe Kr&uuml;ger 0002

title : Steuerfachliche Methoden der Aufbereitung und Abfrage von Dokumenten einer Steuerrechtsdatenbank in der Bundesrepublik Deutschland.
year : 1992
author 0 : Bernd Flechsenhar

title : Sparse neural networks.
year : 2015
author 0 : Markus Thom

title : Konzeption und Bewertung von Computer-aided-quality-Management-Systemen.
year : 1994
author 0 : Jochen Eickholt

title : Modellierung und Manipulation multimedialer Dokumente.
year : 1991
author 0 : Helmut Eirund

title : Kommunikation auf Facebook, Twitter &amp; YouTube: verfassungsrechtlicher Schutz der Informationsintermedi&auml;re und ihrer Nutzer durch die Medienfreiheiten.
year : 2020
author 0 : Samira Tief

title : Datengetriebene Simulation in der Fertigung.
year : 1994
author 0 : Kai-Uwe Lindner

title : Untersuchungen zu Einbettungsverfahren in der nichtlinearen Optimierung unter besonderer Ber&uuml;cksichtigung von Nichtoptimalit&auml;tsmassen.
year : 1986
author 0 : Sigrid Burkhardt

title : Ad-Hoc stream query processing.
year : 2020
author 0 : Jeyhun Karimov

title : Anschluss von Universalrechnern an lokale Kommunikationssysteme.
year : 1990
author 0 : J&ouml;rg Uhlmann

title : Objektorientierte Modellierung und Simulation verfahrenstechnischer Mehrproduktanlagen.
year : 1995
author 0 : Konrad W&ouml;llhaf

title : Das Leistungspotential der K&uuml;nstlichen Intelligenz: Eine informationstechn.-betriebswirtschaftl. Analyse.
year : 1986
author 0 : Stephan Zelewski

title : Effizientes L&ouml;sen von Konfigurierungsaufgaben.
year : 1991
author 0 : Manfred Hein

title : Marginaltest und Analyse von DRAM's mit maskierter &#945;-Bestrahlung.
year : 1988
author 0 : Dieter Gleis

title : Theoretische Beitr&auml;ge zur Auslastungsoptimierung in der spanenden Teilefertigung: e. Beitr. zur Prozessoptimierung f&uuml;r flexible Fertigungssysteme.
year : 1982
author 0 : Imre M&eacute;sz&aacute;ros

title : Echtzeitbetriebssystem und Hochsprache f&uuml;r ein CAQ-System f&uuml;r Montageprozesse in der Fertigung der elektronischen Schreibtechnik des VEB Robotron Optima B&uuml;romaschinenwerk Erfurt.
year : 1991
author 0 : Wolf-Dieter Hardt

title : Grundlegende Untersuchungen der Bedingungen und Methoden f&uuml;r die Steuerung von Giessereiprozessen mit unterschiedlichem Sortiment.
year : 1979
author 0 : Gerald Hahn

title : Objekt- und Speicherverwaltung in einer offenen, objektorientierten Betriebssystemarchitektur.
year : 1992
author 0 : J&uuml;rgen Klein&ouml;der

title : Ein assoziatives Lehrsystem zur Spektralanalyse determinierter Signale.
year : 1992
author 0 : Dieter Stark

title : Planung kooperativer Fahrman&ouml;ver f&uuml;r kognitive Automobile.
year : 2012
author 0 : Christian Frese

title : Approximative Proze&szlig;modellierungen in der empirisch-erziehungswissenschaftlichen Forschung.
year : 1999
author 0 : Shahram Azizighanbari

title : Stadtmonitoring plus: Dynamische Strukturmuster st&auml;dtischer R&auml;ume.
year : 2011
author 0 : Axel H&auml;usler

title : Qualitative Modellierung, Simulation und operative Steuerung dynamischer Systeme.
year : 1997
author 0 : Henrik Richter

title : Graphoidale Netzwerke.
year : 1989
author 0 : Katrin Witte

title : Bestimmung charakteristischer Verteilungen von Eingangsinformationen zur Ber&uuml;cksichtigung stochastischer Einfl&uuml;sse in der technologischen Betriebsprojektierung: Grundlagen, Methodik, Anwendung.
year : 1979
author 0 : Herbert Frenzel

title : Arbitrage and equilibrium in economies with incomplete markets.
year : 1986
author 0 : Jan Werner

title : Semantikorientierte Features zur kontinuierlichen Unterst&uuml;tzung der Produktgestaltung.
year : 1995
author 0 : Erik Rieger

title : Parallel program design using data space theory.
year : 1991
author 0 : Georg Reichwein

title : Ein System von Software-Entwurfsmustern f&uuml;r die Propagation von Ereignissen in Werkzeugen zur kooperativen Fabrikmodellierung.
year : 1997
author 0 : S&ouml;ren Henkel

title : Advancing Urban Mobility with Algorithm Engineering.
year : 2021
author 0 : Valentin Buchhold

title : Entwicklung von Algorithmen zur rechnerunterst&uuml;tzten Konstruktion von Verzahnungen mit beliebigen Flankenformen.
year : 1985
author 0 : Hermann Jakob Esser

title : Untersuchungen an einem OSI-Kommunikationswerk auf Transputer-Basis: ein Beitrag zur Optimierung schichtenstrukturierter Kommunikationssysteme.
year : 1993
author 0 : Rainer Ulrich

title : Capacity optimization for self-organizing networks: analysis and algorithms.
year : 2012
author 0 : Philipp P. Hasselbach

title : Joint dereverberation and noise reduction for binaural hearing aids and mobile phones.
year : 2012
author 0 : Marco Jeub

title : Regelbasierte Modelltransformation in prozessleittechnischen Laufzeitumgebungen.
year : 2018
author 0 : Tina Mersch

title : Query Processing on Spatio-Temporal Data Streams from Moving Objects.
year : 2019
author 0 : Tobias L. Brandt

title : Rechnerunterst&uuml;tzte Konfliktermittlung und Entscheidungsunterst&uuml;tzung bei der Disposition des Zuglaufs.
year : 2003
author 0 : J&uuml;rgen Jacobs

title : Nat&uuml;rlichsprachliche Wissensakquisition f&uuml;r die generierende Arbeitsplanung.
year : 1997
author 0 : Karsten Koerth

title : M&ouml;glichkeiten zur Patienteninformation: Printmedien und Multimedia in der Orthop&auml;die.
year : 1997
author 0 : Susanne Beatrice Junghanns

title : Synchronization of networked linear systems: an LMI approach.
year : 2012
author 0 : Kim D. Listmann

title : Reputation object representation model for enabling reputation interoperability.
year : 2011
author 0 : Rehab Alnemr

title : Bildgebende Charakterisierung und Quantifizierung der Angiogenese bei Arthritis mittels &#956;CT im Mausmodell.
year : 2013
author 0 : Svitlana Gayetskyy

title : Das gemischt ganzzahlige Optimierungsproblem und seine Anwendung.
year : 1986
author 0 : Jun-Hong Kim

title : Konformit&auml;tstesten von Managementobjekten im Netz- und Systemmanagement.
year : 1996
author 0 : Brigitte B&auml;r

title : Strategic resource management decisions in computer networks.
year : 2011
author 0 : Marc Fouquet

title : Coding for Relay Networks and Effective Secrecy for Wire-tap Channels.
year : 2014
author 0 : Jie Hou

title : Content-based Clustering in Social Corpora - A New Method for Knowledge Identification based on Text Mining and Cluster Analysis.
year : 2013
author 0 : Annette Bobrik

title : Entwicklung einer Verhaltensbeschreibungssprache mit einem &Uuml;bersetzer.
year : 1990
author 0 : Jens Will

title : Ein computergest&uuml;tztes Lernsystem f&uuml;r komplexe technische Bewegungen.
year : 1982
author 0 : Peter Weinmann

title : Entwurf digitaler zweidimensionaler nichtrekursiver Filter.
year : 1982
author 0 : Dieter Fritsch

title : Resource allocation and pricing mechanisms for wireless networks with malicious users.
year : 2015
author 0 : Anil Kumar Chorppath

title : Modern optimization techniques in computer vision: from variational models to machine learning security.
year : 2021
author 0 : Jonas Geiping

title : Controlling-Informationssystem f&uuml;r den Auslandsbereich einer internationalen Bankunternehmung.
year : 1990
author 0 : Heiner Diefenbach

title : Leistungsoptimierte Einzelprozessorarchitekturen digitaler Universalrechner.
year : 1989
author 0 : Wolfgang Matthes

title : Ein Beitrag zur computergest&uuml;tzten Qualit&auml;ts&uuml;berwachung fertigungstechnischer Prozesse: Gestaltungsprinzipien f&uuml;r Echtzeitoperationssysteme am Beispiel des "Echtzeitoperationssystems Qualit&auml;ts&uuml;berwachung".
year : 1991
author 0 : Andreas Riemer

title : Syntaktische Steuerung eines Erkennungssystems f&uuml;r fliessende Sprache.
year : 1986
author 0 : Gudrun Flach

title : Wireless Mesh Network: a rural community case.
year : 2015
author 0 : Jean Louis Fendji Kedieng Ebongue

title : On the feasibility of multi-leader replication in the early tiers.
year : 2018
author 0 : Tim Jungnickel

title : Konvergenzs&auml;tze f&uuml;r Branching Random Walks.
year : 1981
author 0 : Norbert Lenz

title : Physics-based probabilistic motion compensation of elastically deformable objects.
year : 2012
author 0 : Evgeniya Ballmann

title : Technologische Entscheidungshilfen zur Auswahl prozessfreundlicher Werkzeugmaschinen, ein Beitrag zur Gestaltung zuverl&auml;ssiger und stabiler Fertigungsprozesse.
year : 1982
author 0 : Ralf-J&ouml;rg Redlin

title : Ein personen- und aufgabengenauer Ansatz zur robusten Einsatzplanung von Flugpersonal mittels Optimierung und Simulation.
year : 2018
author 0 : Patrick Kuckertz

title : Modulares Konzept und Methodik zur wissensbasierten Erkennung komplexer Objekte in CAQ-Anwendungen.
year : 1993
author 0 : Adnan Abou Nabout

title : Textverwaltung als Aufgabe der Mensch-Computer-Interaktion: Einfluss subjektiver episodischer Ged&auml;chtnisstrukturen auf das Kodieren und Wiederfinden von Textdateien.
year : 1994
author 0 : Christine Gindert

title : Entwicklung, Implementierung und Evaluation eines computerunterst&uuml;tzten Lernsystems zur Verbesserung der partizipativen Arbeitszeitflexibilisierung im Rahmen der betrieblichen Weiterbildung.
year : 1999
author 0 : Thomas Bauer 0003

title : Erstellung und Erprobung einer Wissensbasis zur Interpretation der Hepatitis-Serologie aus labordiagnostischer Sicht.
year : 1991
author 0 : Matthias Hermann Fischer

title : Off-line compilation for efficient processing with constraint logic grammars.
year : 1998
author 0 : Guido Minnen

title : Entwicklung und Erprobung eines universalen Computersystems f&uuml;r die Sonderp&auml;dagogik und die Rehabilitation.
year : 1993
author 0 : Hansj&ouml;rg Hoffmann

title : Nutzung von Rechnungsf&uuml;hrung und Statistik als Kontrollinstrument &uuml;ber Forschung und Entwicklung im Kombinat auf der Basis eines rechnergest&uuml;tzten Leitungsinformationssystems.
year : 1986
author 0 : Steffi Dinter

title : Efficient Exchange and Processing of Semi-structured Data in the Embedded Domain.
year : 2014
author 0 : Daniel Peintner

title : Integrierter Prozess zu Entwurf und Bewertung einer Cloud-basierten Softwarearchitektur.
year : 2015
author 0 : Holger Sirtl

title : Efficiency and applications of SAT-based test pattern generation: complex fault models and optimisation problems.
year : 2013
author 0 : Alexander Czutro

title : Formal semantics for the integration of statecharts and Z in metamodel based framework.
year : 1999
author 0 : Robert Geisler

title : Fehler von Fingerabdruckerkennungssystemen im Kontext.
year : 2017
author 0 : Andrea Knaut

title : Ein Iterationsalgorithmus zur L&ouml;sung linearer Optimierungsaufgaben.
year : 1991
author 0 : Roland Schmiedel

title : Mechanism Transitions in Publish/Subscribe Systems - Adaptive Event Brokering for Location-based Mobile Social Applications.
year : 2017
author 0 : Bj&ouml;rn Richerzhagen

title : Prozessautomatisierung mit Rechnern: e. &Uuml;bersichtsdarst. als Basis f&uuml;r d. Entwurf e. Laborpraktikums.
year : 1983
author 0 : J&ouml;rn Thomas

title : Context Selection on Attributed Graphs for Outlier and Community Detection.
year : 2015
author 0 : Patricia Iglesias S&aacute;nchez

title : Analysis and quantification of parametric and structural uncertainty of the LandscapeDNDC model for simulating biosphere-atmosphere-hydrosphere exchange processes.
year : 2019
author 0 : Ignacio Santab&aacute;rbara

title : Vitruv: specifying temporal aspects of multimedia presentations: a transformational approach based on intervals.
year : 2003
author 0 : Klaus Alfert

title : Entwicklung einer integrierten Informationsstruktur f&uuml;r relationale Datenbanken im Bauwesen.
year : 1988
author 0 : Peter Richter 0003

title : Beitrag zur objektorientierten Planung von verbindungsorientierten Mehrdienstenetzen.
year : 2000
author 0 : J&ouml;rg Grunenberg

title : Populating knowledge bases with temporal information.
year : 2017
author 0 : Erdal Kuzey

title : Beitrag zur Beschreibung des stochastischen Verhaltens eines Teilefertigungsprozesses im Hinblick auf die L&ouml;sung von Aufgaben der Fertigungslenkung.
year : 1981
author 0 : Heinz-Dieter Ribbecke

title : Treibstoffminimale, impulsive &Uuml;berg&auml;nge zwischen benachbarten Bahnen.
year : 1981
author 0 : Friedrich Wilhelm Hechler

title : Anwendung neuronaler Netzwerke zur L&ouml;sung von Klassifikationsproblemen.
year : 1990
author 0 : Andreas Sch&uuml;tte

title : Internetwork resource management protocol: IRMP ; verteilte Ressourcenverwaltung zur Bereitstellung von Kommunikationsdiensten mit zugesicherten Qualit&auml;ten im Internet.
year : 1997
author 0 : Spyridon Damaskos

title : Hierarchical planning under uncertainty.
year : 2018
author 0 : Felix Richter

title : Computer und verbale Daten: Chancen zur Innovation sozialwiss. Forschungstechniken.
year : 1988
author 0 : Udo Kuckartz

title : Abstrakte virtuelle Illusionen f&uuml;r die Schlaganfalltherapie: wie mit Hilfe virtueller Umgebungen motorisches Lernen gef&ouml;rdert werden kann.
year : 2015
author 0 : Thomas Sch&uuml;ler

title : Valenz und Kongruenzbeziehungen: e. Modell zur Vereindeutigung von Verben in d. maschinellen Analyse u. &Uuml;bers.
year : 1983
author 0 : Monika Weissgerber

title : Objektorientierte Bewegungsanalyse in Bildfolgen.
year : 1992
author 0 : Wolfgang Guse

title : Integration neuronaler Vektorquantisierer in ein Hidden-Markov-Modell-basiertes System zur automatischen Spracherkennung.
year : 1999
author 0 : Christoph Neukirchen

title : Zur Abbildung unscharfer Wissensbasen innerhalb geschlossener Gefechtssimulationssysteme.
year : 2020
author 0 : Ron Alexander W&ouml;rsd&ouml;rfer

title : Visuelle Aufmerksamkeit und neuronale Netzwerke: ein interdisziplin&auml;rer Ansatz zur Analyse komplexen Probleml&ouml;severhaltens.
year : 1993
author 0 : Paul Krappmann

title : Client- server system for web-based visualization and animation of learning content.
year : 2018
author 0 : Zheng Lu 0006

title : Robust Entity Linking in Heterogeneous Domains.
year : 2017
author 0 : Stefan Zwicklbauer

title : Modulare Systemplattformen f&uuml;r offene Steuerungssysteme.
year : 1999
author 0 : Wolfgang Sperling

title : Digitalisierung konventioneller R&ouml;ntgenaufnahmen: klinische Wertigkeit und experimentelle Untersuchungen zur Reduktion der Strahlendosis.
year : 1992
author 0 : Carlos Hernando Buitrago-T&eacute;llez

title : Security and Privacy in the Internet of Things: Technical and Economic Perspectives.
year : 2019
author 0 : Philipp Morgner

title : Ein nichtlineares Optimierungsverfahren zur Traglastberechnung mittels statischer Methode und seine Anwendung auf drehsymmetrisch belastete Rotationsschalen.
year : 1982
author 0 : Martin B&ouml;ttger

title : Applied timed testing: Testautomatisierung in industriellen Testprozessen von eingebetteten Systemen.
year : 2012
author 0 : Ralf Mitsching

title : Entwicklung eines evolutionsstrategischen Formgebungsautomaten.
year : 1990
author 0 : Gotthard Schulte-Tigges

title : Prognose regionaler Wohnungsnachfrage.
year : 1983
author 0 : J&uuml;rgen Gabriel

title : Eine universelle Ausleseschnittstelle f&uuml;r das COMPASS-Experiment.
year : 2003
author 0 : Andreas Gr&uuml;nemaier

title : A new technique for deterministic scan based built in self test (BIST).
year : 2003
author 0 : Huaguo Liang

title : Art und Ort der gegenseitigen Beeinflussung von Reizmerkmalen in der visuellen Informationsverarbeitung, ein empirischer Vergleich der Modelle von Estes sowie Shiffrin und Geisler.
year : 1980
author 0 : Dorothea Lange

title : Tracking und Formsch&auml;tzung ausgedehnter Objekte.
year : 2020
author 0 : Markus Sch&uuml;tz

title : Kombination von Planspieltechnik und Computer Based Training zur Schulung von Eink&auml;ufern im Handel: M&ouml;glichkeiten zur Messung u. Verbesserung d. Entscheidungsverhaltens, dargest. an e. konkreten Schulungsprozess.
year : 1987
author 0 : Michael A. Curth

title : Die Anwendung von neuronalen Netzen in der Marketingforschung.
year : 1993
author 0 : Diana Rittinghaus-Mayer

title : Ein Simulationsmodell zur Unterst&uuml;tzung von Pflanzenschutz-Entscheidungen im Agro-&Ouml;kosystem Winterweizen.
year : 1984
author 0 : Angelika Adner

title : Generic Topology Optimization Based on Local State Features.
year : 2017
author 0 : Nikola Aulig

title : Entwurf und Optimierung einer Echtzeit-Prozesskommunikation f&uuml;r die Schutz-und Leittechnik der elektrischen Energieversorgung.
year : 2016
author 0 : Michael Kaliwoda

title : Untersuchungen zur Fehlerdiagnose bei speicherprogrammierbaren Steuerungen.
year : 1990
author 0 : H&eacute;ctor Obri&eacute;n Kaschel C&aacute;rcamo

title : Aspect-oriented technology for dependable operating systems.
year : 2017
author 0 : Christoph Borchert

title : Gegenargumentieren in der Digitalkultur: Franz&ouml;sische Internetforenbeitr&auml;ge zu europapolitischen Fragen.
year : 2016
author 0 : Claudia Sofie Schmitz

title : Synergetische Computer beim Einsatz in angewandten Mustererkennungsproblemen.
year : 1995
author 0 : Thomas Wagner 0006

title : Stabile, echtzeitf&auml;hige Farbbildauswertung.
year : 1994
author 0 : Volker Rehrmann

title : Ein Planungsmodell und Arbeitssystem f&uuml;r Bauplanung: Entwurf e. mehrdimensionalen, definitor.-klassifikator. Modells zur Analyse u. Steuerung von Prozessen der Bauplanung.
year : 1982
author 0 : Eva-Maria Kreuz

title : Integration der Qualit&auml;tsentwicklung in featurebasierte CAD-CAM-Prozessketten.
year : 1994
author 0 : Klaus B&ouml;s

title : Designing and improving code-based cryptosystems.
year : 2014
author 0 : Mohammed Meziani

title : Automated label placement in theory and practice.
year : 1999
author 0 : Alexander Wolff 0001

title : Agentengest&uuml;tzte Verkehrssteuerung an Stra&szlig;enkreuzungen unter Ber&uuml;cksichtigung der Wertsch&auml;tzung der Fahrer.
year : 2012
author 0 : Heiko Schepperle

title : Untersuchung zur Etablierung und Validierung eines 3D-Ganganalysesystems in der Orthop&auml;die.
year : 1995
author 0 : Sylvia Mayer

title : Design of competitive paging algorithms with good behaviour in practice.
year : 2013
author 0 : Andrei Laurian Negoescu

title : The Convergence of Emerging Digital Technologies: Examining the Interplay of the Internet of Things and Distributed Ledger Technology.
year : 2021
author 0 : Jannik Lockl

title : Wissenschaftstheoretische und methodologische Aspekte der Informatik: zum Verh&auml;ltnis von Information u. Organisation sowie d. Rolle von Informationstechnologien in der Gesellschaft.
year : 1981
author 0 : Reiner Tschirschwitz

title : Dynamische Systemsimulation im Rahmen des Elementkonzeptes.
year : 2012
author 0 : Matthias W. Raif

title : Gadgets for perfect matching problems.
year : 2015
author 0 : Simon Straub

title : Confidential Data-Outsourcing and Self-Optimizing P2P-Networks: Coping with the Challenges of Multi-Party Systems.
year : 2015
author 0 : Konrad J&uuml;nemann

title : Selected topics on balanced assignment problems.
year : 2021
author 0 : Arne Schulz

title : Untersuchungen zur Stabilit&auml;t einiger Ersatzprobleme der stochastischen Optimierung in Bezug auf &Auml;nderungen der zugrunde gelegten Zufallsvariablen.
year : 1982
author 0 : Bozena Friedrich

title : K&uuml;nstliche Intelligenz und Entscheidungstheorie.
year : 1992
author 0 : Thorsten Poddig

title : Nichtlineare Analyse und Klassifikation von instation&auml;ren Biosignalen mit Anwendung in der Kognitionsforschung / von Dunja Steuer.
year : 2001
author 0 : Dunja Jannek

title : Digitale Simulation von Gas-Fl&uuml;ssig-Dispersionssystemen.
year : 1985
author 0 : Saffet Turkan

title : Density-Aware Linear Algebra in a Column-Oriented In-Memory Database System.
year : 2016
author 0 : David Kernert

title : Accessing the interlocutor: recognition of interaction-related interlocutor states in multiple modalities.
year : 2020
author 0 : Olga Egorow

title : Multi-cue people detection from video.
year : 2013
author 0 : Stefan Walk

title : Rechnergest&uuml;tzter Layoutentwurf von Hybridschaltungen: Widerstandsberechnung, Entwurfsschritte, Layout&uuml;berpr&uuml;fung.
year : 1989
author 0 : Wolfgang Ro&szlig;mann

title : The Impact of DNSSEC on the Internet Landscape.
year : 2015
author 0 : Matth&auml;us Wander

title : Interpretable analysis of motion data.
year : 2021
author 0 : Babak Hosseini

title : Applikationsspezifische Prozessoren zur Punktkorrespondenzsuche in der Stereo-Bildverarbeitung f&uuml;r automotive Anwendungen.
year : 2018
author 0 : Nico Mentzer

title : Variantentechnologie unter besonderer Ber&uuml;cksichtigung von Elektrotechnik-CAD.
year : 2003
author 0 : Dirk Sch&auml;fer 0002

title : Softwareentwicklung zur Randelementmethode: Analyse und Entwurf effizienter Techniken.
year : 1995
author 0 : Christian Lage

title : Observing, Predicting, and Enforcing Properties of Interactions in Data Centers.
year : 2021
author 0 : Patrick Jahnke

title : Entwicklung eines orthop&auml;dischen Diagnosecodiersystems innerhalb des Klinikinformationssystems WING.
year : 1990
author 0 : Achim Michel

title : Algorithmic aspects of grammar-compressed trees.
year : 2019
author 0 : Carl Philipp Reh

title : Computerunterst&uuml;tzte Analyse der Untersuchungen &uuml;ber die Blutalkoholkonzentration im Einzugsgebiet des Institutes f&uuml;r Rechtsmedizin der Friedrich-Schiller-Universit&auml;t.
year : 1995
author 0 : Kathrin Bergmann

title : Zur Gestaltung eines rechnerunterst&uuml;tzten Informationssystems f&uuml;r eine flexible Leitung materialwirtschaftlicher Prozesse in Kombinaten.
year : 1988
author 0 : Sylvia Hintsche

title : Datensicherheit durch Datenschutz in rechnergest&uuml;tzten Systemen von Rechnungsf&uuml;hrung und Statistik.
year : 1990
author 0 : Klaus Werner 0003

title : Hilfsmittel zur Simulation im Rahmen der Einsatzvorbereitung eines Mikrorechnerreglers.
year : 1989
author 0 : Matthias Puschmann

title : A multimodal biosensor-based system with compatibility for telemonitoring and epidemiological services.
year : 2016
author 0 : Chen Chen 0025

title : Finite groups and graphs in cryptanalysis.
year : 1997
author 0 : Thilo Zieschang

title : Characterizing Formality.
year : 2019
author 0 : Demen G&uuml;ler

title : Auto-tuning and performance portability on heterogeneous hardware.
year : 2019
author 0 : David Pfander

title : Ein neuartiger Ansatz f&uuml;r die Integration produktdefinierender Daten.
year : 1988
author 0 : Klaus Pasemann

title : Fusion von Umfeld wahrnehmenden Sensoren in st&auml;dtischer Umgebung.
year : 2014
author 0 : Sebastian Ohl

title : Maschinelle &Uuml;bersetzung komplexer franz&ouml;sischer Nominalsyntagmen ins Deutsche.
year : 1984
author 0 : Hans Ulrich Block

title : Business process reengineering (BPR) und Workflow-Management-Systeme (WFMS) - Theorie und Praxis in der Schweiz.
year : 1997
author 0 : Ronald Schnetzer

title : Mensch-Maschine-Kommunikation in p&auml;dagogischen Prozessen.
year : 1981
author 0 : Frieder Gahmig

title : Verification of Well-Structured Graph Transformation Systems.
year : 2016
author 0 : Jan St&uuml;ckrath

title : Variants of the Graph Laplacian with Applications in Machine Learning.
year : 2017
author 0 : Sven Kurras

title : A multi-media data acquisition and information system for a university hospital environment, DIES - Data Interpretation and Evaluation System.
year : 1980
author 0 : Peter Ronald Pocklington

title : Machine Learning Approaches to Image Deconvolution.
year : 2017
author 0 : Christian J. Schuler

title : Konzeption und Stand des Einsatzes von data dictionaries.
year : 1995
author 0 : Thomas Myrach

title : Pr&auml;diktive Methoden f&uuml;r optimistische Synchronisationsprotokolle in der verteilten Simulation.
year : 1998
author 0 : Stefan Schmerler

title : MENTALESE - an architecture-agnostic analysis framework for binary executables.
year : 2021
author 0 : Behrad Garmany

title : Konzeption und Entwicklung eines PC-gest&uuml;tzten Lehrsystems der digitalen Signalverarbeitung f&uuml;r die universit&auml;re Ausbildung.
year : 1998
author 0 : J&ouml;rg Diedrichsen

title : A cycle-accurate coprocessor prototyping platform for system-on-chip.
year : 2014
author 0 : Silvio Dragone

title : Conveyor: a workflow engine for bioinformatics analyses.
year : 2012
author 0 : Burkhard Linke

title : Modeling and analyzing bias in recommender systems from multi-views: context, topic and evaluation.
year : 2021
author 0 : Jing Yuan

title : A semi-incremental model order reduction approach for fatigue damage computations.
year : 2020
author 0 : Shadi Alameddin

title : Verkopplungs-orientierte Modellbildung und Simulation instation&auml;rer Extrusionsprozesse.
year : 1995
author 0 : Klaus Panreck

title : An approach to the creation of precise, intelligible problem specifications of large reactive systems.
year : 2001
author 0 : Martin Kronenburg

title : Natural language processing: integration of automatic and manual analysis (Nat&uuml;rliche Sprachverarbeitung).
year : 2014
author 0 : Richard Eckart de Castilho

title : Graphentheoretische Ans&auml;tze f&uuml;r CAD-Werkzeuge in der CMOS-Technik.
year : 1989
author 0 : Michael Payer

title : Improving the internal quality of software through reputation-based gamification.
year : 2013
author 0 : Christian Reinhard Prause

title : Abbildung von XML-Dokumenten auf SQL:2003-konforme Datentypen.
year : 2012
author 0 : Kai Schweinsberg

title : Multimedia: Einsatzm&ouml;glichkeiten, Marktchancen und gesellschaftliche Implikationen.
year : 1999
author 0 : Hans-Peter Kolb

title : Fast texture based algorithms for vector field visualization.
year : 1999
author 0 : Detlev Stalling

title : Biopsychologie computerbasierten Lernens: physiologisches Aktivierungsgeschehen und visuelles Explorationsverhalten in mentalen Anforderungssituationen.
year : 1994
author 0 : Christoph Sczesny

title : Methodenentwicklung auf der Basis k&uuml;nstlicher neuronaler Netze f&uuml;r die Klassifikation und Vorhersage der biologischen Aktivit&auml;t von Molek&uuml;len.
year : 2008
author 0 : Alireza Givehchi

title : Zuverl&auml;ssige Gruppenkommunikationsdienste in ATM-Netzen.
year : 1997
author 0 : Georg Carle

title : Kinematik und Dynamik einer vierbeinigen Gehmaschine.
year : 1995
author 0 : Claus Mehren

title : Zeitoptimierte Verfahren zur Bestimmung des Datenerhalts und der Wiederbeschreibbarkeit von Doppel-Poly-EEPROM-Zellen: Korrelation zu technologischen und designabh&auml;ngigen Parametern.
year : 1998
author 0 : Jens Peper

title : Interaction of sensory and motor signals in the basal ganglia in health and disease.
year : 2019
author 0 : Mohammadreza Mohagheghi-Nejad

title : Untersuchungen zur mehrkanaligen adaptiven Ger&auml;uschreduktion f&uuml;r die Spracherkennung im Kraftfahrzeug.
year : 1999
author 0 : Thomas Lungwitz

title : A generative approach to customized run time platforms.
year : 2001
author 0 : Lothar Baum

title : Automation of a Portable Extracorporeal Circulatory Support System with the Use of Adaptive Fuzzy Controllers.
year : 2013
author 0 : Alejandro Mendoza Garc&iacute;a

title : Thesen f&uuml;r ein EG-konformes und modernes Telekommunikationsrecht des Beitrittswerbers &Ouml;sterreich = Tesis para un derecho de telecomunicaciones austriaco moderno y conforme a las normas comunitarias.
year : 1992
author 0 : Bernd Novak

title : Automatische Sprachsynthese deutscher W&ouml;rter mit Hilfe von silbenorientierten Segmenten.
year : 1984
author 0 : Helmut Dettweiler

title : Flexible Fertigungssysteme: Belegung, Steuerung, Datenorganisation.
year : 1988
author 0 : Georg Z&ouml;rntlein

title : Absicherung der analytischen Interpretation von Geolokalisierungsdaten in der Mobilfunkforensik.
year : 2019
author 0 : Andreas Dhein

title : Dialogorientiertes Reihenfolgeplanungsverfahren f&uuml;r automatische Formanlagen.
year : 1981
author 0 : Archim Heimann

title : Beitrag zur Variablenselektion und Mustererkennung bei zeitver&auml;nderlichen Transmissionsspektren.
year : 2018
author 0 : Doreen G&ouml;hler

title : Entwicklung einer Konzeption f&uuml;r den Informationsschutz unter besonderer Ber&uuml;cksichtigung des Zugriffs zu Datenbanken.
year : 1973
author 0 : Frank R. Bolz

title : Erkl&auml;rungen in wissensbasierten Lernsystemen am Beispiel eines Tutors zur Normalisierung von Datenbanken.
year : 1993
author 0 : Thomas R&auml;tz

title : Novel algorithms and rating methods for high-performance ECG classification.
year : 2013
author 0 : Christian Rockstroh

title : Making the Visual World Audible - Auditory Image Understanding for the Visually Impaired Based on a Modular Computer Vision Sonification Model.
year : 2013
author 0 : Michael Banf

title : Prinzipien des Entwurfs und der Realisierung eines Organisationsinformationssystems.
year : 1996
author 0 : Zhiyong Xu

title : Privatsph&auml;re, gibt's da nicht 'ne App f&uuml;r? - Verbesserung von Privatsph&auml;re-relevantem Verhalten durch bessere Informationen.
year : 2017
author 0 : Paul Gerber

title : Utility-based resource management for future mobile communications considering QoE.
year : 2016
author 0 : Ming Li 0042

title : Modellierung und Analyse verz&ouml;gerungs-unabh&auml;ngiger Schaltungen mit Petrinetzen.
year : 1996
author 0 : Dominik Gomm

title : Extending the Helios internet voting scheme towards new election settings.
year : 2017
author 0 : Oksana Kulyk

title : Robust deep learning for computer vision to counteract data scarcity and label noise.
year : 2020
author 0 : Duc Tam Nguyen

title : A study of resource allocation methods in virtualized enterprise data centres.
year : 2013
author 0 : Alexander Stage

title : Interactions of legacy internet traffic with multihop wireless networks.
year : 2012
author 0 : Harald Schi&ouml;berg

title : Sequence generation in dynamic field theory.
year : 2010
author 0 : Yulia Sandamirskaya

title : Deterministic Sampling for Nonlinear Dynamic State Estimation.
year : 2016
author 0 : Igor Gilitschenski

title : Vereinfachung logischer Formeln in einem Vorbeweiser.
year : 1988
author 0 : Thomas K&auml;ufl

title : Mathematische Modellierung und Simulation flexibler Fertigungssysteme in der Projektierung und Steuerung.
year : 1990
author 0 : Fred Feudel

title : Zur Entwicklung eines PSTV Untersystems Tragwerksprojektierung (Stahlbetongeb&auml;ude).
year : 1984
author 0 : Dieter Weitendorf

title : Rationale B&eacute;zier-Kurven und B&eacute;zier-Fl&auml;chenst&uuml;cke auf Quadriken.
year : 1995
author 0 : Roland Dietz

title : Cooperative and transparent machine learning for the context-sensitive analysis of social interactions.
year : 2018
author 0 : Tobias Baur 0001

title : Suche und Orientierung im WWW: Verbesserung bisheriger Verfahren durch Einbindung hypertextspezifischer Informationen.
year : 1999
author 0 : Bernard Bekavac

title : PC-gest&uuml;tzte Erfassung reduzierter Spektren und Peakprofile in der Massenspektrometrie: Untersuchung des elektronenstoss-induzierten Zerfalls ausgew&auml;hlter Trimethylsilyloxyanthrachinone.
year : 1994
author 0 : Martin Resch

title : Property verification of mixed data and control intensive designs.
year : 2003
author 0 : Claudia Blank

title : A Taxonomy Management System Supporting Crowd-based Taxonomy Generation, Evolution, and Management.
year : 2020
author 0 : Binh Vu

title : Evaluating processes involved in recognition decisions using different model comparison techniques.
year : 2021
author 0 : Anne Voormann

title : Einige Methoden der diskreten Mathematik zur Modellierung und Simulation verfahrenstechnischer Systeme.
year : 1984
author 0 : Winfried J&auml;nicke

title : Bedeutung der theoretischen und experimentellen Systemanalyse bei der Steigerung des Blockgewichts an einem Edelstahlwalzwerk mit Trio-Ger&uuml;st.
year : 1985
author 0 : Dirk Knips

title : Perspektiven der parallelen, ereignisgesteuerten Simulation am Beispiel von Warteschlangennetzen.
year : 1995
author 0 : J&ouml;rg Richter 0001

title : Eine Methodik zum Entwurf und zur Implementierung der Dialoggestaltung im rechnerunterst&uuml;tzten Konstruktionsprozess.
year : 1981
author 0 : Nikolaj Tkatschuk

title : Zur gezielten Beeinflussung der Qualit&auml;t von Computerprogrammen f&uuml;r die Vermittlung und Aneignung von Lehrinhalt.
year : 1990
author 0 : Angela Wernicke

title : Rechnergest&uuml;tzte globale topologische Analyse stark nichtlinearer, periodisch fremderregter, dynamischer Netzwerke und Systeme.
year : 1987
author 0 : Rainer Franke

title : Man&ouml;versimulation und Manoveridentifikation f&uuml;r die Man&ouml;verplanung in der Schiffsf&uuml;hrung.
year : 1991
author 0 : Mathias Jonas

title : Certifying Software Component Performance Specifications.
year : 2013
author 0 : Henning Groenda

title : Eine Sicherheitsarchitektur f&uuml;r kooperative offene Umgebungen.
year : 1994
author 0 : Michael Gehrke

title : Visuelle Aufmerksamkeit und lebenslanges Lernen im Wahrnehmungs-Handlungs-Zyklus.
year : 1999
author 0 : Fred Henrik Hamker

title : Beschreibung und Analyse kontextfreier Sprachen unter durchg&auml;ngiger Verwendung von Graphen.
year : 1989
author 0 : Helmut Roderus

title : EUDOK: eine algebraisch spezifizierte Entwicklungsumgebung f&uuml;r Dokumente.
year : 1989
author 0 : Peter Dolland

title : Graphmetriken und Isometrieprobleme zugeh&ouml;riger Distanzgraphen.
year : 1986
author 0 : Frieder Kaden

title : Verteilte Laufzeitverifikation auf eingebetteten Systemen: Logiken und Monitorkonstruktionen f&uuml;r asynchrone Prozesse.
year : 2016
author 0 : Malte Schmitz 0001

title : Efficient Cryptographic Constructions with Strong Security Guarantees.
year : 2021
author 0 : Rafael Kurek

title : Ein Beitrag zum Aufbau eines Expertensystems f&uuml;r den Einsatz von Bildverarbeitungskomponenten in der Qualit&auml;tssicherung der Oberfl&auml;chenmontage der Elektronik (SMT).
year : 1992
author 0 : Imina Burensaini

title : Kontinuierliche Qualit&auml;tskontrolle von Webanwendungen auf Basis maschinengelernter Modelle.
year : 2014
author 0 : Stephan Windm&uuml;ller

title : Parallel graph algorithms for finding weighted matchings and subgraphs in computational science.
year : 2012
author 0 : Madan Sathe

title : Automatische Akquisition unsicheren Wissens mittels neuronaler Lernverfahren.
year : 1995
author 0 : Jan Sch&auml;fer 0003

title : Eine deklarative Spezifikationsmethode zur Programmierung von Superrechnern.
year : 1990
author 0 : Thomas Ruppelt

title : Cybermoney - die rechtliche Struktur von Zahlungen im Internet: eine Untersuchung der Zahlungssysteme eCash und Millicent.
year : 2003
author 0 : Steffen B&ouml;hm-Rupprecht

title : Agentenbasierte Informationserschlie&szlig;ung im World Wide Web unter Einsatz von k&uuml;nstlichen neuronalen Netzen und Fuzzy-Logik.
year : 2001
author 0 : Frank Teuteberg

title : Das Prototyping-Projekt-Modell (PPM): ein systematisches Vorgehensmodell zur Entwicklung von Software-Prototypen und zur F&uuml;hrung und &Uuml;berwachung des Entwicklungsprozesses.
year : 1988
author 0 : J&uuml;rgen Berblinger

title : Numerical simulation of acoustic streaming within the cochlea.
year : 2013
author 0 : Christian Gerstenberger

title : Text-Bild-Beziehungen in multimedialen Dokumenten: eine Analyse aus Sicht von Wissensrepr&auml;sentation, Textstruktur und Visualisierung.
year : 2002
author 0 : Knut Hartmann

title : Distanz- und Suchprobleme in der algorithmischen Geometrie und Anwendungen in der Bioinformatik.
year : 1993
author 0 : Hans-Peter Lenhof

title : Zur Ber&uuml;cksichtigung von stochastischen Einfl&uuml;ssen bei der Ablaufplanung von Verkehrsbauprozessen, dargestellt am Beispiel der Witterung.
year : 1984
author 0 : Manfred Winkelmann

title : Perceptual modeling for stereoscopic 3D.
year : 2016
author 0 : Petr Kellnhofer

title : Cross-lingual transfer of semantic role labeling models.
year : 2017
author 0 : Mikhail Kozhevnikov

title : Ein dynamisches Simulationssystem f&uuml;r grosse Stadtstrassennetze, angewandt auf fl&auml;chenhafte Verkehrsberuhigung.
year : 1987
author 0 : Hans-Dieter Daum

title : Betriebssystem-integrierte experimentelle Leistungsbewertung verteilter Echtzeitsysteme.
year : 1990
author 0 : Peter Kohlhepp

title : Dezentrale elektronische Bekanntmachung &ouml;ffentlicher Ausschreibungen.
year : 1999
author 0 : Stefanie Zeitz

title : Untersuchung numerisch erzeugter Frontenparameter im Bereich konventionell analysierter Bodenfronten: e. Beitr. zur Anwendung u. Erforschung von Computerfronten im Rahmen d. synopt. Analyse.
year : 1987
author 0 : Heinz Helmut Eckner

title : Skalierbare Ausf&uuml;hrung von Prozessanwendungen in dienstorientierten Umgebungen.
year : 2012
author 0 : Steffen Prei&szlig;ler

title : Zur Klassifizierung, theoretischen Beschreibung und Bewertung lokaler Datensammelleitungen.
year : 1983
author 0 : Dirk Heger

title : Grundlagen und Entwicklung von Rahmenexpertensystemen f&uuml;r Aufgaben der Prozessf&uuml;hrung: das Expertensystemshell PROCON.
year : 1989
author 0 : Volker May

title : Planungssystem zur Steigerung der Autonomie von Kleinstsatelliten.
year : 2018
author 0 : Harald Wojtkowiak

title : Erfolgsfaktoren f&uuml;r die Entwicklung wissensbasierter Systeme im Finanzdienstleistungsbereich: Ableitung von Handlungsempfehlungen auf Basis einer empirischen Erhebung.
year : 1993
author 0 : Christoph N&ouml;cker

title : Entwurfsprinzipien, theoretische Grundlagen und rechentechnische Realisierung eines Finite-Elemente-Grafiksystems FEGRAF.
year : 1987
author 0 : Michael B&ouml;rgers

title : Object oriented specification of distributed systems.
year : 1997
author 0 : Ulrike Lechner

title : Automatic Emotion Recognition in the Voice of Children with Autism Spectrum Conditions.
year : 2019
author 0 : Erik Marchi

title : Entwurf und Implementierung eines modularen Debuggersystems zur Fehlersuche und Beobachtung von Software in heterogenen Systemen der Labor- und Prozessautomatisierung.
year : 1991
author 0 : Thomas G&ouml;dicke

title : Spezifikation und Synthese von arithmetischen Datenpfadkomponenten.
year : 1994
author 0 : Hans-J&uuml;rgen Brand

title : Ma&szlig;nahmen zur Steigerung von Verf&uuml;gbarkeit, Dienstg&uuml;te und Fairness in Netzen mit Client-Server-Anwendungen.
year : 2001
author 0 : Peter Hoener

title : Ein informationslogistisches Architekturkonzept zur Akquisition simulationsrelevanter Daten.
year : 2002
author 0 : Thomas Collisi

title : Ontology Alignment using Biologically-inspired Optimisation Algorithms.
year : 2012
author 0 : J&uuml;rgen Bock

title : Types, Abstraction and Parametric Polymorphism in Higher-Order Logic.
year : 2016
author 0 : Ondrej Kuncar

title : Enhancing mobility in low power wireless sensor networks.
year : 2018
author 0 : Jianjun Wen

title : Gestaltungsperspektiven f&uuml;r Mensch-Maschine-Interaktion im Lichte der Struktureigenschaften sprachlicher Kommunikation.
year : 1989
author 0 : Edeltraud Vomberg

title : Das Krankenhaus im Spannungsfeld technischer Entwicklung: die Einf&uuml;hrung von Krankenhausinformationssystemen ; theoretische &Uuml;berlegungen und empirische Befunde aus den L&auml;ndern Bundesrepublik Deutschland und USA.
year : 1992
author 0 : Karin Robisch

title : Wissensbasierte Unterst&uuml;tzung von Leasing-, Kreditkauf-Entscheidungen.
year : 1996
author 0 : Dirk Neuhaus

title : Verfahren zur Klassifikation von Partikeln in elektronenmikroskopischen Tomogrammen.
year : 2012
author 0 : Michael St&ouml;lken

title : Netzwerkmodelle abschaltbarer Leistungshalbleiter-Bauelemente.
year : 1994
author 0 : Dieter Metzner

title : Programmieren, konfigurieren, Mensch-Maschine-Dialog: e. Beitr. zu e. integrierten Programmentwicklungsumgebung f&uuml;r Multiprozessoren.
year : 1988
author 0 : Rudolf Eigenmann

title : Modellbasierte Entwicklung automobiler Steuerungssysteme in kleinen und mittelst&auml;ndischen Unternehmen.
year : 2013
author 0 : Michael Reke

title : Smartphones in general practice education / students' expectation towards, evaluation and adoption of an application on general practice, and its future potential.
year : 2016
author 0 : Maximilian Sandholzer

title : Pilotprojekt Campus-TV: die Universit&auml;t als kommunikativer Handlungstr&auml;ger.
year : 1988
author 0 : Ilse Harms-Emig

title : Computerwartung: ausgew&auml;hlte Rechtsprobleme der Wartung von EDV-Systemen.
year : 1999
author 0 : Michael Wohlgemuth

title : Model Driven Visual Programming for Serious Games.
year : 2016
author 0 : Niroshan Thillainathan

title : Experimentelle Expertsysteme f&uuml;r r&ouml;ntgenologische Diagnostikaufgaben unter Verwendung eines unscharfen Systemkonzeptes.
year : 1985
author 0 : Wolfgang Sch&uuml;ler

title : Eine quantitative automatische Methode zur Untersuchung von menschlicher Hirnrinde am Beispiel der Area striata normaler, adulter Gehirne.
year : 1980
author 0 : Bernward Sauer

title : Algorithmen zum effizienteren Einsatz der Finite-Element-Methode.
year : 1986
author 0 : Claus Bremer

title : Real-time detection and pose estimation of low-textured and texture-less objects.
year : 2011
author 0 : Stefan Hinterstoi&szlig;er

title : Die Modellierung heterogener Hafenumschlagsysteme f&uuml;r deren Kapazit&auml;tsplanung.
year : 1988
author 0 : Edelmiro Ricabal Delgado

title : Unifizierbare zweischichtige Grammatiken.
year : 1985
author 0 : Igor Varsek

title : Eine modellbasierte Methode zum strukturierten Entwurf virtueller Umgebungen.
year : 2001
author 0 : Christoph Brandt

title : Relativized polynomial hierarchies extending two levels.
year : 1981
author 0 : Hans Heller

title : Quantitative Estimation of Total Body Water Loss During Physical Exercise.
year : 2018
author 0 : Matthias Ring

title : Understanding the Impact of Network Infrastructure Changes using Large-Scale Measurement Platforms.
year : 2016
author 0 : Vaibhav Bajpai

title : Real time finite elements: a parallel computer application.
year : 2001
author 0 : Alex Rhomberg

title : Modellierung und Leistungsanalyse paralleler Systeme mit dem PRM-Netz-Modell.
year : 1995
author 0 : Alois Ferscha

title : Intraoperative Phasenerkennung zur Integration von Assistenzsystemen in den chirurgischen Arbeitsablauf.
year : 2017
author 0 : Luzie Schreiter

title : Visual complexity in human-machine interaction = Visuelle Komplexit&auml;t in der Mensch-Maschine Interaktion.
year : 2021
author 0 : Fabian Ries

title : Adaptivity engineering: modeling and quality assurance for self-adptive software systems.
year : 2013
author 0 : Markus Luckey

title : Nachhaltige Wettbewerbsvorteile in der net economy: die Rolle von Handelsintermedi&auml;ren im B-to-B-Electronic-Commerce.
year : 2003
author 0 : Dominik K. Heger

title : Generative Parametrische Modellierung von Strukturkomponenten f&uuml;r die technische Vererbung: Dissertation.
year : 2017
author 0 : Bastian Sauthoff

title : Emulation eines PRAM shared memory Modells mit Triton/1.
year : 1996
author 0 : Christian Herter

title : Open systems: e. lernendes Verwaltungssystem f&uuml;r d. rechnerunterst&uuml;tzte Methodenkonstruktion im Bereich d. Operations Research.
year : 1987
author 0 : Dirk Solte

title : Suche nach topologisch nichttrivialen Eigenschaften stark korrelierter Materialien.
year : 2014
author 0 : Michael Wagner 0022

title : Strategieorientierte Modellbildung f&uuml;r komplexe technische Expertensysteme.
year : 1997
author 0 : Gabriele Dorfstecher

title : Algebraic Calculi for Separation Logic.
year : 2015
author 0 : Han-Hing Dang

title : Partizipative CIM-Einf&uuml;hrung: Einsatz von Planungsgruppen zur Gestaltung einer CIM-Struktur.
year : 1993
author 0 : Ruth Bartels

title : Methods and Benchmarks for Auto-Scaling Mechanisms in Elastic Cloud Environments.
year : 2018
author 0 : Nikolas Roman Herbst

title : Scalable time series similarity search for data analytics.
year : 2015
author 0 : Patrick Sch&auml;fer 0001

title : Space bounded learning algorithms.
year : 1996
author 0 : Foued Ameur

title : Entwurf und Implementierung eines Rechnernetzwerks f&uuml;r wissenschaftliche und technische Anwendungen unter Ber&uuml;cksichtigung des Prozessrechnermodellfalls SOLAS.
year : 1973
author 0 : Hermann Walter Meier

title : Neuronale Modelle nichtlinearer dynamischer Systeme mit Anwendung auf Musiksignale.
year : 1993
author 0 : Axel R&ouml;bel

title : From Election Fraud to Finding the Dream Team: A Study of the Computational Complexity in Voting Problems and Stability in Hedonic Games.
year : 2016
author 0 : Lena Schend

title : Advanced Lattice Boltzmann Models for the Simulation of Additive Manufacturing Processes.
year : 2017
author 0 : Regina Degenhardt

title : Incorporating software product line knowledge into requirements processes.
year : 2013
author 0 : Sebastian Adam

title : Eine neue Modifikation des Newtonverfahrens f&uuml;r nichtrestringierte und linear restringierte Optimierungsprobleme mit Mehrfachinaktivierung im linear restringierten Fall.
year : 1985
author 0 : Norbert Heinrich

title : Sicherheit und Anonymit&auml;t in der Vorratsdatenspeicherung.
year : 2012
author 0 : Markus Hinkelmann

title : Methodik zur Entwicklung firmenbezogener CAD-Softwarekonzepte.
year : 1985
author 0 : Michael Abramovici

title : Die Arbeitsraumgestaltung manueller Montagearbeitspl&auml;tze mit graphischen und wissensbasierten Methoden.
year : 1988
author 0 : Klaus Lay

title : Wissensbasierte Qualit&auml;tsassistenz zur Konstruktion von Pr&uuml;fstrategien f&uuml;r Softwarekomponenten.
year : 1993
author 0 : Peter Liggesmeyer

title : Schedulingstrategien f&uuml;r das Multiplexen audiovisueller Datenstr&ouml;me unter Ber&uuml;cksichtigung von Dienstg&uuml;te.
year : 2000
author 0 : J&uuml;rgen Deicke

title : ESyNN - ein Neuronenmodell zur effizienten Simulation von Korrelation in neuronalen Netzen.
year : 2003
author 0 : Holger D&uuml;rer

title : Effiziente Strategien und Werkzeuge zur Generierung und Verwaltung von e-Learning-Systemen.
year : 2001
author 0 : Mechthild Uesbeck

title : User concepts for in-car speech dialogue systems and their integration into a multimodal human-machine interface.
year : 2010
author 0 : Sandra Mann

title : Analyse-Synthese-Codierung basierend auf dem Modell bewegter, dreidimensionaler Objekte.
year : 1995
author 0 : J&ouml;rn Ostermann

title : Improving security and resilience capabilities of the internet infrastructure.
year : 2019
author 0 : Christoph Dietzel

title : Entwurfsprinzipien von FE-Programmen f&uuml;r hochgradig nichtlineare Probleme.
year : 1984
author 0 : Peter Hermann

title : Probabilistic graphical models for credibility analysis in evolving online communities.
year : 2017
author 0 : Subhabrata Mukherjee

title : Ein verteiltes Scheduler-System f&uuml;r Mehrprozessorrechner mit gemeinsamem Speicher: Untersuchungen zur Ablaufplanung von parallelen Programmen.
year : 1993
author 0 : Wolfgang E. Nagel

title : A knowledge management infrastructure for systematic improvement in software engineering.
year : 2001
author 0 : Andreas Birk 0001

title : Ein modallogisch beschriebenes Expertensystem, ausgef&uuml;hrt am Beispiel von Ohrenerkrankungen.
year : 1984
author 0 : Thomas Wetter

title : Of assembling small sculptures and disassembling large geometry.
year : 2013
author 0 : Jens Kerber

title : Optimization of multilayer feedforward neural networks.
year : 1996
author 0 : Jun Han 0009

title : Multimodal input fusion for companion technology.
year : 2018
author 0 : Felix Sch&uuml;ssel

title : Analyse und Quantifizierung von Einflussfaktoren auf die Durchlassf&auml;higkeit von Seeh&auml;fen.
year : 1981
author 0 : Marina Blechschmidt

title : RISC und CISC: Optimierung und Vergleich von Architekturen.
year : 1991
author 0 : Silvia Melitta M&uuml;ller

title : Zur Sicherheit von globalem, elektronischem Nachrichtenaustausch.
year : 1997
author 0 : Burkhard Wiegel

title : Dynamisches Verhalten mikromechanischer Strukturen: Finite-Elemente-Simulation zur Entwurfsunterst&uuml;tzung und deren messtechnische Verifikation.
year : 1994
author 0 : Thomas Fabula

title : Zur zuverl&auml;ssigkeitsgerechten Entwicklung und Projektierung von BMSR-Anlagen.
year : 1978
author 0 : Norbert Brau

title : Context based bioinformatics.
year : 2013
author 0 : Gergely Csaba

title : Schulpolitik als Resultat von Machtrelationen: computerunterst&uuml;tzte Datenanalyse d. Schulpolitik in Nordrhein-Westfalen von 1950 bis 1966.
year : 1984
author 0 : Margot F&auml;lker

title : Prototypingorientierte Systemspezifikation: Konzepte, Methoden, Werkzeuge und Konsequenzen.
year : 1989
author 0 : Rudolf K. Keller

title : Sch&uuml;ler denken am Computer: eine Untersuchung &uuml;ber den Einfluss von Repr&auml;sentationsformen und kognitiven Strategien beim Konstruieren und Analysieren von Algorithmen.
year : 1985
author 0 : Christa Kaune

title : Learning the Non-Coding Genome.
year : 2018
author 0 : Max Schubach

title : Quantitative Beschreibung des Ertragsverlaufes und der Qualit&auml;tsentwicklung von Gr&uuml;nlandbest&auml;nden durch dynamische rechnergest&uuml;tzte Modelle.
year : 1987
author 0 : Ernst-Christian Petersen-Fredrich

title : Obere und untere Schranken f&uuml;r Schaltkreise und Verzweigungsprogramme.
year : 1989
author 0 : Stephan Waack

title : Justified test foci definition: an empirical approach.
year : 2011
author 0 : Timea Monika Illes-Seifert

title : Tricepshautfaltenmessung mittels Kaliper in der Geriatrie: M&ouml;glichkeiten ihrer Anwendung.
year : 1987
author 0 : Hermann T&ouml;lle

title : Entwicklung eines rechnerunterst&uuml;tzten Informationssystems f&uuml;r das Qualit&auml;tsmanagement.
year : 1995
author 0 : Matthias M&ouml;bus

title : Verbesserung der Objekt-Verwaltung f&uuml;r Benutzer objektorientiert strukturierter Systeme auf Basis einer standardisierten Dialogschnittstelle.
year : 1993
author 0 : Hans-Ludwig Stahl

title : Ambient assisted living with dynamic interaction ensembles.
year : 2014
author 0 : Bashar Altakrouri

title : Bewertung von Systemstrukturen externer Rechner im Btx-Rechnerverbund hinsichtlich ihrer qualitativen und quantitativen Leistungsmerkmale.
year : 1990
author 0 : Thomas Braun

title : Resource Management for Efficient, Scalable and Resilient Network Function Chains.
year : 2018
author 0 : Sameer G. Kulkarni

title : App use and patient empowerment in diabetes self-management: advancing theory-guided mHealth research.
year : 2020
author 0 : Nicola Brew-Sam

title : Preventing the Leakage of Privacy Sensitive User Data on the Web.
year : 2021
author 0 : Martin Koop

title : Discovery and visualization of interesting patterns.
year : 2013
author 0 : Matthias Steinbrecher

title : Digitalfilterstrukturen als Signalgeneratoren.
year : 1995
author 0 : Kristina Kelber

title : M&ouml;glichkeiten der optischen Beobachtung von Details in stochastisch bewegten Objekten.
year : 1976
author 0 : Peter Fuchs

title : Komplexit&auml;tsklassen von Funktionen.
year : 1994
author 0 : Heribert Vollmer

title : Verification of Structural and Extra-Functional Properties in Component and Connector Models for Embedded and Cyber-Physical Systems.
year : 2020
author 0 : Michael von Wenckstern

title : Enabling Functional Integration Testing by Using Heterogeneous Models.
year : 2016
author 0 : Thomas Bauer 0002

title : Synthesis of synchronous programs to parallel software architectures.
year : 2013
author 0 : Daniel Baudisch

title : Objektorientierte Benutzersichten auf eine relationale Datenbank f&uuml;r ein klinisches Forschungs-Informationssystem und einen graphischen Anfragegenerator.
year : 1994
author 0 : Friedemann Banhart

title : Laufzeitmodellbasierte Pr&uuml;fung von Cloud-Applikationen gegen Geolokationsvorgaben.
year : 2019
author 0 : Eric Schmieders

title : Lokale Modellierung in Datenbanken zur Voraussage von Stoffkonstanten organischer Verbindungen.
year : 1997
author 0 : Martin Junghans 0003

title : Analysegenauigkeit und Praktikabilit&auml;t eines Langzeit-EKG-Computers im Routinebetrieb.
year : 1987
author 0 : Manfred Dittmar

title : Tracing requirements and source code during software development.
year : 2013
author 0 : Alexander Delater

title : Methoden und Werkzeuge zur Entwicklung von Zellenrechnersoftware.
year : 1996
author 0 : Thomas Koch 0004

title : Zur Entscheidbarkeit des Untergruppenproblems f&uuml;r Gruppen mit kanonischen Darstellungen.
year : 1991
author 0 : Norbert Kuhn

title : Studying the origin and functional impact of genomic sequence variants by next-generation sequencing.
year : 2013
author 0 : Thomas Zichner

title : Ein algebraischer Zugang zur operationalen Semantik gleichungspartieller Horntheorien.
year : 1988
author 0 : Uwe Wolter

title : Everyday perception for mobile manipulation in human environments.
year : 2012
author 0 : Ulrich Klank

title : Organisationsspielraum und B&uuml;roautomation: zur Bedeutung von Spielr&auml;umen bei d. Organisation automatisierter B&uuml;roarbeit.
year : 1985
author 0 : J&ouml;rg Sydow

title : &Auml;hnlichteilbasierte Auslegung von Stadienfolgen in der Warmmassivumformung.
year : 1997
author 0 : Bernd Buchholz 0001

title : Structure-preserving model order reduction for network systems / Petar Mlinari&#263; ; Gutachter: Peter Benner.
year : 2020
author 0 : Petar Mlinaric

title : Spezifikation von Programmiersprachen und &Uuml;bersetzern.
year : 1986
author 0 : J&uuml;rgen Uhl

title : Interface Lifecycle Management on Enterprise Landscape Level.
year : 2017
author 0 : Lama Balloul

title : Systematische Entwicklung von Evaluationsverfahren zur Beurteilung der Benutzerfreundlichkeit von CAD-Systemen.
year : 1992
author 0 : Joachim Englisch

title : A method for the specification by views.
year : 1990
author 0 : Wolfgang Ditt

title : Wissensbasierte Simulation einer Organisation.
year : 1988
author 0 : Sigrid D. Unseld

title : Entwicklung eines digitalen Bildverarbeitungssystems auf Mikrorechnerbasis zur Interpretation elektronenmikroskopischer Aufnahmen.
year : 1988
author 0 : Martin Taege

title : Longitudinal Research in Human-Computer Interaction.
year : 2011
author 0 : Jens Gerken

title : Konstruktive neuronale Lernverfahren auf Parallelrechnern.
year : 1995
author 0 : Lutz Prechelt

title : Produktivit&auml;tssteigerung bei der Entwicklung komplexer Softwareprodukte durch adaptierte Entwicklungsumgebungen: Untersuchung anhand der ABAP-Entwicklungsumgebung des SAP NetWeaver.
year : 2014
author 0 : Maximilian Reiter

title : Automatische Erzeugung von Maschinencode-Optimierern.
year : 1981
author 0 : Robert Giegerich

title : Semantic Question Answering Over Knowledge Graphs: Pitfalls and Pearls.
year : 2021
author 0 : Hamid Zafartavanaelmi

title : Hypertextstrukturen als Grundlage f&uuml;r integrierte Wissensakquisitionssysteme.
year : 1994
author 0 : Uwe Schreiweis

title : Fahrzeugeigenlokalisation im Kontext hochautomatisierter Fahrfunktionen.
year : 2012
author 0 : Florian Homm

title : Buffered Simulation for B&uuml;chi Automata.
year : 2019
author 0 : Milka Hutagalung

title : Simulation von Stadtgestalt: unter besonderer Ber&uuml;cksichtigung des Computereinsatzes.
year : 1983
author 0 : Bernd Streich

title : Orakelabh&auml;ngige Zeithierarchies&auml;tze.
year : 2000
author 0 : Robert Rettinger

title : Nat&uuml;rliche Semantik f&uuml;r imperative und objektorientierte Programmiersprachen.
year : 1999
author 0 : Sabine Glesner

title : The way to a smarter community: exploring and exploiting data modeling, big data analytics, high-performance computing and artificial intelligence techniques for applications of 2D energy-dispersive detectors in the crystallography community.
year : 2020
author 0 : Amir Tosson

title : Werkzeuge zur Optimierung von logischen Programmen: Erkenntnisse aus einem Vergleich mit attributierten Grammatiken.
year : 1989
author 0 : Athanassios Tsakpinis

title : Rechnergest&uuml;tzte Planung von FTS-Anlagen.
year : 1989
author 0 : Klaus-Dieter Rosenbach

title : Realisierung von Dialogprogrammiersystemen auf der Grundlage von Attribut-Grammatiken.
year : 1984
author 0 : Siegmar Lieber

title : Untersuchungen zur Inzidenz, &Auml;tiologie und Pr&auml;vention nosokomialer Infektionen auf einer kombinierten interdisziplin&auml;ren Intensiv- und chirurgischen Wachstation unter Anwendung eines standardisierten Datenerfassungsmittels.
year : 1988
author 0 : Angela Stephan
author 1 : Dieter Suske

title : Long-term planning and reactive execution in highly dynamic environments.
year : 2020
author 0 : Xenija Neufeld

title : Effiziente Entscheidungsverfahren zur E-Unifikation.
year : 2000
author 0 : J&ouml;rn Richts

title : Das ROSA-Verfahren zur Modellierung dynamischer Systeme durch Regeln mit statistischer Relevanzbewertung.
year : 1994
author 0 : Michael Krabs

title : Reasoning with Mixed Qualitative-Quantitative Representations of Spatial Knowledge.
year : 2012
author 0 : Giorgio De Felice

title : Self-adaptation and scalability in multi-agent societies.
year : 1999
author 0 : Christian Gerber

title : Assistierende virtuelle Kraftfelder bei handgef&uuml;hrten Robotern.
year : 2019
author 0 : Florian M&uuml;ller 0009

title : Informationstheoretische Untersuchungen zur Approximation von &Uuml;bertragungskan&auml;len.
year : 1995
author 0 : Heinrich Schwarte

title : Der Schutz von Computerprogrammen und -chips in der Bundesrepublik Deutschland und in den USA.
year : 1988
author 0 : Walburga Kullmann

title : A program package for the migration of seismic data from shallow, intermediate and deep surveys.
year : 1987
author 0 : Obima Oragwu

title : Fuzzy-Prototyp-Klassifikatoren und deren Anwendung zur automatischen Merkmalsselektion.
year : 1998
author 0 : Clemens Otte

title : Compilerimplementierung f&uuml;r das Betriebssystem MUTOS am Beispiel der Sprache PLZ.
year : 1987
author 0 : Joachim Jost

title : Enriching mobile interaction with garment-based wearable computing devices.
year : 2016
author 0 : Stefan Schneegass

title : Utility-based Allocation of Resources to Virtual Machines in Cloud Computing.
year : 2014
author 0 : Dorian Minarolli

title : A state space world for detecting and estimating events and learning sparse signal decompositions.
year : 2017
author 0 : Nour Zalmai

title : Privacy by default in the European Union proposal for data protection regulation: studies on the impact of restrictive default privacy settings on the exchange of personal information on social network sites.
year : 2015
author 0 : Markus Tschersich

title : Approximate analysis methods for stochastic process algebras.
year : 1998
author 0 : Vassilis Mertsiotakis

title : Integration von Technologieroadmaps in die Planung der Unternehmensarchitektur von Energieversorgungsunternehmen.
year : 2015
author 0 : Christian D&auml;nekas

title : Roboternetze: innovative Realisierungen und neue Anwendungsperspektiven.
year : 1995
author 0 : Michael Kerndlmaier

title : Reglersynthese zur Entkopplung und Reduktion von St&ouml;rgr&ouml;&szlig;en f&uuml;r nichtlineare Systeme.
year : 2003
author 0 : Markus Br&ouml;cker

title : Simulator for Minimally Invasive Vascular Interventions: Hardware and Software.
year : 2018
author 0 : Pablo A. Baier

title : Synchronisation in Datenbanksystemen f&uuml;r heterogene Anwendungen.
year : 1993
author 0 : Michael Ranft

title : Herstellungsbeziehungen zwischen Maschinen in Rechensystemen.
year : 1981
author 0 : Roland Hecker

title : Coding of Higher Order Motion Parameters for Video Compression.
year : 2018
author 0 : Cordula Heithausen

title : Die Unterst&uuml;tzung der Markt- und Bedarfsforschung in der Lebensmittelindustrie (Nahrungsg&uuml;terwirtschaft) durch die Anwendung &ouml;konomisch-mathematischer Methoden und der elektronischen Datenverarbeitung.
year : 1983
author 0 : Joachim Fechner

title : Untersuchungen zum Fachwortschatz der Kraftfahrzeugtechnik unter besonderer Ber&uuml;cksichtigung des Aufbaus einer deutsch-chinesischen Terminologiedatenbank f&uuml;r Kraftfahrzeugtechnik.
year : 1995
author 0 : Gengfu Zhou

title : Simulation und Vergleich von ein- und mehrphasigen neuronalen Lernvorg&auml;ngen in Assoziativspeichern.
year : 1989
author 0 : Katrin Schickhoff

title : Ein echtzeitf&auml;higes System zur Gewinnung von Tiefeninformation aus Stereobildpaaren f&uuml;r konfigurierbare Hardware.
year : 2014
author 0 : Maximilian Buder

title : Entwicklung und Realisierung von Steuersoftware f&uuml;r Rasterelektronenmikroskope in Hinblick auf deren Anwendung in Testverfahren der Mikroelektronik.
year : 1994
author 0 : Stanislav Simeonov

title : Sprachcodierung bei sehr niedrigen Bitraten unter Verwendung verlustbehafteter und verlustloser Interblock-Codes.
year : 1995
author 0 : Stefan Bruhn

title : Efficient indexing for big data in Hadoop MapReduce and main memory databases.
year : 2016
author 0 : Stefan Richter 0007

title : Development of a self-learning approach applied to pattern recognition and fuzzy control.
year : 2012
author 0 : Hammoud Aljoumaa

title : Microservice-based Reference Architecture for Semantics-aware Measurement Systems.
year : 2020
author 0 : Eric Braun

title : Techniken des Prozessmanagements in der Informationssystementwicklung.
year : 1995
author 0 : Walter Jenny

title : Einsatz von K&uuml;nstlichen Neuronalen Netzen f&uuml;r ausgew&auml;hlte betriebswirtschaftliche Aufgabenstellungen und Vergleich mit konventionellen L&ouml;sungsverfahren.
year : 1994
author 0 : Thomas Lohrbach

title : Spektrales Lochbrennen und optische Datenspeicherung.
year : 1988
author 0 : Stephan Emanuel Bucher

title : Integration von Berechnungswerkzeugen in den rechnerunterst&uuml;tzten Konstruktionsproze&szlig;.
year : 1997
author 0 : Christoph L&ouml;ffel

title : Machine learning on encrypted data.
year : 2018
author 0 : Angela Wiesberg

title : Analysis of electromagnetic interference in server casings.
year : 2016
author 0 : Alexander Vogt

title : A process centered requirements engineering environment.
year : 1995
author 0 : Klaus Pohl

title : Ein Verfahren zur Optimierung der mittel- und langfristigen Abbauplanung in Festgesteinstagebauen unter schwierigen Lagerst&auml;ttenbedingungen.
year : 1984
author 0 : Eustace Alaphia Wright

title : Methodische Probleme und Verfahren der Projektierung von Datenbasissystemen, dargestellt am Beispiel des Entwurfs von DBS-R-Datenbasen.
year : 1982
author 0 : Volkhard Lange

title : Dynamische Texturw&auml;nde - ein Verfahren zur echtzeitorientierten Bildgenerierung f&uuml;r virtuelle Umgebungen technischer Objekte.
year : 1998
author 0 : Peter Ebbesmeyer

title : Ein computergest&uuml;tztes motorisches Lernsystem mit Parallelverarbeitung unter POS.
year : 1987
author 0 : Oskar Fodi

title : Modulare Systeme im wissenschaftlichen Ger&auml;tebau des Hochschulwesens der DDR.
year : 1985
author 0 : Heyo Mennenga

title : On Performance Assessment of Control Mechanisms and Virtual Components in SDN-based Networks.
year : 2018
author 0 : Anh Nguyen-Ngoc

title : Entwicklung eines modularen, farbcodierten Algorithmus zur cardiopulmonalen Reanimation und Implementierung in ein Computerselbstlernprogramm: Studie zur Verbesserung der Strukturqualit&auml;t im Rettungsdienst.
year : 1994
author 0 : Reinhold Kerkmann

title : Beitr&auml;ge zur technologischen Projektierung und Vereinheitlichung im Rahmen der komplexen rechnergest&uuml;tzten Produktionsvorbereitung.
year : 1985
author 0 : Siegfried Reinich
author 1 : Karl Schubert

title : Ein objektorientiertes Konstruktionsexpertensystem mit Regelmethoden.
year : 1995
author 0 : Christoph Meinecke

title : Verbreitungsprobleme von computergest&uuml;tzten Informationssystemen in der Personalwirtschaft: Bestandsaufnahme u. &Uuml;berwindungsansatz.
year : 1982
author 0 : Edmund Groh

title : Zielcodebeschreibung in CDL (D).
year : 1988
author 0 : Uwe Firus

title : Auswahl von Mitgliedern virtueller Teams: Entwicklung und Validierung eines Online-Testverfahrens.
year : 2003
author 0 : Katrin Lehmann

title : Speicherverwaltung und Kollisionsbehandlung in transaktionsbasierten verteilten Betriebssystemen.
year : 1996
author 0 : Stefan Traub

title : Ergebnisse einer retrospektiven Patientendatenerfassung &uuml;ber therapeutische Massnahmen bei Basaliomen, benignen Tumoren und tumor&auml;hnlichen Proliferationen im Mund-, Kiefer- und Gesichtsbereich unter Verwendung eines optimierten Datenbanksystems.
year : 1995
author 0 : Karin Batemis

title : Rechnergest&uuml;tzte Analyse von Personenstr&ouml;men in Geb&auml;uden: Pilotl&ouml;sung eines interaktiven Arbeitsplatzes f&uuml;r den funktionellen Entwurf.
year : 1984
author 0 : Helmut Ziermann

title : Entwicklung zweier Programmsysteme zur Konstruktion von 3D-Molek&uuml;lmodellen organischer Verbindungen nach neuen Konzepten: das Expertensystem Rococo2 ; der Aliphatenkonstruktor PROOPT.
year : 1994
author 0 : Jozsef Ferincz

title : Advanced handover management in future wireless networks using prediction of QoS.
year : 2016
author 0 : Yunqi Luo

title : Direkte und proportionale Ansteuerung einzelner Finger von Handprothesen.
year : 2011
author 0 : Stefan Herrmann

title : Gestaltung und Einsatz einer internetbasierten Lernumgebung zur Unterst&uuml;tzung selbstorganisierten Lernens.
year : 2003
author 0 : Karsten D. Wolf

title : Zustandscodierung sequentieller Schaltungen mit einschrittigen, wettlauffreien Codes.
year : 2000
author 0 : Wilfried Eisele

title : Wissensbasierte Analyse von Konformationen in kleinen Molek&uuml;len.
year : 2013
author 0 : Christin Sch&auml;rfer

title : A Reconfigurable Processor for Heterogeneous Multi-Core Architectures.
year : 2015
author 0 : Artjom Grudnitsky

title : Analyse expliziter Zustandsverwaltung als Mittel der Synchronisation.
year : 2018
author 0 : Martin Wittiger

title : 3-D-reconstruction for optimal representation of surroundings in automotive HMls, based on fisheye multi-cameras systems.
year : 2015
author 0 : Jos&eacute; Domingo Esparza Garc&iacute;a

title : Gestaltungsgrundlagen einer Informationssprache zur automatisierten Indexierung von Sachverhaltsaussagen medizinischer Befundtexte.
year : 1986
author 0 : Susanne Seffner

title : Untersuchung des Konvergenzverhaltens von Verfahren f&uuml;r die optimale Wegewahl in Rechnernetzen.
year : 1997
author 0 : Tarek Moustafa Mahmoud Shehata

title : An automatic recognition system for Chinese speech.
year : 1996
author 0 : Sam Tak-Wu Kwong

title : Efficient Algorithms for Routing a Net Subject to VLSI Design Rules.
year : 2020
author 0 : Markus Ahrens

title : An architecture for distributed interpretation of mobile programs.
year : 2002
author 0 : Peter M. Borst

title : Ein zielbasierter Ansatz f&uuml;r das Requirements Engineering modellbasierter Informations- und Kommunikationssysteme.
year : 1999
author 0 : R&uuml;diger Striemer

title : Konzeption und Realisierung eines rechnergest&uuml;tzten Planungs- und Informationssystems f&uuml;r die Projektplanung im deutschen Steinkohlenbergbau.
year : 1997
author 0 : Christian Levin

title : Rule-based geometric modelling.
year : 1987
author 0 : Beat D. Br&uuml;derlin

title : Nichtlineare Beobachter zur Sch&auml;tzung von Zustandsgr&ouml;ssen der L&auml;ngsbewegung eines Flugzeuges.
year : 1980
author 0 : Harald Seidel

title : Automatisierte Analyse heteronuklearer NMR-Spektren von Proteinen.
year : 1997
author 0 : Michael Leutner

title : Zur Modellierung und Simulation der Auswahl von Entscheidungen bei der operativen Steuerung der Produktionsdurchf&uuml;hrung.
year : 1982
author 0 : Joachim Kaufmann

title : Prozess&uuml;bergreifende Analyse komplexer Montageprozessketten mittels Data Mining.
year : 2021
author 0 : Christian Sand

title : Crafting digital doubles: Enhancing shape acquisition and material representation.
year : 2020
author 0 : Sebastian Thiel 0002

title : Konzepte und Architekturen von Software-Entwicklungs-Umgebungen der vierten und f&uuml;nften Generation.
year : 1989
author 0 : J&ouml;rg Richter 0002

title : Lagerichtige Handhabung bei der Off-line-Programmierung roboterisierter Montagesysteme.
year : 1991
author 0 : Andreas Wolf 0006

title : Beitrag zur Anwendung der Zuverl&auml;ssigkeitstheorie in der elektrischen Energieversorgung.
year : 1982
author 0 : Hans Roske

title : Entwicklung eines Verfahrens zur rechnerunterst&uuml;tzten Gestaltung verteilter Informationssysteme.
year : 1992
author 0 : Friedemann Reim

title : Deep reinforcement learning in robotics and dialog systems.
year : 2020
author 0 : Rui Zhao

title : Zur Kopplung von Mikroprozessoren.
year : 1990
author 0 : Mohamad Dib

title : Imbalance Learning and Its Application on Medical Datasets.
year : 2021
author 0 : Yachao Shao

title : Simulation und Erkl&auml;rung: Kognitionswissenschaft und KI-Forschung in wissenschaftstheoretischer Perspektive.
year : 1999
author 0 : Karsten Weber

title : An architecture for dynamically interacting agents.
year : 1996
author 0 : J&ouml;rg P. M&uuml;ller

title : Ein monet&auml;res liquidit&auml;tstheoretisch orientiertes, &ouml;konometrisches Vierteljahresmodell der Bundesrepublik Deutschland.
year : 1983
author 0 : Rolf Schneider 0002

title : Development of a modular systems code to analyse the implications of physics assumptions on the design of a demonstration fusion power plant.
year : 2013
author 0 : Tobias Hartmann 0003

title : Zur Genauigkeitssteigerung und Erstellung eines automatisierten Datenflusses beim trigonometrischen Nivellement mit kurzen Zielweiten.
year : 1985
author 0 : Reinhard Gottwald

title : Fl&auml;chen - Bahnen - Knoten: Geocaching als Praktik der Raumerzeugung.
year : 2015
author 0 : Paul Gebelein

title : Die Basisdokumentation der Chirurgischen Klinik Reutlingen und ihre Aussagen &uuml;ber die Ver&auml;nderungen des Krankengutes seit 1980.
year : 1997
author 0 : Johannes Friedemann Rosenberger

title : Kostenoptimale Bestellpolitiken im Mehr-Produkt-Lager.
year : 1981
author 0 : Alois Herbein

title : Encoder-decoder methods for semantic segmentation: efficiency and robustness aspects.
year : 2019
author 0 : Gabriel Leivas Oliveira

title : Wissensbasierte Planung f&uuml;r die minimal-invasive Chirurgie.
year : 2013
author 0 : Oliver Weede

title : Telekommunikation mit Personalcomputer f&uuml;r H&ouml;rbehinderte.
year : 1994
author 0 : Hans-Peter Kraus

title : Tourenplanung durch Einsatz naturanaloger Verfahren: Integration von genetischen Algorithmen und simulated annealing.
year : 1995
author 0 : Oliver Wendt

title : Synthetic magnetic resonance image reconstruction based on parametric weighted images for contrast enhancement at high field MRI.
year : 2013
author 0 : David Milford

title : Beyond the sum of parts: shape-based object detection and its applications.
year : 2013
author 0 : Pradeep Krishna Yarlagadda

title : Rechnerintegrierte Systemtechnik: objektorientiertes Konzept und Realisierung mit Parallelrechnern.
year : 1992
author 0 : Andreas Eppinger

title : Synchronisationsmechanismen in verteilten Objektsystemen.
year : 1994
author 0 : Torsten Wittkugel

title : Hardware und Echtzeit-Betriebssystemsoftware f&uuml;r verteilte Mehrmikrorechnersysteme.
year : 1988
author 0 : Wolfgang Rehm

title : Grundlagen der Planung und Abrechnung der Parallelverarbeitung von Stapel- und Dialogaufgaben auf EDVA des ESER zur Steigerung der Effektivit&auml;t des Verarbeitungsprozesses.
year : 1983
author 0 : Hubert Boenig

title : Erfolgsfaktoren virtueller Unternehmen: eine theoretische und empirische Untersuchung.
year : 2003
author 0 : Gregor Tjaden

title : Modellierung und Implementierung kommunizierender Systeme mit Hilfe von Regeln.
year : 1988
author 0 : Iris B. Neumeier-Mackert

title : Teil-&uuml;berwachtes und aktives Lernen mit unterschiedlichen annotierenden Personen zur Informationsextraktion in Texten.
year : 2020
author 0 : Matthias Bremm

title : Rekursive Strukturen auf Volterra-Basis zur aufwandsarmen Darstellung und Entzerrung von nichtlinearen Systemen.
year : 2002
author 0 : Veit Stefan Kafka

title : Zur Architektur geschlossener Gefechtssimulationsmodelle h&ouml;herer Abbildungsebene unter besonderer Ber&uuml;cksichtigung der Modellierung und Implementierung von F&uuml;hrungsprozessen.
year : 1990
author 0 : Thomas Rochel

title : Nonmonotonic reasoning: from theoretical foundation towards efficient computation.
year : 1989
author 0 : Gerhard Brewka

title : Beitrag zur Planung von Automatisierungsvorhaben unter technischen, ergonomischen und sicherheitstechnischen Aspekten am Beispiel der Dosierung von Zytostatika mit Robotern.
year : 1994
author 0 : Andreas-Josef Mockenhaupt

title : Epidemic spreading and information dissemination in technological and social systems.
year : 2014
author 0 : Adrian Ogierman

title : Considering unknown unknown: reconstruction of non-confoundable causal relations in biological networks.
year : 2013
author 0 : Mohammad Javad Sadeh

title : Objektorientierte Integration von autonomen Datenhaltungssystemen.
year : 1994
author 0 : Martin H&auml;rtig

title : Formalization and Detection of Host-Based Code Injection Attacks in the Context of Malware.
year : 2018
author 0 : Thomas Felix Barabosch

title : Stichplanoptimierung als wichtiges Mittel zur Projektierung, beim Betrieb und bei der Automatisierung von Kaltwalz-Reversierwalzwerken.
year : 1980
author 0 : Henning Helmdach
author 1 : Marian Siwek

title : Learning by Association: Strategies for solving computer vision tasks with less labeled data.
year : 2018
author 0 : Philip H&auml;usser

title : Eine objektorientierte Architektur f&uuml;r die Entwicklung von flexiblen Telekommunikations-Anwendungen.
year : 1995
author 0 : Jens-Peter Redlich

title : Sprachhandlungen, &Uuml;bungsgestaltung und Gespr&auml;chsbef&auml;higung auf der Anfangsstufe der berufsbezogenen computergest&uuml;tzten Sprachintensivausbildung Portugiesisch unter linguistischem und fremdsprachendidaktischem Aspekt.
year : 1991
author 0 : J&uuml;rgen Gr&ouml;schl

title : Smart software engineering: Gestaltung agiler Methoden und Technologien zur Verbesserung der Softwareentwicklungsprozesse mittelst&auml;ndischer Systemh&auml;user.
year : 2021
author 0 : Marco Barenkamp

title : Technikwandel und Volksparteien: die technologiepolitischen Strategien von SPD und CDU in der Diskussion &uuml;ber den Ausbau des technischen Kommunikationssystems.
year : 1994
author 0 : Dieter Klumpp

title : Eingabesprachen f&uuml;r rechnergest&uuml;tzte Laien-Informationssysteme.
year : 1985
author 0 : Lothar M&uuml;hlbach

title : Cooperative Internet Access in Resource Constrained Environments.
year : 2011
author 0 : Martin Stiemerling

title : Three Essays on the Economics of Online Games.
year : 2011
author 0 : Christoph Safferling

title : Charakterisierung stabiler Konfigurationen auf bin&auml;ren, linearen und verallgemeinert linearen zellularen Automaten.
year : 1981
author 0 : Gottfried Wolf

title : Entscheidungskonflikte in digitalen Anlagen.
year : 1986
author 0 : Hans Eichel

title : Die Netzarchitekturen SNA und DNA im Vergleich zum OSI-Modell und ihre Eignung als Ausgangspunkt einer f&uuml;r EDVA, Klein- und Mikrorechner gemeinsamen Netzarchitektur.
year : 1983
author 0 : Eckehart Stamer

title : Entscheidungsunterst&uuml;tzung f&uuml;r Hardware-Investitionen.
year : 1993
author 0 : Gerhard Satzger

title : Kommunikationssysteme: Normung und soziale Akzeptanz.
year : 1993
author 0 : Heinzpeter H&ouml;ller

title : Ein Metadatenrepositorium zum Datenqualit&auml;tsmonitoring im Concurrent Engineering.
year : 2012
author 0 : Juliane Blechinger

title : Stereoskopische Objektvermessung zur visuellen Robotersteuerung: ein biologisch motiviertes Sehkonzept f&uuml;r intelligente Robotersysteme.
year : 2003
author 0 : Ralf Stemmer

title : Sp&eacute;cification Formelle des Services Web &agrave; Interface Flexible.
year : 2015
author 0 : Yasser Oussalah

title : An integrated approach to simulation based learning in support of strategic and project management in software organisations.
year : 2001
author 0 : Dietmar Pfahl

title : Optimierung elektromagnetischer Stellglieder an Beispielen von Nadeldruckk&ouml;pfen f&uuml;r Impact Matrixdrucker.
year : 1988
author 0 : Matthias Rudolf Ullrich

title : Ein interaktives Werkzeug f&uuml;r das Verstehen und die Analyse modularer Programme.
year : 1991
author 0 : J&uuml;rgen Lucas

title : Komplexe Nutzung der linearen Optimierung in der Produktionsplanung unter besonderer Ber&uuml;cksichtigung der Bedingungen in Kuba.
year : 1983
author 0 : Pilar Felipe Valdes

title : Rechner- und betriebssystemspezifische Generierung des Zielcodes f&uuml;r prozess- und transgabespezifische Ausdrucksmittel von CDL bzw. CDL-Erweiterungen.
year : 1986
author 0 : Andreas Riedel

title : Spezifikation von Gestensteuerung - Ein hybrider Ansatz.
year : 2019
author 0 : Marc Hesenius

title : Wissens- und datenbankbasiertes Beratungssystem f&uuml;r die FE-Simulation von Umformprozessen.
year : 1994
author 0 : Andreas Greve

title : Enhancing architecture design methods for improved flexibility in long-living information systems.
year : 2012
author 0 : Matthias Naab

title : Methodik der Montagefolgeplanung und Bauzeitermittlung als Bestandteil eines Modells zur rechnergest&uuml;tzten technologischen Bearbeitung von Montageprojekten.
year : 1991
author 0 : Andreas Heymann

title : Verschl&uuml;sselung mit statistischer Selbstsynchronisation und ihre Anwendung in SDH-Netzen.
year : 2003
author 0 : Oliver Jung

title : On deep learning applied to inverse problems: a chicken-and-egg problem.
year : 2020
author 0 : S&ouml;ren Dittmer

title : Erfolgspotenzial elektronischer B2B-Marktpl&auml;tze: Theorie - Empirie - Fallstudien.
year : 2003
author 0 : Diana R&auml;tz

title : Accurate Measurements with Off-the-Shelf Range Cameras.
year : 2018
author 0 : Peter F&uuml;rsattel

title : Mensch und neue Maschinensysteme: k&uuml;nstliche Intelligenz und Sprachverarbeitung in der politischen Bildung.
year : 1992
author 0 : Wilmar Steup

title : Team-Informationsmanagement: Konzepte und Implementierung eines agentenbasierten Team-Informationsmanagement-Systems (aTIMS).
year : 1996
author 0 : Min Yin

title : Wissensbasierte Unterst&uuml;tzung bei der Benutzung komplexer technischer Systeme: angewendet auf die Arbeit von Piloten mit dem Flight-Management-System (FMS).
year : 1997
author 0 : Stephan Romahn

title : Rekursive Berechnung hierarchischer Netze mit dem Mikrorechner.
year : 1986
author 0 : G&uuml;nter Jorke

title : Ordnungtheoretische Semantik approximativer Berechnung.
year : 1986
author 0 : Robert Obermeir

title : Informationstechnik am Richterarbeitsplatz: Gerichts-EDV, Datenbanken, Berechnungsprogramme, Standardsoftware, Entwicklung juristischer Programme.
year : 1993
author 0 : Helmut Hoffmann

title : Correlating Flow-based Network Measurements for Service Monitoring and Network Troubleshooting.
year : 2013
author 0 : Dominik Schatzmann

title : Usability patterns: eine Technik zur Spezifikation funktionaler Usability-Merkmale.
year : 2012
author 0 : Holger R&ouml;der

title : Atlas endlicher linearer R&auml;ume.
year : 1995
author 0 : Kosmas Einbrodt

title : Multiplikative Abstandsfunktionen und deren Anwendung in der Bildverarbeitung.
year : 1983
author 0 : Jens Volkert

title : Einsatz moderner Mikrocomputer zur Steuerung und Datenverarbeitung am Farbzentrenlaserspektrometer.
year : 1987
author 0 : Dietmar Reinert 0001

title : Hard- und Softwarekomponenten des Langzeitpr&uuml;fstandes Polymertest LZ 120.
year : 1989
author 0 : Rainer Brosig

title : Channel coding for highly efficient transmission in wireless local area network.
year : 2012
author 0 : Deny Hamdani

title : Detection and localization of attacks on satellite-based navigation systems.
year : 2019
author 0 : Kai Jansen

title : Effektive Methoden der Zuverl&auml;ssigkeitsanalyse stochastischer Netzstrukturen.
year : 1988
author 0 : Lutz Spro&szlig;

title : Analyse von K&uuml;hlstrecken in Extrusionsanlagen = Analysis of cooling sections in extrusion lines.
year : 1981
author 0 : Edmund Haberstroh

title : Spezifikations- und Me&szlig;methodik f&uuml;r ein adaptives Dienstg&uuml;temanagment.
year : 2000
author 0 : Jan-Peter Richter

title : L&ouml;sungsmodell zur Unterst&uuml;tzung raumbezogener Planungen durch wissensbasierte Informationsverarbeitung.
year : 1994
author 0 : Christoph Averdung

title : Verteilte L&ouml;sung harter Probleme: schneller Lastausgleich.
year : 1996
author 0 : Max B&ouml;hm

title : Laser-based attacks on secure integrated circuits: extracting and protecting sensitive information.
year : 2019
author 0 : Heiko Lohrke

title : Functions, frames, and interactions - completing a &#955;-calculus-based purely functional language with respect to programming in the large and interactions with runtime environments.
year : 1998
author 0 : Claus Reinke

title : Decision support in operations scheduling with applications in humanitarian logistics, information security and fair division.
year : 2018
author 0 : Gerhard Rauchecker

title : Ein Beitrag zur rechnergest&uuml;tzten Konstruktion strombegrenzender Niederspannungs-Leistungsschalter.
year : 1980
author 0 : Hans-J&uuml;rgen Keitel

title : Entwurf, Realisierung und Test von ODP-Systemen auf der Grundlage formaler Beschreibungstechniken.
year : 1995
author 0 : Andreas Vogel 0003

title : Generating program analyzers.
year : 1999
author 0 : Florian Martin 0001

title : Fast near-field antenna measurements by application of compressed sensing.
year : 2021
author 0 : Cosme Culotta-L&oacute;pez

title : Modellierung komplexer heterogenkatalytischer Reaktionen in Wirbelschichten am Beispiel der &Auml;thanoldehydratisierung.
year : 1984
author 0 : Wolfgang B&ouml;ck

title : Wind Power Prediction with Machine Learning Ensembles.
year : 2016
author 0 : Justin Heinermann

title : Verwendung von Jackknife-Methoden in nichtlinearen Modellen.
year : 1986
author 0 : J&ouml;rg Polzehl

title : Konzeption eines Programmiersystems f&uuml;r Industrieroboter.
year : 1987
author 0 : Christian Blume

title : Determinanten einer Fachdidaktik Bibliotheksinformatik.
year : 1988
author 0 : Ellen Branthin

title : Datenbankmigration: Methodik und Software-Unterst&uuml;tzung.
year : 2002
author 0 : Frank H&uuml;semann

title : Verfahren zur retrospektiven numerischen Bewertung der in Mittelspannungsnetzen gew&auml;hrleisteten Versorgungszuverl&auml;ssigkeit.
year : 1982
author 0 : Hans Lindner

title : Model-based Regression Testing of Evolving Software Systems.
year : 2017
author 0 : Qurat-ul-ann Farooq

title : Bildanalyse durch modellgesteuerte Synthese von Vergleichsmustern.
year : 1984
author 0 : Hermann Tropf

title : Rechnergest&uuml;tzte Darstellung von Schiffsformen mit rationalen kubischen Splines.
year : 1985
author 0 : Jen-Shiang Kouh

title : Information processing for integrated product engineering: how modern software technologies and organizational methods can help improve time-to-market, quality, and costs.
year : 1992
author 0 : Oliver Steinmetz

title : The MALTASE Framework For Usage-Aware Software Evolution.
year : 2015
author 0 : Tobias R&ouml;hm

title : Entwicklung ergonomischer Grundlagen und Instrumentarien zur rechnerunterst&uuml;tzten Arbeitsplatzgestaltung.
year : 1990
author 0 : Joachim R&ouml;llig

title : Unterst&uuml;tzung der Konsistenzsicherung beim Entwurf digitaler Schaltungen durch die objektorientierte IREEN Datenbank.
year : 1996
author 0 : Bertram Despr&eacute;s

title : Dichte Objektsegmentierung in Stereobildfolgen.
year : 2010
author 0 : Alexander Bachmann 0001

title : Stra&szlig;enumfeldmodellierung durch Fusion und Interpretation von Sensordaten zur spurgenauen Positionierung des Fahrzeugs.
year : 2012
author 0 : Christina Renate Simon

title : Shape-basierte Bewegungsklassifikation auf multidimensionalen Zeitreihen mit Hilfe elastischer Abstandsma&szlig;e.
year : 2017
author 0 : Fr&eacute;d&eacute;ric Stein

title : Strukturbasierte Merkmalszuordnung in kurzen stereoskopischen Videosequenzen.
year : 1997
author 0 : Martin Braess

title : EDV-gerechte Analyse der Osteopathien im kieferchirurgischen Krankengut einer Fachklinik zur zentralen Erfassung im Knochentumor-Register der DDR im Zeitraum 1970 bis 1979.
year : 1983
author 0 : Waltraud Buchmann

title : Kooperative Mobilit&auml;t in Megast&auml;dten.
year : 2013
author 0 : Markus Duchon

title : Grunds&auml;tze f&uuml;r die Gestaltung von Nutzereinrichtungen f&uuml;r automatisierte Informationssysteme unter besonderer Ber&uuml;cksichtigung ergonomischer Faktoren.
year : 1984
author 0 : Horst Lisowski

title : Direct Plenoptic Odometry - Robust Tracking and Mapping with a Light Field Camera.
year : 2018
author 0 : Niclas Zeller

title : Algorithms and data structures for interactive ray tracing on commodity hardware.
year : 2012
author 0 : Stefan Popov

title : Globale Datenmodelle als Mittel des Datenressourcenmanagements.
year : 1992
author 0 : Peter Giger

title : Einsatz und Programmierung des Computers als Werkzeug f&uuml;r den Unterricht.
year : 1985
author 0 : Andrea Marion Ventura-Meyer

title : A new region matching based approach to computer assisted cartooning.
year : 1999
author 0 : Joaquim S. Madeira

title : Novel approaches for bond order assignment and NMR shift prediction.
year : 2012
author 0 : Anna Katharina Dehof

title : Methode der Referenzimplementierung von Spezifikationen paralleler Busschnittstellen.
year : 1994
author 0 : Yi Qian

title : An assessment model to foster the adoption of agile software product lines in the automotive domain.
year : 2019
author 0 : Philipp Hohl

title : Nekotorye metody sinteza i upravlenija ierarchi&#269;eskimi sistemami.
year : 1983
author 0 : Oleg G. Taraszow

title : Softwareagenten und elektronische Kaufprozesse: Referenzmodelle zur Integration.
year : 1999
author 0 : R&uuml;diger Zarnekow

title : Untersuchungen zum Aufbau von Programmbausteinen f&uuml;r die Simulation von Halbleiterbauelementen mit zwei- und dreidimensionalen Modellen unter Verwendung der Methode der finiten Elemente.
year : 1985
author 0 : Dietrich Reschke

title : Governance for service-oriented architectures: component analysis and decision support for process conformance assessment.
year : 2012
author 0 : Michael Niemann

title : Einsatz dialogorientierter Entscheidungstabellentechnik in der Angebots- und Auftragsbearbeitung in Unternehmen mit auftragsgebundener Produktion.
year : 1982
author 0 : Walter Heiob

title : A categorical approach to algebraic language theory.
year : 2018
author 0 : Henning Urbat

title : F&uuml;hrung von Schiffen entlang einer Leitlinie.
year : 1984
author 0 : Martin Liebmann

title : The power of locality: exploring the limits of randomness in distributed computing.
year : 2018
author 0 : Yannic Maus

title : Measurement infrastructure and modeling techniques for evaluating Multi-Hop Wireless Networks.
year : 2012
author 0 : Simon Frohn

title : Beschreibung und Analyse von Markovmodellen mit grossem Zustandsraum.
year : 1995
author 0 : Markus Siegle

title : Statische und dynamische Verkehrsumlegung mit rekurrenten neuronalen Netzen.
year : 1999
author 0 : Paul Mathias

title : Graphentheoretisches Modell spurgef&uuml;hrter F&ouml;rdersysteme als Grundlage anwendungsorientierter Sprachkonstrukte auf der Basis von Pearl.
year : 1982
author 0 : Jan Kremser

title : Das M,N-Job-Shop-Scheduling-Problem, eine Branch- and Bound-Methode mit verbesserten unteren Schranken, neuen Verzweigungs-Stategien und einem effektiven Einsatz heuristischer L&ouml;sungsmethoden.
year : 1980
author 0 : Gottfried Wehr

title : Orthogonalisierende Algorithmen f&uuml;r die digitale Kompensation akustischer Echos.
year : 1995
author 0 : Christiane Antweiler

title : Drahtlose industrielle Automatiserung durch Ultrawideband-Impulsfunk: Ein robustes drahtloses Kommunikationssystem f&uuml;r die industrielle Automatisierung unter harten Echtzeitbedingungen.
year : 2012
author 0 : Johannes Hund

title : Scalable Algorithms for Community Detection in Very Large Graphs.
year : 2011
author 0 : Michael Ovelg&ouml;nne

title : Attackers, Packets, and Puzzles: On Denial-of-Service Prevention in Local Area Networks.
year : 2012
author 0 : Yves Igor Jerschow

title : Perturbed Projection Methods in Convex Optimization - Applied to Radiotherapy Planning.
year : 2020
author 0 : Esther Bonacker

title : Interprozesskommunikation in verteilten Echtzeitbetriebssystemen.
year : 1995
author 0 : Sigurd Helling

title : Generalized minimum distance decoding with arbitrary error, erasure tradeoff.
year : 2012
author 0 : Christian Senger

title : Untersuchungen zur Implementierung von Petri-Netz-Modellen auf Mehrprozessorsystemen.
year : 1993
author 0 : Herwig Unger

title : Virtual reality simulation of a smart eating table for handicapped people.
year : 2020
author 0 : Salih Rashid Majeed

title : Deployment of processing resources to concurrent stimulation by sustained spatial attention in touch.
year : 2017
author 0 : Cheuk Yee Pang

title : Optical Graph Recognition.
year : 2018
author 0 : Josef Reislhuber

title : Kognitive Dynamik durch generierende Funktionale: polyhom&ouml;ostatische Adaptation durch intrinsische Plastizit&auml;t.
year : 2013
author 0 : Mathias Linkerhand

title : Sprachverstehen und Dialogmodellierung in nat&uuml;rlichsprachlichen Informationssystemen.
year : 1998
author 0 : Harald Aust

title : Modellierung und Einsatz von Softwaresystemen f&uuml;r rechnergef&uuml;hrte Montagezellen.
year : 1991
author 0 : Josef Scheller

title : Einsatz von Datenbanken in der industriellen Kostenrechnung in der DDR am Beispiel der metallverarbeitenden Industrie.
year : 1989
author 0 : Abdul Razzak Mohamed Kasem

title : Konzeption und Erprobung eines integrierten Systems f&uuml;r deskriptive statistische Auswertungen im Rahmen eines Krebsregisters.
year : 1997
author 0 : Gerd Wegener

title : Mehrebenen-Testgenerierung f&uuml;r synchrone Schaltwerke.
year : 1994
author 0 : Uwe Gl&auml;ser

title : Enrichment of routing map and its visualization for multimodal navigation.
year : 2012
author 0 : Yueqin Zhu

title : Konzeption und Anforderungsdefinition eines elektronischen R&uuml;ckmeldesystems f&uuml;r schulische Leistungen.
year : 2012
author 0 : Emese Stauke

title : Hierarchische Speicherverwaltung f&uuml;r Informationssysteme mit Terti&auml;rspeicher.
year : 1998
author 0 : Achim Kraiss

title : Probabilistische Wissensverarbeitung: Anwendung der Wahrscheinlichkeitsrechnung in einem regelbasierten medizinischen Diagnosesystem (Entwurf, Implementierung und Anwendung in ProMD).
year : 1989
author 0 : Bernhard Pohl

title : Strategische Erfolgsfaktoren im Software-Marketing: ein Konzept zur Erfassung und Gewichtung strategischer Erfolgsfaktoren mit Hilfe quantitativer Verfahren.
year : 1992
author 0 : Friedrich J. Preiss

title : Antragspr&uuml;fung und Karten&uuml;berwachung von privaten Kreditkartenkunden mit k&uuml;nstlichen neuronalen Netzen.
year : 1999
author 0 : Ariane Kruse

title : Utilizing Brain-Computer Interfaces for Human-Machine Systems.
year : 2012
author 0 : Thorsten Oliver Zander

title : Acquisition and reconstruction of compressed signals with applications in wireless neural systems.
year : 2019
author 0 : Tobias Schnier

title : Scrum and self-control: how a team-based software development methodology can support team members' self-control.
year : 2015
author 0 : Philipp He&szlig;

title : Computersimulation von Mustererkennungsmechanismen in der H&ouml;r- und Vibrationsbahn von Laubheuschrecken durch ein Netz von physiologisch angepassten Modellneuronen.
year : 1991
author 0 : J&uuml;rgen Schr&ouml;der

title : Analyse und Gestaltung des CAD-Einsatzes in CAx-gest&uuml;tzten Prozessketten am Beispiel von Produktentwicklungsprozessketten in einem Automobilunternehmen.
year : 1993
author 0 : Detlef Henniges

title : Das datenschutzrechtliche Medienprivileg: Presseprivileg bei Multimediaanwendungen in Deutschland, Griechenland und Gro&szlig;britannien unter dem Einflu&szlig; des Europarechts.
year : 2003
author 0 : Grigorios G. Lazarakos

title : &#960;-Red+: ein interaktives codeausf&uuml;hrendes Reduktionssystem zur vollst&auml;ndigen Realisierung eines angewandten &#955;-Kalk&uuml;ls.
year : 1992
author 0 : Dietmar G&auml;rtner

title : Theoretische Grundlagen zur Schaffung eines Qualit&auml;tssicherungssystems f&uuml;r Nachrichtennetze.
year : 1988
author 0 : Bernd Helmis

title : Ownership-based order reduction and simulation in shared-memory concurrent computer systems.
year : 2014
author 0 : Christoph Baumann

title : Elektronische Datenverarbeitung und Zivilprozess: Datenschutz und Datensicherung bei der Anwendung elektronischer Datenverarbeitung im Zivilprozess.
year : 1995
author 0 : Marcus Werner

title : Automatische Einparkregelung durch Transfer menschlicher F&auml;higkeiten auf Neuro-Fuzzy-Systeme mit direkter Sensorankopplung.
year : 1999
author 0 : Wolfgang A. Daxwanger

title : The extraction of fuzzy rules from neural networks.
year : 1998
author 0 : Adelmo Luis Cechin

title : Neuronale Netze zur Regelung verfahrenstechnischer Anlagen.
year : 1997
author 0 : Andreas Draeger

title : Generic Methods for Adaptive Management of Service Level Agreements in Cloud Computing.
year : 2015
author 0 : Edwin Yaqub

title : Modalanalyse von Codierungsverfahren bei Kan&auml;len ohne und mit Ged&auml;chtnis.
year : 1994
author 0 : Hans-J&uuml;rgen Zepernick

title : MAC protocols for cooperative diversity in wireless sensor networks.
year : 2014
author 0 : Rana Azeem M. Khan

title : Eine Verallgemeinerung von BCH-Codes.
year : 1996
author 0 : Yves Edel

title : Image enhancement and parameter estimation for time-of-flight cameras.
year : 2014
author 0 : Henrik Sch&auml;fer

title : Neuartige Darstellung diskreter Volterra-Reihen zur Beschreibung nichtlinearer zeitdiskreter Systeme und deren Anwendungsm&ouml;glichkeiten f&uuml;r die Modellierung, Entzerrung und Codierung.
year : 2003
author 0 : Markus Lorang

title : Klartextverarbeitung von Sektionsberichten in der Praxis.
year : 1986
author 0 : Hubert Dettmer

title : Verarbeitung von Norm- und Wiederholteilen in CAD-Systemen am Beispiel des interaktiven Konstruktionsarbeitsplatzes IKA.
year : 1983
author 0 : Wolf-Henryk Menke

title : Advancing Brain-Computer Interfaces for Robotic Embodiment Systems.
year : 2016
author 0 : Mohammad Abu-Alqumsan

title : Die rechnergest&uuml;tzte Paarbildung in klinischen Studien.
year : 1981
author 0 : Bertram Krauss

title : Umgebungsmodelle und Navigationsdaten f&uuml;r ortsbezogene Dienste in Geb&auml;uden.
year : 2011
author 0 : Peter Ruppel

title : Synchronized pushdown systems for pointer and data-flow analysis.
year : 2019
author 0 : Johannes Sp&auml;th

title : Indexing methods for web archives.
year : 2013
author 0 : Avishek Anand

title : Of trees and clouds: software-mediated visions in documentary and ethnographic filmmaking practices.
year : 2020
author 0 : Franziska Weidle

title : Improving Online Privacy and Security Through Crowdsourced Transparency Platforms and Operator Notifications.
year : 2021
author 0 : Max Jakob Maa&szlig;

title : Rank-aware, Approximate Query Processing on the Semantic Web.
year : 2014
author 0 : Andreas Josef Wagner

title : Interactive visual analysis of vector fields.
year : 2013
author 0 : Sven Bachthaler

title : Ein durchg&auml;ngiges Architekturkonzept f&uuml;r Anwendungs- und Betriebssysteme: die Grundlage f&uuml;r Entwurf und Implementierung des CHEOPS-Kerns.
year : 1997
author 0 : Sven Graupner

title : Analytic approaches for design and operation of haptic human-machine interfaecs: models and methods for interaction with robotic systems.
year : 2015
author 0 : Bertold Bongardt

title : DIO - ein komponentenbasiertes Softwaremodell f&uuml;r verteilte Automatisierungssysteme.
year : 1998
author 0 : Hoang Minh Son

title : Workshop-based Tailoring of Interdisciplinary Product Development Processes by Means of Structural Analysis.
year : 2019
author 0 : Christoph Hollauer

title : A massively parallel combination technique for the solution of high-dimensional PDEs.
year : 2018
author 0 : Mario Heene

title : Methoden und Werkzeuge f&uuml;r einen strukturierten Systementwurf.
year : 1992
author 0 : Uwe Wienkop

title : Rechnerinterne Modelle in CAD-Systemen.
year : 1987
author 0 : Manfred Fischer

title : Density-based algorithms for active and anytime clustering.
year : 2014
author 0 : Son Thai Mai

title : Computer-Aided Development of Robust Embedded Software.
year : 2019
author 0 : Petra R. Kleeberger

title : Post-desktop interaction for web applications.
year : 2011
author 0 : Daniel Schreiber

title : Timing estimation and optimization in embedded system design.
year : 2000
author 0 : Paul-Gerhard Pl&ouml;ger

title : Employee mobile IS-IT use and its net productivity impact: an empirical investigation of mobile computing in organizations.
year : 2015
author 0 : Nikolaus Fischer

title : Optimized hybrid verification of embedded software.
year : 2017
author 0 : J&ouml;rg Behrend

title : Computersoftware und Strafrecht, ein Beitrag unter besonderer Ber&uuml;cksichtigung des strafrechtlichen Verm&ouml;gensschutzes.
year : 1985
author 0 : Wolfgang Rupp

title : Modellgest&uuml;tzter Entwurf von Feldger&auml;teapplikationen.
year : 2021
author 0 : Stefan M&auml;tzler

title : Probabilistic Optical Flow and its Image-Adaptive Refinement.
year : 2021
author 0 : Anne S. Wannenwetsch

title : Efficient persistence management in distributed real-time interactive applications.
year : 2016
author 0 : Mohammed Nsaif

title : Domain-specific development of event condition action policies.
year : 2014
author 0 : Raphael Romeikat

title : Softwareerstellungsvertr&auml;ge: die Gestaltung zwischenbetrieblicher Zusammenarbeit f&uuml;r die Entwicklung von Computer-Software.
year : 1997
author 0 : Henning Heppner

title : Transient: ein Werkzeug zur verteilten Simulation mechatronischer Systeme unter Echtzeitbedingungen.
year : 1995
author 0 : Andreas Engelke

title : Algorithm Engineering for fundamental Sorting and Graph Problems.
year : 2014
author 0 : Vitaly Osipov

title : Rechnergest&uuml;tzter Entwurf (CAD) f&uuml;r ein objektorientiertes modulares Computersystem der dezentralen Prozessinformationsverarbeitung.
year : 1988
author 0 : Ute Streubel

title : Automatic texture analysis using neural networks.
year : 1999
author 0 : Dia I. Abu-Al-Nadi

title : Eine objekt-orientierte Speicherverwaltungseinheit f&uuml;r den Bereich der Prozessdatenverarbeitung.
year : 1994
author 0 : Joachim Carl Ernst Wetzlar

title : Virtualization as an enabler for dynamic resource allocation in HPC.
year : 2019
author 0 : Simon Pickartz

title : Konzept und Realisierung eines PC-CAD-Systems.
year : 1989
author 0 : Andreas Korittnik

title : New challenges for interviewers when innovating social surveys: linking survey and objective data.
year : 2014
author 0 : Julie M. Korbmacher

title : Ein Vergleich von Verbindungsnetzwerken f&uuml;r grosse SIMD-Parallelrechner.
year : 1991
author 0 : Alfred Strey

title : Object-aware process management.
year : 2013
author 0 : Vera K&uuml;nzle

title : Exploiting multi-core systems for parallel network simulation.
year : 2013
author 0 : Georg Kunz

title : Online-Absatz: eine Analyse des Einsatzes von Online-Medien als Absatzkanal.
year : 1999
author 0 : Norbert Gerth

title : Zur numerischen Simulation von nichtlinearen Problemen der Kontinuumsmechanik auf Parallelrechnern.
year : 1997
author 0 : Sebastian Meynen

title : Decentralized Sensor Fusion using Periodic Peer-to-Peer Hypercube Gossiping.
year : 2012
author 0 : Philipp Berndt

title : Reservierungsverfahren in regionalen Gbit-s-Netzen: Leistungsbewertung und Optimierung.
year : 1996
author 0 : Andreas Grebe

title : Intelligente Entscheidungsunterst&uuml;tzungssysteme f&uuml;r die Bilanzbewirtschaftung einer Grossbank.
year : 1992
author 0 : Urs Meier

title : Ein flexibles Mehrrechnersystem zur Steuerung technologischer Ausr&uuml;stungen der Mikroelektronik-Montage auf der Basis selbstdokumentierender Softwaremodule.
year : 1987
author 0 : Gernot Weck

title : Entwicklung eines Rechenverfahrens zur Bestimmung von effektiven Plutoniumwirkungsquerschnitten in niedrig angereicherten HTR-Gittern und Test am Experiment CESAR-II.
year : 1982
author 0 : Hartwig Schaal

title : Comprehensive machine and deep learning fault detection and classification approaches of industry 4.0 mechanical machineries: with application to a hydraulic test rig.
year : 2021
author 0 : Ahlam Mallak

title : Ein Mustervergleichsverfahren zur Anwendung in der Formelmanipulation.
year : 1981
author 0 : Manfred Bernd Glowka

title : Markierung und rechnergest&uuml;tzte Rekonstruktion respiratorischer Neurone.
year : 1988
author 0 : Klaus Anders

title : Dekompositions- und Reduktionsmethoden zur Zuverl&auml;ssigkeitsanalyse stochastischer Netzstrukturen.
year : 1990
author 0 : Peter Tittmann 0001

title : (Un)ordnung im Gestaltungsprozess menschengerechter Software.
year : 1996
author 0 : Ulrike Daldrup

title : Visual semantic analysis to support semi automatic modeling of service descriptions.
year : 2011
author 0 : Nadeem Bhatti

title : M&ouml;glichkeiten des unterst&uuml;tzenden Einsatzes un&uuml;berwachter maschineller Lernverfahren entlang der Bildverarbeitungskette.
year : 2020
author 0 : Lilli Steinert

title : Universal exact algorithm for globally augmented MAP inference in structured prediction.
year : 2017
author 0 : Alexander Bauer 0001

title : Symbolic Execution of Distributed Systems.
year : 2013
author 0 : Raimondas Sasnauskas

title : Energy aware task allocation algorithms for wireless sensor networks.
year : 2018
author 0 : Wanli Yu

title : Decoding of block and convolutional codes in rank metric.
year : 2013
author 0 : Antonia Wachter-Zeh

title : Quantitative evaluation of network reliability.
year : 2013
author 0 : Minh L&ecirc;

title : API-Usability der auf Templatemetaprogrammierung basierenden Softwarebibliothek "SeqAn".
year : 2015
author 0 : Bj&ouml;rn Kahlert

title : Iterative multiuser detection in medium access control design.
year : 2010
author 0 : Katsutoshi Kusume

title : Stochastische Modelle f&uuml;r den Funkkanal und deren Anwendung.
year : 1995
author 0 : Herbert Steffan

title : Routing and sensor searach in the internet of things.
year : 2014
author 0 : Cuong Duc Truong

title : Missbrauch der wettbewerbsrechtlichen Abmahnung im Bereich des Internet.
year : 2003
author 0 : Martin Bahr 0002

title : Quantifying Dislocation Microstructures.
year : 2020
author 0 : Dominik Steinberger

title : Designkonzepte einer kommunikationsorientierten computergest&uuml;tzten Arbeitsplatzumgebung f&uuml;r das Management.
year : 1991
author 0 : Clino Vallone

title : Ein Modell zur Spezifikation zeitbasierter multimedialer Dialoge.
year : 1998
author 0 : Dennis Dingeldein

title : Assessing the Energy Efficiency of High Performance Computing (HPC) Data Centers.
year : 2018
author 0 : Torsten Wilde

title : Inductively coupled microsensor networks: relay enabled cooperative communication and localization.
year : 2017
author 0 : Eric Slottke

title : Verbesserung des stereotaktischen Operationsverfahrens mit Hilfe biomathematischer Untersuchungsmethoden.
year : 1981
author 0 : Walter Birg

title : Beitr&auml;ge zur Dualit&auml;tstheorie der nichtlinearen Vektoroptimierung.
year : 1984
author 0 : Christiane Gerstewitz

title : Der quantitative Ansatz zum gleichzeitigen Entwurf der DSP Architektur und des Compilers.
year : 1998
author 0 : Vojin Zivojnovic

title : Musikpiraterie im Internet: eine rechtsvergleichende Untersuchung zum deutschen und spanischen Strafrecht.
year : 2003
author 0 : Carsten Menebr&ouml;cker

title : Ermittlung der Beanspruchung bei geistiger T&auml;tigkeit am Bildschirmarbeitsplatz mit Hilfe des psychophysiologischen Testsystems COMBITEST 4.
year : 1994
author 0 : Irina B&ouml;ckelmann

title : Three-dimensional laser-based classification in outdoor environments.
year : 2013
author 0 : Jens Behley

title : Zur Kinematik und Dynamik einer zweibeinigen Gehmaschine mit Laufmustergenerator.
year : 1991
author 0 : Mojgan Ahanikamangar

title : Skalierbares und robustes Routing auf Internet-&auml;hnlichen Topologien.
year : 2014
author 0 : Christoph Werle

title : Identification of software features in issue tracking system data.
year : 2016
author 0 : Thorsten Merten

title : Ein dynamisches, ganzheitliches Gesch&auml;ftsprozessmanagement in Enterprise-IT-Systemen und drahtlosen Sensornetzen.
year : 2012
author 0 : Nils Glombitza

title : Strategisches Management privatwirtschaftlicher Industrieunternehmen in Brasilien mit Hilfe computerf&auml;higer Simulationsmodelle.
year : 1984
author 0 : Romeu R&ouml;ssler Telma

title : Contributions to stereo vision.
year : 2013
author 0 : Christian Unger

title : Developing a content and knowledge-based journal recommender system comparing distinct subject domains.
year : 2019
author 0 : Manjula Wijewickrema

title : Zur Bestimmung von Zielen f&uuml;r die r&auml;umliche Bev&ouml;lkerungsverteilung: e. nichtlineares Programmierungsmodell.
year : 1980
author 0 : Teodoro Kausel

title : Trace-based performance analysis for hardware accelerators.
year : 2012
author 0 : Guido Juckeland

title : H&ouml;chstintegration von defekttoleranten Array-Prozessoren f&uuml;r die Echtzeitbildverarbeitung.
year : 1991
author 0 : Martin Huch

title : Entwurf und Aufbau eines Vektorrechners und dessen Anwendung auf die Simulation neuronaler Netzwerke und verwandte Probleme.
year : 1991
author 0 : Thorsten P&ouml;schel

title : Vollst&auml;ndige modale Synthese linearer Systeme und ihre Anwendung zum Entwurf strukturbeschr&auml;nkter Zustandsr&uuml;ckf&uuml;hrungen.
year : 1983
author 0 : G&uuml;nter Roppenecker

title : Verfahren zur Klassifikation ZNS-wirksamer Substanzen als Beitrag zur Entscheidungsfindung im Substanzscreening auf der Basis von normativ gebildeten, klinisch-therapeutischen Substanzklassen und Informationen aus dem Elektroenzephalogramm (EEG).
year : 1981
author 0 : Klaus Fichte

title : Mittelfristige Produktionsplanung: Konstruktion u. Vergleich quantitativer Modelle.
year : 1982
author 0 : Hans-Otto G&uuml;nther

title : Reasoning on the response of logical signaling networks with answer set programming.
year : 2014
author 0 : Santiago Videla

title : Kryptografische Insel zur Realisierung von Angreifertoleranz in redundanten Systemen.
year : 2016
author 0 : Johannes Formann

title : Informationstechnologien in Wirtschaft und Gesellschaft: sozio&ouml;konomische Analyse einer technologischen Herausforderung.
year : 1994
author 0 : Guy Fournier

title : Transferg&uuml;nstige Blockl&auml;ngen sequentieller Dateien.
year : 1983
author 0 : Karin M&uuml;ller 0004

title : Towards Intelligent Data Acquisition Systems with Embedded Deep Learning on MPSoC.
year : 2021
author 0 : Weijia Wang

title : Werkzeuge zur Optimierung von Programmen auf massiv parallelen Rechensystemen.
year : 1994
author 0 : Olav Hansen

title : Computergest&uuml;tzte Unternehmungskooperation: Potentiale - Strategien - Planungsmodelle.
year : 1994
author 0 : Juliane Kronen

title : &Uuml;ber einige CG-&auml;hnliche Verfahren zur L&ouml;sung linearer Gleichungssysteme.
year : 1983
author 0 : Roland Freund

title : A versatile framework for research code development in geometry processing.
year : 2017
author 0 : Jan M&ouml;bius

title : Bewegungskompensierende Bildinterpolation digitaler Bildfernsprechsequenzen.
year : 1991
author 0 : Robert Thoma

title : An object oriented finite volume framework and its application to fluid dynamics problems.
year : 2003
author 0 : Oliver Gloth

title : Wireless UWB Aircraft Cabin Communication System.
year : 2011
author 0 : Frank Leipold

title : Software testing for conventional and logic programming.
year : 1995
author 0 : Oliver Jack

title : A Service-Oriented Development Process for Distributed Reactive Systems.
year : 2016
author 0 : Michael Meisinger

title : Dezentral gesteuerte Multifunktionsprozessoren zur digitalen Signalverarbeitung in Gleitkommadarstellung.
year : 1981
author 0 : Heinrich Neumann

title : Visual Tracking of Multiple Humans with Machine Learning based Robustness Enhancement applied to Real-World Robotic Systems.
year : 2012
author 0 : Suraj Nair

title : Integration von Informations- und Produktionstechnologien im Industriebetrieb: unter besonderer Ber&uuml;cksichtigung der Problematik in der Elektroindustrie.
year : 1988
author 0 : Stefan Kurrle

title : Geometrische Programmierung: Theorie, Algorithmen u. &ouml;konom. Anwendungen.
year : 1984
author 0 : Thomas Rubbe

title : Physischer Datenbankentwurf: neue Konzepte f&uuml;r eine praxisorientierte Vorgehensweise am Beispiel des Darmst&auml;dter Mikro-Makro-Simulators.
year : 1999
author 0 : Kai Beckmann

title : An investigation of the CIP-System, a mobile molecular model, and computer implementations: investigation and implementation of the Rules of Cahn, Ingold, and Prelog for the specification of molecular configuration and of a mobile molekular model on the computer screen.
year : 1985
author 0 : Roland Heinrich Custer

title : Shape spaces from morphing.
year : 2002
author 0 : Marc Alexa

title : Ein statischer Logiksimulator zur Verifikation struktureller und funktioneller Entw&uuml;rfe auf der Basis der MOS-Schaltungstechnik.
year : 1990
author 0 : Uwe Maaz

title : Switch Observability for Differential-Algebraic Systems.: Analysis, Observer Design and Application to Power Networks.
year : 2018
author 0 : Ferdinand K&uuml;sters

title : Kooperatives Arbeiten und Rechnen in heterogenen System.
year : 1994
author 0 : Thomas Kolarik

title : Datenverarbeitungskaufleute - Ausbildung und Umschulung: Basis f&uuml;r die Einrichtung von neuen Berufen in der Informations- und Kommunikationstechnik.
year : 1997
author 0 : Walter Hendrix

title : Zuk&uuml;nftige Berufsfelder und Ausbildungspotentiale in der Betriebsinformatik.
year : 1990
author 0 : Ute Ambrosius

title : Analyzing and Modeling Complex Networks: Patterns, Paths and Probabilities.
year : 2020
author 0 : Benjamin Cabrera Perez

title : Funktions- und Konstruktionsprinzipien f&uuml;r die Entwicklung internationaler automatisierter Informationsrecherchesysteme am Beispiel des Internationalen Industriezweiginformationssystems &uuml;ber Wissenschaft und Technik in der Schwarzmetallurgie der Mitgliedsl&auml;nder des RGW.
year : 1982
author 0 : Frank K&uuml;cklich

title : Methodology for the development of microprocessor based safety critical systems.
year : 1998
author 0 : Michael Schr&ouml;nen

title : Quantitative Analyse von Zell- und Gewebeeigenschaften in histologischen Bilddaten.
year : 2015
author 0 : Stephan Wienert

title : Lastausgleich und Fehlertoleranz in Workstation-Clustern.
year : 1997
author 0 : Stefan Petri

title : Maschine und Herrschaft: Materialien zur Kritik der politischen &Ouml;konomie der Wissensgesellschaft unter besonderer Ber&uuml;cksichtigung des Produktionsmodells von freier Software.
year : 2015
author 0 : Oliver Heins

title : &Uuml;ber quadratisch konvergente Jacobi-&auml;hnliche Blockverfahren f&uuml;r beliebige reelle Matrizen mit komplexen Eigenwerten.
year : 1983
author 0 : Hans Joachim Wenzel

title : Analyse simultaner Aktivit&auml;ten von funktionell gekoppelten Neuronen.
year : 1985
author 0 : Hans-Joachim Schneider

title : Grundfragen der &Ouml;konomie der Nutzung der Anwender-Software durch Leitungskader.
year : 1984
author 0 : Igor Pretnar

title : Advanced convex analysis for improved variational image reconstruction.
year : 2018
author 0 : Julian Rasch

title : Mikroprozessorgesteuerte Erfassung instation&auml;rer Druckfelder am Beispiel seegangsbelasteter Bauk&ouml;rper.
year : 1985
author 0 : Klaus Kirchenbaur

title : Machine Learning Methods in Computed Tomography Image Analysis.
year : 2012
author 0 : Johannes Feulner

title : 3D-Objekterkennung basierend auf 2D-Schnittberechnungen zum Einsatz in der Robotik.
year : 1995
author 0 : Peter St&ouml;hr

title : Kooperative Optimierung mit kommunizierenden genetischen Algorithmen.
year : 1998
author 0 : Jochen Schoof

title : Graph-based methods for the design of DNA computations.
year : 2012
author 0 : Svetlana Torgasin

title : Rechtliche Verantwortlichkeit im Internet: unter besonderer Ber&uuml;cksichtigung des Teledienstegesetzes und des Mediendienste-Staatsvertrags.
year : 1999
author 0 : Stephan Bleisteiner

title : Sukzessiver Aufbau einer universellen CAD-CAM-Kopplung f&uuml;r ein rotationssymmetrisches Teilespektrum unter Einsatz eines Expertensystems zur Arbeitsgangplanung und NC-Programmierung.
year : 1990
author 0 : Thomas Mielke

title : A logic-based framework to enable attribute assurance for digital identities in service-oriented architectures and the web.
year : 2012
author 0 : Ivonne Scherfenberg

title : Einsatz von Fehlertoleranztechniken in VLSI-Schaltkreisen der digitalen Signalverarbeitung.
year : 1994
author 0 : Jens Franzen

title : [Soziale Position und Internetpraktiken] ; Digitale Medien, Partizipation und Ungleichheit: eine Studie zum sozialen Gebrauch des Internets.
year : 2019
author 0 : Steffen Rudolph

title : Serialisation of Inversion-Based S-Boxes: Concept and Application to the Advanced Encryption Standard (AES).
year : 2019
author 0 : Markus Stefan Wamser

title : Ein syntaktisches Mustererkennungsverfahren zur quantitativen Analyse von Nervenfasern in mikroskopischen Querschnittspr&auml;paraten.
year : 1985
author 0 : Andreas Herrmann

title : Ein Beitrag zur automatisierten 2D-3D-Rekonstruktion von Baugruppen auf Basis einer Merkmalsinterpretation.
year : 2003
author 0 : El-Fathi El-Mejbri

title : M&ouml;glichkeiten der multiplen Regressionsanalyse zur Anlage von Beratungs- und Prognosesystemen anhand von Betriebsdatenerhebungen, dargestellt am Beispiel einer Schlagkarteiauswertung im Zuckerr&uuml;benanbau.
year : 1983
author 0 : Reinhard E. B&ouml;ckly

title : Transaktionskonzepte im Netz- und Systemmanagement.
year : 1997
author 0 : Peter Mandl 0001

title : Ein System zur Generierung von deutschen Texten aus semantischen Repr&auml;sentationen.
year : 1986
author 0 : Dietmar F. R&ouml;sner

title : Vertragstypologische Einordnung der elektronischen Datenbankabfrage: (zugleich Untersuchung der Schutzf&auml;higkeit von elektronischen Datenbanken nach dem deutschen Urheberrechtsgesetz, der Datenbankschutz-Richtlinie und dem Informations- und Telekommunikationsdienste-Gesetz).
year : 1999
author 0 : Kristina Schaefer

title : Explainable methods for knowledge graph refinement and exploration via symbolic reasoning.
year : 2021
author 0 : Mohamed H. Gad-Elrab

title : Ein Bausteinsystem flexibler Leitrechnersoftware.
year : 1993
author 0 : Harald Geithner

title : Konzeptionssystematik zu Standard-Softwaresystemen f&uuml;r den Rechnereinsatz in Kleinunternehmen.
year : 1995
author 0 : Thorsten Gaitzsch

title : Objektverfolgung und Objekterkennung mittels der partiellen Hausdorffdistanz.
year : 1999
author 0 : Martin Werner 0002

title : EMU Speech Database System: praxisorientierte Weiterentwicklung der Funktionalit&auml;t, Benutzerfreundlichkeit und Interoperabilit&auml;t sowie die Aufbereitung des Kiel Corpus als EMU-Sprachdatenbank.
year : 2012
author 0 : Tina John

title : Relationale Datenbankarchitektur mit Assoziativspeicher.
year : 1991
author 0 : Peter Rieckhoff

title : A machine-checked constructive metatheory of computation tree logic.
year : 2016
author 0 : Christian Doczkal

title : Modellierung und Spezifikation von Diensten und Verhalten in verteilten Systemen.
year : 1985
author 0 : Reinhard Gotzhein

title : Rechnersteuerung und Datenverarbeitung in der Voltammetrie.
year : 1986
author 0 : Franz-Josef Placke

title : Zur Problematik und zum Anwendungsnutzen von Strategiemodellen in der Rindermast.
year : 1984
author 0 : Henning Behrens

title : Ein dynamisch fehlertolerantes, echtzeitf&auml;higes und verteiltes Rechensystem: Mehrrechnersystem zur Tolerierung von transienten, intermittierenden und permanenten Fehlern.
year : 1999
author 0 : Holger K&uuml;fner

title : Planung und Durchf&uuml;hrung methodischer Entwurfsaktivit&auml;ten.
year : 1996
author 0 : Michael Ryba

title : Sichten auf Gesch&auml;ftsprozesse mit besonderer Betrachtung von Compliance.
year : 2015
author 0 : David Schumm

title : Die Auswirkungen der Computertechnologie auf das politische System: unters. an Hand d. Gesetzgebungsprozesses zur Rentenreform 1985.
year : 1987
author 0 : Friedbert W. R&uuml;b

title : A middleware platform for information flows.
year : 2002
author 0 : Rainer Koster

title : Ein System zur Koordination von Lehrveranstaltungen an Hochschulen.
year : 1983
author 0 : Hartmut Heinrich

title : Rechnerunterst&uuml;tzte Konstruktion von beliebigen Schnitten aus Frontalschnittserien am Beispiel eines Atlanten des Katzenhirns.
year : 1987
author 0 : Peter Erb

title : Messen, vermessen, angemessen?: der Einfluss des Qualit&auml;tsbewusstseins auf die Bewertung von App-Metainformationen durch Mediziner*innen: eine Analyse unter der Pr&auml;misse der professionellen Nutzerorientierung.
year : 2020
author 0 : Urs-Vito Albrecht

title : Content placement strategies for smart products.
year : 2015
author 0 : Markus Miche

title : Automatic generation of specifications using verification tools = Automatische Spezifikationserzeugung mit Hilfe von Verifikationswerkzeugen.
year : 2016
author 0 : Nathan Wasser

title : Computer-gest&uuml;tzte Verfahren zur Sekretionsmusteranalyse: Vergleich vorhandener Methoden und Entwicklung eines neuartigen Verfahrens sowie deren Evaluierung am Beispiel der episodischen Sekretion von Thyreotropin.
year : 1990
author 0 : Klaus Prank

title : Linguistische und lexikographische Grundlagen einer bilingualen Wortdatenbank Arabisch-Deutsch.
year : 1995
author 0 : Angela Schreyer

title : On graph algorithms for large-scale graphs.
year : 2015
author 0 : Marc Bury

title : Organisationsplanung mit Petri-Netzen: ein integrativ-methodisches Konzept zur Simulation von Organisationsstrukturen.
year : 1992
author 0 : Christian Schmidt 0003

title : Vorteilhaftigkeitsbeurteilung privater Verm&ouml;gensbildung in geschlossenen Immobilienfonds unter Einbeziehung der Besteuerung: e. theoret. u. empir. Analyse anhand. e. EDV-gest&uuml;tzten Entscheidungsmodells.
year : 1986
author 0 : Gernot Wappenhans

title : Plazierung der Zellen bei der Layoutsynthese mittels Partitionierung und quadratischer Optimierung.
year : 1992
author 0 : Georg Sigl

title : Veranschaulichung technischer Sachverhalte durch didaktisch-methodische Vereinfachung im Datenverarbeitungsunterricht bei der Ausbildung sozialistischer Kaufleute.
year : 1984
author 0 : Frank Hegewald

title : Optimierung der Erlern- und Benutzbarkeit von Benutzungsschnittstellen interaktiver Hausger&auml;te auf der Basis der speziellen Anforderungen &auml;lterer Menschen.
year : 2001
author 0 : Michael Burmester 0001

title : Bildverbesserung von Time-Of-Flight-Tiefenkarten.
year : 2012
author 0 : Torsten Edeler

title : On Generating Gadget Chains for Return-Oriented Programming.
year : 2017
author 0 : Andreas Follner

title : Pragmatische nichtblockierende Synchronisation f&uuml;r Echtzeitsysteme.
year : 2002
author 0 : Michael Hohmuth

title : Automaten und Logiken zur Beschreibung zeitabh&auml;ngiger Systeme.
year : 1994
author 0 : Thomas Wilke

title : OdysseusP2P: verteilte Datenstromverarbeitung in privaten P2P-Netzwerken.
year : 2016
author 0 : Timo Michelsen

title : Verteilte Simulation als eine Validierungsmethode f&uuml;r komplexe Steuerungen.
year : 1995
author 0 : Bronislav Kvasnika

title : Minimal assumptions in cryptography.
year : 2017
author 0 : Nils Fleischhacker

title : Investigations on the role of expectations and individual decisions in quality perception.
year : 2016
author 0 : Andreas Sackl

title : UX-orientierte Entwicklung von Empfehlungssystemen f&uuml;r Beratung und Assistenz.
year : 2019
author 0 : Stephan Hammer

title : Methodology and Ecosystem for the Design of a Complex Network ASIC.
year : 2012
author 0 : Sven Uwe Kapferer

title : Kultur und elektronische Kommunikation: eine empirische Untersuchung zu den Nutzern von Computernetzwerken.
year : 1995
author 0 : Thomas A. Wetzstein

title : Beitrag zur Leistungsprogrammbestimmung, Funktionsbestimmung und Dimensionierung der Fertigungsprozesssteuerung.
year : 1983
author 0 : Reinhard M&uuml;ller 0003

title : Retrieval of reusable components in a deductive, object oriented database environment = Auffinden wiederverwendbarer Komponenten in deduktiven Software-Objektbanken.
year : 1993
author 0 : Shicheng Chen

title : Walshtransformation von Biosignalabschnitten: ein Beitrag zu Theorie und Methodik, dargestellt an praxisrelevanten Entwicklungsaufgaben.
year : 1988
author 0 : Lutz Klinghammer

title : Datensicherung und Wiederherstellung bei Arbeitsplatzrechnern.
year : 1988
author 0 : Dayong Chen

title : Maintaining security and trust in large scale public key infrastructures.
year : 2015
author 0 : Johannes Braun 0001

title : A pragmatic approach to code division multiple access communications.
year : 1994
author 0 : Felix Tark&ouml;y

title : A new approach to information processing with filters and pulses.
year : 2016
author 0 : Sarah Neff

title : Ein rechnergest&uuml;tztes Verfahren zum Entwurf der r&auml;umlichen Struktur von Chemieanlagen.
year : 1983
author 0 : Peer Hosenthien

title : Entwurf und Realisierung eines Multimikroprozessorsystems zur Steuerung graphischer Terminals.
year : 1984
author 0 : Holger Leich

title : Zweistufenoptimierung von Stahlbetontragwerken mit Hilfe der sequentiellen quadratischen Programmierung.
year : 1985
author 0 : Walter Booz

title : Patientensteuerung: am Beispiel der Radiologie eines Krankenhauses.
year : 1990
author 0 : J&ouml;rg Schl&uuml;chtermann

title : Das allgemeine Zuordnungsproblem: Modelle, heuristische L&ouml;sungsverfahren und eine Untersuchungsmethode zur Beurteilung der L&ouml;sungsqualit&auml;t.
year : 1981
author 0 : Bernd Kl&uuml;ppelberg

title : Dezentralisierung und Sicherheit in Mobilfunknetzen.
year : 1997
author 0 : Frank Stoll

title : Ein neues photonisches Datenkommunikationsnetz hoher Kapazit&auml;t mit Paketvermittlung f&uuml;r den Weit- und Grossstadtverkehr.
year : 1996
author 0 : Thilo Gipser

title : Development of an optical flow based system for the precise measurement of plant growth.
year : 1999
author 0 : Dominik Schmundt

title : Analyse hybrider Systeme in constraint logischer Programmierung.
year : 1996
author 0 : Luis Urbina

title : Modellierung und Erkennung dreidimensionaler Handschrift mittels Inertialsensorik.
year : 2015
author 0 : Christoph Amma

title : Weakest relative precondition semantics: balancing approved theory and realistic translation verification.
year : 2001
author 0 : Andreas Wolf 0004

title : Systems Support for Emerging Memory Technologies / Vasily Sartakov ; R&uuml;diger Kapitza, Christof Fetzer.
year : 2020
author 0 : Vasily A. Sartakov

title : Strategische Ausrichtung des Informations-Controlling: ein Konzept zur Einbindung der Informationsverarbeitung in die strategischen Managementprozesse einer Unternehmung.
year : 1997
author 0 : Thomas Ruthekolck

title : Deduktive Programmierung.
year : 1988
author 0 : Christian Horn

title : Symbolic on-the-fly analysis of stochastic Petri nets.
year : 2014
author 0 : Martin Schwarick

title : Verteilte Datenauswertung zur Energieoptimierung im Medical Life Media.
year : 2011
author 0 : Robert Diemer

title : Applikative Modellierung vernetzter Systeme.
year : 1989
author 0 : Burkhard Igel

title : Konsistenzmechanismen in Software-DSM-Systemen auf der Basis strukturierter gemeinsamer Speicherbereiche.
year : 1999
author 0 : Markus Zahn

title : Realisierung eines Fertigungssystems zum Gussputzen mit aufgabenorientierter Programmierung.
year : 1993
author 0 : J&ouml;rg Isele

title : Verfahren zur numerischen Darstellung und Beurteilung der Linienf&uuml;hrung von Strassen.
year : 1982
author 0 : Hartmut Reuter

title : M&ouml;glichkeiten der statistischen Messung von Forschung und Entwicklung bei Software.
year : 1986
author 0 : Norbert F. Voigt

title : Analyse der softwarearchitektonischen Unterst&uuml;tzung der Usability mobiler Anwendungen.
year : 2017
author 0 : Bettina Biel

title : Beitr&auml;ge zum Entwurf eines relationalen Datenbankbetriebssystems.
year : 1986
author 0 : Franz Menhart
author 1 : J&uuml;rgen Stumpf

title : Untersuchung der Nebenl&auml;ufigkeit, Latenz und Konsistenz asynchroner Interaktiver Echtzeitsysteme mittels Profiling und Model Checking.
year : 2017
author 0 : Stephan Rehfeld

title : Computersimulation des Umwandlungsverhaltens von St&auml;hlen bei thermomechanischer Behandlung (TMB).
year : 1991
author 0 : Alexandre de Campos Lyra

title : Provably optimal scheduling of similar tasks.
year : 2000
author 0 : Hannah Bast

title : Die fundamentalen Parameter zur Berechnung von R&ouml;ntgenfluoreszenzintensit&auml;ten und ihre Ber&uuml;cksichtigung im Computerprogramm COBRI.
year : 1984
author 0 : Sibylle Planitz-Penno

title : Strategische Planung mit DSS-Generatoren: eine Studie zum Einsatz von Planungssprachen und Spreadsheetpaketen am Beispiel der strategischen Bankplanung.
year : 1989
author 0 : J&uuml;rgen Moormann

title : Compositional verification and specification of refinement for reactive systems in a dense time temporal logic.
year : 1996
author 0 : Antonio Cau

title : Unidirectional links in wireless sensor networks: problems and solutions for MAC- and routing layer.
year : 2012
author 0 : Reinhardt Karnapke

title : Koordinationsentscheidungen bei Unsicherheit: e. entscheidungstheoret. Beitr.
year : 1982
author 0 : Felix Liermann

title : Extending BPMN with deontic logic.
year : 2012
author 0 : Christine Natschl&auml;ger-Carpella

title : Speech recognition with spotting techniques.
year : 1993
author 0 : Dongyu Wang

title : Parallele VHDL-Simulation.
year : 1997
author 0 : Edwin Naroska

title : Zugriff auf EDV im Strafproze&szlig;: rechtliche und technische Probleme der Beschlagnahme und Durchsuchung beim Zugriff auf das Beweismittel "EDV".
year : 1999
author 0 : Ralph Matzky

title : Beeinflussung der Muskelaktivit&auml;t von Unterarm und Schulterg&uuml;rtel durch verschiedene Computer-Eingabeger&auml;te am Arbeitsplatz.
year : 2020
author 0 : Jeanette Sturm

title : Nutzung von Petri-Netzen bei Entwurf und Verifikation eines SKR-softwarekompatiblen 16-Bit-Mikrorechnersystems.
year : 1990
author 0 : Tobias M&uuml;ller 0004

title : Optimierung von Vorschaltger&auml;ten f&uuml;r Entladungslampen.
year : 1980
author 0 : Klaus-Dieter Brose

title : Progression der chronischen Niereninsuffizienz: Unters. zu Vorhersagemodellen.
year : 1983
author 0 : Thomas Gretz

title : Wege zur Erh&ouml;hung von Entscheidungsbezogenheit und Rationalit&auml;t der Warenrechnung im bezirksgeleiteten sozialistischen Konsumg&uuml;tereinzelhandel unter Ber&uuml;cksichtigung der Entwicklungstendenzen der elektronischen Datenverarbeitung.
year : 1987
author 0 : Wieland Remde
author 1 : Frank-Wolfhart Timm

title : Parallele genetische Algorithmen zur L&ouml;sung eines zweidimensionalen Bin-Packing-Problems.
year : 1993
author 0 : Berthold Kr&ouml;ger

title : Ein Beitrag zur qualitativen Verbesserung der Ausbildung in der maschinenorientierten Programmierungstechnik durch Anwendung von Methoden und Werkzeugen der Softwaretechnologie.
year : 1984
author 0 : Annerose Eckstein

title : Die Informationsbedarfsbestimmung als wichtige Voraussetzung f&uuml;r die effektive EDV-Anwendung zur rationellen Gestaltung von Leitungsprozessen.
year : 1985
author 0 : Hellmut Seidel

title : Engineering Data Generators for Robust Experimental Evaluations : Planar Graphs, Artificial Road Networks, and Traffic Information.
year : 2012
author 0 : Sascha Meinert

title : Das Adaptive-Information-Expectancy-Modell zur Aufmerksamkeitssimulation eines kognitiven Fahrermodells.
year : 2014
author 0 : Bertram Wortelen

title : Elementare Analyse zweier probabilistischer Algorithmen und Tiefenreduktion azyklisch gerichteter Graphen.
year : 1982
author 0 : Georg Schnitger

title : Anwendungsentwicklung f&uuml;r Intelligente Umgebungen im Web Engineering.
year : 2012
author 0 : Andreas Heil

title : Gestaltung der Kommunikationsebene in digitalen Kleinautomatisierungssystemen.
year : 1989
author 0 : Lutz Hagner

title : Verbesserung der Authentifizierung in IT-Systemen durch spezielle Dienste des Betriebssystems.
year : 1995
author 0 : Josef von Helden

title : Software-Sanierung mittels Strukturierung im Grossen.
year : 1993
author 0 : Manfred Schinner

title : Verhaltensanalyse eines mehrkanaligen, ausfalltoleranten Feldbussystems.
year : 1988
author 0 : Andreas Eckst&auml;dt

title : Sensing, interpreting, and anticipating human social behaviour in the real world.
year : 2020
author 0 : Philipp Matthias M&uuml;ller

title : Practical dynamic information flow control.
year : 2018
author 0 : Abhishek Bichhawat

title : Adaptive synchronization of interconnected systems.
year : 1991
author 0 : Stephan Schmid 0002

title : Ein Ansatz zur Modellierung gro&szlig;er Software-Entwicklungsprozesse durch Integration unabh&auml;ngig erfa&szlig;ter rollenspezifischer Sichten.
year : 1998
author 0 : Martin Verlage

title : Untersuchungen zu adaptiven Algorithmen in hierarchischen Mehrschichtsteuerungen mit Hilfe eines mikrorechnergest&uuml;tzten Steuerungsentwurfs- und Simulationssystems.
year : 1988
author 0 : Rainer Schulze 0002

title : Statistische Klassifikationsverfahren bei zeitabh&auml;ngigen Daten.
year : 1983
author 0 : Dieter Rummler

title : Modellierung, Realisierung und Anwendungen der Biologie-nahen Signalverarbeitung.
year : 1997
author 0 : Michael Scholles

title : Ein Beitrag zur computerunterst&uuml;tzten Wirbelstrompr&uuml;fung.
year : 1988
author 0 : Hartmut Waidele

title : Varianten der Sichtbarkeit und ihre Komplexit&auml;t.
year : 1997
author 0 : Dietmar Schuchardt

title : Ambient light displays for temporal information.
year : 2019
author 0 : Heiko M&uuml;ller 0002

title : Darstellung von Geb&auml;rden mittels Liniengraphiken: computergenerierte Animationen von Gestik und Mimik.
year : 1999
author 0 : Frank Godenschweger

title : Entwurf robuster Multimodell-Mehrgr&ouml;ssenregelkreise.
year : 1985
author 0 : Werner Lange

title : Entwicklung objekt-orientierter paralleler Programme.
year : 1997
author 0 : Andreas Wehrenpfennig

title : DISKOVER: neuartiges Dispositionsverfahren zur Bestandsreduzierung.
year : 1991
author 0 : Ralph-J&uuml;rgen Huhndorf

title : Generierung und praxisbezogene Optimierung von Infix-Analysatoren f&uuml;r LR-Grammatiken.
year : 1999
author 0 : Marlene Gerhardt

title : Compiler Prototyping mit Common Lisp untersucht am Beispiel von Oberon.
year : 1990
author 0 : Andreas K&uuml;nkler

title : Handling long-term dependencies and rare words in low-resource language modelling.
year : 2017
author 0 : Mittul Singh

title : Komponenten eines Allgemeinen Medizinischen Abteilungsinformationssystems.
year : 1987
author 0 : Peter Haas 0001

title : Ein paralleles 3D-Randelementprogramm der Elastostatik f&uuml;r heterogene Rechnerarchitekturen.
year : 1995
author 0 : Thomas Herzig

title : Spezielle Hardware zur Verarbeitung von Tern&auml;rvektorlisten.
year : 1988
author 0 : Wolfgang Matthes

title : From equationally defined functions to parallel processes.
year : 1987
author 0 : Thomas Pinegger

title : Konzeption und Realisierung eines wissensbasierten GIS-Werkzeuges zur mobilen Erfassung raumbezogener Daten: unter besonderer Ber&uuml;cksichtigung der &ouml;kologischen Bewertung von Flie&szlig;gew&auml;ssern.
year : 1997
author 0 : Albert Remke

title : Konzeption und experimentelle Realisierung eines OSI-gerechten Dateiserver-Dateiklient-Systems zur Gew&auml;hrleistung des Datenservices in einem lokalen Rechnernetzwerk.
year : 1989
author 0 : Harald Pfefferkorn

title : Zielrechnerunabh&auml;ngige Kodeverbesserungen auf der Basis eines attributierten Programmgraphen, dargestellt am Beispiel von Modula2.
year : 1992
author 0 : Ralf Schlaeger

title : Virtueller Konsum - Warenk&ouml;rbe, W&auml;gungsschemata und Verbraucherpreisindizes in virtuellen Welten.
year : 2015
author 0 : Christopher Felix Cullmann

title : Parallele adaptive Mehrgitterverfahren.
year : 1994
author 0 : Peter Bastian

title : Similarity Searching in Macromolecular Electron Density Maps.
year : 2012
author 0 : Axel Griewel

title : Informationsmanagement: berufliche Anforderungen und Konsequenzen f&uuml;r die Ausbildung aus informationswissenschaftlicher Sicht.
year : 1990
author 0 : Elisabeth Vogel

title : Etablierung und Erprobung einer zu katamnestischen Analysen geeigneten elektronischen Patientenkartei unter Zugrundelegung des HyperCard-Systems: Auswertung katamnestischer Daten bei 100 Nukleotomie-Patienten.
year : 1995
author 0 : Christoph Kiesewetter

title : Reliability aware high-level embedded system design in presence of hard and soft errors.
year : 2012
author 0 : Adeel Israr

title : Optimization of online multi-class support vector machines and applications to the classification of passive-acoustic remote sensing data from the verification network of the comprehensive nuclear-test-ban treaty.
year : 2019
author 0 : Matthias Tuma

title : Evolving Artificial Neural Networks for Multi-Objective Tasks.
year : 2021
author 0 : Steven K&uuml;nzel

title : Telearbeit in der beruflich-sozialen Rehabilitation von Menschen mit Behinderungen.
year : 2003
author 0 : Katja Waldeck

title : An architectural framework for self-configuration and self-improvement at runtime.
year : 2011
author 0 : Sven Tomforde

title : Concurrent multipath power delay optimization for high speed digital VLSI systems.
year : 1994
author 0 : Georgios K. Konstadinidis

title : Textperformanz und Textwirkung im WWW im Spannungsfeld zwischen Wandel und Konvention: dargestellt am Beispiel russischer Hochschulwebsites.
year : 2017
author 0 : Sabrina Zankl

title : A Security Aware Fuzzy Enhanced ACO Routing Protocol in MANETs.
year : 2018
author 0 : Hang Zhang 0002

title : Die semantische Gliederung zur Repr&auml;sentation des Bedeutungsinhalts innerhalb sprachverstehender Systeme.
year : 1997
author 0 : Johannes M&uuml;ller 0004

title : Integrierte Planung von Informationssystemen f&uuml;r rechnergest&uuml;tzte Produktionssysteme.
year : 1995
author 0 : Thomas Eder

title : Human Pose Estimation with Supervoxels.
year : 2014
author 0 : Alexander Schick

title : Die Akzeptanz und die Effektivit&auml;t von Standardsoftwaresystemen.
year : 1990
author 0 : Magdalena Hirschberger-Vogel

title : Untersuchungen zu einer Konzeption f&uuml;r eine entwicklungsbegleitende Qualit&auml;tssicherung bei der rechnerunterst&uuml;tzten Erarbeitung von Basissoftwareprodukten.
year : 1990
author 0 : J&uuml;rgen Thomas

title : Gabor wavelet networks for object representation.
year : 2001
author 0 : Volker Kr&uuml;ger

title : Ein Sprachkonzept zur F&ouml;rderung der strukturierten Programmierung.
year : 1982
author 0 : Peter Friedrich

title : Ein generisches Dialogsystem f&uuml;r relationale Datenbanken.
year : 2001
author 0 : Dirk Fischer 0002

title : Effiziente Gestaltung und Anwendung von attributbasierter Zugriffskontrolle f&uuml;r RESTful Services.
year : 2019
author 0 : Marc H&uuml;ffmeyer

title : A measurement-based approach to service modeling and bandwidth estimation in IEEE 802.11 wireless networks.
year : 2012
author 0 : Michael Bredel

title : Formal synthesis and verification of hierarchical recursive circuits based on an algebraic calculus of nets.
year : 1999
author 0 : Bin Zhu 0005

title : KomBInoS - Modellgetriebene Entwicklung von multimodalen Dialogschnittstellen f&uuml;r Smart Services.
year : 2017
author 0 : Daniel Porta

title : Digitale Bildverarbeitung von Cineangiogrammen: Einfluss von Filteroperatoren auf die geometrische Bildinformation.
year : 1992
author 0 : Susanne J&auml;ger

title : Entwurf eines objektorientierten Meta-Informationssystems zur Unterst&uuml;tzung der Informationslogistik.
year : 1993
author 0 : Wolfgang Behme

title : Galois-Theorie in monoidalen Kategorien.
year : 2012
author 0 : Thomas Ligon

title : Safe, Efficient, and Fair - A Top-Down Approach to Inter-Vehicle Communication.
year : 2013
author 0 : Daniel Baselt

title : Eine Architektur f&uuml;r individualisierte computergest&uuml;tzte Lernumgebungen: Grundlagen, Modularisierung und prototypische Realisierung.
year : 2003
author 0 : Stefan R&ouml;der

title : Entwicklung einer semantischen Missionssteuerung f&uuml;r autonome Inspektionsroboter.
year : 2011
author 0 : Marco Ziegenmeyer

title : Prozessperipheriesysteme f&uuml;r rechnergef&uuml;hrte Fertigungsanlagen, Analyse der Auslegungsm&ouml;glichkeiten und Systementwicklung f&uuml;r DNC-Realisierungen unter besonderer Ber&uuml;cksichtigung von Standardisierungsaspekten.
year : 1981
author 0 : Kurt-G&uuml;nter Zenner

title : Anwendbarkeit eines Algorithmus zur Berechnung der Wahrscheinlichkeit des Zusammenhangs von angeschuldigten Medikamenten (AGM) und unerw&uuml;nschten Arzneiwirkungen (UAW).
year : 1989
author 0 : Norbert Andrejew

title : Entwicklung eines lernf&auml;higen transputergest&uuml;tzten Werkzeugmaschinendiagnosesystems.
year : 1994
author 0 : Ralf Westerbusch

title : Entwicklung und Beurteilung von Aggregationsstrategien f&uuml;r lineare Entscheidungsmodelle.
year : 1986
author 0 : Sibylle Bartels

title : Modeling Human-Robot-Interaction based on generic Interaction Patterns.
year : 2014
author 0 : Julia Peltason

title : Ein Ordnungsrahmen zur Unterst&uuml;tzung der Generierung von Handlungsalternativen in &ouml;ffentlichen Organisationen basierend auf Instrumenten des Semantic Web.
year : 2014
author 0 : Stephan Jacob

title : Entwurf, Implementierung und Evaluierung des interaktiven Lehr- und Lernsystems VIACOBI f&uuml;r die Visualisierung von Algorithmen der Computergraphik und Bildverarbeitung.
year : 1998
author 0 : Achim W. Janser

title : Kommunikation von F&uuml;hrungskr&auml;ften: Fallstudien zur Medienanwendung im oberen Management.
year : 1997
author 0 : Robert Goecke

title : Computing Highly Reliable Train Journeys.
year : 2017
author 0 : Mohammad H. Keyhani

title : Contributions to data analytics techniques with applications in forecasting, visualization and decision support.
year : 2018
author 0 : Dennis Eilers

title : Identifikation nichtlinearer Systeme mit komprimierten Volterra-Reihen.
year : 1995
author 0 : Johannes Kurth

title : Ein Beitrag zur Entwicklung von Methoden zur Stereoanalyse und Bildsynthese im Anwendungskontext der Videokommunikation.
year : 2014
author 0 : Christian Weigel

title : Wyner-Ziv Bayer-pattern video coding.
year : 2012
author 0 : Hu Chen

title : Ausgew&auml;hlte Aspekte der interaktiven Bildschirmarbeit.
year : 1991
author 0 : Marcin Granowicz

title : Bildverbesserung mittels digitaler Filterung.
year : 1989
author 0 : Guangping He

title : Mikrocomputertomographie mit photonenprozessierenden Pixeldetektoren und iterativer Rekonstruktionsmethodik - Bildeigenschaften bei reduzierter Dosis.
year : 2020
author 0 : Frank Fischer 0008

title : Die Logik von Rahmen- und Stopregeln in Lorenzen Spielen.
year : 1990
author 0 : Rolf Dieter Valerius

title : Polar Active Contours for Medical Applications.
year : 2012
author 0 : Maximilian Tobias Baust

title : Optimization of 3D models for fabrication.
year : 2014
author 0 : Henrik Zimmer

title : Memory efficient hardware architectures for data compression and reduction in the parallel image processing domain.
year : 2019
author 0 : Yousef Baroud

title : Fractals in bioinformatics: visualization, analysis, and construction of molecular codes.
year : 2021
author 0 : Hannah F. L&ouml;chel

title : UI-, User-, &amp; Usability-Oriented Engineering of Participative Knowledge-Based Systems.
year : 2014
author 0 : Martina Freiberg

title : Vergleichende Tiefgefrierversuche an Bullensperma unter Verwendung eines computergesteuerten programmierten Einfrierverfahrens mit induzierter Kristallisation (Seeding).
year : 1983
author 0 : Hinrich Osmers

title : Zur Ausnutzung der Beziehungen von Logik, Prolog und Datenbanken f&uuml;r die Behandlung von Datenbankproblemen und die Weiterentwicklung von Prolog-Systemen.
year : 1988
author 0 : Frank Sch&ouml;nefeld

title : Spatio-Temporal Data Handling for Generic Mobile Geoinformation Systems.
year : 2016
author 0 : Paul Kuper

title : Evolutionary program induction of binary machine code and its applications.
year : 1997
author 0 : Peter Nordin

title : Unternehmungsplanung in Softwareh&auml;usern: Entwurf und Weiterentwicklung eines Bezugsrahmens auf der Basis empirischer Explorationen in Softwareh&auml;usern in der Bundesrepublik Deutschland.
year : 1989
author 0 : Norbert T&uuml;schen

title : Kommunikationstechnik und Aufgaben: organisator. Aufgabenanalyse unter bes. Ber&uuml;cks. d. Kommunikationsproblems.
year : 1985
author 0 : Manfred Fornfeist

title : Einf&uuml;hrung eines integrierten Logistik-Controlling.
year : 1995
author 0 : Thomas Vermast

title : Fraud prevention and security: a model-driven and pattern-based risk analysis framework of e-service fraud.
year : 2019
author 0 : Ahmed Seid Yesuf

title : Approximation Algorithms for Geometric Packing Problems.
year : 2013
author 0 : Lars Pr&auml;del

title : Allokation von Rechenprozessen in verteilten Realzeitsystemen.
year : 1986
author 0 : Lothar Borrmann

title : &Uuml;ber eine Verallgemeinerung des Bellmanschen Optimalit&auml;tsprinzips auf allgemeine N-Personenspiele.
year : 1972
author 0 : Heinrich Rommelfanger

title : Simulation und Photorealismus.
year : 2000
author 0 : Jens-Uwe Hahn

title : Entwicklung eines Online-Expertensystems auf PC-Basis zur Schwingungsdiagnose rotierender Maschinen.
year : 1991
author 0 : Marc Keim

title : Rechnergest&uuml;tztes Sourcingsystem f&uuml;r spanende Fertigungskapazit&auml;ten klein- und mittelst&auml;ndischer Unternehmen.
year : 1997
author 0 : J&uuml;rgen Funk

title : A QoS model for highly variable mobile networks.
year : 2017
author 0 : Markus Br&uuml;ckner

title : System-theoretic safety analysis in agile software development.
year : 2018
author 0 : Yang Wang 0049

title : Deflection queuing: preventing head-of-line blocking in communication network switches.
year : 2014
author 0 : Zoltan Szeifert

title : Perspektive Kartierungen: funktionelle Konsequenzen f&uuml;r die visuelle Raumwahrnehmung.
year : 1989
author 0 : Kai Storjohann

title : Durchlaufzeiten im B&uuml;ro: Prozessorganisation u. Aufgabenintegration als effizienter Weg zur Rationalisierung d. B&uuml;roarbeit mit neuen B&uuml;rokommunikationstechniken.
year : 1985
author 0 : Hans Zangl

title : Datenschutz gegen private Branchenwarndienste: zur Auslegung des Bundesdatenschutzgesetzes und zur Drittwirkung der Grundrechte im Konflikt zwischen Informations- und Geheimhaltungsinteressen.
year : 1993
author 0 : Klaus Schneider-Danwitz

title : Wissensbasierte Methodenbanken: WEPLAN - ein Expertensystem zur Sch&auml;tzung &ouml;konometrischer Einzelgleichungsmodelle.
year : 1995
author 0 : Karin Benz

title : Decision algorithms for modelling, optimal control and verification of probabilistic systems.
year : 2017
author 0 : Vahid Hashemi

title : Thinning-Verfahren: neue Ideen - schnelle Algorithmen.
year : 1994
author 0 : Jan Olszewski

title : Design und Evaluation von Hardware-Architekturen zur mobilen Sonifikation von Bewegungen in der Schlaganfallrehabilitation.
year : 2015
author 0 : Hans-Peter Br&uuml;ckner

title : Orchestrating network services using multi-domain, heterogeneous resources.
year : 2020
author 0 : Hadi Razzaghi Kouchaksaraei

title : Die Wertigkeit der Computertomographie im Vergleich zur konventionell durchgef&uuml;hrten Bestrahlungsplanung bei raumfordernden Prozessen im Thoraxbereich unter Verwendung von Optimierungskriterien.
year : 1983
author 0 : Monika Distelmaier

title : Entwicklung und Demonstration einer Echtzeit-Datenverarbeitung f&uuml;r hochaufl&ouml;sendes, flugzeuggetragenes Wetter-Radarsystem mit Auswertung des Dopplereffekts.
year : 1997
author 0 : Gebhard Hoffmann

title : CSCW: generische Unterst&uuml;tzung von Teamarbeit in verteilten DV-Systemen.
year : 1993
author 0 : Tom R&uuml;debusch

title : Untersuchung einer allgemeinen, linearen, gemischt-ganzzahligen O-1-Optimierungsaufgabe mit einer Nebenbedingung.
year : 1986
author 0 : Petra M&uuml;ller

title : Integration von regelbasiertem Wissen in neuronale Netze.
year : 1993
author 0 : J&uuml;rgen Hollatz

title : Beschr&auml;nkungen von grenz&uuml;berschreitenden Datenfl&uuml;ssen im Bankbereich: Datenexportbeschr&auml;nkungen im Recht der Schweiz, der BRD und der USA.
year : 1991
author 0 : Thierry Tissot

title : Die Hypostasierung des Computers: eine Kritik der sozialwissenschaftlichen Technologiedebatte am Beispiel der Diskussion um die neuen Informations- und Kommunikationstechnologien und ihrer Anwendung im B&uuml;ro- und Verwaltungsbereich.
year : 1989
author 0 : Christine D&ouml;rner

title : Sichtbeschreibungen f&uuml;r die Mensch-Computer-Interaktion am Beispiel der Computersimulation.
year : 1994
author 0 : Christine Helms

title : Entwicklung eines Datenverarbeitungssystems zur integrierten Erfassung und Auswertung von Versuchs- und Produktionsdaten der Versuchsstation Thalhausen.
year : 1997
author 0 : Andreas Ralf K&aacute;sa

title : &Uuml;ber die Informationsgesellschaft und ihre P&auml;dagogik.
year : 1993
author 0 : Johannes Zielinski

title : Graph-Transfromational Swarms: A Graph-Transformational Approach to Swarm Computation.
year : 2016
author 0 : Larbi Abdenebaoui

title : Rechnergest&uuml;tzter und automatisierter ingenieurm&auml;ssiger Entwurf analoger integrierter Schaltungen.
year : 1994
author 0 : Robert Weissenfels

title : Projektierungsstrategie f&uuml;r Mikrorechner-Automatisierungsanlagen.
year : 1986
author 0 : G&uuml;nter M&uuml;ller

title : Efficient HPC implementations for large-scale molecular simulation in process engineering.
year : 2014
author 0 : Wolfgang Eckhardt

title : Visualisierung quantitativer Markterfolgsdaten - M&ouml;glichkeiten und Grenzen der automatisierten Erstellung von Pr&auml;sentationen im Marktforschungsbereich.
year : 2001
author 0 : Volko Christ

title : Privacy-Respecting Smart Video Surveillance Based on Usage Control Enforcement.
year : 2016
author 0 : Pascal Birnstill

title : Integration wissensbasierter Ans&auml;tze in ein Pen-Computer-gest&uuml;tztes GIS-Werkzeug f&uuml;r fliessgew&auml;sser&ouml;kologische Planungen.
year : 1995
author 0 : Hardy Pundt

title : Normalization in the acoustic feature space for improved speech recognition.
year : 2003
author 0 : Sirko Molau

title : Control and management plane helper functions for information-centric networks.
year : 2013
author 0 : Borislava Gajic

title : Dynamic Clustering and Visualization of Smart Data via D3-3D-LSA.
year : 2017
author 0 : Lukas Borke

title : Rechnerunterst&uuml;tzter Entwurf statisch sequentieller Digitalschaltungen.
year : 1989
author 0 : Gerald Zickert

title : Pr&uuml;fung von EDV-Programmsystemen im Rahmen der Jahresabschlusspr&uuml;fung.
year : 1990
author 0 : Stefan G&ouml;bel 0002

title : Angewandte Systemanalyse in der Wasserg&uuml;tebewirtschaftung von Standgew&auml;ssern.
year : 1984
author 0 : Frieder Recknagel

title : Computergest&uuml;tzte Erkennung zerebraler Durchblutungsst&ouml;rungen mittels 123Jod-Amphetamin-Single-Photon-Emissions-Computertomographie (Amphetamin-SPECT).
year : 1987
author 0 : Thomas Umbach

title : Computergenerierte synthetische Sicht zur Verbesserung der Flugf&uuml;hrung bei schlechter Au&szlig;ensicht.
year : 1997
author 0 : Holger M&ouml;ller

title : Medizin in der Informationsgesellschaft: Informatisierung und Wissen in Forschung, Lehre und &auml;rztlicher Praxis.
year : 1999
author 0 : Karl-Franz Kaltenborn

title : Software reuse based upon architectural knowledge.
year : 2001
author 0 : Georg Molter

title : Algorithmische Synthese ereignisdiskreter Steuerungen mit erweiterten Petrinetz-Modellen.
year : 2018
author 0 : Kai Bollue

title : Erkennung von personentypischen Bewegungsmustern aus der Messung mechanischer Gr&ouml;ssen als Element der nonverbalen Mensch-Maschine-Kommunikation.
year : 1986
author 0 : Franz Bigge

title : Programmgest&uuml;tzter Entwurf integrierter Schaltungen f&uuml;r die digitale Nachrichten&uuml;bertragung aus Datenflussbeschreibungen.
year : 1996
author 0 : Peter Zepter

title : Automatisierte Verfahren f&uuml;r die Themenanalyse nachrichtenorientierter Textquellen.
year : 2016
author 0 : Andreas Niekler

title : On the Effective Use of Data Dependency for Reliable Cloud Service Monitoring.
year : 2019
author 0 : Heng Zhang 0009

title : Eine Methodologie und ein Werkzeug zur Wissensakquisition f&uuml;r Aufgaben der Prozesssteuerung.
year : 1992
author 0 : Norbert Kunde

title : Codes on Sparse Graphs for Satellite and Space Communications.
year : 2013
author 0 : Bal&aacute;zs Matuz

title : Biostatistical modeling and analysis of combined fMRI and EEG measurements.
year : 2012
author 0 : Stefanie Kalus

title : Analyse konventioneller und moderner Automatisierungsstrukturen - an Hand von Projekten f&uuml;r verfahrenstechnische Anlagen.
year : 1984
author 0 : Hans Jennes

title : Zu informationstheoretischen Grundlagen der Gestaltung entscheidungsorientierter Informationssysteme f&uuml;r die Leitung der sozialistischen Wirtschaft.
year : 1985
author 0 : Werner M&uuml;ller
author 1 : Horst Wrabetz

title : Programmnetzlisten: Ein formales Modell f&uuml;r die Verifikation von Hardwarenaher Software in Eingebetteten Systemen.
year : 2020
author 0 : Bernard Schmidt

title : The implementation of functional logic programming languages.
year : 1993
author 0 : Hendrik C. R. Lock

title : Untersuchungen zur Verteilung der Steuerungsfunktionen auf die Einrichtungen und Programme digitaler Fernsprechvermittlungszentralen.
year : 1986
author 0 : Peter Tietze

title : Human Factors in Secure Software Development.
year : 2021
author 0 : Yasemin Acar

title : Active data selection in supervised and unsupervised learning.
year : 2000
author 0 : Martina Hasenj&auml;ger

title : Maschinelle Erkennung von Pilotenabsichten und Pilotenfehlern &uuml;ber heuristische Klassifikation.
year : 1994
author 0 : Thomas Wittig

title : Application-specific UML profiles for multidisciplinary product data integration.
year : 2012
author 0 : Axel Reichwein

title : Evaluating Network Security Using Internet-wide Measurements.
year : 2019
author 0 : Oliver Gasser

title : Datenschutz im Mediensektor: zur Notwendigkeit effektiver und bereichsspezifischer Datenschutzvorschriften bei den "Neuen Medien".
year : 1989
author 0 : Dieter Kopetz

title : Codekonstruktionen mit modifizierter mehrdimensionaler DFT.
year : 1993
author 0 : Bernhard Liesenfeld

title : Kurven vom Geschlecht 2 und ihre Anwendung in Public-Key-Kryptosystemen.
year : 1994
author 0 : Anne-Monika Spallek

title : Making models: vom Selbermachen stofflich-digitaler Artefakte als Modellbildung.
year : 2014
author 0 : Eva-Sophie Katterfeldt

title : On scalable inference and learning in spike-and-slab sparse coding.
year : 2017
author 0 : Abdul-Saboor Sheikh

title : Traffic Scene Perception for Automated Driving with Top-View Grid Maps.
year : 2021
author 0 : Sascha Wirges

title : Computer-Simulationen und Mikrowellen-Spektroskopie zur Bestimmung der Eigenschaften von Wasser an hydrophilen Grenzfl&auml;chen.
year : 1987
author 0 : Wilfried Weiss

title : Risikoorientierte Instandhaltung von Leistungstransformatoren basierend auf einem regel- und fallorientierten Inspektionsverfahren.
year : 2018
author 0 : Markus Fischer 0003

title : Distance based similarity models for content based multimedia retrieval.
year : 2013
author 0 : Christian Beecks

title : Exploring issues in lexikal acquisition using Bayesan modeling.
year : 2018
author 0 : Benjamin B&ouml;rschinger

title : Die Bereitstellung computerunterst&uuml;tzter Methoden zur Analyse der Strahlungssituation an Teilchenbeschleunigern und deren exemplarische Anwendung auf das Cooler-Synchrotron COSY.
year : 1991
author 0 : J&uuml;rgen Moll

title : Echtzeitf&auml;hige Ablaufplanung f&uuml;r simultan mehrf&auml;dige Prozessoren.
year : 2011
author 0 : J&ouml;rg Mische

title : Realisierung eines Echtzeitsimulators als Parallelrechner.
year : 1996
author 0 : Thomas Gallenkamp

title : Modelle zur Identifikation von nichtlinearen zeitinvarianten Systemen.
year : 1980
author 0 : Reinhold Mann

title : Neue Ans&auml;tze f&uuml;r die verteilte kooperative r&auml;umliche Lokalisierung in drahtlosen Sensornetzwerken.
year : 2014
author 0 : Randolf Ebelt

title : Interactive Visual Analysis of Software Structures.
year : 2015
author 0 : Taimur Khan

title : Energy Efficiency in Database Systems.
year : 2015
author 0 : Daniel Schall 0002

title : Eine Halbfacetten-Datenstruktur f&uuml;r die Modellierung von "non-manifold"-K&ouml;rpern.
year : 1996
author 0 : Olaf Borkner-Delcarlo

title : Registerzuteilung f&uuml;r Ausdr&uuml;cke mit gemeinsamen Unterausdr&uuml;cken auf dem Adressierungsniveau.
year : 1981
author 0 : Frank Scholz

title : Ein wissensbasierter genetischer Algorithmus zur Rekonstruktion physikalischer Ereignisse.
year : 1992
author 0 : Andreas Hemker

title : Visual Interpretation of Human Body Language for Interactive Scenarios.
year : 2012
author 0 : Zahid Riaz

title : 2D-Formelsprachen in der Mensch-Computer-Kommunikation.
year : 1989
author 0 : Jochen Benary

title : Parameter exploring policy gradients and their implications.
year : 2012
author 0 : Frank Sehnke

title : Discovery of usage based item similarities to support recommender systems in dealing with rarely used items.
year : 2015
author 0 : Katja Niemann

title : Practical forward secure signatures using minimal security assumptions.
year : 2013
author 0 : Andreas H&uuml;lsing

title : Web-based Stereoscopic Collaboration for Medical Visualization.
year : 2013
author 0 : Mathias Kaspar

title : Design and Analysis of Adaptive Caching Techniques for Internet Content Delivery.
year : 2018
author 0 : Daniel S. Berger

title : Ein Materialmodell f&uuml;r die Berechnung von Stahlbetonfl&auml;chentragwerken.
year : 1988
author 0 : Johann Kollegger

title : Ein System zur Formulierung und Erzeugung von Netzwerkflussproblemen.
year : 1990
author 0 : Matthias Forster

title : Techniques for modelling structured operational and denotational semantics definitions with term rewriting systems.
year : 1994
author 0 : Karl-Heinz Buth

title : Container Fleet Management in Closed-Loop Supply Chains.
year : 2017
author 0 : Neil Jami

title : Rechnergest&uuml;tzte symbolische Roboterkinematik.
year : 1993
author 0 : P&eacute;ter Kov&aacute;cs

title : Entwicklung eines computergest&uuml;tzten Systems zur Berechnung der prospektiven Endgr&ouml;sse von Kindern und dessen Anwendung in der kinder&auml;rztlichen Praxis.
year : 1986
author 0 : Herbert M&uuml;ller

title : Geographic Knowledge Graph Summarization.
year : 2019
author 0 : Bo Yan 0003

title : Morphembasierte automatische Indexierung und Klassifikation von Diagnosenbezeichnungen: Methodik, Realisierung und Evaluation.
year : 2003
author 0 : Pius Franz

title : Anwenderorientierte rechnerunterst&uuml;tzte Arbeitsplanung f&uuml;r numerisch gesteuerte Drehmaschinen bei ausgew&auml;hlten Teilespektren.
year : 1984
author 0 : Gerhard Zenke

title : Towards a cognitive automotive environment model: a novel approach based on distributed representations and spiking neural networks.
year : 2020
author 0 : Florian Mirus

title : Softwarekonzept f&uuml;r eine digitale Vermittlungsanlage mit streng modularem Aufbau und verteilter Steuerung.
year : 1984
author 0 : Hannelore Kieser

title : State-Action Gist based In-hand Manipulation Learning from Human Demonstration.
year : 2013
author 0 : Gang Cheng 0001

title : Quantifizierung der visuellen Gr&ouml;&szlig;enkodierung und des Informationsgehalts zweidimensionaler Objekte auf Basis der Blickinteraktion.
year : 2016
author 0 : Antonio Botta

title : Consumer Selection and Use of Software - Empirical Studies on Non-Rational Decision Making.
year : 2016
author 0 : Marvin Fleischmann

title : Beitrag zur Erh&ouml;hung der Effektivit&auml;t der Softwareentwicklung unter den Bedingungen des Wissenschaftlichen Ger&auml;tebaus.
year : 1986
author 0 : Reinhard Vilbrandt

title : Compilierung graphisch spezifizierter VLSI-Entwurfsregeln.
year : 1989
author 0 : Wolfgang Ries

title : Erh&ouml;hung der &ouml;konomischen Wirksamkeit von Versorgungssystemen durch optimierte Verteilung von Vorr&auml;ten.
year : 1984
author 0 : Horst B&uuml;rdek

title : Verwendung verschiedener Biosignale zur Bedienung computergesteuerter Systeme.
year : 2002
author 0 : Torsten Felzer

title : Kalman-Filter und -Gl&auml;ttung und deren Anwendung auf Erwartungsbildungsmechanismen.
year : 1987
author 0 : Peter Weymann

title : Nat&uuml;rlichsprachliche Mensch-Maschine-Kommunikation: wie muss e. Modell von Sprache aussehen, d.d. menschl. Sprechpraxis ber&uuml;cksichtigt u. implementierbar ist?
year : 1988
author 0 : Volker Krambrich

title : Zur Steuerung an der internen Schnittstelle von Dialogsystemen.
year : 1986
author 0 : Volker Hartmann

title : Sound semantics of a high-level language with interprocessor interrupts.
year : 2016
author 0 : Hristo Pentchev

title : Skalierbare Autokonfiguration sabotageresistenter virtueller privater Netze.
year : 2011
author 0 : Michael Ro&szlig;berg

title : Entwurfs- und Architekturprinzipien f&uuml;r ein Echtzeit-Informationssystem im Teilhaberbetrieb f&uuml;r Einsatzbedingungen mit speziellen Anforderungen an die Systemzuverl&auml;ssigkeit.
year : 1986
author 0 : Peter Wiese

title : Algorithms for mobile agents with limited capabilities.
year : 2011
author 0 : Christiane Schmidt 0001

title : Ein modular erweiterbarer Rahmen f&uuml;r Koordinationssprachen.
year : 2003
author 0 : Torsten Fink

title : Einsatzwirkungen integrierter Standardsoftware zur Produktionsplanung und -steuerung in kleinen und mittleren Unternehmen: e. empir. Unters.
year : 1987
author 0 : Ralf Kurpicz

title : Routing for multi-hop device-to-device (D2D) networks.
year : 2021
author 0 : Farrukh Salim Shaikh

title : Lazy Evaluation: From natural semantics to a machine-checked compiler transformation.
year : 2016
author 0 : Joachim Breitner

title : Interaktionsebenen-Modell f&uuml;r Dialogsysteme: ein anwendungs- und arbeitsorientierter Ansatz zur software-ergonomischen Gestaltung von B&uuml;rosystemen.
year : 1994
author 0 : Uwe Schl&auml;ger

title : Zur Untersuchung des Biegekollaps-Verhaltens von Kraftfahrzeugstrukturen mit Hilfe der nichtlinearen Finite-Element-Methode.
year : 1987
author 0 : Seung-Jin Heo

title : Regionenorientierte Bildbeschreibung: Algorithmen und M&ouml;glichkeiten.
year : 1989
author 0 : Uwe Franke

title : Hochaufgel&ouml;ste Oberfl&auml;chenbestimmung von Natursteinen und Orientierung von Bildern mit dem Facetten-Stereosehen.
year : 1995
author 0 : Michael Kempa

title : Collaborative Processes of Enterprises: Supporting Global Development.
year : 2013
author 0 : Harald Klein 0001

title : Optimierung von deterministischen und stochastischen Entscheidungsnetzpl&auml;nen.
year : 1982
author 0 : Johannes Siedersleben

title : Wettbewerbsvorteil durch Personalcomputer - ein Konzept f&uuml;r den strategischen PC-Einsatz in Kleinbetrieben.
year : 1989
author 0 : Thomas Weber 0004

title : Softwarezuverl&auml;ssigkeit: quantitative Modelle und Nachweisverfahren.
year : 1989
author 0 : G&uuml;nter Becker

title : Gesamtoptimierung verfahrenstechnischer Systeme mit evolution&auml;ren Algorithmen.
year : 1999
author 0 : Bernd Gro&szlig; 0001

title : Model-based Engineering for Energy-efficient Operation of Factory Automation Systems within Non-productive Phases.
year : 2014
author 0 : Sebastian Mechs

title : Optimierung der Projektierungs- und Ausf&uuml;hrungsparameter von Abwassersammlern unter st&auml;dtischen Bedingungen.
year : 1985
author 0 : Andrzej Kuliczkowski

title : A Human-Centric Approach For Binary Code Decompilation.
year : 2018
author 0 : Khaled Yakdan

title : Ein Beitrag zur Theorie und Praxis von fuzzy-geregelten Systemen.
year : 1993
author 0 : Lei Wang 0076

title : Warenwirtschaftssysteme im Landhandel: Analyse und Konzept f&uuml;r ein integriertes Managementinformationssystem.
year : 1993
author 0 : Ulrich H. Kuron

title : Die Berechnung von Assoziationen: ein korpuslinguistischer Ansatz.
year : 1995
author 0 : Reinhard Rapp

title : Quantitative Analyse zeit- und ressourcenerweiterter SDL-Systeme mit Hilfe von Zustandsraumexploration und Model-Checking.
year : 1997
author 0 : Marc Diefenbruch

title : Theoretische und experimentelle Untersuchungen zu Analysealgorithmen und Problemen der Objektvorerkennung in der automatischen Bildverarbeitung: Entwicklung und Aufbau eines schnellen Bildprozessors.
year : 1984
author 0 : Inge Rudolph

title : Verbesserung der St&ouml;rsicherheit bei der Mimikanalyse in mono- und binokularen Farbbildsequenzen durch Auswertung geometrischer und dynamischer Merkmale.
year : 2010
author 0 : Robert Niese

title : Optimization of the Memory Subsystem of a Coarse Grained Reconfigurable Hardware Accelerator.
year : 2019
author 0 : Lukas Johannes Jung

title : Komplexe Steuerung von Transportprozessen im Kraftverkehr.
year : 1982
author 0 : Wolfgang Bilz
author 1 : Bernd Unger

title : Erarbeitung und Einf&uuml;hrung von KRS 4200-Projekten zur Erfassung und Auswertung von Daten aus ausgew&auml;hlten Etappen der Arbeit in der Zuckerr&uuml;benz&uuml;chtung im Institut f&uuml;r R&uuml;benforschung Klein Wanzleben: (Grundstufe einer EDV-gest&uuml;tzten Zuchtbuchf&uuml;hrung).
year : 1985
author 0 : Martin Priegnitz

title : Vernetzung adaptiver und interaktiver Automatisierungseinheiten, ein Beitrag zur Datenkommunikation in der Fertigung.
year : 1986
author 0 : Wolfgang R&uuml;hle

title : Automatisierte Verfahren f&uuml;r die Themenanalyse nachrichtenorientierter Textquellen.
year : 2018
author 0 : Andreas Niekler

title : Methoden zur kontrollierten Ausf&uuml;hrung nichtdeterministischer kommunizierender Programme.
year : 1999
author 0 : Michael Oberhuber

title : On the extraction, classification and causal analysis of EEG signal components.
year : 2016
author 0 : Irene Winkler

title : Rechnerunterst&uuml;tzte, integrierte Anlagenplanung auf der Basis rechnerinterner Modelle.
year : 1985
author 0 : Mathias Weichand

title : Computer im Rathaus: was dem Ziel von mehr B&uuml;rgerfreundlichkeit durch Verwaltungsautomation insbesondere in Kleinst&auml;dten entgegensteht ; ein Beitrag zur Sozialvertr&auml;glichkeits-Forschung am Beispiel der Stadt Olfen, Westfalen.
year : 1991
author 0 : Kai G&ouml;pel

title : Device-Free, Radio-based Activity Recognition using Smart Home Wireless Communication Technologies.
year : 2015
author 0 : Markus Scholz

title : Ein Verfahren zur rechnerunterst&uuml;tzten Programmkonstruktion.
year : 1985
author 0 : Daltro Jos&eacute; Nunes

title : Ein Programmwerkzeug zur Simulation kombinierter Systeme.
year : 1991
author 0 : Petr Fort

title : Implizite Darstellung von Parallelit&auml;t auf der Ebene des Programmiermodells.
year : 1997
author 0 : Bernhard W&ouml;rner

title : POOL: probabilistic object oriented logical representation and retrieval of complex objects: a model for hypermedia retrieval.
year : 1999
author 0 : Thomas R&ouml;lleke

title : A Framework for Property-preserving Encryption in Wide Column Store Databases.
year : 2017
author 0 : Tim Waage

title : Untersuchung von Verfahren zur Pr&uuml;fung von digitalen Systemen unter dem Gesichtspunkt der Erarbeitung eines neuen Pr&uuml;fverfahrens mit Eignung f&uuml;r Selbstpr&uuml;fanwendungen.
year : 1985
author 0 : Stephan Albert

title : Mathematische Modellierung von Elementen des Cholesterolstoffwechsels.
year : 1980
author 0 : Steffen G&ouml;bel 0002

title : An Analysis of the Differences between Unit and Integration Tests.
year : 2019
author 0 : Fabian Trautsch

title : Fixpoint transformations and parallel asynchronous iterative algorithms.
year : 1994
author 0 : Jiawang Wei

title : Ein Beitrag zum Mehrrechnerbetrieb und lokalen Rechnerverbund.
year : 1986
author 0 : Manfred Gerstenberger

title : Betriebswirtschaftliche Softwarebibliotheken und Adaption: empirischer Befund, Produkte, Methoden, Werkzeuge, Dienstleistungen und ein Modell zur Planung und Realisierung im Unternehmen.
year : 1994
author 0 : Andreas Hufgard

title : Array-Codes auf der Basis interleavter Blockcodes.
year : 2000
author 0 : Christoph Haslach

title : Computersimulation zur biomechanischen Diagnose des Gewichthebens.
year : 2003
author 0 : Khaled M. Zahran

title : Entwicklung eines autorenunterst&uuml;tzenden Systems zur nachhaltigen Sicherstellung der Barrierefreiheit im Internet auf der Grundlage von Open-Source-Software.
year : 2012
author 0 : Birgit Scheer

title : On the use of computer algebra systems in a calculus course for Thai engineering students: developing and testing modules for visualization.
year : 1996
author 0 : Ungsana Chundang

title : Development of cue integration with reward-mediated learning.
year : 2011
author 0 : Thomas H. Weisswange

title : Computerbasiertes Training als Instrument der Personalentwicklung: eine exemplarische Analyse f&uuml;r die Kreditwirtschaft.
year : 1995
author 0 : J&uuml;rgen Rybak

title : Aufgaben- und leitungsgerechte Informationsbereitstellung f&uuml;r die operative Produktionslenkung und -kontrolle durch Einsatz dezentraler Datentechnik unter Nutzung einer relationalen Datenbank.
year : 1987
author 0 : S&aacute;ndor Z&ouml;ld

title : Neue Informations- und Kommunikationstechnik und Macht in der Unternehmung: eine Analyse der machtpolitischen Ver&auml;nderungen aus individueller und organisatorischer Perspektive.
year : 1990
author 0 : Edgar Wittmann

title : Implementierung eines EDV gest&uuml;tzten Leistungserfassungssytems im Bereich der An&auml;sthesie eines Hauses der Grundversorgung und Validierung eines Systems der externen Qualit&auml;tssicherung.
year : 2003
author 0 : Henning Jansen

title : Computersimulation in der Berufsschule: Entwicklung und Evaluation eines Konzepts zur F&ouml;rderung kognitiver Komplexit&auml;t im Politik- und Wirtschaftslehre-Unterricht.
year : 1991
author 0 : R&uuml;diger R. Kummer

title : [Algorithmisierte Entscheidungsketten] ; Algorithmen im Alltag: eine praxistheoretische Studie zum informierten Umgang mit Routenplanern.
year : 2020
author 0 : Annelie Pentenrieder

title : Resilient Energy-Constrained Microprocessor Architectures.
year : 2019
author 0 : Anteneh Gebregiorgis

title : Visual Analytic Methods for Exploring Large Amounts of Relational Data with Matrix-based Representations.
year : 2017
author 0 : Michael Behrisch 0001

title : Ein Beitrag zur mathematischen Modellierung des kontinuierlichen Zerkleinerungsprozesses in R&uuml;hrwerkskugelm&uuml;hlen.
year : 1985
author 0 : Gerd Kr&uuml;ger 0002

title : Ein Beitrag zur numerischen Stabilit&auml;tsanalyse station&auml;rer und instation&auml;rer Strukturantworten.
year : 1994
author 0 : Peter Nawrotzki

title : Bayessche linear-quadratische Kontrollmodelle.
year : 1989
author 0 : Franz Knoll

title : M&ouml;glichkeiten und Effekte einer rechnergest&uuml;tzten Drehzahlregelung von Verarbeitungsmaschinen im Mehrmaschinenbereich: dargestellt am Beispiel der Weberei.
year : 1992
author 0 : Frank Ficker

title : ATTEMPTO: eine modulare portable Betriebssystemerweiterung f&uuml;r Fehlertoleranz ; Implementation und empirische Validation.
year : 1993
author 0 : Willi G&uuml;nter

title : Universal Machine Learning Methods for Detecting and Temporal Anchoring of Events.
year : 2018
author 0 : Nils Fabian Reimers

title : Test and verification of compiler back ends with a cost-benefit analysis.
year : 2012
author 0 : Elke Salecker

title : Segmentierung zur symbolischen Beschreibung von Strukturen in Grauwertbildern.
year : 1987
author 0 : Guido Gerig

title : Algorithmen zur Planung und Optimierung moderner Kommunikationsnetze.
year : 2001
author 0 : Dirk Beckmann

title : Model-Driven software modernization: concept-based engineering of situation-specific methods.
year : 2016
author 0 : Marvin Grieger

title : Scalable 3D Surface Reconstruction by Local Stochastic Fusion of Disparity Maps.
year : 2014
author 0 : Andreas Kuhn 0002

title : Automatisierte Charakterisierung stereochemischer Eigenschaften von Molek&uuml;lensembles.
year : 1997
author 0 : Antje Reichelt

title : Ein Segmentationsmodell f&uuml;r digitale Bilder unter Verwendung informationstheoretischer Masse.
year : 1982
author 0 : Gerhard Johannsen

title : CNAUSY: Curricularnetz u. Auskunftssystem f&uuml;r d. Bauwesen.
year : 1988
author 0 : Wolfgang Br&uuml;ggemann

title : Mobile interaction with large multimedia information spaces.
year : 2012
author 0 : Jochen Huber

title : Computer Vision and Deep Learning Methods for Measuring and Modeling Animal Behavior.
year : 2021
author 0 : Jacob M. Graving

title : EDIFACT: ein Implementierungskonzept f&uuml;r mittelst&auml;ndische Unternehmen.
year : 1993
author 0 : Thorsten Georg

title : Einsatzbedingungen f&uuml;r Industrieroboter zur Steigerung der Effektivit&auml;t der gesellschaftlichen Arbeit im VEB Kombinat Schuhe Weissenfels.
year : 1985
author 0 : Hans Aschmann

title : Architektur und Organisation von Fliessbandprozessoren.
year : 1988
author 0 : Norbert Drescher

title : Gegenw&auml;rtiger Stand der Zeitnormativarbeit und Entwicklungsanforderungen im Zusammenhang mit fortschreitender Automatisierung und der Einf&uuml;hrung rechnergest&uuml;tzter Arbeitsweisen in der Produktionsvorbereitung.
year : 1987
author 0 : Anne-Gret Luzens

title : Verkehrssteuerung in ATM-Netzen: Verfahren und verkehrstheoretische Analysen zur Zellpriorisierung und Verbindungsannahme.
year : 1995
author 0 : Hans Kr&ouml;ner

title : Mensch, Maschine, Metapher: zur Exemplifikation des menschlichen Geistes durch den Computer ; eine wissenschaftsphilosophische Rekonstruktion der Kognitionswissenschaft als Technologie.
year : 1994
author 0 : Stefan Wolf 0003

title : Fine-Granular Sensing of Power Consumption - A New Sensing Modality for an Accurate Detection, Prediction and Forecasting of Higher-Level Contextual Information in Smart Environments.
year : 2016
author 0 : Alaa Alhamoud

title : Principles of Neural Network Architecture Design - Invertibility and Domain Knowledge.
year : 2019
author 0 : Jens Behrmann

title : Adaptive Lehr- und Lernsysteme zur Unterst&uuml;tzung der praktischen Ausbildung an ERP-Systemen.
year : 2014
author 0 : Dirk Peters

title : Entwicklung und Erprobung eines Instrumentariums zur Ermittlung anforderungsgerechter und effizienter Organisationsstrukturen in Warenverteilzentren.
year : 1983
author 0 : Franz Buscholl

title : Sicherheit und Datenschutz in nicht-interaktiven Crowdsourcing Szenarien.
year : 2015
author 0 : Tobias Jeske

title : Risiken elektronischer Daten&uuml;bermittlung im Banken-, Handels- und Beh&ouml;rdenbereich: eine Risikoanalyse aus technisch-wirtschaftlich-kriminologisch-rechtlicher Sicht.
year : 1990
author 0 : Walter J. Jaburek

title : Management der individuellen Datenverarbeitung, dargestellt an der Verwaltung des Kantons Z&uuml;rich.
year : 1990
author 0 : Roland Sch&uuml;rmann

title : Size-based scheduling to improve the user experience in cellular networks.
year : 2016
author 0 : Magnus Proebster

title : Beitr&auml;ge zur parallelen Ableitung und Verarbeitung von Linienstrukturen mit Methoden der digitalen Bildverarbeitung.
year : 1988
author 0 : J&uuml;rgen Saedler

title : Auswertung von digitisierten Fernsehbildern zur Beschreibung bewegter Objekte.
year : 1978
author 0 : Bernd Radig

title : Korrektheit und deren Durchsetzung im Umfeld langandauernder Abl&auml;ufe.
year : 2001
author 0 : Friedemann Schwenkreis

title : Entwicklung eines echtzeitf&auml;higen softwaredefinierten Rundfunkempf&auml;ngers f&uuml;r Desktop-Computer.
year : 2015
author 0 : Piotr Szegv&aacute;ri

title : Distributed Real-time Systems - Deterministic Protocols for Wireless Networks and Model-Driven Development with SDL.
year : 2015
author 0 : Dennis Christmann

title : Toward autopoietic programming.
year : 2012
author 0 : Robert E. Keller

title : Verfahren zum Entwurf von Schaltnetzen mit sicherem Zeitverhalten.
year : 1989
author 0 : Thomas Marktscheffel

title : Informationstechnische Unterst&uuml;tzung f&uuml;r Gruppenarbeit im Bereich Planung und Steuerung.
year : 1997
author 0 : Harry Spatz

title : Beitrag zur Wissensakquisition in der industriellen Buchbinderei am Beispiel des Teilprozesses Zusammentragen.
year : 1994
author 0 : Hans Demanowski

title : High-performance domain-specific compilation without domain-specific compilers.
year : 2020
author 0 : Bastian Hagedorn

title : Formale Fehlermodellierung f&uuml;r verteilte reaktive Systeme.
year : 2001
author 0 : Max Breitling

title : On the improvement of security proofs.
year : 2015
author 0 : Saqib A. Kakvi

title : Mining software repositories for coupled changes.
year : 2017
author 0 : Jasmin Ramadani

title : An open framework for dependable stateless transaction processing.
year : 2002
author 0 : Dianlong Zhang

title : Query-independent ranking for user-generated content: a method to compare user-generated content across social media platforms.
year : 2013
author 0 : Claudia Wyrwoll

title : Architektur und Realisierung einer anwendungsspezifischen integrierten Schaltung f&uuml;r einen iterativen Bildrekonstruktionsalgorithmus.
year : 1996
author 0 : Matthias Litzka

title : Electronic banking im Privatkundengesch&auml;ft: eine system- und chaostheoretisch orientierte Untersuchung zur Sozial- und Wirtschaftsgeographie der Finanzdienstleistungen ; das Fallbeispiel Euregio Maas-Rhein ; mit 74 Tabellen.
year : 1997
author 0 : Andreas Koch 0010

title : Modelling of a Privacy Language and Efficient Policy-based De-identification.
year : 2020
author 0 : Armin Gerl

title : Warenwirtschaftssysteme mit Bildschirmtext.
year : 1990
author 0 : Uschi Leismann

title : Gestaltungsrichtlinien f&uuml;r die Visualisierung von Produktinformationen in der virtuellen Umgebung CAVE zur Unterst&uuml;tzung von Design Review Teams.
year : 2020
author 0 : Elisabeth Brandenburg

title : Rechnerunterst&uuml;tzung f&uuml;r das Projektieren am Beispiel Schiffsgetriebe.
year : 1988
author 0 : Peter F. Tropschuh

title : Eine objektorientierte Architektur f&uuml;r Hochleistungs-Display-Prozessoren.
year : 1990
author 0 : Bengt-Olaf Schneider

title : Strategieplanung f&uuml;r die technische EDV: Baustein zur Realisierung von CIM-Systemen.
year : 1988
author 0 : Wolfgang Lindheim

title : Improvement of the correlation between ALSE and BCI by adjusting the feeding and positioning conditions based on indirect measurement of termination impedances using current transformers.
year : 2018
author 0 : Seyyed Ali Hassanpour Razavi

title : Hochratige Daten&uuml;bertragung &uuml;ber Mittelspannungskabel.
year : 2003
author 0 : Sascha Schwarze

title : Das Micro-CAD-System, ein Beitrag zur Einf&uuml;hrung einer rechnerunterst&uuml;tzten Konstruktionsweise in kleineren und mittleren Unternehmen.
year : 1983
author 0 : Ulrich Kahle

title : Rejection and online learning with prototype-based classifiers in adaptive metrical spaces.
year : 2016
author 0 : Lydia Fischer

title : F&uuml;hrungsunterst&uuml;tzungssysteme: ein kommunikationsorientierter Ansatz ; Konzept und prototypische Realisierung.
year : 1999
author 0 : Stephan Kruppa

title : Vorausschauende Rekonfiguration dynamisch rekonfigurierbarer Prozessoren in einem System on Chip.
year : 2013
author 0 : Sven Eisenhardt

title : Optimierung von Genauigkeits- und Produktivit&auml;tskenngr&ouml;ssen beim Umfangsflachschleifen mit Quervorschub unter Ber&uuml;cksichtigung des Schleifk&ouml;rperverschleisses.
year : 1982
author 0 : Bernfried L&ouml;hmann

title : Erg&auml;nzender Leistungsschutz und Computersoftware: Rechtsschutz f&uuml;r innovative Arbeitsergebnisse durch UWG und BGB.
year : 1993
author 0 : Ralf Jersch

title : Learning search heuristics for automated deduction.
year : 1997
author 0 : Matthias Fuchs

title : Probabilistic Semantic Web: reasoning and learning.
year : 2017
author 0 : Riccardo Zese

title : Automated Optimization of Discrete Event Simulations without Knowing the Model.
year : 2019
author 0 : Mirko Stoffers

title : Der Einsatz von Digitalgraphik und alphanumerischem Dialog zur Bedeutung elastisch gelagerter Gr&uuml;ndungsplatten - ein Beitrag zur Rationalisierung der bautechnischen Projektierung.
year : 1984
author 0 : Volker Messtorff-Lebius

title : Mathematisches Informations-Engineering: Daten- und Transaktions-orientierter Softwareentwurf oder Transaktionen in der Wissenspr&auml;sentation.
year : 1993
author 0 : Martin Weigele

title : Erzeugung einer rechnerunabh&auml;ngigen Zielsprache aus der rechtlinearen Darstellung syntaktischer B&auml;ume.
year : 1980
author 0 : Hans-J&ouml;rg J&auml;kel

title : On stochastic gradient, differential Hebbian- and reward-modulated learning.
year : 2012
author 0 : Orlando Jos&eacute; Ar&eacute;valo Acosta

title : Computerunterst&uuml;tztes Lernen: die Erprobung eines computerunterst&uuml;tzten Trainingsprogramms in der Medizinischen Psychologie.
year : 1992
author 0 : Maryam Mohammad Bagher Khan Tabrizi

title : Spatial learning with geospatial technologies.
year : 2017
author 0 : Thomas Bartoschek

title : About the Structure and Sensitivity of Integer Linear Programs and their Application in Combinatorial Optimization.
year : 2017
author 0 : Kim-Manuel Klein

title : Klassifizierung von Interaktionsprozessen im Sportspiel mit Hilfe selbstorganisierender Karten.
year : 2021
author 0 : Andreas Grunz

title : Schlafregulation des Menschen: Modelle und Computersimulationen.
year : 1988
author 0 : Peter Achermann

title : Modellierung und Handhabung von Beziehungen zwischen Managementobjekten im OSI-Netzmanagement.
year : 1994
author 0 : Alexander Clemm

title : Entwurf eines Feldbusses f&uuml;r die Automatisierungstechnik unter dem besonderen Aspekt der Sicherung der Daten&uuml;bertragung.
year : 1989
author 0 : J&ouml;rg Meissner

title : Quality and quantity in robustness checking using formal techniques.
year : 2013
author 0 : Stefan Frehse

title : Methode zum Nachweis der Wirtschaftlichkeit von Investitionen in die rechnerintegrierte Produktion.
year : 1997
author 0 : Astrid Burger

title : Vervollkommnung der &ouml;konomischen Analyse im Post- und Fernmeldewesen durch Nutzung zentraler Daten- und Informationsmittelfonds und deren Auswertung mittels &ouml;konomisch-mathematischer Methoden.
year : 1988
author 0 : Heinrich Pohl

title : Ver&auml;nderungen der Kommunikation in der Steuerberatung durch den Einsatz internetbasierter Technologien.
year : 2003
author 0 : Ingmar Sch&ouml;rck

title : Informationsmanagement im Marktforschungsprozess unter besonderer Ber&uuml;cksichtigung der Infratest Forschung AG.
year : 1991
author 0 : Sabine Graumann

title : Programmiersystem zur Analyse linearer elektrischer Netzwerke aus RLC-Elementen im Frequenz- und Zeitbereich.
year : 1974
author 0 : Sok Tong

title : Ressourceneffiziente Hardware-Software-Kombinationen f&uuml;r Kryptographie mit elliptischen Kurven.
year : 2014
author 0 : Christoph Puttmann

title : Computergest&uuml;tzte Tourenplanung mit zeitkritischen Restriktionen: mit 44 Tabellen.
year : 1994
author 0 : Martin Gietz

title : &Uuml;berwachung von Rechnernetzen mit verteilten Me&szlig;systemen.
year : 1996
author 0 : Werner Schollenberger

title : CIM und strategisches Management.
year : 1992
author 0 : Manfred Gr&ouml;ger

title : Time-continuous behaviour comparison based on abstract models.
year : 2014
author 0 : Jacob Palczynski

title : Machine-Vision-Based Activity, Mobility and Motion Analysis for Assistance Systems in Human Health Care.
year : 2019
author 0 : Julia Richter

title : Der GapSet Algorithmus: Ein parallelisierbarer Algorithmus zur Berechnung minimaler Schnitte.
year : 2016
author 0 : Andrea Jaax

title : Die Anwendung der Semi-Markoff- und verwandten Prozesse als sicherheits- und zuverl&auml;ssigkeitstechnisches Analyseverfahren zur quantitativen Bewertung technischer Systeme.
year : 1989
author 0 : Roger Knepper

title : A computer simulation based dynamic optimization model of underground belt-bin system.
year : 1988
author 0 : Yue Nan

title : XNET: ein intelligentes CAD-System f&uuml;r die Planung von lokalen Netzwerken in Geb&auml;uden.
year : 1989
author 0 : Peter Raetz

title : Digitale Algorithmen zur Regelung und dynamischen Entkopplung von Industrieroboterachsen.
year : 1986
author 0 : Herbert Ebach

title : Rechnergest&uuml;tzte Analyse von K&uuml;hlsystemen der Leistungselektronik.
year : 1990
author 0 : Jens Nowotsch

title : Knowledge Generation in Visual Analytics: Integrating Human and Machine Intelligence for Exploration of Big Data.
year : 2018
author 0 : Dominik Sacha

title : Ein heuristisches Baumsuchverfahren der ganzzahligen Programmierung und seine Anwendung zur Erreichbarkeitsanalyse bei Kommunikationsprotokollen.
year : 1990
author 0 : Felix Baessler

title : Vision - an architecture for physically-based rendering.
year : 1995
author 0 : Philipp Slusallek

title : Data and Dasein - A Phenomenology of Human-Data Relations.
year : 2017
author 0 : Trevor Hogan

title : Improvements in language and translation modeling.
year : 2016
author 0 : Martin Sundermeyer

title : Scalable increase adaptive decrease: congestion control supporting low latency and high speed.
year : 2016
author 0 : Mirja K&uuml;hlewind

title : Beitrag zum Einsatz von Datenbanken in ausgew&auml;hlten Bereichen der Automatisierungstechnik.
year : 1987
author 0 : Uwe Domschke

title : Beitrag zur Schaffung eines objektorientierten Datenmodells f&uuml;r grafische SPS-Programmieroberfl&auml;chen.
year : 1999
author 0 : Am&iacute;lcar Frederico Safeca

title : Untersuchung von M&ouml;glichkeiten zur Realisierung einer Entfernungsmesseinrichtung f&uuml;r ein satellitengest&uuml;tztes Datensammelsystem unter Verwendung programmierbarer, mikroelektronischer Schaltungen.
year : 1982
author 0 : Klaus R&ouml;der

title : Zur Prozessmodellierung der Filtration von Suspensionen unter besonderer Ber&uuml;cksichtigung der Anschwemmfiltration.
year : 1981
author 0 : Rolf Berndt

title : Eine offene, verteilte CAD-System-Umgebung zur Unterst&uuml;tzung von concurrent Engineering: Konzept f&uuml;r einen Konsistenz-Manager.
year : 1997
author 0 : Uwe Jasnoch

title : A program partitioning, restructuring, and mapping method for Xputers.
year : 1995
author 0 : Karin Schmidt

title : Entwicklungsplanung im Iran 1949 - 82, Programmierungsmethoden und ihre Anwendung.
year : 1984
author 0 : Ruhangiz Ruzbehi

title : Computer-Aided-Surgery-Umgebungen f&uuml;r craniofaciale Operationen: Analyse, Entwicklung und klinischer Einsatz.
year : 1994
author 0 : Stephen Fedtke

title : Autonomic Performance-Aware Resource Management in Dynamic IT Service Infrastructures.
year : 2014
author 0 : Nikolaus Huber

title : Zu L&ouml;sungsm&ouml;glichkeiten in sequentiellen stochastischen Entscheidungsmodellen mit rekursiven Ertragsfunktionalen.
year : 1982
author 0 : Karin Weigel

title : Guarded logics: algorithms and bisimulation.
year : 2002
author 0 : Colin Hirsch

title : Beobachten und Klassifizieren von sportlichen Bewegungen mit neuronalen Netzen.
year : 1997
author 0 : Elisabeth Eimert

title : Physically based thermal feedback for real time user interaction in virtual environments.
year : 1999
author 0 : Jos&eacute; Dion&iacute;sio

title : Nonlinear system identification based on neural networks with locally distributed dynamics and application to technical processes.
year : 1996
author 0 : Mihiar Ayoubi

title : Reifebestimmung und Fehlerprognose zur Optimierung von Softwareentwicklungsprozessen.
year : 1997
author 0 : Olaf Kirsch

title : Automatische Datenerfassungssysteme in Umweltforschung und Monitoring-Netzen.
year : 1999
author 0 : Wolfgang Schaefer

title : Adaptives Entwicklungstool zur intelligenten Konfigurierung von Condition-Monitoring-Algorithmen.
year : 2017
author 0 : Abdelhakim Laghmouchi

title : A cosimulation analyzer to validate an SCI to PCI bridge design.
year : 1999
author 0 : Johann F. Fischer

title : Rechnerunterst&uuml;tzung bei der variablen Produktgestaltung, -dimensionierung und Integration von NC-Systemen.
year : 1982
author 0 : Horst-Ekkehard Hellwig

title : Genetische Algorithmen und ihre Anwendung als Lernverfahren f&uuml;r neuronale Netze.
year : 1993
author 0 : Jochen Heistermann

title : The perception of security in selected contexts.
year : 2021
author 0 : Karoline Busse

title : On generalized woven codes.
year : 2002
author 0 : Walter Schnug

title : Auf dem Weg in die Informationsgesellschaft: die Einbindung privater Haushalte in telematische Dienste und Anwendungen.
year : 1995
author 0 : Hans-Dieter Zimmermann

title : Free algebras in SFP.
year : 1999
author 0 : Victor J. Pollara

title : Information content of online problems: advice versus determinism and randomization.
year : 2015
author 0 : Jasmin Smula

title : Molekular-statistische Modellierung der Phospholipid-Grenzfl&auml;che, quantenchemische Rechnungen und Computerexperimente.
year : 1984
author 0 : Gustav Peinel

title : Reaktionskinetische Untersuchungen mittels der Methode der konstanten Reagenz-Zulaufgeschwindigkeit: Grenzen bei mehrstufigen Reaktionen.
year : 1985
author 0 : Rudolf Pohl

title : Prozessverlagerung in heterogenen Rechnernetzen basierend auf einer speziellen &Uuml;bersetzungstechnik.
year : 1996
author 0 : Christoph Pleier

title : Adaptive techniques for dynamic cache reconfiguration.
year : 2018
author 0 : Osvaldo Navarro

title : Verification of Autonomic Actions in Mobile Communication Networks.
year : 2017
author 0 : Tsvetko Ivanchev Tsvetkov

title : Ein namenszentrischer Ansatz zur Realisierung von Diensten im Internet der Dinge.
year : 2019
author 0 : Torsten Teubler

title : Kooperatives Probleml&ouml;sen in Workstationclustern: Modellbildung, Systemimplementierung und ein Verfahren f&uuml;r Multidepot-Tourenplanungsprobleme.
year : 1997
author 0 : Thomas Utecht

title : Multilaterally secure pervasive cooperation.
year : 2011
author 0 : Stefan G. Weber

title : Computer aided selling: unternehmenstypologische Marktanalyse.
year : 1994
author 0 : Katja Kieliszek

title : Entwicklung von prozessorientierten Informationssystemen f&uuml;r die industrielle Dienstleistungsbeschaffung.
year : 2014
author 0 : Maik Herfurth

title : Entwicklung und Evaluation eines Graspable User Interface f&uuml;r ein arbeitswissenschaftliches digitales Menschmodell.
year : 2019
author 0 : David Wiegmann

title : Wrapper algorithms and their performance assessment on high-dimensional molecular data.
year : 2014
author 0 : Christoph Bernau

title : Ein hierarchischer Algorithmus als Entscheidungshilfe bei der L&ouml;sung mehrstufiger Entwicklungsprobleme in ressourcenbeschr&auml;nkten Systemen.
year : 1990
author 0 : Thomas Lux

title : B&uuml;ro der Zukunft: Mikrocomputer u. Telekommunikation: e. Gesamtschau zu Technik, Organisation u. Marketing.
year : 1985
author 0 : Harald B. Karcher

title : Eine objektorientierte Architektur f&uuml;r integrierte, patientenbezogene Arbeitsplatzsysteme im Krankenhaus.
year : 1989
author 0 : J&ouml;rg A. Wiederspohn

title : Analyse von Verkehrsverhalten im Haushaltskontext zur Konstruktion von Verkehrsmodellen.
year : 1983
author 0 : Hans-Joachim Mentz

title : Werkzeugunterst&uuml;tzung f&uuml;r komplexe Webrecherchen.
year : 2013
author 0 : Fabian Kaiser

title : Optimierung von Funktionsaufrufen bei Shallow Binding mit statischer Variablenbindung.
year : 1987
author 0 : Kay-Ulrich Felgentreu

title : Beitrag zur Entwicklung eines mengentheoretischen Modells von Elektroenergiesystemen als Grundlage einer Fachsprache im rechnerunterst&uuml;tzten Projektierungsprozess.
year : 1984
author 0 : Lutz Pfeifer

title : Ein Rahmenwerk f&uuml;r das Prozessdesign zur Identifikation, Klassifikation und Umsetzung von Anforderungen: dargestellt an der Konzeption des Prozesskonfigurators.
year : 2012
author 0 : Stephanie Meerkamm

title : Model-based Optical Flow: Layers, Learning, and Geometry.
year : 2017
author 0 : Jonas Wulff

title : Efficient decomposition-based multiclass and multilabel classification.
year : 2012
author 0 : Sang-Hyeun Park

title : Fehlertoleranz mobiler Agenten.
year : 2003
author 0 : Markus Stra&szlig;er

title : Ein Beitrag zur Leistungsverhaltensmodellierung diensteintegrierender lokaler Kommunikationssysteme.
year : 1992
author 0 : Detlef Pohl

title : Leistungsanalyse von Multiprozessorsystemen mit Prozesskommunikation.
year : 1984
author 0 : Ian F. Akyildiz

title : &Ouml;konometrische Analysen und statistische Inferenzkonzepte: &uuml;ber d. inferenzstatist. L&ouml;sbarkeit &ouml;konometr. Spezifikationsprobleme.
year : 1983
author 0 : Axel Poscher

title : Ein sch&auml;rfe-orientiertes Vocodersystem.
year : 1981
author 0 : Hans Knebel

title : Assessing human depth perception for 2D and 3D stereoscopic images and video and its relation with the overall 3D QoE.
year : 2016
author 0 : Pierre R. Lebreton

title : Pareto Optimization and Decision Making in Process Design.
year : 2019
author 0 : Michael Bortz

title : Ein Architekturkonzept zum Entwurf flexibler Betriebssysteme.
year : 1996
author 0 : Holger Assenmacher

title : Modeling and Solving Master Planning Problems in Semiconductor Manufacturing.
year : 2013
author 0 : Thomas Ponsignon

title : Ein relationsbasiertes Datenmodell als Grundlage f&uuml;r die Bauteil-Tolerierung.
year : 1992
author 0 : Andreas Weber 0009

title : Tracking hands in action for gesture-based computer input.
year : 2017
author 0 : Srinath Sridhar 0002

title : Beschreibung und Entwurf betrieblicher Datenverarbeitungen: e. Ansatz zur Systematisierung d. Entwicklung von Anwendungssystemen aus betriebswirtschaftl. Sicht.
year : 1983
author 0 : Gerd Schw&ouml;bel

title : Composite device computing environment: a context aware augmentation of handheld devices by surrounding resources.
year : 2001
author 0 : Thai-Lai Pham

title : Hypercomplex spectral signal representations for the processing and analysis of images.
year : 1999
author 0 : Thomas B&uuml;low

title : Zur modell- und rechnergest&uuml;tzten Leistungsanalyse f&uuml;r Industriebetriebe im Bereich der Industrieministerien in den Kreisstellen der Staatlichen Zentralverwaltung f&uuml;r Statistik.
year : 1987
author 0 : Sabine Nowossadeck

title : Automatische Kalibrierung von Multiprojektorsystemen.
year : 2012
author 0 : Stefan Klose

title : Performance of End-to-End Secure Data Sharing.
year : 2017
author 0 : Holger K&uuml;hner

title : OSSIB: expert system for one-story steel industrial buildings.
year : 1993
author 0 : Habib el-Haddad

title : Untersuchungen zur Unterst&uuml;tzung der Datenbankverwaltung auf Arbeitsplatzrechnern durch eine dedizierte Hardware.
year : 1990
author 0 : Gerald Riedel

title : Nutzungsrechte in offenen Dienstinfrastrukturen.
year : 1999
author 0 : Andreas Rudloff

title : Entwicklung verteilter Softwaresysteme: Integration von Verteilung, Nebenl&auml;ufigkeit und Persistenz.
year : 2001
author 0 : Marko Boger

title : Composable message semantics in object oriented programming languages.
year : 2000
author 0 : Markus Hof

title : Dualit&auml;tstheorie als methodischer Ansatz mikro&ouml;konomischer Theorien.
year : 1985
author 0 : Michael Ahlheim

title : Datenbanken-Zugang zu urheberrechtlich gesch&uuml;tztem Material in der Informationsgesellschaft.
year : 1999
author 0 : Andreas Le&szlig;mann

title : Automatic extraction of facts, relations, and entities for web-scale knowledge base population.
year : 2013
author 0 : Ndapandula Nakashole

title : Probabilistische Sicherheitsanalyse turmartiger Bauwerke unter aerodynamischer Beanspruchung.
year : 1981
author 0 : Hans-Joachim Schaub

title : Dypas2: ein Computerprogramm zur Simulation dynamischer PHIP-NMR-Spektroskopie auf Basis des Superoperatorformalismus.
year : 2003
author 0 : Thorsten Schmidt

title : Evolution&auml;re Analyse von strategischem Verhalten in Sozialen Netzwerken.
year : 2012
author 0 : Christian H&uuml;tter 0001

title : &Uuml;ber die verkehrsgerechte Dimensionierung der Vermittlungsknoten in Daten- und Rechnernetzen = Traffic-based dimensioning of switching nodes in data and computer networks.
year : 1980
author 0 : Werner Bux

title : Interpolations-basierte Sinogrammrestauration zur Metallartefaktreduktion in der Computertomographie.
year : 2014
author 0 : May Oehler

title : Mathematische Modellbildung und Simulation der Knochenheilung.
year : 1997
author 0 : Christoph Ament

title : User adaptive information display: improving design &amp; communication of business graphs through user adaptive critiquing.
year : 1999
author 0 : Bernd Gutkauf

title : M&ouml;glichkeiten der elektronischen Datenverarbeitung in einem operativen Bereich: Darstellung am Krankengut der Universit&auml;tsfrauenklinik Essen von 1973 bis 1983.
year : 1988
author 0 : &Auml;nne Erna Elfriede von Sch&ouml;ning

title : Multi-agent communication for the realization of business-processes.
year : 2013
author 0 : Esteban Le&oacute;n-Soto

title : Modeling common sense knowledge via scripts.
year : 2017
author 0 : Ashutosh Modi

title : Interactive energy minimizing segmentation frameworks.
year : 2014
author 0 : Bj&ouml;rn Scheuermann 0002

title : Ein Beitrag zur Simulation kontinuierlicher Systeme.
year : 1984
author 0 : Manfred Kraus

title : Rechnerunterst&uuml;tzung bei Test und Schulung an Steuerungssoftware von SMD-Best&uuml;cklinien.
year : 1995
author 0 : Konrad Grampp

title : Beitr&auml;ge zum Einsatz von Benutzermodellen in der Elektronischen Produktberatung.
year : 1999
author 0 : Ulf J. Timm

title : Sicherstellung der Rechtzeitigkeitsforderungen an wissensbasierte Systeme durch reaktives Planen.
year : 1992
author 0 : J&uuml;rgen Ebmeyer

title : Kompositionale Verifikation nebenl&auml;ufiger Softwaremodelle durch Model Checking.
year : 2002
author 0 : Ralf Pinger

title : Neue Informations- und Kommunikationstechnologien im Marketing des Lebensmitteleinzelhandels.
year : 1990
author 0 : Heike Simmet-Blomberg

title : TechSportiv - Technologiekonstruktion: ein "Gegenstand-mit-dem-man-denkt" f&uuml;r menschliche Bewegung.
year : 2014
author 0 : Nadine Dittert

title : Modelling by example: neue Wege zur Entscheidungsunterst&uuml;tzung mittels interaktiver Modellierung.
year : 1989
author 0 : Albert A. Angehrn

title : Entwurf und Implementierung einer Fachsprache f&uuml;r mikrorechnergesteuerte automatische Testsysteme f&uuml;r best&uuml;ckte Leiterplatten.
year : 1981
author 0 : Rumen Stainow

title : Run-time Reconfigurable Constant Multiplication on Field Programmable Gate Arrays.
year : 2017
author 0 : Konrad M&ouml;ller

title : Didaktisch-methodische Positionen zu den Einfl&uuml;ssen der informationsverarbeitenden Technik auf den Mathematik- und Informatikunterricht.
year : 1990
author 0 : Axel Goczol

title : Klassifizierungsverfahren in der Diagnostik der Elektronikfertigung.
year : 1987
author 0 : G&uuml;nter H&auml;ntschel

title : Schaffung eines Standard-Prolog-kompatiblen Entwicklungssystems CProlog.
year : 1992
author 0 : Bernd Demian
author 1 : Thomas Meischner

title : Sprachentst&ouml;rung unter Verwendung eines Lautklassendetektors.
year : 1995
author 0 : Wolfgang Wokurek

title : Verwaltung von Methoden und ihre Kopplung an ein Werkst&uuml;ckmodell in einem integrierten CAD-System.
year : 1982
author 0 : Helmut Maier

title : Exact solutions for discrete graphical models: multicuts and reduction techniques.
year : 2014
author 0 : Markus Speth

title : New resources and ideas for semantic parser induction.
year : 2018
author 0 : Kyle Richardson 0001

title : Eine objektorientierte Sprache f&uuml;r die Modellierung von Produktionsprozessen und die Implementierung von Leitst&auml;nden zur Produktionsdurchf&uuml;hrungsplanung.
year : 1993
author 0 : Christoph-Ulrich Plapp

title : Differenzen- versus Differentialgleichungen in der dynamischen Wirtschaftstheorie: Beitr&auml;ge zu e. Entscheidungsproblem.
year : 1985
author 0 : Hetmar Wilbert

title : Optimale Generierung und Simulation paralleler Rechensysteme.
year : 1987
author 0 : Michael Grevel

title : Untersuchung der Produktformeigenschaft des M/G/1-Systems unter der Bedienstrategie Shortest Elapsed Time.
year : 1991
author 0 : Werner P. Krauss

title : Untersuchung einer Methode zur nichtinvasiven Messung von Steifigkeitskoeffizienten an lebendem Gewebe mit multimodalen bildgebenden Verfahren.
year : 1999
author 0 : Heiko Maa&szlig;

title : Efficient deep learning methods for human pose estimation.
year : 2018
author 0 : Umer Rafi

title : Musterbasierte Kontrollflusssemantik f&uuml;r Gesch&auml;ftsprozessmodellierungssprachen.
year : 2019
author 0 : Andreas Drescher

title : Allgemeiner Ansatz f&uuml;r den gestaltm&auml;ssigen Entwurf technischer Systeme.
year : 1994
author 0 : Klaus Graaf

title : &Ouml;kologieorientierte Informationsinstrumente in Unternehmen: Einflu&szlig;faktoren und Erfolgsbedingungen.
year : 1997
author 0 : Joachim Tarara

title : Evaluation strategies for a subclass of recursive database queries.
year : 1991
author 0 : Holger Stiefeling

title : Algebraische Konstruktion gut korrelierender Sequenzen und Analyse ihrer Leistungsf&auml;higkeit in Codemultiplex-Systemen.
year : 1997
author 0 : Hans Dieter Schotten

title : Computerunterst&uuml;tzte Inhaltsanalyse zweier Strafrechtskommentare.
year : 1999
author 0 : Christoph Wambsganz

title : Tool-supported development of secure wireless sensor networks.
year : 2011
author 0 : Steffen Peter

title : From univariate to multivariate respiratory motion compensation. A Bayesian way to increase treatment accuracy in robotic radiotherapy.
year : 2015
author 0 : Robert D&uuml;richen

title : DRAM-Controller: Beitr&auml;ge zur Entwicklung eines Ansteuerschaltkreises f&uuml;r dynamische Schreib-Lese-Speicher.
year : 1989
author 0 : Uwe Breitkreutz

title : Enhanced data fusion in communication constrained multi sensor applications.
year : 2013
author 0 : Felix Govaers

title : Model-based high-dimensional pose estimation with application to hand tracking.
year : 2012
author 0 : Daniel Mohr

title : Towards wearable attention-aware systems in everyday environments.
year : 2015
author 0 : Takumi Toyama

title : XML-basierte Implementierung strukturierter Hypermediadokumente: Aspekte der Erzeugung, der Notation und der Darstellung.
year : 2002
author 0 : J&ouml;rg Westbomke

title : Entwicklung hochgradig paralleler Rechnerarchitekturen zur L&ouml;sung diskreter Belegungsprobleme.
year : 1994
author 0 : H. Nikolaus Schaller

title : Improvements and New Constructions of Digital Signatures.
year : 2019
author 0 : Jessica Koch

title : Privacy preserving content analysis, indexing and retrieval for social search applications.
year : 2015
author 0 : Sergej Zerr

title : Intraoperative Planning and Execution of Arbitrary Orthopedic Interventions Using Handheld Robotics and Augmented Reality.
year : 2018
author 0 : Martin Klemm

title : Interdependencies in the discovery and adoption of facebook applications: an empirical investigation.
year : 2013
author 0 : Philip Mayrhofer

title : Multimediale Marketing-Dokumentation: Einsatzm&ouml;glichkeiten digitaler Dokumentationssysteme im Marketing.
year : 1997
author 0 : Matthias Rehme

title : Verteilte Timingsimulation in Verbindung mit der ereignisgesteuerten Mehrebenenlogiksimulation.
year : 1995
author 0 : Negoslav Simic

title : A Model-driven Engineering Methodology for the Development of Service-oriented Control Procedures for Automated Manufacturing Processes.
year : 2017
author 0 : Lisa Ollinger

title : Laminare und turbulente Ausbreitungsvorg&auml;nge infolge freier und erzwungener Konvektion.
year : 1981
author 0 : Kurt K&uuml;blbeck

title : Concepts and models for creating distributed multimedia applications and content in a multiscreen environment.
year : 2020
author 0 : Louay Bassbouss

title : Kausale Abh&auml;ngigkeiten als Mittel der Spezifikation von Schnittstellen-Protokollen.
year : 2001
author 0 : J&ouml;rg Fischer 0002

title : Heuristische Ressourcenplanung in MPM-Netzpl&auml;nen mit beschr&auml;nkter Kapazit&auml;t.
year : 1991
author 0 : Ji Zhan

title : Konstruktionsbegleitende Kalkulation: computergest&uuml;tzte Anwendung von Proze&szlig;kostenrechnung und Kostentableaus.
year : 1997
author 0 : Kai Scholl

title : Longterm Generalized Actions for Smart, Autonomous Robot Agents.
year : 2018
author 0 : Jan Winkler

title : Akteursorientierte multimodale Stra&szlig;enverkehrssimulation.
year : 2013
author 0 : J&ouml;rg Dallmeyer

title : New results on geometric spanners and their applications.
year : 1999
author 0 : Tam&aacute;s Lukovszki

title : Zuverl&auml;ssigkeit und Elektroenergiedisponierung in der Zementindustrie.
year : 1980
author 0 : Bernhard R&ouml;hrig

title : Cloud Computing - Herausforderungen an den Rechtsrahmen f&uuml;r Datenschutz.
year : 2016
author 0 : Thorsten Hennrich

title : Adaptive control of a tactile surgical navigation system.
year : 2012
author 0 : Stanley A. Mungwe

title : Online-Kostenrechnung f&uuml;r die CIM-Planung: prozessorientierte Kostenrechnung zur Ablaufplanung flexibler Fertigungssysteme.
year : 1986
author 0 : Jens Knoop

title : Online anomaly detection for reconfigurable self-X real-time operating systems: a danger theory-inspired approach.
year : 2016
author 0 : Katharina Stahl

title : Java und IUE f&uuml;r Systeme zur aktiven Bildauswertung.
year : 1998
author 0 : Frank Ludwig Muth

title : Expertensysteme zur Entscheidungsunterst&uuml;tzung in der sozialistischen Betriebswirtschaft: Einsatzvorschl&auml;ge und Realisierungsans&auml;tze, dargestellt an ausgew&auml;hlten Beispielen der betrieblichen Absatzwirtschaft.
year : 1989
author 0 : Matthias Pleul

title : Design und Analyse von Konferenzschl&uuml;sselsystemen.
year : 1997
author 0 : Klaus-Cl. Becker

title : Temporal models in data mining: enrichment, summarization and recommendation.
year : 2018
author 0 : Anh Tuan Tran 0002

title : Die Anwendung der Fast-Fourier-Transformation auf Elektroretinogramme als Element eines EDV-gef&uuml;hrten Krankenblattes und darauf zur&uuml;ckgreifender Expertensysteme in der Universit&auml;ts-Augenklinik.
year : 1993
author 0 : Hubert Sanetra

title : Design Problems in large-scale, time-sensitive WSNs.
year : 2012
author 0 : Wint Yi Poe

title : Die Abschirmung diskreter zuf&auml;lliger Ersch&uuml;tterungen.
year : 1982
author 0 : Roland Mastel

title : Entwicklung und Einf&uuml;hrung eines Projektmodells f&uuml;r kritische IT-Projekte.
year : 2012
author 0 : Arno Gramatke

title : Quantitative and structural analysis of real-time and probabilistic systems.
year : 2016
author 0 : Mani Swaminathan

title : Spezifikationsgesteuertes Monitoring zur Integration der Leistungsbewertung in den formalen Entwurf von Kommunikationssystemen.
year : 2000
author 0 : Frank Lemmen

title : Diversity-driven Hopfield Neural Network Ensembles for Face Detection.
year : 2019
author 0 : Nils Meins

title : Compiler and runtime techniques to identify and optimize atomic blocks in parallel programs.
year : 2014
author 0 : Stefan Kempf 0002

title : Deadlockanalyse Service-orientierter Softwaresysteme.
year : 2019
author 0 : Mandy Wei&szlig;bach

title : Untersuchungen zur objektorientierten Programmierung mit MODULA-2 in einem lokalen Rechnernetz.
year : 1990
author 0 : Ren&eacute;e Mundstock

title : Adaptive Regelung von Ein- und Mehrgr&ouml;ssensystemen auf der Basis der Zustandsraumdarstellung.
year : 1994
author 0 : Yul Y. Nazaruddin

title : Learning-based Approaches for Template Tracking and Interest Point Detection.
year : 2015
author 0 : Stefan Holzer

title : Mixed-Tenancy Systems - A hybrid Approach between Single and Multi-Tenancy.
year : 2014
author 0 : Stefan T. Ruehl

title : XMovie: digitale Film&uuml;bertragung in Rechnernetzen.
year : 1995
author 0 : Bernd Lamparter

title : Zur Nutzung von Zeigerwerten und artspezifischen Merkmalen der Gef&auml;sspflanzen Mitteleuropas f&uuml;r Zwecke der Landschafts&ouml;kologie und -planung mit Hilfe der EDV: Voraussetzungen, Instrumentarium, Methoden u. M&ouml;glichkeiten.
year : 1981
author 0 : Karl-Josef Durwen

title : High Efficiency LDPC Coded Modulation.
year : 2014
author 0 : Stefan Neuhaus 0001

title : QoE of Multimedia Streaming and its Protection in Wireless/Wired Networks.
year : 2012
author 0 : Qin Dai

title : Combining Data-Driven 2D and 3D Human Appearance Models.
year : 2018
author 0 : Christoph Lassner

title : Entwicklung und Aufbau einer automatengest&uuml;tzten Aufgabendatei sowie Untersuchungen zur nichtnumerischen Konstruktion ihrer Datens&auml;tze.
year : 1983
author 0 : Dietmar Reichel

title : Zu Methodik und Ergebnissen der mathematischen Simulation des Stoffwechsels menschlicher Erythrozyten unter Ber&uuml;cksichtigung der Quasi-Steady-State-Approximation: Analyse der Regulation des Adeninnukleotidgehaltes unter verschiedenen experimentellen Bedingungen.
year : 1983
author 0 : Michael Schauer

title : Die Grenzen und M&ouml;glichkeiten der visuellen Photo-Interpretation und computergest&uuml;tzten Luftbildauswertung zur Ansprache der mitteleurop&auml;ischen Baumarten.
year : 1986
author 0 : Dulhadi Ardjuno Anthony

title : Separating Key Concerns in Query Processing - Set orientation, Physical Data independence, and Parallelism.
year : 2013
author 0 : Sebastian B&auml;chle

title : Topologische Beziehungen zwischen den Graphen der station&auml;ren und Karush-Kuhn-Tucker-Punkte in der parametrischen Optimierung.
year : 1989
author 0 : Harald G&uuml;nzel

title : Context-aware phone mode adaptation - Approaches to Classify Phone Position and User Activity from Smartphone Sensor Data.
year : 2018
author 0 : Irina Diaconita

title : Auswirkungen neuer Telekommunikationsmedien auf unternehmerische Kommunikationsentscheidungen.
year : 1985
author 0 : Edwin Fischer

title : Selbstorganisierende Karten in Spracherkennungssystemen.
year : 1995
author 0 : Frank Mehler

title : Ein Beitrag zur statischen Verklemmungsvermeidung in Systemen nichtbin&auml;rer Betriebsmittel.
year : 1984
author 0 : Mieczyslaw A. Klopotek

title : Digitale Filtermethode zur Verarbeitung der Signale von Bragg-Ionisationskammern.
year : 1987
author 0 : Antin&oacute;genes Romaguera Fern&aacute;ndez

title : Dispositive der Handhabung: zur Medialit&auml;t des User Interface.
year : 2019
author 0 : Sabine Wirth

title : Ambient Displays Supporting Environmentally-Conscious Behavior.
year : 2018
author 0 : Jan Hammerschmidt

title : Theoretische Untersuchung digitaler Filter.
year : 1970
author 0 : Otto Spaniol

title : Topics in learning sparse and low-rank models of non-negative data.
year : 2015
author 0 : Martin Slawski

title : Transparente und effiziente Nutzung partitionierbarer Parallelrechner.
year : 1997
author 0 : Friedhelm Ramme

title : Interpolation und Auswertung digitaler Gel&auml;ndemodelle mit Methoden der digitalen Bildverarbeitung.
year : 1994
author 0 : Wilfried Linder

title : Abh&auml;ngigkeitsanalyse unter Einbeziehung exogener Informationen als Data-Mining-Instrument.
year : 1999
author 0 : Matthias Hunscher

title : Konzipierung von Hardware-Software-Funktionen f&uuml;r Kommunikationsger&auml;te mit Mikroprozessoren.
year : 1991
author 0 : Peter Weber

title : Semantic Attributes for Transfer Learning in Visual Recognition.
year : 2018
author 0 : Ziad Al-Halah

title : Bewertung von Adaptionsstrategien bei Bildsegmentierungsverfahren.
year : 2001
author 0 : Heiko M&uuml;nkel

title : Der Reformproze&szlig; in der &ouml;ffentlichen Verwaltung vor dem Hintergrund der Informationsgesellschaft: dargestellt am Beispiel von B&uuml;rgerinformationssystemen in Online-Medien als Weiterentwicklung des B&uuml;rgeramtskonzeptes der Stadt Berlin.
year : 1997
author 0 : Stefanie Hohn

title : Methoden und Wege zur Auswahl von dezentralen Organisationsformen der Nutzung von Datenverarbeitungsressourcen, dargestellt f&uuml;r die Programmbereitstellung und -testung.
year : 1981
author 0 : Hans-J&uuml;rgen Petry

title : Anpassung von Attribut-Grammatiken an eine Berechnung in zwei P&auml;ssen.
year : 1982
author 0 : Martin Hartwig

title : Vergleich unterschiedlicher Trainingskonzepte zur integrierten Software.
year : 1994
author 0 : Dorothee Lohmann

title : Ein Modell f&uuml;r die hochgenaue Navigation autonomer fl&auml;chenbeweglicher Fahrzeuge.
year : 1994
author 0 : J&uuml;rgen Kusche

title : Ein Beitrag zur Steuerung parabolischer ITO-Gleichungen.
year : 1985
author 0 : Hannes Becher

title : Objektivierung des Vorgangs der Modellierung von Rechensystemen durch Wartenetze.
year : 1991
author 0 : Petra M. Matzke

title : Systementwicklung einer Planergebnisrechnung bei Einzel- und Kleinserienfertigung.
year : 1982
author 0 : Hans-Christian Walter

title : Concepts &amp; design of integrated circuits for bidirectional neural interfaces.
year : 2015
author 0 : Ulrich Bihr

title : Random Forests for Medical Applications.
year : 2012
author 0 : Olivier Pauly

title : Interfaces und Formen: zu den psychologischen und kulturellen Grundlagen von Mensch-Maschine-Interaktion.
year : 2020
author 0 : Timo Schemer-Reinhard

title : Structural building blocks in graph data: characterised by hyperbolic communities and uncovered by Boolean tensor clustering.
year : 2020
author 0 : Saskia Metzler

title : Deep Learning With Sentiment Inference For Discourse-Oriented Opinion Analysis.
year : 2020
author 0 : Ana Marasovic

title : Zeitgem&auml;sse Schriftgestaltung?!
year : 1995
author 0 : Joachim Marzi

title : Auswirkungen der Informationstechnologie auf die vertikale Integration von Unternehmen.
year : 1997
author 0 : Siegfried Bauer

title : Algebraic decoding over finite and complex fields using reliability information.
year : 2018
author 0 : Mostafa Hosni Mohamed

title : Context Awareness for the Operating Room of the Future.
year : 2018
author 0 : Ralf Stauder

title : Automatische Herleitung von effektiven Testsequenzen aus LOTOS-Spezifikationen mittels Fehlermodellen.
year : 1995
author 0 : Volkmar Ple&szlig;er

title : Pathologische Internetnutzung - Modifizierung und Validierung eines Screening-Instruments, Erfassung differentieller Pr&auml;diktoren spezifischer Nutzungsfacetten sowie neuropsychologischer Korrelate am Beispiel des exzessiven Internet-Computerspielens.
year : 2011
author 0 : Mirko Pawlikowski

title : On-Demand ETL for Real-Time Analytics.
year : 2021
author 0 : Weiping Qu

title : Konstruktionsarbeitsr&auml;ume als Grundlage zur integrierten Produktmodellierung.
year : 1997
author 0 : Ralf-Stefan Lossack

title : Konzeption und Implementierung eines objektorientierten Werkzeugs zur Modellierung verteilter Systeme.
year : 1994
author 0 : Martin Luckow

title : Nutzwert-Kosten-Analyse f&uuml;r den Einsatz der Computertomographie.
year : 1984
author 0 : Georg Metzger

title : Verbesserung der Ablegereifeerkennung laufender Drahtseile durch Kombination von Ablegekriterien.
year : 1996
author 0 : Ulrich Briem

title : On the understanding of protograph-based low-density parity-check convolutional code design: a study on applicability in iterative receiver systems.
year : 2014
author 0 : Patrick Grosa

title : Human Motion Analysis Using Very Few Inertial Measurement Units.
year : 2016
author 0 : Qaiser Riaz

title : Designing and evaluating recommender systems with the user in the loop.
year : 2019
author 0 : Michael Jugovac

title : Multi-Schema-Version Data Management.
year : 2017
author 0 : Kai Herrmann 0002

title : Feature constraint propagation along configuration links for advanced feature models.
year : 2013
author 0 : Alexander Rein-Jury

title : Beitrag zur Optimierung von Abwasserableitungsanlagen.
year : 1982
author 0 : Achim Richter

title : Ein Beitrag zur Beschreibung, Analyse und zum Entwurf modularer Bildschirmtextsysteme.
year : 1982
author 0 : Karl-Heinz B&uuml;ttner

title : Internetgest&uuml;tztes Informations- und Kommunikationssystem f&uuml;r verteilte Projektteams am Beispiel der Produktentstehung.
year : 1999
author 0 : Holger Stritzke

title : Automatic Empirical Performance Modeling of Parallel Programs.
year : 2018
author 0 : Alexandru Calotoiu

title : Requirements Engineering komplexer Standardsoftware.
year : 2001
author 0 : Bernhard Deifel

title : Ein Referenzmodell zur Gestaltung der durchg&auml;ngig computerunterst&uuml;tzten Ingenieurarbeit.
year : 1990
author 0 : Wolfram L&uuml;neburg

title : Model-Based Product-Line Regression Testing of Variants and Versions of Variants.
year : 2020
author 0 : Sascha Lity

title : Time of arrival based infrastructureless human posture capturing system.
year : 2017
author 0 : Zemene Walle Mekonnen

title : Expertensysteme f&uuml;r den Einsatz von Subroutinenpaketen: am Beispiel eines Expertensystems f&uuml;r Bildverarbeitung.
year : 1990
author 0 : Felix Grimm

title : An expressive formal model of the web infrastructure.
year : 2018
author 0 : Daniel Fett

title : Monitoring Federated Softwarized Networks: Approaches for Efficient and Collaborative Data Collection in Large-Scale Software-Defined Networks.
year : 2019
author 0 : Rhaban Simon Hark

title : Rechnerunterst&uuml;tzte Konzipierung flexibler Fertigungszellen: ein Beitrag zu ihrer technologischen Projektierung und Vorbereitung.
year : 1983
author 0 : Andreas Rebentrost

title : Der Beitrag nominaler Koh&auml;renz zu Organisation und Struktur englischer Texte, ermittelt unter Einbeziehung mathematischer Methoden.
year : 1984
author 0 : Uta Th&uuml;rmer
author 1 : Robert Th&uuml;rmer

title : Der Technische Kundendienst als eigenst&auml;ndiges Marketing-Objekt: Besonderheiten, Probleme und Gestaltungsm&ouml;glichkeiten eines dienstleistungsspezifischen Kundendienst-Marketing - dargestellt am Beispiel der EDV-Branche.
year : 1994
author 0 : Ingo A. Zborschil

title : A model-driven approach for organizations in multiagent systems.
year : 2013
author 0 : Cristi&aacute;n Madrigal-Mora

title : Perzeptionsstudie zur Eigenerkennung der Stimme in nat&uuml;rlichen und mittels Voice Morphing ver&auml;nderten Stimmproben.
year : 2014
author 0 : Carolin Schaar

title : Modellierung elastischer Handhabungssysteme in der globalen Bahnplanung.
year : 1999
author 0 : Markus Kleutges

title : Beitrag zur optimalen Projektierung von Drehstromlinearmotoren unter Ber&uuml;cksichtigung der Erw&auml;rmung.
year : 1979
author 0 : Wolfgang Hagemann

title : Feedback based error control for robust video transmission.
year : 2000
author 0 : Nikolaus F&auml;rber

title : Time-efficient link discovery for data-driven applications.
year : 2021
author 0 : Kleanthi Georgala

title : Anforderungen beim operationellen Einsatz von Expertensystemen am Beispiel der automatisierten Konfiguration eines lokalen Breitbandnetzes.
year : 1991
author 0 : Dieter Braun

title : Process model management using description logics.
year : 2012
author 0 : Gerd Gr&ouml;ner

title : Probability estimating neural networks.
year : 1998
author 0 : Dirk Ormoneit

title : Multimodal Computational Attention for Scene Understanding.
year : 2014
author 0 : Boris Schauerte

title : Konzeptbildung f&uuml;r die automatische Strukturanalyse von Nominalkomposita: eine Synthese aus statistischen und symbolischen Verfahren.
year : 2000
author 0 : Andreas Mail&auml;nder

title : A concept for declarative information acquisition in smart environments.
year : 2016
author 0 : Andr&eacute; Dietrich

title : Evolution&auml;re Prototypenbildung f&uuml;r Datenbank-Anwendungs-Komplexe.
year : 1991
author 0 : Walter Frederic Oertly

title : Iterative Schedule Optimization for Parallelization in the Polyhedron Model.
year : 2020
author 0 : Stefan Ganser

title : Service-Management in Electronic-Servicesystemen: concernorientierte Verwaltung von Serviceressourcen.
year : 2011
author 0 : Roman Belter

title : Straf- und Ordnungswidrigkeitenrecht im Bundesdatenschutzgesetz.
year : 1986
author 0 : Hinrich H&ouml;ft

title : Modell eines bauherrnseitigen Informationssystems als System informationeller Beziehungen, dargestellt am Beispiel der Bayerischen Staatsbauverwaltung.
year : 1983
author 0 : Bernhard Herzig

title : Multi-modal activity recognition systems with minimal training data and unobtrusive environmental instrumentations.
year : 2013
author 0 : Gerald Bauer

title : Hochschulp&auml;dagogische Aspekte der Informatikgrundausbildung im wirtschaftswissenschaftlichen Studium.
year : 1987
author 0 : Lydia Klinkmann

title : Social cues in human-chatbot interaction.
year : 2020
author 0 : Ulrich Gnewuch

title : Model-Driven Tailoring and Assembly of Service Oriented Cyber-Physical-Systems.
year : 2014
author 0 : Stephan P. Sommer

title : Untersuchungen zur Gestaltung der Schnittstelle von CAD-Systemen zur Berechnung am Beispiel des Wellenberechnungsprogramms.
year : 1992
author 0 : Iwelin Iwanov

title : Ein Verfahren zur Qualit&auml;tsbewertung datenreduzierter Bildfolgen.
year : 2001
author 0 : Markus Trauberg

title : Ein Architekturkonzept zur Softwarefernwartung bei Realzeitsystemen.
year : 1982
author 0 : Michael H&auml;lsig

title : Expected similarity estimation for large-scale anomaly detection.
year : 2017
author 0 : Markus Schneider 0005

title : Vermittlungsarchitektur mit getrennter Ruf- und Leistungsmerkmalsteuerung.
year : 1996
author 0 : Norbert Fritsche

title : Grid generation for three-dimensional non-rectangular semiconductor devices.
year : 1993
author 0 : Nancy Hitschfeld

title : Eine Methode zur Konstruktion zuverl&auml;ssiger Software-Systeme f&uuml;r den Einsatz im Produktionsbereich.
year : 1984
author 0 : Anton Friedl

title : Dokumentation in der Endoskopie: standardisierter Befundbogen und Personalcomputersystem.
year : 1987
author 0 : Elisabeth List

title : Entwicklung und Evaluation eines Analysemodells zur quantitativen Bewertung der Immobilisation der Wirbels&auml;ule.
year : 2017
author 0 : Adrian Rittmann

title : Konzeption eines Modells zur computergest&uuml;tzten kostenoptimalen Planung und Steuerung von Instandhaltungsmassnahmen an Maschinen der Werkstattfertigung im Rahmen der industriellen integrierten Datenverarbeitung.
year : 1972
author 0 : Stephan J&uuml;rgen Schelo

title : Anonymit&auml;t f&uuml;r Benutzer mobiler Ger&auml;te durch Ortsadressierung = Anonymity for users of mobile devices through location addressing.
year : 2003
author 0 : Alf Zugenmaier

title : Oskulanten und die Stetigkeit von B&eacute;zierfl&auml;chen: geometrische Konstruktionen im CAGD.
year : 1995
author 0 : Stefan Sebrantke

title : Greifplanung basierend auf Objektsymmetrieeigenschaften.
year : 2013
author 0 : Markus Przybylski

title : Optimierte Implementierung neuronaler Strukturen in Hardware.
year : 1999
author 0 : Thomas Fischer 0007

title : Towards an Accurate RGB-D Benchmark, Mapping and Odometry as well as their Applications.
year : 2017
author 0 : Oliver Wasenm&uuml;ller

title : Assessing and managing cyber risks in patient care and novel confidentiality attacks using web technologies.
year : 2021
author 0 : Christian Dresen

title : Ein Verfahren zur on-line Fehlererkennung und Diagnose.
year : 1992
author 0 : Hans Joachim Helml

title : Adaptive Particle Filters for Wireless Indoor Target Tracking.
year : 2014
author 0 : Yubin Zhao

title : A secure system architecture for measuring instruments under legal control.
year : 2017
author 0 : Daniel Peters

title : Ein Modell des Verstehens von Programmen und seine Anwendung beim Entwurf der Programmiersprache GRADE.
year : 1983
author 0 : Hans-Eckart Sengler

title : Increasing software quality of JavaScript programs: an approach based on type systems = Verbesserung der Software Qualit&auml;t von JavaScript Programmen.
year : 2013
author 0 : Phillip Heidegger

title : Vector detection techniques with moderate complexity.
year : 2003
author 0 : Achim Engelhart

title : Die Entwicklung und Bewertung von Gesch&auml;ftsmodellen f&uuml;r Software-as-a-Service.
year : 2015
author 0 : Nico Weiner

title : Analyzing Non-Textual Content Elements to Detect Academic Plagiarism.
year : 2021
author 0 : Norman Meuschke

title : Kraftkonstantenrechnung am Beispiel von Methylverbindungen der III. [dritten], IV. [vierten] und {V. [f&uuml;nften] Hauptgruppe.
year : 1983
author 0 : G&uuml;nther Tatzel

title : Formale Spezifikation der kontextabh&auml;ngigen Syntax von Programmiersprachen.
year : 1991
author 0 : Arnd Poetzsch-Heffter

title : Integrated simulation and optimization of distillation-based flowsheets.
year : 2017
author 0 : Anna Hoffmann

title : Bundling classifiers with an application to glaucoma diagnosis.
year : 2003
author 0 : Torsten Hothorn

title : A unifying logical framework for integer linear programming and finite domain constraint programming.
year : 1998
author 0 : Thomas Kasper

title : Quantitative principles of optimal cellular resource allocation.
year : 2021
author 0 : Hugo de Morais Dourado Neto

title : Der Plan-Soll-Ist-Vergleich mit einem Nachweis zeitvariabler Kosten&auml;nderung bei einer Bauzeitverschiebung.
year : 1985
author 0 : Hermann Kessler

title : Practical Secure Computation for Internet Infrastructure.
year : 2021
author 0 : Kris Shrishak Sridaran

title : A categorical approach to functional programming.
year : 1997
author 0 : Daniel Tuijnman

title : Deep neural networks for identification of sentential relations.
year : 2017
author 0 : Wenpeng Yin 0001

title : Interpretation von Einzelbildern zur Geb&auml;uderekonstruktion.
year : 1994
author 0 : Carola Braun

title : Computerberechnung von Phasendiagrammen unter besonderer Ber&uuml;cksichtigung chemischer und magnetischer Ordnungsreaktionen.
year : 1984
author 0 : J&uuml;rgen B&uuml;th

title : Numerische Methoden in der optimalen Versuchsplanung.
year : 1980
author 0 : Dankmar B&ouml;hning

title : Vernetzte administrative Inseln: prozessorientierte Ablauf- und Aufbauorganisation.
year : 1995
author 0 : Bettina Reuter

title : Vergleich von Parallelen Maschinen mit gemeinsamen und verteilten Speichern.
year : 1994
author 0 : Ferri Abolhassan

title : Beitr&auml;ge zur Anwendung der surrogate constraints in der linearen 0-1-Optimierung.
year : 1988
author 0 : R&uuml;diger Krahl

title : Verfahren zum automatischen intraindividuellen Matching von MRT- und PET-Datens&auml;tzen des menschlichen Gehirns.
year : 1997
author 0 : Wolfram Fiekert

title : Mitigating Soft-Biometric Driven Bias and Privacy Concerns in Face Recognition Systems.
year : 2021
author 0 : Philipp Terh&ouml;rst

title : Rechnerunterst&uuml;tzte Erstellung von Schaltpl&auml;nen am Beispiel der automatischen Hydraulikplanzeichnung.
year : 1981
author 0 : Peter Fischer 0008

title : Model-Driven Development Methodology and Domain-Specific Languages for the Design of Artificial Intelligence in Cyber-Physical Systems.
year : 2021
author 0 : Evgeny Kusmenko

title : Simulation of Neutron Multiplicity Measurements using Geant4 - Open Source Software for Nuclear Arms Control.
year : 2016
author 0 : Moritz K&uuml;tt

title : On modeling and simulation of industrial fiber spinning processes: diffusive effects, electrified jets and turbulent airflows.
year : 2020
author 0 : Manuel Wieland

title : Ein wissensbasiertes System zu orthop&auml;dischen Standardoperationen.
year : 1993
author 0 : Timm Wiedemann

title : Ein Verfahren zur Bestimmung der Datenhaltungsdauer anwenderprogrammierbarer Festwertspeicher.
year : 1984
author 0 : Reinhard Vogt

title : Enhancing the security of 4G and 5G mobile networks on protocol layer two.
year : 2021
author 0 : David Rupprecht

title : Konzept zur rechnerintegrierten Materialversorgung in flexiblen Fertigungssystemen.
year : 1995
author 0 : Rainer Klotzb&uuml;cher

title : Methodology of computer anti-virus research.
year : 1998
author 0 : Vesselin Bontchev

title : Zum Problem der Suche nach einem beweglichen Ziel.
year : 1982
author 0 : G&uuml;nter Wollina

title : Comparison and Development of Methods for Index Tracking.
year : 2013
author 0 : Denis Karlow

title : Non-functional requirements in publish, subscribe systems.
year : 2013
author 0 : Muhammad Adnan Tariq

title : Decoupling Mesh and Data Representations for Geo-spatial Data Visualization.
year : 2012
author 0 : Sherin Al Shbat

title : Design, implementation and evaluation of a distributed CDCL framework.
year : 2018
author 0 : Alexander van der Grinten

title : Prozessanalyse und Ontologieevolution in kreativen, dynamischen Dom&auml;nen.
year : 2012
author 0 : Jessica Huster

title : Integration neuronal strukturierter Komponenten in Systeme zur plantyporientierten Analyse diskreter Symbolgraphik.
year : 1994
author 0 : Matthias Martin

title : Towards automated advanced vulnerability analysis.
year : 2019
author 0 : Marian Gawron

title : Parallele Simulation gro&szlig;er pulscodierter neuronaler Netze.
year : 2001
author 0 : Carsten Wolff

title : Novel methods of passive and active side-channel attacks.
year : 2018
author 0 : Falk Schellenberg

title : Ellipsis - Konzeption und Implementierung einer vereinheitlichten und leistungsf&auml;higen Architektur f&uuml;r Multi-Agenten-Systeme (MAS) auf Basis frei verf&uuml;gbarer IT-Infrastrukturkomponenten unter besonderer Ber&uuml;cksichtigung internationaler Standards.
year : 2012
author 0 : Volkmar Schau

title : Fraktale Masse, Multifraktale und Diffusion als Ergebnis stochastischer Lernvorg&auml;nge in neuronalen Netzwerken.
year : 1990
author 0 : Detlef Werner

title : Synchronisation paralleler Prozesse durch Hardware: Realisierungen in Asynchrontechnik.
year : 1991
author 0 : Edgar M&uuml;ller

title : Supporting domain modeling with automated knowledge acquisition and modeling recommendations.
year : 2020
author 0 : Henning Agt-Rickauer

title : A highly scalable system for genome based computational microbial diagnostics.
year : 2012
author 0 : Tilo Ei&szlig;ler

title : Ensuring data sovereignty in the cloud: service management for cloud resources.
year : 2014
author 0 : Marc Mosch

title : Understanding and evolving the Rust programming language.
year : 2020
author 0 : Ralf Jung 0002

title : Parallel distributed-memory particle methods for acquisition-rate segmentation and uncertainty quantifications of large fluorescence microscopy images.
year : 2016
author 0 : Yaser Afshar

title : Zur vorbeugenden Instandhaltung auf der Basis von Abnutzungsprozessen.
year : 1984
author 0 : Erhard Wogatzki

title : Cloud computing patterns: identification, design, and application.
year : 2015
author 0 : Christoph Fehling

title : Deduktive Realisierung von Vagheit (Fuzzyness) mittels einer mehrwertigen Logik.
year : 1997
author 0 : Soo Woo Lee

title : Computerkriminalit&auml;t: die neuen Tatbest&auml;nde der Datenver&auml;nderung gem. &#167; 303 a StGB und der Computersabotage gem. &#167; 303 b StGB.
year : 1989
author 0 : Markus Sondermann

title : Beitr&auml;ge zur Optimierung von Anlagen und Verfahren durch Einsatz der Tracertechnik.
year : 1981
author 0 : Brunhilde Gorski

title : Wissen und Probleml&ouml;sung im Spiegel neuer Entwicklungen der Computertechnologie: Bestandsaufnahme und Versuch der Einsch&auml;tzung des soziokulturellen Ph&auml;nomens K&uuml;nstliche Intelligenz.
year : 1986
author 0 : Barbara Becker

title : &Uuml;ber ein diskretes Optimierungsproblem mit Baumstruktur aus der Versorgungsplanung.
year : 1983
author 0 : Helmut Schreck

title : Numerische Modelle &uuml;ber den Einfluss partieller Schmelze auf elastische, anelastische und elektrische Eigenschaften von Gesteinen mit Anwendung auf Labordaten und die Asthenosph&auml;re.
year : 1984
author 0 : Harro Schmeling

title : Erarbeitung eines EDV-gest&uuml;tzten Leitungssimulationsspiels BES-BAU f&uuml;r die Ausbildung von Diplom-Ingenieur-&Ouml;konomen der Bauindustrie.
year : 1981
author 0 : Dagmar Wiepcke

title : Erkenntnisse aus Untersuchungen zur Entwicklung rechnergest&uuml;tzter Leitungssysteme.
year : 1984
author 0 : Erhard Eichfeld

title : Local graph transformation primitives for some basic problems in Overlay networks.
year : 2020
author 0 : Alexander Setzer

title : Zur Verwendung des Kalman-Ansatzes f&uuml;r eine Verbesserung der Prognoseg&uuml;te &ouml;konometrischer Modelle.
year : 1983
author 0 : Jens Schaps

title : Klassifikation durch multivariate Teilung: ein Entscheidungsbaumverfahren mit integrierten Fehlklassifikationskosten.
year : 1996
author 0 : Jutta Schiffers

title : Digitalisierung im station&auml;ren Einzelhandel durch mobile, internetf&auml;hige Endger&auml;te: Referenzmodell f&uuml;r den digitalisierten Omni-Channel Einzelhandel.
year : 2017
author 0 : Jonas H&auml;rtfelder

title : Rechnergesteuerte Infusion antihypertensiver Medikamente: klinischer Einsatz eines Closed-Loop-Systems.
year : 1993
author 0 : Uwe Stadelmaier

title : Entwicklung eines BIM-basierten Systems zur Entscheidungsunterst&uuml;tzung mittels Simulation f&uuml;r die Baustelleneinrichtungsplanung.
year : 2016
author 0 : Habeb Astour

title : Multiple permitting and bounded turing reducibilities.
year : 2018
author 0 : Nadine Losert

title : Strategien der dispositiven Steuerung fl&auml;chen&uuml;berstreichender Transportsysteme bei der Entwicklung zur automatisierten Fabrik.
year : 1986
author 0 : Hans-Joachim Lucke

title : Automated phase plate application in transmission electron microscopy.
year : 2017
author 0 : Marco Oster

title : Software transactional memory building blocks.
year : 2013
author 0 : Torvald Riegel

title : Automatische Bahnplanung f&uuml;r fahrerlose Transportsysteme in dynamischen Umgebungen.
year : 1993
author 0 : Ralf Gutsche

title : Verfahren zur Merkmalsselektion f&uuml;r die Klassifikation mit k&uuml;nstlichen neuronalen Netzen.
year : 2003
author 0 : Sven Krause

title : Physikalische Modellierung technischer &Auml;nderungen in der Produktion.
year : 2017
author 0 : Daniel Cichos

title : Anthropomorphe Multi-Agentensysteme: Simulation, Analyse und Steuerung.
year : 2013
author 0 : Christian Schlette

title : Machine learning-based available bandwidth estimation.
year : 2019
author 0 : Sukhpreet Kaur Khangura

title : Untersuchung von Zeitmultiplexverfahren zur B&uuml;ndelung von Datenkan&auml;len an der Peripherie von Datennetzen.
year : 1983
author 0 : Reiner Drignath

title : Anwendung der Synergetik auf Korrespondenzprobleme wie Stereoskopie.
year : 1995
author 0 : Dirk Reimann

title : Konzeption eines Referenzmodells zur Harmonisierung heterogener elektronischer M&auml;rkte am Beispiel der Tourismusbranche.
year : 2003
author 0 : Wolfram H&ouml;pken

title : Ein Modell f&uuml;r die externe Industrieroboter-Programmierung auf der Basis eines Geometriemodellierers.
year : 1992
author 0 : Uwe Kleinw&auml;chter

title : Leitwegbestimmung in Rechnernetzen mit Hilfe gesch&auml;tzter Quellen-Senken-Matrizen.
year : 1999
author 0 : Fazlollah Adibniya

title : Integration simulativer Modelluntersuchungen in die Planung breitbandiger Informationssysteme: Entwicklung e. neuen Simulationsverfahrens.
year : 1985
author 0 : Dieter Wendisch

title : Model-driven software development: cross-platform app development and further applications of domain-specific languages.
year : 2019
author 0 : Christoph Rieger

title : Implementation issues of flexible high-throughput turbo-code decoders for high code rates: Implementierungsaspekte flexibler Turbo-Code Dekodierer f&uuml;r hohe Durchs&auml;tze und hohe Code Raten.
year : 2018
author 0 : Stefan Weithoffer

title : Komponententechnik f&uuml;r Entwicklung und Evolution von Anwendungen im World Wide Web.
year : 2000
author 0 : Martin Gaedke

title : Der Einfluss von &Uuml;bertragungsbandbreiten und Kompressionsverfahren auf teleradiologische Konsultationen.
year : 1994
author 0 : Frank-Reinhard Bartsch

title : Fortgeschrittene Verfahren zur ultraschallbasierten Objekterkennung in der Robotik.
year : 1988
author 0 : Alois C. Knoll

title : Unification of monitoring interfaces of federated cloud and Future Internet testbed infrastructures.
year : 2016
author 0 : Yahya Al-Hazmi

title : Logical tree matching with complete answer aggregates for retrieving structured documents.
year : 2000
author 0 : Holger Meuss

title : Verfahren zur Gestaltung rechnergest&uuml;tzter B&uuml;roprozesse.
year : 1996
author 0 : Michael Rathgeb

title : Convolutional networks to relate images.
year : 2016
author 0 : Philipp Fischer

title : Trustworthy spacecraft design using formal methods.
year : 2013
author 0 : Viet Yen Nguyen

title : Die Finite-Element-Methode in den Ingenieurwissenschaften unter dem Aspekt der rechentechnischen Realisierung im Rahmen universeller Programmsysteme.
year : 1987
author 0 : Ulrich Gabbert

title : Active intrusion detection for wireless multihop networks.
year : 2014
author 0 : Rodrigo do Carmo

title : Normalization of historical texts with neural network models.
year : 2018
author 0 : Marcel Bollmann

title : Ein Beitrag zur rechnergest&uuml;tzten Prozesslenkung bei mehrfacher Zielsetzung.
year : 1989
author 0 : Hanno Pliquet

title : Testablaufplanung und Testauswertung f&uuml;r selbsttestbare Schaltungen.
year : 1992
author 0 : Albrecht P. Str&ouml;le

title : Virtuelle Textwelten: theoretische Grundlagen und Implementationsperspektiven der anglistischen Computerphilologie.
year : 1994
author 0 : Josef Wallmannsberger

title : Ein Beitrag zur rechnergest&uuml;tzten Instandhaltung von Seeschiffen.
year : 1985
author 0 : Ulrich F&ouml;rster 0002
author 1 : Rudolf von Zweydorff

title : Anwendungen der Wavelettransformation in der Signalverarbeitung.
year : 1996
author 0 : Antje Ohlhoff

title : Analoge Repr&auml;sentationen in der "Artificial Intelligence".
year : 1994
author 0 : Lucia Kleiber

title : Hierarchical accepting systems and monadic second-order logic on graphs.
year : 1998
author 0 : Ina Schiering

title : L&ouml;sung linearer und nichtlinearer Diffusionsgleichungen der Adsorptionskinetik.
year : 1982
author 0 : Klaus Ehrhardt

title : Qualit&auml;tssicherung von Modelltransformationen - &Uuml;ber das dynamische Testen programmierter Graphersetzungssysteme.
year : 2015
author 0 : Martin Wieber

title : Control mechanisms for the procedural generation of visual pattern designs.
year : 2018
author 0 : Lena Gieseke

title : Organisatorische Ans&auml;tze zur innovativen und wirtschaftlichen Nutzung neuer Technologien bei Grossbanken.
year : 1993
author 0 : Karsten Karl Klaus Kunert

title : Fehlerursachenlokalisierung in Kommunikationsprotokollen.
year : 1991
author 0 : Wolfgang J&uuml;rgensen

title : Forecasting large-scale time series data.
year : 2018
author 0 : Claudio Hartmann

title : Alternative automata-based approaches to probabilistic model checking.
year : 2019
author 0 : David M&uuml;ller 0001

title : Beitrag zum Einsatz von wissensbasierten Systemen zur Anlagendiagnose.
year : 1992
author 0 : Madjid Fathi-Torbaghan

title : Computational methods for SPH-based fluid animation.
year : 2021
author 0 : Stefan Reinhardt

title : Realistic Visualization of Accessories within Interactive Simulation Systems for Garment Prototyping.
year : 2017
author 0 : Martin Knuth

title : Approximation von Vektorfeldern durch Selbstorganisation neuronaler Netze mit Fehlerr&uuml;ckf&uuml;hrung am Beispiel der inversen Kinematik eines planaren 4-Gelenk-Arms.
year : 1991
author 0 : Heinz Walter Werntges

title : Organisationsplanung mit Petri-Netzen als Instrument der Unternehmensf&uuml;hrung: dargestellt am Beispiel der Organisation von Arbeitskreisen der landwirtschaftlichen Beratung.
year : 1994
author 0 : Ralf Helbig

title : Qualit&auml;tsbewertung von Prozessen und Proze&szlig;ergebnissen durch integrierten Einsatz von Fuzzy-Logic und Fuzzy-Arithmetic: generierende Software zum Aufbau eines kennzahlenbasierten Qualit&auml;tsinformationssystems f&uuml;r die Kleinserien- und Einzelfertigung.
year : 1997
author 0 : Joachim Kaiser

title : Beitrag zur Quellencodierung von Luftbildszenen f&uuml;r stark gest&ouml;rte &Uuml;bertragungskan&auml;le: 5 Tabellen.
year : 1997
author 0 : Reiner Lippmann

title : Kontextsensitive Personalisierung automotiver Benutzerschnittstellen: Entwicklung und Anwendung eines regelbasierten Verfahrens zur Erkennung situationsabh&auml;ngiger Mensch-Maschine-Interaktionen.
year : 2013
author 0 : Sandro Rodriguez Garzon

title : Data and control flow diagrams, statecharts and Z: their formalization, integration and real time extension.
year : 1997
author 0 : Carsta Petersohn

title : Analyse optimistischer Synchronisationsverfahren f&uuml;r Datenbanksysteme.
year : 1990
author 0 : Doris Schmedding

title : WAMCOT: eine optisch bus-basierte Shared-memory-Architektur mit multithreaded Prozessoren.
year : 2001
author 0 : Alfred Mikschl

title : Numerisches Verfahren zur Ber&uuml;cksichtigung instation&auml;rer Prozesse bei Zuverl&auml;ssigkeitsprognosen.
year : 1993
author 0 : Horst R&ouml;nnebeck

title : Autonome Entscheidungsfindung in der Produktionssteuerung komplexer Werkstattfertigungen.
year : 2020
author 0 : Bernd Waschneck

title : Neugierige Strukturvorschl&auml;ge - Eine techniknahe interdisziplin&auml;re Einf&uuml;hrung in maschinelles Lernen und dessen Selbstorganisationsprinzipien.
year : 2013
author 0 : Sebastian Harrach

title : Methode zur ergonomischen Untersuchung von informatorischen T&auml;tigkeiten.
year : 1993
author 0 : Steffen Weisbrod

title : Konstruktion und Auswertung des simulativen Entscheidungsfeldmodells: dargestellt an Entscheidungen &uuml;ber die Entwicklung von Standardsoftware.
year : 1994
author 0 : Thomas Siegrist

title : Prozessregelung numerisch gesteuerter Umformmaschinen mit Fuzzy Logic.
year : 1994
author 0 : Gerhard Reil

title : Verifizierte Berechnung der inversiven Weierstrass-Funktion und der elliptischen Funktionen von Jacobi in beliebigen Maschinenarithmetiken.
year : 1996
author 0 : Knud Werner

title : Cyclic motion analysis using inertial sensors and machine learning = Zyklische Bewegungsanalyse mit Inertialsensoren und maschinellem Lernen.
year : 2020
author 0 : Christine Martindale

title : Informationslogistik in &ouml;rtlich verteilten Prozessen zur Fertigung von Unikaten.
year : 1994
author 0 : Reinhard Ahlers

title : Ermittlung aufgabenbezogener Integrationsbedarfe zur Ableitung von Integrationsarchitekturen f&uuml;r Informationssysteme.
year : 2019
author 0 : Florian Bader

title : Computergest&uuml;tztes Informationsmanagement f&uuml;r das Fertigungssystem Kleben.
year : 1997
author 0 : Ingo Sigl

title : Online Multi-label Text Classification using Topic Models.
year : 2018
author 0 : Sophie Burkhardt

title : Multitarget Tracking Using Orientation Estimation for Optical Belt Sorting.
year : 2019
author 0 : Florian Pfaff

title : On digitized forensics: novel acquisition and analysis techniques for latent fingerprints based on signal porcessing and pattern recognition.
year : 2020
author 0 : Mario Hildebrandt

title : Beitrag zur Analyse von Deskriptorsystemen.
year : 1999
author 0 : Klaus R&ouml;benack

title : Occlusion handling in scene reconstruction from video.
year : 2014
author 0 : Kai Cordes

title : PADISK: ein patientenbezogenes Aufnahme-, Dokumentations- und Informationssystem.
year : 1984
author 0 : Manfred Kirchner

title : Analyse von Paket-Funknetzen mit Zufalls-Zugriffsprotokollen.
year : 1992
author 0 : Klaus Gotthardt

title : Plane-sweep construction of proximity graphs.
year : 1994
author 0 : Thorsten Graf 0002

title : Untersuchungen zur nutzergerechten Auswertung und Darstellung von Simulationsergebnissen.
year : 1990
author 0 : Elke Birr

title : Aspekte der interaktiven real-time 3D-Landschaftsvisualisierung.
year : 1997
author 0 : Martin Suter

title : Konzepte zur Verwaltung n-dimensionaler Felder als Operanden in Datenfluss-synchronisierten Programmen.
year : 1989
author 0 : Friedhelm M&uuml;ndemann

title : Konzeption eines computergest&uuml;tzten Systems zur Intensivtherapiedokumentation.
year : 1997
author 0 : Ralf Gieseke

title : Improving Recombination in a Linear EBMT System by Use of Constraints.
year : 2012
author 0 : Monica Roxana Gavrila

title : Model-based diagnosis of electric cooling fan drive systems.
year : 2018
author 0 : Michael Pagel

title : Formal system design for intelligent artifacts.
year : 2013
author 0 : Benjamin Dittes

title : Ordered Means Models for recognition, reproduction, and organization of interaction time series.
year : 2013
author 0 : Ulf Gro&szlig;ekath&ouml;fer

title : Anforderungen an eine klinische Datenbank beim Harnblasenkarzinom: Datenbanktheorie und Auswahl der Parameter.
year : 2011
author 0 : Heike Ulla Sch&ouml;nw&auml;lder

title : Erweiterung der Leistungsf&auml;higkeit von Hybrid-Fiber-Coax-Netzen f&uuml;r die hochdatenratige Kommunikation.
year : 2021
author 0 : Florian Jackisch

title : Tool support for the distribution of object based applications.
year : 2000
author 0 : Ansgar Radermacher

title : Objektorientierte Projektierung von SPS-Software.
year : 1994
author 0 : Hans-Joachim Schelberg

title : Solving Semi-infinite Optimization Problems with Quadratic Rate of Convergence.
year : 2020
author 0 : Tobias Seidel

title : Efficiently deploying safety-critical applications onto open integrated architectures.
year : 2014
author 0 : Bastian Zimmer

title : Bilddatenkompression mit Unterabtastung, Interpolation und Korrektur des Interpolationsfehlers.
year : 1997
author 0 : Jian Yi

title : Temporal-difference learning in spiking neuronal networks.
year : 2010
author 0 : Wiebke Potjans

title : Finding regions of aberrant DNA copy number associated with tumor phenotype.
year : 2012
author 0 : Laura Tolosi

title : Entwurf eines robusten drahtlosen Kommunikationssystems f&uuml;r die industrielle Automatisierung unter harten Echtzeitbedingungen auf Basis von Ultrawideband-Impulsfunk.
year : 2012
author 0 : Johannes Hund

title : Specification Mining in High dimensional Heterogeneous Data Sets of Large-Scale Distributed Systems.
year : 2021
author 0 : Artur Mrowca

title : Design of interactive service robots applying methods of systems engineering and decision making.
year : 2012
author 0 : Matthias Merten

title : Entwicklung eines rechnergest&uuml;tzten Informationssystems f&uuml;r die Bauleitung: ein Beitrag zur CAD-CAM-Technologie im Bauwesen.
year : 1988
author 0 : Manfred Winkelmann

title : Hierarchische hybride Planung f&uuml;r mobile Roboter.
year : 2016
author 0 : Sebastian Stock

title : Feasibility and Applications of a Wireless Firewall.
year : 2016
author 0 : Matthias Wilhelm 0001

title : Die Computeranwendung im administrativen Bereich der zahn&auml;rztlichen Praxis.
year : 1985
author 0 : Peter Selhorst

title : Ein mathematisches Modell f&uuml;r die Planung prophylaktischer Instandhaltungsmassnahmen an Energieanlagen unter Ber&uuml;cksichtigung von Ressourcenbeschr&auml;nkungen: L&ouml;sungsverfahren f&uuml;r ganzzahlige Optimierungsaufgaben spezieller Struktur.
year : 1989
author 0 : Elke Lehmann

title : Entscheidungen bei qualitativen Zielen.
year : 1991
author 0 : Rudolf Felix

title : Zur Entwicklung des algorithmischen und strukturierenden Denkens bei der Vermittlung von Informatikinhalten im technisch-fakultativen Unterricht "Informationsverarbeitung-Prozessautomatisierung" der Klassen 9 und 10 unter Ber&uuml;cksichtigung der Wahl der Ausgangsabstrakta.
year : 1989
author 0 : Christine Wolk

title : Organisation, Repr&auml;sentation und Analyse menschlicher Ganzk&ouml;rperbewegung f&uuml;r die datengetriebene Bewegungsgenerierung bei humanoiden Robotern.
year : 2017
author 0 : Christian Mandery

title : Modellgesteuerte Analyse komplexer Strukturen in Graphiken.
year : 1986
author 0 : Eliane Egeli-Seiler

title : META, Referenzarchitektur f&uuml;r ein statistisches Informationssystem.
year : 1997
author 0 : Ingo Ch. Beyritz

title : System-Mediated Support of Explicit Collaboration in Information Retrieval.
year : 2016
author 0 : Thilo B&ouml;hm

title : Organic Smart Home - Energiemanagement f&uuml;r Intelligente Geb&auml;ude.
year : 2014
author 0 : Florian Allerding

title : Computer Science and Abstract Thinking: Concept, Assessment, Training.
year : 2019
author 0 : Daniela Zehetmeier

title : Typsysteme f&uuml;r die Dienstvermittlung in offenen verteilten Systemen.
year : 1997
author 0 : Nadja Patenge

title : Ontology-based representation of abstract optimization models for model formulation and system generation.
year : 2016
author 0 : Florian Stapel

title : Routing-driven Multiobjective 3D Floorplanning.
year : 2016
author 0 : Artur Quiring

title : Eine auf FUZZY basierende Methode zur mehrdimensionalen Beurteilung der Strassenverkehrssicherheit.
year : 1994
author 0 : Yuntong Liu

title : Verkehrsfluss in Datennetzen: Traffic flow in data networks.
year : 1973
author 0 : Ulrich Herzog

title : Akzeptanz und Lernerfolg bei computerunterst&uuml;tztem Lernen.
year : 1992
author 0 : Maria Hasenbach-Wolff

title : Queueing Systems in a Random Environment.
year : 2016
author 0 : Ruslan K. Krenzler

title : Systeme und Verfahren f&uuml;r strukturelle Musteranalysen mit Produktionsnetzen.
year : 2001
author 0 : Karl L&uuml;tjen

title : Gestaltung offener Softwaresysteme am Beispiel des Schul-Geometriesystems VEGAS.
year : 1989
author 0 : Hansbeat Loacker

title : Gemeinsame Gestaltung von Technik und Organisation in soziotechnischen kybernetischen Systemen.
year : 1991
author 0 : Siegfried Marks

title : Transition-based directed model checking = Transitionsbasierte gerichtete Modellpr&uuml;fung.
year : 2011
author 0 : Martin Wehrle

title : Aspekte der Kommunikation in Systemen mit sehr vielen Prozessoren.
year : 1982
author 0 : Rolf Strothmann

title : Untersuchungen zur Auswirkung erh&ouml;hten Stimmaufwands auf Sprache unter Einbezug des Anwendungsfalls der automatischen Sprechererkennung.
year : 2012
author 0 : Corinna Harwardt

title : Dialogischer Software-Entwurf.
year : 1991
author 0 : J&uuml;rgen Pasch

title : Benutzer-EDV-Kommunikationsbeziehungen in der Forschung: Inhalt, Struktur u. Wirkungsweise, unters. im Bereich d. Biowissenschaften.
year : 1982
author 0 : J&uuml;rgen Pilgrim

title : Die Pr&auml;sentation medizinischen Wissens in DV-Systemen.
year : 1997
author 0 : Gabriele B&ouml;hm

title : Fuzzyfizierung von Kontrollsystemen mittels relationenalgebraischer und graphentheoretischer Methoden.
year : 1999
author 0 : Dirk Wetscheck

title : Unmasking fault tolerance: quantifying deterministic recovery dynamics in probabilistic environments.
year : 2013
author 0 : Nils M&uuml;llner

title : Nutzung der EDV zur Dokumentation in Genbanken: Aufbau eines Kleinrechner-Datenspeichersystems f&uuml;r die Gaterslebener Genbank der Kulturpflanzen.
year : 1983
author 0 : Helmut Kn&uuml;pffer

title : Implementierung und parallele Verarbeitung von Kommunikationssoftware.
year : 1993
author 0 : Michael Rupprecht

title : Reactive model computation: a uniform approach to the implementation of deductive databases.
year : 1997
author 0 : Ulrike Griefhahn

title : Modellbasierte Migration von Unternehmensanwendungen durch Kombination eines <i>Top-down</i>- und <i>Bottom-up</i>-Ansatzes.
year : 2016
author 0 : Michael Goll

title : Intermodal transport chains: a multiagent systems approach.
year : 2003
author 0 : Petra Funk

title : Digitale Simulation in der Elektrochemie mit der Methode der finiten Elemente.
year : 1997
author 0 : Thomas Nann

title : Mass Customization of Cloud Services - Engineering, Negotiation and Optimization.
year : 2013
author 0 : Steffen Haak

title : Probleml&ouml;sung f&uuml;r die Regelung der maschinellen Beatmung auf Intensivstationen unter Nutzung der rechnergest&uuml;tzten Entscheidungsfindung.
year : 1984
author 0 : Klaus G&auml;rtner

title : Entwicklung einer Plattform zur interaktiven physikalisch basierten Animation gelenkig verbundener Systeme.
year : 1995
author 0 : Thomas Jung 0001

title : Interactive, example-driven synthesis and manipulation of visual media.
year : 2017
author 0 : Bernhard Reinert

title : Zur Erschliessung erneuerungstheoretischer Modelle f&uuml;r die Zuverl&auml;ssigkeitsarbeit.
year : 1980
author 0 : J&uuml;rgen Tiedge

title : Combination of queueing networks and generalized stochastic Petri nets.
year : 2000
author 0 : Matthias Becker 0002

title : Image compression by microtexture synthesis.
year : 2012
author 0 : Johannes Ball&eacute;

title : Quellsprachenorientierte Diagnose und Korrektur von Softwarefehlern durch &uuml;berwachte Ausf&uuml;hrung unter Echtzeitbedingungen.
year : 1987
author 0 : Thomas Bemmerl

title : Ein 1-Kanal-Satellitenkonzept zur globalen Datenerfassung und -&uuml;bertragung.
year : 1991
author 0 : Nikolaos Balteas

title : Efficient Many-Light Rendering of Scenes with Participating Media.
year : 2014
author 0 : Jan Nov&aacute;k

title : Polzuweisung und St&ouml;rungsentkopplung in linearen Systemen, ein numerisch orientierter Ansatz.
year : 1984
author 0 : Arno Linnemann

title : Evolution control for software product lines: an automation layer over configuration management.
year : 2014
author 0 : Michail Anastasopoulos

title : Automated Fault Localization in Large Java Applications.
year : 2019
author 0 : Mohammadreza Ghanavati

title : Semi-Automatic Derivation of Services and Components from Conceptual Models: Foundations, Method, and Application.
year : 2013
author 0 : Dominik Q. Birkmeier

title : Beitrag zur Spannungsberechnung mit Hilfe der Methode der finiten Elemente auf der Grundlage von dreidimensionalen Verschiebungsmodellen.
year : 1983
author 0 : Harald Berger 0001

title : Computersoftware, Standortbestimmung unter zivil-, urheber- und kartellrechtlichen Aspekten im deutschen und EG-Recht sowie nach internationalen Konventionen.
year : 1988
author 0 : Hans-Werner Moritz

title : Spieltheoretische Analyse einer Klasse von mehrstufigen &Uuml;berwachungssystemen mit Fehlalarmen.
year : 1989
author 0 : Christian Petschke

title : Focus of attention on relevant multimodal events: a developmentally inspired architecture for active vision.
year : 2012
author 0 : Miranda Grahl

title : Kontextsensitive Texteingabe f&uuml;r chinesische Textverarbeitung.
year : 1992
author 0 : Zhaoxi Chen 0002

title : SynDEVS co-design flow: a hardware-, software co-design flow based on the discrete event system specification model of computation.
year : 2012
author 0 : H. Gregor Molter

title : Analysis of stochastic Petri nets with non-exponentially distributed firing times.
year : 1994
author 0 : Reinhard German

title : Robust sound event detection in binaural computational auditory scene analysis.
year : 2020
author 0 : Ivo Trowitzsch

title : Algorithms and Computer Architectures for Evolutionary Bioinformatics.
year : 2012
author 0 : Nikolaos Alachiotis

title : Financial engineering: computer, algebra, and simulation.
year : 1999
author 0 : Oliver Hein

title : Wissensbasiertes Verfahren zur In-Orbit-Analyse von Raumfluglageregelungssystemen mit Anwendung auf den Satelliten Rosat.
year : 1997
author 0 : Uwe Feucht

title : Dynamische Verwaltung globaler Namensr&auml;ume.
year : 1997
author 0 : Alfred Lupper

title : Die rechtliche Stellung des Computerprogramme erstellenden Arbeitnehmers nach Urheberrecht, Patentrecht und Arbeitnehmererfindungsrecht.
year : 1989
author 0 : Matthias Scholz

title : Scalable space-time adaptive simulation tools for computational electrocardiology.
year : 2014
author 0 : Dorian Krause

title : Ein Echtzeitverfahren zur automatischen Segmentierung stochastischer Signale in station&auml;re Abschnitte und deren Klassifizierung am Beispiel des Elektroenzephalogramms.
year : 1984
author 0 : Dieter Michael

title : Konzepte der Anwendungsentwicklung f&uuml;r und mit Multi-Touch.
year : 2015
author 0 : Georg Freitag

title : Verbesserung von Staubehandlungsmechanismen auf IP-Ebene durch Einbeziehung von Informationen des Anwendungskontextes.
year : 2000
author 0 : Tino Hutschenreuther

title : Metadatenbasierte Kontextualisierung architektonischer 3D-Modelle.
year : 2013
author 0 : Ina Bl&uuml;mel

title : Process landscaping: eine Methode zur Modellierung und Analyse verteilter Softwareprozesse.
year : 2003
author 0 : Ursula Wellen

title : Adversarial and Secure Machine Learning.
year : 2017
author 0 : Huang Xiao

title : Ein Prozess- und Speicherverwaltungsprozessor f&uuml;r eine parallele Path-Pascal-Maschine.
year : 1988
author 0 : Reinhard N&uuml;rnberg

title : Data driven 3-D rigid body motion and structure estimation.
year : 2000
author 0 : Eckehard G. Steinbach

title : &Uuml;berzeugungssysteme der k&uuml;nstlichen Intelligenz: Validierung vor d. Hintergrund linguist. Theorien &uuml;ber implizierte &Auml;usserungen.
year : 1982
author 0 : Katharina Morik

title : Human motion analysis based on organic computing principles.
year : 2011
author 0 : Thomas Walther

title : FPGAs in Bioinformatics - Implementation and Evaluation of Common Bioinformatics Algorithms in Reconfigurable Logic.
year : 2016
author 0 : Lars Wienbrandt

title : On the importance of ecologically valid usable security research for end users and IT workers.
year : 2016
author 0 : Sascha Fahl

title : Charakterisierung akustischer Eigenschaften des spontanen Neugeborenenschreis in den ersten drei Lebenstagen in Abh&auml;ngigkeit vom Geburtsmodus.
year : 2010
author 0 : Sarah H&ouml;ing

title : Computergest&uuml;tzte Warenkorbanalyse: dargestellt auf der Grundlage von Scanningdaten des Lebensmitteleinzelhandels unter besonderer Ber&uuml;cksichtigung einer selbsterstellten Analysesoftware.
year : 1993
author 0 : Thomas Fischer 0025

title : Generische Analysemethoden f&uuml;r den Systementwurf heterogener eingebetteter Mehrkernsysteme.
year : 2018
author 0 : Jens Brandenburg

title : Ein Verfahren zur Kurzfristprognose, die Integration von Methoden der Zeitreihenanalyse in ein &ouml;konometrisches Modell.
year : 1984
author 0 : Heinz-Werner Nienstedt

title : Arbeitsgestaltung in der Softwareentwicklung: ein empirischer Vergleich subjektiver Arbeitsmerkmale in propriet&auml;ren und Open-Source-Softwareprojekten.
year : 2010
author 0 : Dirk Jendroska

title : Fuzzy description logics with general concept inclusions.
year : 2014
author 0 : Stefan Borgwardt

title : Distributed management of grid-based scientific workflows.
year : 2012
author 0 : Mahmoud El-Gayyar

title : Formale Spezifikation und Leistungsbewertung von Vielfachzugriffsprotokollen in Mobilfunknetzen.
year : 1993
author 0 : Thomas Hellmich

title : Strongly secure authenticated key exchange in the standard model.
year : 2013
author 0 : Zheng Yang 0005

title : Ein Konzept eines unscharfen Petri-Netzes als Grundlage f&uuml;r operative Entscheidungsprozesse in komplexen Produktionssystemen.
year : 1989
author 0 : Hans-Peter Lipp

title : Dreidimensionale qualitative Geb&auml;uderekonstruktion.
year : 1997
author 0 : L&aacute;szl&oacute; Teleki

title : &Uuml;ber Lokales Verdrahten von Zwei-Punkt-Netzen.
year : 1987
author 0 : Michael Kaufmann 0001

title : Bewertung der notwendigen Reserveleistung beim Ausfall leistungsstarker Kernkraftwerke.
year : 1981
author 0 : Ernst-W. Arkenberg

title : Introduction to dense reconstruction from multiple images.
year : 2018
author 0 : Benjamin Ummenhofer

title : Computergest&uuml;tzte dreidimensionale Morphometrie des Inselorgans von Rind und Schwein.
year : 1997
author 0 : Rainer Diehl

title : Learning strategies to select point cloud descriptors for large-scale 3-D object classification.
year : 2016
author 0 : Jens Garstka

title : Formbasierte Identifikation zweidimensionaler Objekte.
year : 2000
author 0 : Rolf Lak&auml;mper

title : Anwendungsspezifische Online-Anpassung von Hidden-Markov-Modellen in automatischen Spracherkennungssystemen.
year : 1999
author 0 : Udo Bub

title : Rechnerunterst&uuml;tzte Wissensvermittlung f&uuml;r Automatisierungsingenieure beim Erlernen der methodischen Grundlagen und der Handhabung von rechnerunterst&uuml;tzten Werkzeugsystemen.
year : 1991
author 0 : Uwe Sens

title : Experimentelle Untersuchung des Funktionsprinzips eines supraleitenden Vortexspeichers.
year : 1982
author 0 : J&uuml;rgen Parisi

title : Programmbanktechnologie und deren Nutzung zur rechnergest&uuml;tzten Synthese und Dokumentation von Anwendungsprogrammen.
year : 1981
author 0 : Andreas R&ouml;sner

title : Zur Spezifikation eingebetteter mikroelektronischer Systeme: ein kundenorientiertes Phasen-Modell und die Generierung verwertbarer VHDL-Beschreibungen.
year : 1993
author 0 : Christoph Ohsendoth-Haase

title : Produktberatungssysteme im Internet: Pr&auml;ferenzmessung zur Kaufunterst&uuml;tzung.
year : 2003
author 0 : Claudius Paul

title : Entwicklung einer intelligenten Bus-Bridge f&uuml;r ein optisches Hochgeschwindigkeitsnetzwerk.
year : 1998
author 0 : Clemens M&uuml;ller

title : Automatisierungsstrukturen mit Einchipmikrorechnern - Zuverl&auml;ssigkeitsaspekt.
year : 1987
author 0 : Michael Sch&auml;fer 0002

title : Performance evaluation and optimization of content distribution using overlay networks.
year : 2013
author 0 : Frank Lehrieder

title : Ein Beitrag zur Analyse und Synthese sichtbarer Artikulationsbewegungen mit Hilfe von Mikrorechnern.
year : 1991
author 0 : Hans-Heinrich Bothe

title : Ein Beitrag zur mikrorechnergesteuerten Schaltkennzeichenumsetzung.
year : 1981
author 0 : Axel Friedrich
author 1 : Klaus T&auml;ubig

title : A capability-based context modelling method to enhance digital service flexibility.
year : 2016
author 0 : Hasan Ko&ccedil;

title : Unendliche nichtperiodische Wellenz&uuml;ge in einer Klasse von Reaktions-Diffusions-Gleichungen: Analytische Eigenschaften von Poincar&eacute;-Halbabbildungen.
year : 1984
author 0 : Claus Kahlert

title : Exploration of Large-Scale SPARQL Query Collections: Finding Structure and Regularity for Optimizing Database Systems.
year : 2020
author 0 : Thomas Timm

title : Netzweiter Nachrichtenaustausch entlang eines dynamisch konfigurierbaren Interaktionsmusters.
year : 1992
author 0 : Stefan B&ouml;cking

title : Zur Modelltheorie der Moduln: (unter bes. Ber&uuml;cks. d. flachen Moduln).
year : 1981
author 0 : Philipp Rothmaler

title : Vergleich von zwei EKG-Datenkompressionsalgorithmen im Rahmen der EDV-unterst&uuml;tzten EKG-Auswertung.
year : 1989
author 0 : Doris Welter

title : Automatisierung der Betriebs&uuml;berwachung im t&uuml;rkischen Kohlenbergbau mit kleinen verteilten Rechnersystemen.
year : 1995
author 0 : Cengiz Kuzu

title : Understanding emerging client-Side web vulnerabilities using dynamic program analysis.
year : 2021
author 0 : Marius Steffens

title : Graphs with distance guarantees.
year : 1999
author 0 : Dagmar Handke

title : Versatile Compression of Multidimensional Spectral Data for Space Instruments.
year : 2012
author 0 : Bj&ouml;rn Fiethe

title : Analyse und Optimierung solarer Warmwasser- und Raumheizungssysteme von Wohnbauten mit verschiedenem W&auml;rmeschutz.
year : 1984
author 0 : Peter Wilhelm Wensierski

title : A parallel prolog execution model implemented on the PESA-P multiprocessor architecture.
year : 1990
author 0 : Bernd Sch&uuml;rmann

title : Aufbau und Einsatz des datenbasisorientierten Prozessmanagementsystems CIF.
year : 1992
author 0 : Jens Behrendt

title : Untersuchungen zur &Auml;quivalenz von quadratischem und linearem Zuordnungsproblem.
year : 1988
author 0 : Ines Bookhold

title : Entwurf und Implementierung eines verteilten Systems am Beispiel des Experimentalsystems VLOTUNET.
year : 1992
author 0 : Ireneusz Adamowicz

title : Ein verteiltes Betriebssystem f&uuml;r die transparente Nutzung massiv paralleler Mikroprozessorsysteme.
year : 1992
author 0 : Oliver Nowak 0001

title : Unterbrechungsfreie Messverfahren zur Bestimmung von wesentlichen Parametern bei Fernsprechkan&auml;len, die zur Daten&uuml;bertragung benutzt werden.
year : 1987
author 0 : Ulrich M. Hornberger

title : Objektorientierte und verteilte L&ouml;sung von Optimierungsproblemen: mit 17 Tabellen.
year : 1997
author 0 : Frank Josef Br&uuml;ggemann

title : Eine Methode zur Spezifikationserfassung heterogener Systeme.
year : 1999
author 0 : Tom Barthel

title : Structured Parallelism by Composition - Design and implementation of a framework supporting skeleton compositionality.
year : 2016
author 0 : Mischa Dieterle

title : Anbindung des H&auml;matologischen und des Immunologischen Labors an das Klinikinformationssystem der Medizinischen Klinik III mit Poliklinik des Klinikums der Universit&auml;t Erlangen-N&uuml;rnberg.
year : 1997
author 0 : Sabine Knispel

title : Cloud Simulation for Large-Scale Agent-Based Traffic Simulations.
year : 2019
author 0 : Daniel Zehe

title : Prozessorientierte Anforderungserfassung.
year : 1989
author 0 : Manfred Hagemann

title : MACOL, ein integriertes Programmierkonzept f&uuml;r speicherprogrammierbare Steuerungsger&auml;te auf Basis einer problemorientierten Hochsprache.
year : 1988
author 0 : Klaus Sterzel

title : Die Verbesserung der Ermittlung der Effektivit&auml;t und die Vervollkommnung der Aufgabenstellung der Organisations- und Rechenzentren der Hochschulen der DDR.
year : 1976
author 0 : Martin Hartung

title : Untersuchungen zur Aufgabenverteilung f&uuml;r Logiksimulations-Maschinen.
year : 1987
author 0 : Manfred Nikodem

title : Real-Time Preference Analytics on Data Streams.
year : 2021
author 0 : Lena Rudenko

title : Entwurf und Verifikation modularer Rechenmodelle zur Interpretation von Stabschmelzexperimenten.
year : 1980
author 0 : Walter T&uuml;rk

title : Nichtlineare Dynamik r&uuml;ckgekoppelter neuronaler Netze.
year : 1990
author 0 : Hans-Ulrich Bauer

title : Schnelle Auswahltechniken f&uuml;r Zugriffe auf Informationen.
year : 1981
author 0 : Reiner Nussbaum

title : A service broker for Intercloud computing.
year : 2014
author 0 : Foued Jrad

title : Self-Management Concepts for Relational Database Systems.
year : 2012
author 0 : Marc Holze

title : Pattern-Driven Design of Visualizations for High-Dimensional Data.
year : 2020
author 0 : Michael Blumenschein

title : Design of reactive systems and their distributed implementation with statecharts.
year : 1998
author 0 : Peter Scholz

title : Defect-based Quality Assurance with Defect Models.
year : 2016
author 0 : Dominik Holling

title : Modeling and Simulation of Multi-Task Networks Using Adaptation and Learning.
year : 2017
author 0 : Sahar Khawatmi

title : Integration von Sprach- und Datenkommunikation in lokalen Netzen.
year : 1990
author 0 : Klaus Sauer

title : Optimizing Query Strategies in Fixed Vertical Partitioned and Distributed Databases and their Application in Semantic Web Databases.
year : 2018
author 0 : Jens Kohler

title : Eine Sprache zur formalen Spezifikation eingebetteter Systeme.
year : 1985
author 0 : Michael Goedicke

title : Architektur und ausgew&auml;hlte Funktionen eines Systems der Entwicklung und Wartung von Software.
year : 1983
author 0 : Ulrich Lindner

title : Data Quality of Citizen Science Observations of Organisms: Plausibility Estimation Based on Volunteered Geographic Information Context.
year : 2019
author 0 : Clemens Jacobs

title : Der Aufbau von Data-warehouse-Systemen: Konzeption - Datenmodellierung - Vorgehen.
year : 1999
author 0 : Jan Holthuis

title : Benutzergerechte Software-Entwicklung: Probleme, Defizite u. L&ouml;sungen bei d. Realisierung arbeitswissenschaftlicher Anforderungen im Rahmen der Software-Entwicklung f&uuml;r den B&uuml;ro- und Verwaltungsbereich.
year : 1987
author 0 : Ralf E. Oetinger

title : Der Modellhierarchieansatz zur Beschreibung nebenl&auml;ufiger, verteilter und transaktionsverarbeitender Systeme.
year : 2000
author 0 : Peter Tabeling

title : Mehrdimensionale Voting-Methoden zum Design fehlertoleranter Computernetzwerke.
year : 1998
author 0 : Christian Rank

title : Interrelations of virtual acoustics and hearing research by the example of binaural synthesis.
year : 2013
author 0 : Florian V&ouml;lk

title : Vollst&auml;ndige Resolutionskalk&uuml;le f&uuml;r PROLOG.
year : 1991
author 0 : Karl Stroetmann 0001

title : Zum Beobachterentwurf f&uuml;r nichtlineare Systeme mit mehreren Messgr&ouml;ssen.
year : 1997
author 0 : Johanna Schaffner

title : Adaptierbare Objektmigration und eine Realisierung im Betriebssystem BirliX.
year : 1995
author 0 : Wolfgang Lux

title : Visual analytics methods for shape analysis of biomedical images exemplified on rodent skull morphology.
year : 2017
author 0 : Simon Hermann

title : High-performance computing methods in large-scale power system simulation.
year : 2020
author 0 : Lukas Razik

title : Beitrag zur Bestimmung der lastabh&auml;ngigen Verf&uuml;gbarkeit eines Inselnetzes.
year : 1982
author 0 : Klaus Wannow

title : Methode zur Bestimmung der Ausfallh&auml;ufigkeit von Prozessrechnern: Modellbildung auf d. Basis von Langzeitbeobachtungen.
year : 1984
author 0 : Heinz Joachim St&uuml;bler

title : Analyse englischer Ableitungen mit PROLOG.
year : 1990
author 0 : Axel Stammler

title : Verbesserung der Datenintegration von CAD-Systemen f&uuml;r den Chemieanlagenbau basierend auf einem relationalen Datenbank-Management-System.
year : 1996
author 0 : J&ouml;rn Oprzynski

title : Sales advisory system: a case study in applying knowledge representation systems.
year : 2001
author 0 : Sunil Thakar

title : Rechnerunterst&uuml;tzte Konstruktion von Funktionssystemen zur flexiblen Handhabung rotationssymmetrischer Werkst&uuml;cke.
year : 1982
author 0 : Detlef Michaelis

title : Datenschutzfreundliche Mechanismen zum Schutz vor gef&auml;lschten Nachrichten in vernetzten Fahrzeugen.
year : 2015
author 0 : Andreas Tomandl

title : Computergest&uuml;tzte 3D-Rekonstruktion des medialen Lemniscussystems als Referenz f&uuml;r die bildgebenden Verfahren CT, MRT und PET.
year : 1993
author 0 : Dirk Weirich 0002

title : Developing concepts and methods for module and integration tests for models of reactive systems.
year : 2000
author 0 : Yusufu Kyeyune

title : Information extraction by local density analysis: a contribution to content based management of scientific data.
year : 1997
author 0 : Andr&eacute; Csillaghy

title : Kooperative Transportdisposition in einer Allianz komplement&auml;rer Lieferanten.
year : 2013
author 0 : Ralf Sprenger

title : Ein Rapid-Prototyping-Verfahren zum Entwurf von Kommunikationsarchitekturen in eingebetteten Systemen.
year : 1998
author 0 : Andreas Kirschbaum

title : Geometric graphs: matching, similarity, and indexing.
year : 2015
author 0 : Ayser Armiti

title : Video error concealment techniques for multi-broadcast reception of digital TV = Verfahren zur Fehlerverschleierung bei Mehrfachempfang digitaler Fernsehbildsignale.
year : 2012
author 0 : Tobias Tr&ouml;ger

title : Eine experimentelle und theoretische Analyse des binokularen Farbensehens.
year : 1982
author 0 : Hans Irtel

title : Das Internet im &ouml;ffentlichen Recht: unter Ber&uuml;cksichtigung europarechtlicher und v&ouml;lkerrechtlicher Vorgaben.
year : 1999
author 0 : Patrick G. Mayer

title : Enhancing In-Car Prediction by Car2X Communication.
year : 2015
author 0 : Benno Schweiger

title : Probabilistic, deep, and metric learning for biometric identification from eye movements.
year : 2019
author 0 : Ahmed Abdelwahab Hussein Abdelwahab Elsayed

title : Ein Beitrag zur Anfrageoptimierung in Datenbanksystemen mit genetischen Algorithmen.
year : 2000
author 0 : Martin Utesch

title : Modellbasierte Entwicklung von Mensch-Maschine-Schnittstellen im Maschinen- und Anlagenbau.
year : 2018
author 0 : Christoph Richter

title : Entwicklung und Evaluation einer Software zur Referenzkugelerkennung und Fl&auml;chenberechnung in der Panoramaschichtaufnahme.
year : 2012
author 0 : Heinrich Fischer

title : Foundations of active automata learning: an algorithmic perspective.
year : 2015
author 0 : Malte Isberner

title : Beitrag zur Entwicklung einer Objektsprache f&uuml;r Elektroenergieanlagen.
year : 1991
author 0 : Andreas Erfurth

title : Strukturermittlung von Polypeptiden und kleinen Proteinen auf der Basis von 1H-NMR Daten mittels Computergraphik und Optimierung.
year : 1985
author 0 : Martin Urs Billeter

title : Specification of transition categories: an approach to dynamic abstract data types.
year : 1995
author 0 : Martin Gro&szlig;e-Rhode

title : Unterst&uuml;tzung der Anwender von Statistiksoftware, ein Methodenbankrahmen um das Programmpaket SPSS.
year : 1981
author 0 : Freimut Bodendorf

title : Automotive Software: Prozesse, Modelle und Variabilit&auml;t.
year : 2012
author 0 : Cem Mengi

title : Efficient Private Function Evaluation.
year : 2021
author 0 : &Aacute;gnes Kiss

title : Informationsprozesse in arbeitsteiligen Gruppen: informationswissenschaftliche Analyse bei Entwicklern systemnaher Software unter besonderer Ber&uuml;cksichtigung des Gatekeeper-Konzepts.
year : 1994
author 0 : Eduard Koch

title : Analyzing data dependencies, detecting AND-parallelism and optimizing backtracking in Prolog programs.
year : 1989
author 0 : Hong Xia

title : Tool integration in a functional programming language.
year : 1999
author 0 : Einar W. Karlsen

title : Why cryptography should not rely on physical attack complexity.
year : 2015
author 0 : Juliane Kr&auml;mer

title : Transformation von Multiphysics-Modellen in einen FPGA-Entwurf f&uuml;r den echtzeitf&auml;higen HiL-Test eingebetteter Systeme.
year : 2013
author 0 : Christian K&ouml;llner

title : Iterative Decodierung parallel verketteter bin&auml;rer Faltungscodes.
year : 1997
author 0 : Sven Riedel

title : Rechnerunterst&uuml;tzte Synthese von Abtastregelkreisen mit Beschr&auml;nkungen.
year : 1992
author 0 : Xiaoming Peng

title : Ein interaktives System zur Visualisierung von Datenstrukturen: Grundlagen, Architektur, Techniken und Werkzeuge.
year : 1998
author 0 : Markus Liebelt

title : CASSANDRA: drug gene association prediction via text mining and ontologies.
year : 2015
author 0 : Maria Kissa

title : Der Einfluss aktueller Entwicklungen der Informationstechnologien auf analytische Informationssysteme: data warehouse, Standardsoftware, Internet.
year : 2000
author 0 : Frank Theis

title : Operations Research in der Container-Stellplatz-Verwaltung.
year : 1991
author 0 : Buyang Cao

title : Untersuchung und Modellierung der St&ouml;rsignale im magnetischen Bandspeichersystem.
year : 1993
author 0 : Naiming Wei

title : Scalability in parallel database systems.
year : 1998
author 0 : Ioannis Bozas

title : Dynamically Scalable Fog Architectures.
year : 2020
author 0 : Dominic Henze

title : Parallelisierung von Laufschleifen mit Hilfe unimodularer Abbildungen.
year : 2002
author 0 : Andreas Popp

title : Method for the automated analysis, control and correction of stereoscopic distortions and parameters for 3D-TV applications: new image processing algorithms to improve the efficiency of stereo- and multi-camera 3D-TV productions.
year : 2015
author 0 : Frederik Zilly

title : Entwurfs- und Inbetriebnahmestrategie f&uuml;r verteilte Feldbus-Anwendungen.
year : 1996
author 0 : G&uuml;nther Seemann

title : Ein interaktives Optimierungsverfahren zur rechnergest&uuml;tzten Dimensionierung integrierter Schaltungen.
year : 1986
author 0 : Peter Leibner

title : Supporting multi-device interaction in the wild by exposing application state.
year : 2013
author 0 : Jonathan Diehl

title : High-speed indexing and archival of network measurement data.
year : 2012
author 0 : Francesco Fusco

title : Ethernet and IP for automotive E-E-architectures: technology analysis, migration concepts and infrastructure.
year : 2012
author 0 : Andreas Kern

title : DV-gest&uuml;tztes betriebliches Umweltmanagement auf der Basis einer Multi-Agenten-Architektur.
year : 1997
author 0 : Claudia Schopf

title : Didaktische Grundlegung zur informatikbezogenen schulischen Berufsausbildung f&uuml;r kaufm&auml;nnische Ausbildungsberufe.
year : 1988
author 0 : Manfred K&ouml;nig

title : Gleitlager und rotierende Rohre in &Ouml;lkreisl&auml;ufen: Berechnung u. Simulation d. Widerstandsverhaltens.
year : 1983
author 0 : Matthias Fritzsche

title : Optimierung biometrischer Hash-Algorithmen f&uuml;r die dynamische Handschrift.
year : 2015
author 0 : Tobias Scheidat

title : Untersuchungen zu Modellvereinfachungen bei der Simulation dialogorientierter DFV-Systeme unter Beachtung der notwendigen Abbildungsgenauigkeit.
year : 1986
author 0 : Karl-Heinz Usbeck

title : Praktische Anwendbarkeit mathematisch rigoroser Methoden zum Sicherstellen der Programmkorrektheit.
year : 1995
author 0 : Robert Laurence Baber

title : Entwicklung und Implementierung adaptiver Datenstrukturen und Algorithmen zur effizienten Visualisierung und Speicherung digitaler H&ouml;henmodelle.
year : 2000
author 0 : Andreas Paul 0002

title : Proximit&auml;ts- und Aktivit&auml;tserkennung mit mobilen Endger&auml;ten.
year : 2016
author 0 : Marco Maier

title : Routing and internet gateway selection in aeronautical ad hoc networks.
year : 2015
author 0 : Felix Hoffmann

title : Regelbasierte Auswahl grundlegender Reaktortypen mittels wissensbasierter Programmierung.
year : 1991
author 0 : Birgit Fried

title : Wege zur Reduzierung des Rechenzeitverbrauchs bei der Simulation diskreter Prozesse.
year : 1984
author 0 : Rolf Knocke

title : Model-Based Analyses of Non-Functional Software and System Properties.
year : 2014
author 0 : Matthias Hagner

title : Operators of higher order.
year : 1998
author 0 : Herbert Baier

title : Integration verschiedener Informationsquellen bei der Navigation in virtuellen Umgebungen.
year : 2000
author 0 : Sibylle D. Steck

title : Systemarchitektur und Datenmodell f&uuml;r Programmsysteme der Mehrk&ouml;rperdynamik.
year : 1997
author 0 : Michael Hocke

title : The structure of lexical frames: an empirical investigation into the nature of conceptual knowledge.
year : 2017
author 0 : Stephanie Elisabeth Gerdei&szlig;en

title : Zur G&uuml;te von Zufallsprozessen in der kryptologischen Praxis.
year : 1997
author 0 : Burkhard Heyber

title : Virtual reality in assembly simulation: collision detection, simulation algorithms, and interaction techniques.
year : 2000
author 0 : Gabriel Zachmann

title : Entwicklung eines Softwaresystems zur Produkt- und Produktionsdatenaufbereitung.
year : 1993
author 0 : Wolfgang Neuh&auml;user

title : Nutzung von Recommender-Systemen und kollektiver Intelligenz in Business-on-demand.
year : 2011
author 0 : Eva-Maria Schwartz

title : Der Bankomatenmissbrauch - seine Erscheinungsformen und seine Bek&auml;mpfung.
year : 1989
author 0 : Verena Ehrlicher

title : Verfahrensvergleich zur automatischen Erkennung in Metall geschlagener Zeichen.
year : 1993
author 0 : Uwe Stilla

title : Implications of machine learning algorithms in brain-computer interface (BCI) applications.
year : 2021
author 0 : Muhammad Saif-ur-Rehman

title : Verification and Validation of Logic Control Safety Applications: Verifikation und Validierung von Steuerungssoftware f&uuml;r Sicherheitsanwendungen.
year : 2013
author 0 : Doaa Soliman

title : Collusion Secure Fingerprint Watermarking.
year : 2016
author 0 : Marcel Sch&auml;fer

title : Remote tactile feedback on interactive surfaces.
year : 2013
author 0 : Hendrik Richter 0002

title : Statistisch-numerische Beschreibung des Wellen- und Str&ouml;mungsgeschehens in einem Buhnenfeld.
year : 1994
author 0 : Herwig N&ouml;thel

title : Hierarchical Control of Limbless Locomotion Using a Bio-inspired CPG Model.
year : 2013
author 0 : Guoyuan Li

title : Sprachcodierung mit dem CELP-Verfahren f&uuml;r Datenraten von 4,8 bis 8,0 kBits.
year : 1994
author 0 : Johann Steger

title : Performance modeling and prediction for linear algebra algorithms.
year : 2012
author 0 : Roman Iakymchuk

title : Verfahren zum Refactoring und zur Erkennung von Refactoring-Einsatzm&ouml;glichkeiten f&uuml;r datenflussorientierte Modelle in einer grafischen Sprache.
year : 2017
author 0 : Quang Tran Minh 0002

title : Learning of Generalized Manipulation Strategies in Service Robotics.
year : 2013
author 0 : Rainer J&auml;kel

title : Variables Nanodatenmanagement f&uuml;r eingebettete Systeme.
year : 2012
author 0 : Thomas Leich

title : Testdatenkompaktion durch beschleunigte Schieberegister mit vielen X-Werten.
year : 2010
author 0 : Martin Hilscher

title : A generic platform for Open Assessment Management in higher education: a modular architecture for assessment management within a centrally hosted learning and teaching portal.
year : 2012
author 0 : Patrick Wilhelm Stalljohann

title : Neurocomputational Principles of Action Understanding: Perceptual Inference, Predictive Coding, and Embodied Simulation.
year : 2018
author 0 : Fabian Schrodt

title : Debugging und maschinelles Lernen von Prolog-Programmen.
year : 1998
author 0 : Gabriella K&oacute;kai

title : Recovering Security in Model-Based Software Engineering by Context-Driven Co-Evolution.
year : 2019
author 0 : Jens B&uuml;rger 0001

title : Wireless embedded systems: time, location, and applications.
year : 2012
author 0 : Philipp Sommer

title : Durchg&auml;ngige Verfolgbarkeit im Vorfeld der Softwareentwicklung von E-Government-Anwendungen: ein ontologiebasierter und modellgetriebener Ansatz am Beispiel von B&uuml;rgerdiensten.
year : 2012
author 0 : Thomas Off

title : Reconstructing Human Motion.
year : 2018
author 0 : Jan Baumann

title : On Leveraging Statistical and Relational Information for the Representation and Recognition of Complex Human Activities.
year : 2016
author 0 : Rim Helaoui

title : Erstellung eines dokumentationsf&auml;higen Computerprogramms f&uuml;r die Tumoren des Kopf- und Halsbereiches.
year : 1992
author 0 : Heinrich-Theodor Jansen

title : Systemtechnische Aspekte peripherer Ger&auml;te f&uuml;r Kleinrechnersysteme und Arbeitsplatzrechentechnik.
year : 1988
author 0 : Horst Giebler

title : Zur rechnerischen Modellierung und Simulation von Kristallisatoren.
year : 1986
author 0 : Mehmet G&uuml;naltay

title : Ensemble-based programming for scientific applications.
year : 2013
author 0 : Haowei Huang

title : Modeling and training options for handwritten Arabic text recognition.
year : 2016
author 0 : Irfan Ahmad 0001

title : Projektspezifische Methoden zur Nachvollziehbarkeit von Anforderungsspezifikationen.
year : 1999
author 0 : Ralf D&ouml;mges

title : On the physical security of physically unclonable functions.
year : 2017
author 0 : Shahin Tajik

title : Abstrakte Interpretationen beim Optimieren von Programmlaufzeiten - ein Optimalit&auml;tskonzept und seine Anwendung.
year : 1987
author 0 : Bernhard Steffen

title : SCIL-III, a simulator and tester activation language for VLSI circuits.
year : 1987
author 0 : Angelos Mavridis

title : Efficient implementation of code- and hash-based cryptography.
year : 2017
author 0 : Ingo von Maurich

title : Formal specification and modeling of complex systems: towards a physics of information via networks.
year : 1999
author 0 : Thomas Tomkos

title : SAT encodings: from constraint-based termination analysis to circuit synthesis.
year : 2012
author 0 : Carsten Fuhs

title : Inhibitionsfelder.
year : 2011
author 0 : Hermann Walter

title : Eine Hash-basierte Methode zur Steigerung der Effektivit&auml;t des Web-Cachings.
year : 2014
author 0 : Chris Drechsler

title : Ein Beitrag zur Untersuchung von Einflussfaktoren auf einen Optimalalgorithmus zur subpixelgenauen Lagebestimmung punktf&ouml;rmiger Objektabbildungen.
year : 1990
author 0 : Martin Weigert

title : Steganographie durch Nachbildung plausibler &Auml;nderungen.
year : 2002
author 0 : Elke Franz 0001

title : Opinion Mining in Newspapers for a Media Response Analysis.
year : 2014
author 0 : Thomas Scholz

title : Phased design and verification of stabilizing systems.
year : 1996
author 0 : Michael Siegel

title : &Uuml;ber 0-1-Gesetze f&uuml;r die asymptotische Kombinatorik diskreter Strukturen.
year : 1986
author 0 : Joerg Remlinger

title : Modularisierungskonzepte bei Simulationsproblemen in integrierten Programmsystemen.
year : 1989
author 0 : Ulrich Lang

title : Automated qualitative abstraction and its application to automotive systems.
year : 2001
author 0 : Martin Sachenbacher

title : The local information dynamics of distributed computation in complex systems.
year : 2013
author 0 : Joseph T. Lizier

title : Ein objektorientiertes Kommunikationssystem.
year : 1992
author 0 : Andreas Stein

title : Formal verification of low-level code in a model-based refinement process.
year : 2019
author 0 : Nils Erik Berg

title : Periodicity, Surprisal, Attention: Skip Conditions for Recurrent Neural Networks.
year : 2021
author 0 : Tayfun Alpay

title : Interaktionen mit dem "schlauen Spiegel": zur nutzerorientierten Konzeption und Gestaltung von Onlineberatungsschnittstellen.
year : 2012
author 0 : Maike Hecht

title : Ein Beitrag zur rechnergest&uuml;tzten Konfigurierung mikroprogrammierbarer Bildverarbeitungssysteme.
year : 1986
author 0 : Reinhard Berger

title : Sparse Matrix Computations and their I/O Complexity.
year : 2012
author 0 : Gero Greiner

title : Reuse-oriented knowledge engineering with MoMo: an inquiry.
year : 1996
author 0 : Thomas Hemmann

title : Modellierung und Simulation komplexer &ouml;konomischer Ursache-Wirkung-Zusammenh&auml;nge unter Nutzung kybernetischer Erkenntnisse und Methoden.
year : 1981
author 0 : Wladimir Zlatev

title : Untersuchung von Algorithmen zur Grundfrequenzbestimmung von Sprachsignalen unter Verwendung des Ausgangssignals eines Laryngographen als Referenzgr&ouml;sse.
year : 1988
author 0 : Helge Indefrey

title : Komplexe Textauswertung von Leberbiopsie-Befunden auf Grossrechenanlagen: (retrospektive Unters. von Dokumenten d. Routine-Kommunikation).
year : 1985
author 0 : Johann Zimmermann

title : Stand und Entwicklung des Einsatzes der automatisierten Informationsverarbeitung f&uuml;r die Kostenrechnung im Konsumg&uuml;tergrosshandel der DDR und ihre Vervollkommnung durch den Einsatz von Standardsoftwareprogrammen.
year : 1988
author 0 : Mohammed Ghandour

title : Elektronische Datenverarbeitung in der allgemeinmedizinischen Praxis.
year : 1989
author 0 : Rainer Fleischer

title : Automatische &Uuml;bersetzung englischer Fachtexte ins Persische.
year : 1992
author 0 : Hooshang Mehrjerdian

title : Acquisition, Filtering and Analysis of Positional and Inertial Data in Sports.
year : 2017
author 0 : Thomas Kautz

title : The influence of lookahead in competitive on-line algorithms.
year : 1992
author 0 : Susanne Albers

title : A calculational approach to recursive programs with effects / von Albert Pardo.
year : 2001
author 0 : Alberto Pardo

title : Dezentralisierung der automatisierten Datenverarbeitung als Entscheidungsproblem: e. anwendungsorientiertes Konzept zur organisationsbezogenen Gestaltung von ADV-Systemen.
year : 1982
author 0 : Wolfgang F. Finke

title : Integration von Mikrorechnern in den Konstruktionsprozess.
year : 1989
author 0 : Dieter Schmidtke 0001

title : Lineare Faktorenanalyse und Latent-Structure-Analyse, Zusammenhang und Vergleich zweier multivariater Verfahren.
year : 1981
author 0 : Gertrud Moosm&uuml;ller

title : Systemforschung und Politische Theorie: zur Anwendbarkeit d. Systemforschung in d. modernen Polit. Theorie.
year : 1983
author 0 : Paulo Freire-Vieira

title : CogniCrypt - the secure integration of cryptographic software.
year : 2020
author 0 : Stefan Kr&uuml;ger

title : Interactive Physically Based Simulation - Efficient Higher-Order Elements, Multigrid Approaches and Massively Parallel Data Structures.
year : 2015
author 0 : Daniel Weber

title : Integrierte Modellierung von Kontroll- und Datenflu&szlig;.
year : 1998
author 0 : Thorsten Gr&ouml;tker

title : Energy Measurements of High Performance Computing Systems: From Instrumentation to Analysis.
year : 2020
author 0 : Thomas Ilsche

title : Evolutionsunterst&uuml;tzung in cyber-physischen Systemen.
year : 2019
author 0 : Christopher Haubeck

title : Zur Entwicklung eines syntaxorientierten Editors f&uuml;r die Programmiersprache C.
year : 1989
author 0 : Yvette H. Kozova-Razanantoanina

title : Data-driven analysis and modeling of packet processing systems.
year : 2021
author 0 : Sebastian Gallenm&uuml;ller

title : Ein Modell zur Trennung von Vererbung und Typabstraktion in objektorientierten Sprachen.
year : 1999
author 0 : Axel Schmolitzky

title : Constraint solving for verification.
year : 2011
author 0 : Ashutosh Kumar Gupta 0001

title : Basiskonzepte f&uuml;r das IV-Dictionary als Werkzeug zur Verwaltung der betrieblichen Metadaten.
year : 1991
author 0 : Stefan Eicker

title : Konzipierung und Einf&uuml;hrung von B&uuml;rosystemen in Non-Profit-Organisationen: dargest. am Beispiel e. Wirtschaftsspitzenverb.
year : 1988
author 0 : Susanne Berendes

title : Methode zur Beschreibung von Piezo-Inkjektsystemen mit der Netzwerktheorie: am Beispiel eines Labordruckers.
year : 2013
author 0 : Larisa Salun

title : Internet und Markenschutz: auf der Grundlage des schweizerischen Markenschutzgesetzes und unter Ber&uuml;cksichtigung der Uniform dispute resolution policy.
year : 2003
author 0 : Conradin Menn

title : Investigation on language modelling approaches for open vocabulary speech recognition.
year : 2016
author 0 : M. Ali Basha Shaik

title : Fuzzy-Geometrie und Anwendungen in der medizinischen Bildverarbeitung.
year : 1998
author 0 : Lutz K&ouml;hler

title : Ein Konzept zur flexiblen Unternehmensmodellierung und Software-Entwicklung.
year : 1997
author 0 : Leszek Bogdanowicz

title : Mehrdimensionale Wissensrepr&auml;sentation technischer Systeme und ihre Anwendung in intelligenten tutoriellen Systemen.
year : 1998
author 0 : Thomas Diessel

title : Querying a Web of Linked Data.
year : 2014
author 0 : Olaf Hartig

title : Entwicklung eines Systems zur Informationsverarbeitung in der Kernspintomographie.
year : 1989
author 0 : Manfred Jungke

title : Mehrobjekt-Zustandssch&auml;tzung mit verteilten Sensortr&auml;gern am Beispiel der Umfeldwahrnehmung im Stra&szlig;enverkehr.
year : 2013
author 0 : Marco Kruse

title : Verfahren der Zeitreihenanalyse und ihre Anwendung in der Psychologie.
year : 1984
author 0 : Frank Piontek

title : Modellversuche an Mehrschichtensystemen und ihre Anwendung auf die Bemessung von Strassenkonstruktionen.
year : 1972
author 0 : Herbert Gnad

title : Objektorientierte Systematisierung f&uuml;getechnischer Entwicklungen im Automobilbau.
year : 1995
author 0 : J&uuml;rgen Hedrich

title : Dreidimensionale Objektrekonstruktion mit digitalen Dreizeilenscannerdaten des Weltraumprojekts MOMS-02-D2.
year : 1997
author 0 : Wolfgang Kornus

title : Anwendung multipler Metriken bei der Entwicklung objektorientierter Frameworks.
year : 1996
author 0 : Karin Erni

title : Discovering Knowledge in Bipartite Graphs with Formal Concept Analysis.
year : 2019
author 0 : Tom Hanika

title : Methodenkonzeption zur Integrationsplanung von Anwendungssystemen.
year : 2012
author 0 : Falk Maiwald

title : SANGRIA - secure anonymous group infrastructure.
year : 2002
author 0 : Nathalie Weiler

title : Ein effizientes byzantinisches fehlertolerantes &Uuml;bereinstimmungsprotokoll f&uuml;r verteilte drahtlose Echtzeitsysteme.
year : 2017
author 0 : Omar Bousbiba

title : Planung und Durchf&uuml;hrung der Materialbearbeitung mit Laserstrahlung aus steuerungstechnischer Sicht.
year : 1996
author 0 : Holger Nitsch

title : Nonparametric adaptive estimation for discretely observed L&eacute;vy processes.
year : 2012
author 0 : Julia Johanna Kappus

title : Untersuchungen zur systematischen Ordnung und Verschl&uuml;sselung nuclearmedizinischer Befundungsergebnisse.
year : 1984
author 0 : Ralf W. Brehmer

title : Evaluation und Weiterentwicklung von Zertifizierungsverfahren f&uuml;r biometrische Systeme: eine exemplarische Betrachtung von Zertifizierungsverfahren mit dem Schwerpunkt IT-Sicherheit.
year : 2012
author 0 : Matthias Dorfner

title : Automatische Erkennung von gest&ouml;rten Sprachsignalen.
year : 2000
author 0 : Volker Schle&szlig;

title : Entwurf und Einsatz eine objektorientierten Modells f&uuml;r multimediale Objekte in Managementinformationssystemen des Bauwesen.
year : 1999
author 0 : Frank Eiffert

title : Stochastische Analyse rekursiver Algorithmen mit idealen Metriken.
year : 1995
author 0 : Michael Cramer

title : Automatic General Audio Signal Classification.
year : 2018
author 0 : Kun Qian 0003

title : Informationsextraktion aus Wirtschaftsnachrichten &uuml;ber Unternehmenszusammenschl&uuml;sse mit lokalen Grammatiken.
year : 2018
author 0 : Sophia Stotz

title : Komponentenorientiertes Cloud Computing.
year : 2016
author 0 : Steffen Weiss 0003

title : Objektzentrierte Visualisierung mehrdimensionaler Daten als Erweiterung konventioneller Datenbankmodelle, 2., unver&auml;nderte Auflage.
year : 2019
author 0 : Leo Pfefferer

title : Das wissensbasierte CAD-System ICX zur Entwicklung von Kunststoff-Metall-Klebverbindungen.
year : 1991
author 0 : Reiner Chemnitius

title : Bordautonomer automatischer Landeanflug aufgrund bildhafter und inertialer Messdatenauswertung.
year : 1991
author 0 : Franz-Reiner Schell

title : Parallele 3D-Bildgenerierung.
year : 1996
author 0 : Knut Menzel

title : Erstellen von Lautelementebibliotheken unter Verwendung von Phonemclustern auf der Grundlage des LPC-Sprachsyntheseverfahrens.
year : 1995
author 0 : Shahla Sehhati

title : Hierarchische Schaltungsmodellierung f&uuml;r Test und Simulation.
year : 1990
author 0 : Werner Gross-Alt

title : Enabling Energy-Efficient Wireless Sensing with Improved Service Quality.
year : 2016
author 0 : Mohamed Abdelaal 0001

title : Unterst&uuml;tzung der Projektbewertung mit externen Datenbanken bei Klein- und Mittelunternehmen.
year : 1996
author 0 : Barbara Schwendener

title : Ein Beitrag zur arbeitsablaufgerechten DV-Unterst&uuml;tzung des Entwerfens von Bauwerken.
year : 1985
author 0 : Friedrich Steiger

title : Ein schnelles Digitalverfahren zur "on-line"-Frequenzanalyse von Reaktor-Rauschsignalen.
year : 1972
author 0 : Heinz A. Hoermann

title : Steuerung eines Glaspressenautomaten mit unscharfen Methoden.
year : 1993
author 0 : Peter Sonntag

title : Strukturierung mikrorechnergesteuerter Messger&auml;te zur Logikanalyse in komplexen digitalen Schaltungen.
year : 1988
author 0 : Karl-Heinz Meusel

title : Ein Beitrag zur Deadlockanalyse auf der Grundlage einer sprachlich gef&uuml;hrten Programmiermethodik.
year : 1980
author 0 : Monika Heiner

title : Social-Based Data Routing Strategies in Delay Tolerant Networks.
year : 2014
author 0 : Konglin Zhu

title : Servicemanagement in der hybriden serviceorientierten-ressourcenorientierten Architektur: Theorie und Untersuchung der Anwendungsinfrastruktur des Betriebsinformationssystems in einer verteilten Umgebung.
year : 2014
author 0 : Cheng Zhu

title : Netzpolitik: Genese eines Politikfeldes.
year : 2018
author 0 : Abel Reiberg

title : Untersuchungen zur Modellbildung von Windkraftanlagen mit hydrostatischem Triebstrang und deren Regelung auf der Basis der Fuzzy-Logik.
year : 1996
author 0 : Knud Rehfeldt

title : Aufbau einer medizinischen Faktenbank f&uuml;r Ausk&uuml;nfte einschliesslich Diagnostikunterst&uuml;tzung, Teil: Leber, Krankengeschichten.
year : 1983
author 0 : Gabriele Blum

title : Hierarchische Datenstrukturen.
year : 1988
author 0 : Klaus Benecke

title : Verfahren zur Steuerung der Kennfeldoptimierung an Verbrennungsmotoren durch wissensbasierte Systeme.
year : 1996
author 0 : Udo Oligschl&auml;ger

title : Eine Strategie zur Identifikation und Stabilisierung des statischen &Uuml;bertragungsverhaltens von Prozessanalysatoren.
year : 1987
author 0 : Gisbert Uhlenhaut

title : Konsumenteneinstellungen im Social Web: neuartige Ans&auml;tze im internetbezogenen Kontext.
year : 2012
author 0 : Daniel Wagenf&uuml;hrer

title : Schutz der Privatsph&auml;re in Ad-hoc-Fahrzeugnetzen.
year : 2013
author 0 : Florian Scheuer

title : Dynamic social network analysis and recommender technologies in scientific communities: the case of computer science.
year : 2013
author 0 : Manh Cuong Pham

title : Entwicklung und Evaluation einer grafischen LISP-Umgebung f&uuml;r Einsteiger (GLUE).
year : 1992
author 0 : Gerd Waloszek

title : Optimierung der Ablaufplanung einer Fliessfertigung mit parallelen genetischen Algorithmen.
year : 1992
author 0 : Christian Bierwirth

title : Die Entwicklung einer modularen Gesamtarchitektur f&uuml;r die Softwarekomponenten von Planspielen.
year : 1991
author 0 : Stephan Karczewski

title : Neue Verfahren zur Untersuchung simultaner Ereignisse bei der diskreten, ereignisgesteuerten Simulation.
year : 2002
author 0 : Andr&eacute; Wenzel 0001

title : Stability and stabilization of large-scale digital networks.
year : 2014
author 0 : Rudolf Sailer

title : Eine prominenzbasierte Methode zur Prosodieanalyse und -synthese.
year : 1999
author 0 : Barbara Heuft

title : Indexing and knowledge discovery of gaussian mixture models and multiple-instance learning.
year : 2018
author 0 : Linfei Zhou

title : Rekonstruktion generischer Geb&auml;udemodelle aus Punktwolken und deren Abbildungskorrekturen in Orthobildern.
year : 1996
author 0 : Hanbin Dan

title : V&ouml;lkerrechtliche Aspekte der modernen Informations- und Kommunikationstechnologien: ein Versuch zur Untersuchung der v&ouml;lkerrechtlichen Prinzipien der souver&auml;nen Gleichheit der Staaten und des Interventionsverbots in die inneren Angelegenheiten anderer Staaten an Hand der neuesten Entwicklungstendenzen der Informations- und Kommunikationstechnologien.
year : 1992
author 0 : Saoud Ahmed Zeyab

title : Ein Beitrag zur Gestaltung und zur Vervollkommnung von Einrichtungen f&uuml;r die Prozessdatenverarbeitung mittels Mikrorechnern im CAMAC-Standard.
year : 1982
author 0 : Ludwig Rettelbusch

title : Chancen der mittelst&auml;ndischen Wirtschaft durch Anwendung moderner Technologien, dargestellt am Beispiel der Integration eines CAD-Systemes in die Material- und Zeitwirtschaft der auftragsorientierten Serienfertigung im Maschinen- und Anlagenbau.
year : 1990
author 0 : J&ouml;rg Schade

title : Emotions in literature: computational modelling in the context of genres and characters.
year : 2020
author 0 : Evgeny Kim

title : Energy-aware adaptive routing solutions in IP-over-WDM networks.
year : 2014
author 0 : Filip Idzikowski

title : Game-theoretic learning and distributed optimization in memoryless multi-agent systems.
year : 2017
author 0 : Tatiana Tatarenko

title : Computergrafik bei alphanumerischen Bildschirmarbeitspl&auml;tzen auf der Basis der GKS-Norm.
year : 1986
author 0 : Volker Sieber

title : Ein Arbeitsplatz zum rechnerunterst&uuml;tzten handschriftlichen Rechnen mit mathematischen Formeln.
year : 1990
author 0 : Reiner Marzinkewitsch

title : Question answering over knowledge bases with continuous learning.
year : 2019
author 0 : Abdalghani Abujabal

title : Der Computersystemvertrag: Rechtsnatur und Vertragsgestaltung einer komplexen Leistungsbeziehung.
year : 1995
author 0 : Joachim Schmid 0006

title : Rechnerintegrierte Produktion in Brauereien: Systemanalyse f&uuml;r den Aufbau eines produktionsspezifischen Auswertesystems auf der Basis von Datenbanktechnologie.
year : 1996
author 0 : Bernd Michael Spitz

title : Joint use and mutual control of terrestrial laser scans and digital images for accurate 3D measurements.
year : 2016
author 0 : Shahzad Sayyad

title : Entwurf, Methoden und Werkzeuge f&uuml;r komplexe Bildverarbeitungssysteme auf Rekonfigurierbaren System-on-Chip-Architekturen.
year : 2012
author 0 : Felix M&uuml;hlbauer

title : Model checking abstract state machines.
year : 2001
author 0 : Kirsten Winter

title : Nanocrystals for nanodot memories: ion beam synthesis and electrical studies.
year : 2012
author 0 : Volkhard Beyer

title : Modellierung, Identifikation und Simulation der Dynamik von Industrierobotern.
year : 1993
author 0 : Josef H&ouml;lzl

title : Zug&auml;nglichkeit virtueller Klassenzimmer f&uuml;r Blinde.
year : 2016
author 0 : Wiebke K&ouml;hlmann

title : Abbildungsqualit&auml;t von wissensbasierten Systemen: eine Methodologie zur Evaluierung.
year : 1994
author 0 : Susanne Kirchhoff-Kestel

title : Auszahlungsaufteilungsverhalten in Apex-Spielen und Versteigerung der Spielerrollen: e. spieltheoret. u. experimentelle Analyse.
year : 1983
author 0 : Bernd Schwarze

title : Pr&auml;ventive staatliche Kontrollma&szlig;nahmen im Internet und ihre Vereinbarkeit mit dem Europarecht.
year : 2003
author 0 : Aiko Schilling

title : Interactive rendering techniques for focus+context visualization of 3D geovirtual environment.
year : 2013
author 0 : Matthias Trapp 0001

title : Methodische Beitr&auml;ge zur Analyse und Gestaltung von Anwendungen der automatisierten Informationsverarbeitung (AIV) am Beispiel der Leitung von Hochschuleinrichtungen/Sektionen.
year : 1989
author 0 : Utz-Volker Jackisch

title : Simulation paralleler Roboterprozesse: ein System zur rechnergest&uuml;tzten Programmierung komplexer Roboterstationen.
year : 1990
author 0 : Bernhard Hornung

title : Distributed model predictive control with event-based communication.
year : 2015
author 0 : Dominic Gro&szlig;

title : Die Entwicklung eines Informations- und Kommunikationssystems f&uuml;r das Beschaffungsmarketing in Industriebetrieben.
year : 1991
author 0 : Jochem Piontek

title : Computable functional analysis: compact operators on computable banach spaces and computable best approximation.
year : 2012
author 0 : Ruth Dillhage

title : Kompetenzentwicklung in der Montage mit Hilfe virtueller Technologien.
year : 2021
author 0 : Henrik Schr&ouml;der

title : Mobility-awareness in complex event processing systems.
year : 2016
author 0 : Beate Ottenw&auml;lder

title : Neuronale Netze in der Industrie: Einf&uuml;hrung - Analyse - Einsatzm&ouml;glichkeiten.
year : 1997
author 0 : J&uuml;rgen Heuer

title : Ein Meta-Modell f&uuml;r die Definition der Semantik von komplexen Ereignissen in aktiven Datenbankmanagementsystemen.
year : 1998
author 0 : Detlef Zimmer

title : Methods for Effective Color Encoding and the Compensation of Contrast Effects.
year : 2015
author 0 : Sebastian Mittelst&auml;dt

title : Programmierung und Programmiersprachen: Wissenschafts- und Technikentwicklung als kultureller Proze&szlig;.
year : 1999
author 0 : Heike Stach

title : M&ouml;glichkeiten und Grenzen einer Analogiebetrachtung zwischen Eingr&ouml;ssen- und speziellen Mehrgr&ouml;ssensystemen zur L&ouml;sung des Polvorgabeproblems.
year : 1995
author 0 : Peter Salewsky

title : Die Bedeutung von Einstellung und Motivation f&uuml;r den Einsatz von E-Learning durch Lehrende an p&auml;dagogischen Hochschulen.
year : 2013
author 0 : Petra Traxler

title : Funktionsapproximation mit dekomponierten Neuro-Fuzzy-Systemen.
year : 2000
author 0 : Olaf Huwendiek

title : Beitr&auml;ge zur Tschebyscheff-Approximation zum Systementwurf.
year : 1989
author 0 : Friedrich Heinrichmeyer

title : Pairwise Classification and Pairwise Support Vector Machines.
year : 2011
author 0 : Carl Brunner

title : Konzeption und Implementation einer objektorientierten Experimentierumgebung f&uuml;r die Bildfolgenauswertung in Ada.
year : 1987
author 0 : Helmut Faasch

title : Efficient location-based logic diagnosis of digital circuits.
year : 2012
author 0 : Stefan Holst

title : Entwicklung einer digitalen Datenerfassungsanlage f&uuml;r oberfl&auml;chennahe seismische Registrierungen und ihre Anwendung im Feldbetrieb.
year : 1987
author 0 : Harald St&uuml;mpel

title : Distributed querying of large labeled graphs.
year : 2017
author 0 : Sairam Gurajada

title : Ein Beitrag zur Diagnose verbindungsprogrammierter digitaler Steuersysteme auf der Grundlage spezifizierter Funktionsbeschreibungen.
year : 1984
author 0 : Gerd Metzler

title : Modellgetriebene Entwicklung sicherer Smart Card-Anwendungen.
year : 2013
author 0 : Nina Moebius

title : A value-centered software engineering approach for unique and novel software-based solutions: aligning design thinking with a coopetition-based evolutionary software development.
year : 2021
author 0 : Bj&ouml;rn Senft

title : Fehlererkennung mit &Uuml;berwachungsrechnern in Multiprozessorsystemen.
year : 1992
author 0 : Edgar Michel

title : Effizienzuntersuchung reversibler Datenkompressionsalgorithmen an Computertomographie-Bildern.
year : 1995
author 0 : Holger Bourquain

title : Network-Design Problems in Graphs and on the Plane.
year : 2018
author 0 : Krzysztof Fleszar 0001

title : Bewegungssteuerung in nat&uuml;rlichen Systemen.
year : 1994
author 0 : Hubert Prei&szlig;l

title : Security-Pattern Recognition and Validation.
year : 2019
author 0 : Michaela Bunke

title : Global task data dependencies in the partitioned global address space.
year : 2021
author 0 : Joseph Schuchart

title : Simulation in Produktion und Materialfluss: entscheidungsorientierte Simulationsumgebung.
year : 1990
author 0 : Bernd Noche

title : Entwurfs- und Applikationssoftware f&uuml;r die Prozessautomatisierung von industriellen Elektroenergiesystemen.
year : 1984
author 0 : Rainer Spr&ouml;witz

title : Ein Beitrag zum Entwurf, zur Implementation und Pr&auml;sentation der Funktionalit&auml;t von Kommunikationsprotokollen am Beispiel des ISDN-D-Kanal-Protokolls.
year : 1991
author 0 : Anke Schmietainski

title : Rechnergest&uuml;tzte Echtzeit-Verarbeitung und Interpretation antenataler Kardiotokogramme.
year : 1990
author 0 : G&uuml;nter Heeke

title : Geometrische Analyse und iterative Synthese von Bildern.
year : 1995
author 0 : Erhardt Barth

title : &Uuml;BIT - Prozessbeschreibungen und Templates.
year : 2016
author 0 : Erich Heum&uuml;ller

title : Rechnergest&uuml;tzte Verfahren zur Auslegung der Mechanik von Industrierobotern.
year : 1989
author 0 : Martin-Christoph Wanner

title : Modellierung des Werkzeugwesens f&uuml;r ein integriertes Datenbanksystem.
year : 1990
author 0 : Wilhelm Petersen

title : &Uuml;ber echte Teilklassen von indizierten Sprachen und ihre Einbettung in die Chomsky-Hierarchie.
year : 1993
author 0 : Claudia H&uuml;mpel-Sch&ouml;kel

title : Analytische Modellierung von Rechnersystemen mit Hilfe geschlossener Bedienungsnetze.
year : 1985
author 0 : Klaus Irmscher

title : Optimierung der Robustheit und Effizienz der Daten&uuml;bertragung in terrestrischen Broadcast-Netzen.
year : 2016
author 0 : Jan Z&ouml;llner 0001

title : Ein Beitrag zur Zuverl&auml;ssigkeit von EEPROM-Zellen f&uuml;r den erweiterten Betriebstemperaturbereich.
year : 2001
author 0 : Jan-Werner Zahlmann-Nowitzki

title : Tr&auml;gheitslose und echtzeitf&auml;hige adaptive r&auml;umliche Filterung.
year : 1993
author 0 : Markus E. Ali

title : Flexible Fertigungssysteme: Simulation d. Prozesse als Hilfsmittel zur Planung u. zum Test von Steuerprogrammen.
year : 1985
author 0 : Siegmund Chmielnicki

title : Hesitations in Spoken Dialogue Systems.
year : 2020
author 0 : Simon Betz

title : Experiments on speculative evaluation in a functional programming language.
year : 1999
author 0 : Raimund Schr&ouml;der

title : The k-center problem and r-independent sets: a study in probabilistic analysis.
year : 1999
author 0 : Till Nierhoff

title : Infrastruktur f&uuml;r ein Data Mining Design Framework: eine Untersuchung mit Fallbeispielen.
year : 2018
author 0 : Kai Jannaschk

title : Expertensystem Gurke: D&uuml;ngeplanung und Diagnose von Ern&auml;hrungsst&ouml;rungen.
year : 1990
author 0 : Annerose G&ouml;hler

title : Soziale Alternativen in Zahlungsnetzen.
year : 1997
author 0 : Arnd Weber

title : Untersuchung spezieller Polyeder zur L&ouml;sung nichtlinearer diskreter Optimierungsprobleme.
year : 1982
author 0 : Heinz Dathe

title : Methodik zur Konstruktion und Optimierung von Flie&szlig;bandstrukturen.
year : 1999
author 0 : Stefan Thome

title : Analyzing given names: exploring potentials for a personalized name discovery on Nameling.net.
year : 2020
author 0 : J&uuml;rgen M&uuml;ller

title : Grundlagen, Konzeption und L&ouml;sungen f&uuml;r ein computergest&uuml;tztes Informations- und Beratungssystem des Pflanzenschutzes f&uuml;r landwirtschaftliche Betriebe.
year : 1989
author 0 : Gerd Lutze

title : Konzept zur Unterst&uuml;tzung der dezentralen Wiederverwendung in komponentenbasierten Systemen der operativen Leittechnik.
year : 2019
author 0 : Constantin Wagner

title : Modellgetriebene Entwicklung adaptiver, komponentenbasierter Mashup-Anwendungen.
year : 2012
author 0 : Stefan Pietschmann

title : De-Gendering informatischer Artefakte: Grundlagen einer kritisch-feministischen Technikgestaltung.
year : 2009
author 0 : Corinna Bath

title : Regelkonzept zur Planlageoptimierung beim Kaltwalzen von Band.
year : 1983
author 0 : J&uuml;rgen Ihlefeldt

title : Ein Beitrag zur Analyse der Interprozesskommunikation bei Multiprocessing in Mehrmikroprozessorsystemen.
year : 1985
author 0 : Plamen Trifonov

title : Beitrag zum rechnergest&uuml;tzten topologischen Entwurf von Hybridschaltkreisen.
year : 1985
author 0 : Horst Hager

title : Analysis of discrete time deterministic and stochastic Petri nets.
year : 1997
author 0 : Robert Zijal

title : Freiheitsgradregularisierte L&ouml;sungsbeschreibungen in der wissenschaftlichen Bildanalyse am Beispiel der Restauration astronomischer Himmels&uuml;berwachungsaufnahmen.
year : 2012
author 0 : Rico Nestler

title : Mengenbasierte Black-Box-Identifikation linearer Systeme.
year : 2017
author 0 : Stefan Zaiser

title : Reasoning about software security via synthesized behavioral substitutes.
year : 2020
author 0 : Tim Blazytko

title : Information flow analysis for mobile code in dynamic security environments.
year : 2012
author 0 : Robert Grabowski

title : Effiziente Erstellung und Auswertung von Rechnermodellen zur detaillierten Zuverl&auml;ssigkeitsanalyse.
year : 1998
author 0 : Volkmar Sieh

title : Algebraic and Logic Solving Methods for Cryptanalysis.
year : 2020
author 0 : Jan Hor&aacute;cek

title : Ungewissheit und Planungsmethodik: Probleme d. Anwendung d. Theorie d. Gewinnvorbehalts.
year : 1984
author 0 : Helmut Galts

title : D-Bees: a novel global algorithm for solving word sense disambiguation.
year : 2016
author 0 : Sallam Abualhaija

title : Rechnergest&uuml;tzte Teamarbeit auf der Basis von Koordinationsprotokollen.
year : 1999
author 0 : Oliver Frick

title : Werkzeug Objekt: Kybernetik und Objektorientierung.
year : 2001
author 0 : Wolfgang Runge

title : Distributed log analysis for scenario-based detection of multi-step attacks and generation of near-optimal defense recommendations.
year : 2017
author 0 : Kerem Kaynar

title : LifeXplorer improves image acquisition and analysis in systems biology.
year : 2013
author 0 : Jonas Mo&szlig;ler

title : Clock refinement in imperative synchronous languages.
year : 2013
author 0 : Mike Gem&uuml;nde

title : Optische Inspektion mit Fl&uuml;ssigkristall-Lichtmodulatoren.
year : 1999
author 0 : Martin Sch&ouml;nleber

title : In-field structural methods for end-to-end automotive digital diagnosis.
year : 2014
author 0 : Alejandro Cook

title : Adaptives Monitoring f&uuml;r Mehrkernprozessoren in eingebetteten sicherheitskritischen Systemen.
year : 2018
author 0 : Falco K. Bapp

title : Fachgebietsorientierte Unterst&uuml;tzung der Nutzung verallgemeinerter Programmbanken.
year : 1982
author 0 : Barbara L&ouml;tzsch

title : Facilitating ontology reuse using user-based ontology evaluation.
year : 2010
author 0 : Holger Lewen

title : Steuerplanung im Unternehmen mit einem computergest&uuml;tzten Modell.
year : 1984
author 0 : Peter Storz

title : The Vehicle as Mobile Sensor in a Collaborative Network.
year : 2015
author 0 : Clemens Dannheim

title : Entwicklung eines Simulationsprogramms zur Beschreibung dynamischer Prozesse in NMR-Experimenten.
year : 2016
author 0 : Franzeska Moegle-Hofacker

title : Ein Kontrollmodell f&uuml;r die Strukturierte Analyse.
year : 1995
author 0 : Michael von der Beeck

title : Creation, Enrichment and Application of Knowledge Graphs.
year : 2021
author 0 : Simon Gottschalk 0001

title : Umsetzung von Lean Management anhand des Expertensystems Leanex mittels Case Studies der BMW Financial Services Division.
year : 1997
author 0 : Johannes E. M&auml;rsch

title : Komplexit&auml;tsbetrachtungen f&uuml;r reelle Maschinenmodelle.
year : 1993
author 0 : Klaus Meer

title : Dynamische Reifensimulation mit geometrisch exakten Schalen: Von der Schale zum Reifen.
year : 2016
author 0 : Michael Roller

title : Un&uuml;berwachtes Lernen mit informationstheoretischen Kriterien in konnektionistischen Modellen.
year : 1995
author 0 : Lucas C. Parra

title : Transaktionen in f&ouml;derativ verteilten Datenbanken.
year : 1990
author 0 : Wolfgang Johannsen

title : Integrated Hardware &amp; Software Platform with Automated FIR Filter Coefficient Adaptation for Advanced Control of Modern Hand Prostheses.
year : 2019
author 0 : Peter Hegen

title : Mathematische Modelle der Informationsverarbeitung in Nervenzellen: ein Beitrag zur Aufkl&auml;rung neuronaler Struktur-Funktions-Beziehungen.
year : 1990
author 0 : Andreas Schierwagen

title : Kombination verschiedener Merkmale zur biometrischen Personenerkennung.
year : 1999
author 0 : Ulrich Dieckmann

title : Ausbau einer HLL-Maschine zu einem interaktiven Time-Sharing-System.
year : 1982
author 0 : Oswald Frick

title : Pitch of Voiced Speech in the Short-Time Fourier Transform: Algorithms, Ground Truths, and Evaluation Methods.
year : 2021
author 0 : Bastian Bechtold

title : Verfahren zur numerischen Umsetzung von Schutzalgorithmen in der Entwurfsetappe des digitalen Schutzes.
year : 1992
author 0 : Uwe Lohmann

title : Bewertung des Regelverhaltens bei deterministisch-stochastischen Prozessst&ouml;rungen durch ein modellbasiertes Benchmark-Verfahren.
year : 2019
author 0 : Stanislav Kardash

title : Abstractions for performance programming on multi-core architectures with hierarchical memory.
year : 2016
author 0 : Christian Terboven

title : Neural synchronization and light-weight cryptography in embedded systems.
year : 2012
author 0 : Oscar Mauricio Reyes Torres

title : Ein Expertensystem zur betriebswirtschaftlichen Anwendung der Komplexmethode.
year : 1989
author 0 : Wolfgang Eberle

title : Computer-aided validation of formal conceptual models.
year : 2001
author 0 : Antonio-Jos&eacute; Grau-V&aacute;zquez

title : Softwareentwicklung als Expedition: Entwicklung eines Leitbildes und einer Vorgehensweise f&uuml;r die professionelle Softwareentwicklung.
year : 2001
author 0 : Julian Mack

title : Ableitung personaler Wissensdom&auml;nen aus Navigationspfaden in einer Online-Enzyklop&auml;die: Implementierung eines Prototyps "Simpedia".
year : 2012
author 0 : Marcel Minke

title : Modell- und sensorbasierte Bahnplanung f&uuml;r Manipulatoren.
year : 1997
author 0 : Eleni Ralli

title : The reverse mode of automatic differentiation applied to the MATLAB language - advanced methods for adjoint code generation.
year : 2021
author 0 : Johannes Willkomm

title : How Many are many? Exploring Context-Dependence of few and many with Probabilistic Computational Models.
year : 2017
author 0 : Anthea Sch&ouml;ller

title : Dynamic texture synthesis based on motion flow statistics for video coding.
year : 2019
author 0 : Olena Chubach

title : Wissensbasierte Unterst&uuml;tzung recyclingorientierter Produktgestaltung.
year : 1996
author 0 : Michael Suhr

title : Advanced Denoising and Memoryless Acceleration for Realistic Image Synthesis.
year : 2015
author 0 : Pablo Bauszat

title : Model-Based Conformance Testing of Software Product Lines.
year : 2013
author 0 : Malte Lochau

title : Computerprogramme zur Unterst&uuml;tzung qualitativer Textanalyse: ein Beitrag vor dem Hintergrund der aktuellen Praxis und Technik.
year : 1999
author 0 : Hans Dotzler

title : Polyrepr&auml;sentation, Relevanz-Approximation und aktives Lernen im Vektorraummodell des Information-Retrievals.
year : 2001
author 0 : G&uuml;nter Bachelier

title : Methodologische Voraussetzungen f&uuml;r die qualitative Computeranalyse eines Teilbereichs freier Sch&uuml;ler-Antwort-S&auml;tze und eine erste praktische Erprobung dieser M&ouml;glichkeit.
year : 1988
author 0 : Gabriele Liebau

title : Hardware-Assisted Dependable Systems.
year : 2018
author 0 : Dmitrii Kuvaiskii

title : Simulation of neural networks on parallel computers.
year : 1993
author 0 : Urs A. M&uuml;ller

title : Diskriminative Modellkombination in Spracherkennungssystemen mit gro&szlig;em Wortschatz.
year : 2000
author 0 : Peter Beyerlein

title : Entwicklung eines adaptiven Extraktions- und Klassifikations-Systems zur Erkennung von Bildern (Gesichtern).
year : 1984
author 0 : Rainer Buhr

title : Qualit&auml;tsbeurteilung innovativer Softwaresysteme: Auswirkungen des Neuheitsgrades.
year : 1999
author 0 : Gundolf Baier

title : Drug repositioning with incomplete bi-cliques and structural bioinformatics.
year : 2014
author 0 : Simone Daminelli

title : Next generation design for testability, debug and reliability using formal techniques.
year : 2020
author 0 : Sebastian Huhn 0001

title : The simple, little and slow things count: on parameterized counting complexity.
year : 2015
author 0 : Radu Curticapean

title : Strategisches Management der Unternehmensressource Wissen: inhaltliche Ansatzpunkte und &Uuml;berlegungen zu einem konzeptionellen Gestaltungsrahmen.
year : 1993
author 0 : Frank Albrecht

title : Socially enhanced search and exploration in social tagging networks.
year : 2012
author 0 : Tom Crecelius

title : Werbung f&uuml;r den PC: vergleichende Analyse der Anzeigen- und H&ouml;rfunkwerbung f&uuml;r das technische Produkt Personalcomputer.
year : 1992
author 0 : Matthias Fock

title : Partitioned convolution algorithms for real-time auralization.
year : 2015
author 0 : Frank Wefers

title : Beitrag zur Methodik der Modellierung und Simulation in der Systemverarbeitungstechnik, dargestellt am Beispiel von verarbeitungstechnischen Systemen mit st&uuml;ckgutf&ouml;rmigen Verarbeitungsg&uuml;tern.
year : 1986
author 0 : Matthias Messner

title : ILPART - ein Programmsystem zur Chipaufteilung und I2L-Quasifeinlayouterstellung f&uuml;r Schaltungen im MSI/LSI-Bereich.
year : 1982
author 0 : Volker Jackisch

title : Performance- und energieeffiziente Compilierung f&uuml;r digitale SIMD-Signalprozessoren mittels genetischer Algorithmen.
year : 2003
author 0 : Markus Lorenz

title : Ein effektiver wegorientierter Algorithmus zur L&ouml;sung des kombinierten Verkehrsverteilungs- und Umlegungsproblems.
year : 1992
author 0 : Helmut Schittenhelm

title : Geographic feature mining: framework and fundamental tasks for geographic knowledge discovery from user-generated data.
year : 2015
author 0 : Christian Sengstock

title : Anwendung von Naturmodellen f&uuml;r die automatische Plazierung bei Gate-Arrays.
year : 1991
author 0 : Tilo Steinmeier

title : FieldPlacer - A flexible, fast and unconstrained force-directed placement method for heterogeneous reconfigurable logic architectures.
year : 2017
author 0 : Dustin Feld

title : New Results on Context-Free Tree Languages.
year : 2018
author 0 : Johannes Osterholzer

title : Eine Werkbank zur interaktiven Erstellung semantikbasierter Computerlexika.
year : 1998
author 0 : Marion Schulz

title : Schwache Signale und k&uuml;nstliche Intelligenz im strategischen Issue Management.
year : 1991
author 0 : Franz Liebl

title : Entwurf und Entwicklung eines dezentralen Prozessmesssystems mit Einchipmikrorechnern.
year : 1988
author 0 : Sigmar Kapitola

title : Expertensystem zur Beurteilung von Anzeigenwerbung.
year : 1990
author 0 : Franz-Rudolf Esch

title : Code-based identification and signature schemes.
year : 2013
author 0 : Sidi Mohamed El Yousfi Alaoui

title : Adaptives Caching in verteilten Informationssystemen.
year : 1998
author 0 : Markus Sinnwell

title : Performance parameters and workload models.
year : 1996
author 0 : Ludger Frese

title : Graph Spectral Image Processing over Adaptive Triangulations.
year : 2021
author 0 : Niklas Wagner

title : Die L&ouml;sung: das SCEPTRON - oder die vielen Gesichter der Datentechnik im privaten Alltag: eine Literaturstudie in zwei B&auml;nden.
year : 1989
author 0 : Ulrich Thomas Lange

title : Automatische Digitalisierung von Deckfolien der Deutschen Grundkarte 1:5000-Bodenkarte.
year : 1989
author 0 : Jun Yang 0020

title : Expressive personalized 3D face models from 3D face scans.
year : 2020
author 0 : Stella Gra&szlig;hof

title : Struktur, Realisierung und Betriebssoftware eines leistungsf&auml;higen und ausfallsicheren Steuerkomplexes mit speichergekoppelten K1520-Mikrorechnern f&uuml;r die Anwendung in der Vermittlungstechnik.
year : 1982
author 0 : Berndt G&ouml;tze

title : Beitrag zur Gestaltung des &Uuml;bertragungssystems funktionserweiterter DNC-Systeme f&uuml;r den gemischten Betrieb von verdrahtungsprogrammierten und speicherprogrammierten numerischen Steuerungen.
year : 1984
author 0 : Joachim Rudolph

title : Statistische Analyse der Patienten- und Leistungsstruktur verschiedener prothetischer Teildisziplinen mit Hilfe eines Mikrocomputers.
year : 1986
author 0 : Uwe L&uuml;ckgen

title : Zur Spezifikation von Objektgesellschaften mit TROLL light.
year : 1995
author 0 : Rudolf Herzig

title : Problem-based privacy analysis (ProPAn) - a computer-aided privacy requirements engineering method.
year : 2018
author 0 : Rene Meis

title : Kommunikation in hierarchischen Speichersystemen.
year : 2000
author 0 : Yun Ding

title : State-based timing analysis for distributed systems.
year : 2017
author 0 : Tayfun Gezgin

title : Einsatz von Bildverarbeitungsmethoden zur optischen Deformationsmessung.
year : 1997
author 0 : Martina Domeyer

title : Traffic characterization, modelling and performance analysis of ATM networks.
year : 1998
author 0 : Jung-Shian Li

title : Cuneiform.
year : 2021
author 0 : J&ouml;rgen Brandt

title : Semi-Automated Detection of Fragmented Rectangular Structures in High Resolution Remote Sensing Images with Application in Archaeology.
year : 2016
author 0 : Igor Zingman

title : Dokumenten- und Prozessmodelle f&uuml;r die Software-Verwaltung.
year : 1995
author 0 : J&uuml;rgen Schwille

title : Geometrie und Topologie von Trajektorienoptimierung f&uuml;r vollautomatisches Fahren.
year : 2018
author 0 : Miriam Ruf

title : High-Performance Coupling of Dynamically Adaptive Grids and Hyperbolic Equation Systems.
year : 2017
author 0 : Kristof Unterweger

title : Ein formales Metamodell f&uuml;r den aufgabenbasierten Entwurf interaktiver Systeme.
year : 2001
author 0 : Anke Dittmar

title : Non-Binary Codes with Applications to Satellite and Space Communications.
year : 2015
author 0 : Giuliano Garrammone

title : Modellierung und Codierung des Fehlersignals der bewegungskompensierten Interframe - Pr&auml;diktion von Bewegtbildfolgen.
year : 1995
author 0 : Harald Schiller

title : Analyse mit fraktalen Dimensionen und Parallelisierung von Kohonen's selbstorganisierender Karte.
year : 1995
author 0 : Heike Speckmann

title : Secret key extraction from observations of an almost reciprocal radio channel.
year : 2019
author 0 : Ren&eacute; Guillaume

title : Leistungs- und belastungsmodifizierende Faktoren f&uuml;r die Bearbeitung einer Suchaufgabe am Bildschirmarbeitsplatz: eine Studie zur Softwareergonomie.
year : 1999
author 0 : Edgar Voigt

title : Programming constraint services.
year : 2000
author 0 : Christian Schulte 0001

title : Synthesis of transducers from relations on finite words and trees.
year : 2018
author 0 : Sarah Winter

title : Optimierte Softwarekomponentenverteilung in bestehenden vernetzten eingebetteten Systemen.
year : 2019
author 0 : Hannes Klee

title : Echtzeitsimulation schneller transienter Vorg&auml;nge mit Hilfe von Parallelrechnern.
year : 1994
author 0 : Olaf Ruhle

title : Real-time depth imaging.
year : 2012
author 0 : Uwe Hahne

title : Zur Bewertung von TUL-Prozessen.
year : 1981
author 0 : Horst Illhardt

title : Beitrag zur Gestaltung und Implementierung wissensbasierter Systeme am Beispiel einer CAD-L&ouml;sung im Bereich technologischer Fertigungsvorbereitungsfunktionen.
year : 1988
author 0 : Peter Lorenz

title : Durchschnittskomplexit&auml;t und Generierung von Testinstanzen.
year : 1998
author 0 : Christoph Karg

title : Zur Entwicklung eines GPS-Programmsystems f&uuml;r Lehre und Tests unter besonderer Ber&uuml;cksichtigung der Ambiguity-function-Methode.
year : 1999
author 0 : Benedikt Zebhauser

title : Organisations- und Qualifizierungskonzepte bei CAD-CAM-Einf&uuml;hrung: Voraussetzungen erfolgreicher Anwendung flexibler Automatisierungssysteme.
year : 1987
author 0 : Werner Knetsch

title : Physarum Learner: a novel structure learning algorithm for Bayesian Networks inspired by Physarum polycephalum.
year : 2013
author 0 : Torsten Sch&ouml;n

title : Objektorientierung als methodisch-operativer Ansatz zur Erstellung und Integrit&auml;tssicherung von VLSI-Weltmodellen.
year : 1995
author 0 : Klaus Quibeldey-Cirkel

title : Gestaltung von Kommunikationsprozessen an Schnittstellen in der Produktentwicklung: methodisches Vorgehen und CSCW-Unterst&uuml;tzung.
year : 1997
author 0 : Volker Knickel

title : Ein Computerprogramm zur Vorhersage organisch-chemischer Reaktionen: Entwicklung und Anwendung.
year : 1990
author 0 : Peter R&ouml;se

title : Ein Protokollentwurfs- und -spezifikationsverfahren auf Basis einer erweiterten Zustandsdiagrammtechnik in Listenform mit Vorverarbeitung von Ereignissen.
year : 1988
author 0 : Reinhold H&ouml;lzgen

title : Collective Communications and Computation Mechanisms on the RF Channel for Organic Printed Smart Labels and Resource-limited IoT Nodes.
year : 2019
author 0 : Predrag Jakimovski

title : Flocking and formation as mission control strategies for multi-agent systems: comparative evaluation and development of a cooperative approach.
year : 2021
author 0 : Avi Turgeman

title : Entwicklung eines aufgabenorientierten Greif- und Bahnplanungssystems f&uuml;r die automatisierte Montage mit SCARA-Robotern.
year : 1997
author 0 : James Weeks

title : Autonomous 3D Modeling of Unknown Objects for Active Scene Exploration.
year : 2015
author 0 : Simon Kriegel

title : Simulationsgest&uuml;tzte Analyse und Konfiguration von PPS-Stellgr&ouml;ssen am Beispiel ausgew&auml;hlter Dispositionsparameter des Systems SAP R 3 PP.
year : 1997
author 0 : J&ouml;rg Dittrich

title : Future mobile communication: from cooperative cells to the post-cellular relay carpet.
year : 2016
author 0 : Raphael Thomas Livius Rolny

title : Probabilistisches Indexing und Retrieval.
year : 1988
author 0 : Norbert Fuhr

title : Einheitliche Anwenderschnittstelle f&uuml;r Feldbussysteme.
year : 1997
author 0 : Ulrich H&auml;berle

title : INPOL und STA: zum Abrufrecht der Staatsanwaltschaften aus polizeilichen Datenspeichern.
year : 1984
author 0 : Gerhard Ringwald

title : Algorithmic Aspects of Communication and Localization in Wireless Sensor Networks.
year : 2012
author 0 : Markus V&ouml;lker

title : Privacy and security assessment of biometric template protection.
year : 2012
author 0 : Xuebing Zhou

title : Berechnung des Strahlungsenergietransportes in einem selektiv strahlenden Medium mit Hilfe der Methode der finiten Elemente.
year : 1983
author 0 : Matthias H&auml;nisch

title : Retrieval-based approaches for tracking and reconstructing human motions.
year : 2013
author 0 : Andreas Baak

title : Supporting the quality assurance of a scientific framework.
year : 2014
author 0 : Hanna Remmel

title : Assessing test quality.
year : 2011
author 0 : David Schuler

title : Wiederanlaufverfahren von Prozessrechnern als Teil der Fehlertoleranz in verteilten PDV-Systemen.
year : 1984
author 0 : Frieder Lohnert

title : Visual shape similarity and retrieval of figurative images.
year : 2010
author 0 : Sven Scholz

title : Sierpinski Curves for Parallel Adaptive Mesh Refinement in Finite Element and Finite Volume Methods.
year : 2016
author 0 : Oliver Meister

title : Zum Stabilit&auml;tsverhalten dezentraler Regelungssysteme.
year : 1982
author 0 : Wolf Bachmann

title : Zweckbindung und -&auml;nderung pr&auml;ventiv und repressiv erhobener Daten im Bereich der Polizei.
year : 1996
author 0 : Marcus Walden

title : Benchmarking informationssystemgest&uuml;tzter Gesch&auml;ftsprozesse.
year : 1999
author 0 : Christine Legner

title : Verteilte nichtlineare modellpr&auml;diktive Regelung von unbemannten Luftfahrzeug-Schw&auml;rmen.
year : 2016
author 0 : Armin Strobel

title : Reliability analysis with Bayesian networks.
year : 2016
author 0 : Kilian Zwirglmaier

title : Von Neumann bottlenecks in non-von Neumann computing architectures.
year : 2020
author 0 : Vitali Karasenko

title : Ein Vektorarithmetik-Koprozessor in VLSI-Technik zur Unterst&uuml;tzung des Wissenschaftlichen Rechnens.
year : 1996
author 0 : Christoph Baumhof

title : Using software for fault detection in arithmetical circuits.
year : 1995
author 0 : Stefan Gerber 0002

title : An investigation of linear and nonlinear data assimilation methods in the presence of model error.
year : 2019
author 0 : Paul Kirchgessner

title : Analyse und Steuerung paralleler Transaktionen in einem Versionen-Datenbanksystem.
year : 1982
author 0 : Georg Lausen

title : Efficient Management of RFID Traceability Data.
year : 2013
author 0 : Veneta Mateeva Dobreva

title : Zur Gestaltung und Beherrschung komplexer vernetzter Systeme der Informations- und Kommunikationstechnologien (IKT): weltanschaulich-philosophische Aspekte.
year : 1989
author 0 : Bernd Zschaler

title : Kompaktierung und Kodierung von Mikroprogrammen.
year : 1989
author 0 : Andreas M&uuml;ller 0020

title : Sprachkritische Entwicklung von Expertensystemen.
year : 1994
author 0 : Harald Gunia

title : Quality driven database mining.
year : 2001
author 0 : Markus M. Breunig

title : Konzeptionelle Grundlagen der Modellierung und Simulation von Software auf der Basis modifizierter Petri-Netze.
year : 1985
author 0 : Rolf Gr&uuml;tzner

title : Entwurf und Implementierung von graphischen Benutzeroberfl&auml;chen: ein integrierter, objektorientierter Ansatz.
year : 1990
author 0 : Josef Voss

title : A meta-calculus for formal system development.
year : 1991
author 0 : Matthias Weber 0003

title : Methodischer Beitrag zur automatengest&uuml;tzten Projektierung von Geb&auml;uden des komplexen Wohnungsbaus in Plattenbauweise - Bausteinprinzip.
year : 1984
author 0 : Lothar K&uuml;hnelt

title : Datenbanksysteme f&uuml;r die Automatisierungstechnik: Anforderungen, eine Konzeption und Implementierungsaspekte.
year : 1991
author 0 : Kai-Uwe Meister

title : Trust-aware agents for self-organising computing systems.
year : 2014
author 0 : Yvonne Bernard

title : Adaptive Order Dispatching based on Reinforcement Learning: Application in a Complex Job Shop in the Semiconductor Industry.
year : 2020
author 0 : Andreas Kuhnle

title : Learning with recurrent neural networks.
year : 1999
author 0 : Barbara Hammer

title : ERSIS: ein Mehrrechner-System zur Simulation und Echtzeit-Bearbeitung von Prozesssteuerungen und Prozessregelungen.
year : 1989
author 0 : Karl-Michael Schoop

title : Werbung f&uuml;r Finanzdienstleistungen im Internet: eine Studie zur Wirkung der Bannerwerbung.
year : 1999
author 0 : Burkhard Henn

title : Die Bearbeitung strukturierter Dokumente in offenen Dokumentverarbeitungssystemen.
year : 1994
author 0 : Jobst Hoffmann

title : Test-purpose-based test generation for distributed test architectures.
year : 2001
author 0 : Beat Koch

title : Ein situativ entscheidendes Fahrzeugsystem f&uuml;r den vorausschauenden Fu&szlig;g&auml;ngerschutz.
year : 2011
author 0 : Martin Roehder

title : Ein System zur Prozess- und Qualit&auml;tskontrolle in computer-basierten Publikationssystemen und Vorschl&auml;ge zur Konzeption eines ger&auml;teunabh&auml;ngigen Seitenbeschreibungsmodells.
year : 1993
author 0 : Stefan Br&uuml;es

title : Implicit Remote Attestation for Microkernel-based Embedded Systems.
year : 2018
author 0 : Steffen Wagner

title : Interactive Software Parallelization Based on Hybrid Analysis and Software Architecture Reconstruction.
year : 2019
author 0 : Andreas Wilhelm

title : Klassifikation von Satellitenbildern unter Ausnutzung von Klassifikationsunsicherheiten.
year : 2014
author 0 : Torsten B&uuml;schenfeld

title : Zusammensetzbarkeit und &Auml;hnlichkeitserhaltung bei sp&auml;rlichen Codierungen.
year : 1997
author 0 : Wolfgang Rudolf Kopold

title : Similarity Search in Medical Data.
year : 2011
author 0 : Katrin Haegler

title : Linguistische Merkmaltheorien und ihre Implementierung.
year : 1990
author 0 : Wolfgang Kreitmair

title : Finanzbuchf&uuml;hrung mit Personal-Computern: Vorschl&auml;ge f&uuml;r e. gesetzesad&auml;quate Gestaltung von Programmen u. Verfahren.
year : 1988
author 0 : Martin Fr&ouml;hlich 0003

title : Timing-predictable memory allocation in hard real-time systems.
year : 2014
author 0 : J&ouml;rg Herter

title : Integrierte Verarbeitung von Syntax und Semantik.
year : 1989
author 0 : Vincenza Pignataro

title : Massiv parallele Algorithmen f&uuml;r kombinatorische Optimierungsprobleme und ihre Implementierung auf einem Parallelrechner.
year : 1990
author 0 : Heinrich Braun

title : Ein halbanalytisches FE-Modell f&uuml;r harmonische Wellen zur Berechnung von Wellenunruhen in H&auml;fen und im K&uuml;stenvorfeld.
year : 1985
author 0 : Wilhelmine Rottmann-S&ouml;de

title : Der Wartungsassistent: ein System zur fachexpertengerechten Wartung von Wissensbasen mittels aktiver Dokumentation.
year : 1995
author 0 : Ernst Lutz

title : Datenverarbeitung auf einer p&auml;diatrischen Intensivstation mit k&uuml;nstlichen neuronalen Netzen.
year : 1999
author 0 : Robert Sattler

title : Development of the systolic array processor DCF for real-time digital signal and image processing = Entwicklung des Systolischen Array-Prozessors DCF f&uuml;r digitale Signal- und Bildverarbeitung in Echtzeit.
year : 1990
author 0 : Long Ma 0001

title : Statistische Optimierung von Systemen mit einer hohen Zahl von Parametern.
year : 1989
author 0 : Tillmann Eckstein

title : Entwicklung einer Spannungs-Verzerrungsbeziehung f&uuml;r bindige und nichtbindige Lockergesteine im ebenen Verzerrungszustand als Grundlage eines FEM-Programmes zur L&ouml;sung bodenmechanischer Aufgabenstellungen.
year : 1984
author 0 : Michael Lersow

title : A mathematical theory for optimising parallel code.
year : 1987
author 0 : Michael L. Dowling

title : Vergleich der manuellen mit der computergesteuerten Auswertung beim Drucktoleranztest.
year : 1992
author 0 : Martina Vogel

title : Untersuchungen zum Problem der Auswahl von technischen Mitteln des EDV-System-Zugangs im off-line-Betrieb.
year : 1981
author 0 : Matthias Rabenau

title : Numerisches Modell der Zirkulation in Auftriebsgebieten mit Anwendung auf die nordperuanische K&uuml;ste.
year : 1982
author 0 : Carlos A. A. Carbonel Huam&aacute;n

title : Zoom-Techniken zur Benutzerunterst&uuml;tzung.
year : 1998
author 0 : Michael R&uuml;ger

title : Graphische Simulation von Handhabungseinrichtungen.
year : 1987
author 0 : Dieter Wloka

title : Design Methods for Reliable Quantum Circuits.
year : 2015
author 0 : Alexandru Paler

title : Innovative And Age-Inclusive Interaction Design with Image-Schematic Metaphors.
year : 2019
author 0 : Robert Tscharn

title : Software-Portabilit&auml;t und Vereinheitlichung heterogener Umgebungen: &uuml;ber die &Uuml;bertragbarkeit von Programmen im Umfeld unterschiedlicher coresidenter Filing-Systeme und herstellerspezifischer Kommunikationsmechanismen.
year : 1990
author 0 : Klaus D. Kramps

title : A general notion of abstract loops based on locality.
year : 1990
author 0 : Guido Wirtz

title : GPU power modeling and architectural enhancements for GPU energy efficiency.
year : 2019
author 0 : Jan Lucas

title : Optimierte automatische Statechart-Implementierungen im Software- und Hardware-Entwurf eingebetteter Systeme.
year : 2000
author 0 : Jean-Claude Ackad

title : M&ouml;glichkeiten des Computereinsatzes zur individuellen Aktivierung und F&uuml;hrung der Sch&uuml;ler in sch&ouml;pferischen Situationen bei der problemhaften Unterrichtsgestaltung im Fach Chemie.
year : 1990
author 0 : B&auml;rbel Kadow

title : Combinatorial Robustness Testing based on Error-Constraints.
year : 2021
author 0 : Konrad F&ouml;gen

title : Entwicklung hochfester zementgebundener Betone unter Anwendung mathematischer Modellierungsmethoden.
year : 1985
author 0 : Arne Kolbm&uuml;ller

title : Universelle 1-Kiesel-Automaten f&uuml;r k-komponentige Labyrinthe.
year : 1984
author 0 : Klaus Kriegel

title : Agentenbasierter Handel auf Spotm&auml;rkten am Beispiel eines Energiemarktszenarios.
year : 2015
author 0 : Antje Dietrich

title : Commitment in games with asymmetric information.
year : 1991
author 0 : Klaus M. Schmidt

title : Volume driven selection of loop and data transformations for cache coherent parallel processors.
year : 1999
author 0 : Adrian Slowik

title : Ein farb- und kontextbasierter Ansatz zur Objekterkennung.
year : 2001
author 0 : Gesa Lorenz

title : Foundational aspects of coherent predictive and statistical inference for exchangeable categorical sequences.
year : 2017
author 0 : Stephan Poppe

title : Entwicklung eines Intrumentariums zur Emissionsprojektion auf der Basis des Emissionsfaktoransatzes.
year : 1997
author 0 : Thomas Holtmann

title : Ein Mehrprozessorsystem mit rekonfigurierbarer Verbindungsstruktur f&uuml;r die parallele und verteilte ereignisgesteuerte Simulation.
year : 2002
author 0 : Wolfram Seibold

title : Grundlagen zur Entwicklung von Expertensystemen f&uuml;r das Management der Strassenerhaltung.
year : 1993
author 0 : Florian Hehenberger

title : Schleifenoperationen als partielle Operationen f&uuml;r Morphismen dt-symmetrischer und dht-symmetrischer Theorien.
year : 1990
author 0 : Holger M&auml;nnich

title : Anwendung von Abtastregelkreisen in Magnetplattenspeichern.
year : 1981
author 0 : Volker Zimmermann 0002

title : Das auf einer multimedialen und intelligenten Benutzungsschnittstelle basierte tutorielle Hilfesystem f&uuml;r das Werkstoffinformationssystem WING-M2.
year : 1996
author 0 : Do-Wan Kim

title : A data communication protocol to provide support for unidirectional data transfer.
year : 1996
author 0 : Rainer Schatzmayr

title : Classes of priors in games and decision models.
year : 1989
author 0 : June M. Parker

title : Real time spectral estimation of plasma waves using space plasma particle measurements.
year : 1994
author 0 : Nelson Marcelo Iribarren Brown

title : Data fusion of surface meshes and volumetric representations.
year : 2016
author 0 : Andreas Beyer

title : Supporting Format Migration with Ontology Model Comparison.
year : 2018
author 0 : Peter Wullinger

title : Parallele Algorithmen f&uuml;r Optimierungsrandwertprobleme.
year : 1997
author 0 : Johanna V. Gallitzend&ouml;rfer

title : Freisetzung von Spaltprodukten aus dem Core eines Kugelhaufenreaktors bei St&ouml;rf&auml;llen mit Core-Aufheizung.
year : 1982
author 0 : Herbert Krohn

title : A constraint logic programming approach to travel demand modelling.
year : 1999
author 0 : Florian M. Heinitz

title : Comparative Quality Estimation for Machine Translation. An Application of Artificial Intelligence on Language Technology using Machine Learning of Human Preferences.
year : 2019
author 0 : Eleftherios Avramidis

title : Theorie und Anwendung interaktiver statistischer Graphik.
year : 1996
author 0 : Martin Theus

title : Synthese von Kommunikationsprozessoren aus Spezifikationen in Form von Impulsdiagrammen.
year : 1996
author 0 : Wolf-Dieter Tiedemann

title : Crossing minimization in automatic graph drawing.
year : 2001
author 0 : Thomas Ziegler 0002

title : Measurement-based Quality Assessment of Requirements Specifications for Software-Intensive Systems.
year : 2017
author 0 : Jakub Mikolaj Mund

title : Support for Information-Seeking Strategies.
year : 2016
author 0 : Matthias Jordan

title : Integrierte Arbeitsplanung und Fertigungssteuerung auf Basis von Zustandsinformationen.
year : 2015
author 0 : Justin Schmidt

title : Informationsmodellierung unter Nutzung von Referenzmodellen: die Nutzung von Referenzmodellen zur Implementierung industriebetrieblicher Informationssysteme.
year : 1994
author 0 : Martin Georg Nonnenmacher

title : EDV-Unterst&uuml;tzung bei der Planung von Investitionsobjekten - der Entwurf eines Investitions-Informations-Systems.
year : 1985
author 0 : Karl-Friedrich Rausch

title : Zur systematischen Ermittlung Hardware-geeigneter Zahlendarstellungen f&uuml;r Algorithmen der digitalen Signalverarbeitung.
year : 2015
author 0 : Steffen Blume

title : Fault-tolerant Execution of Parallel Applications on x86 Multi-core Processors with Hardware Transactional Memory.
year : 2019
author 0 : Florian Haas

title : Beitrag zur Echtzielerfassung aus Funkmesssignalen.
year : 1988
author 0 : Uwe Lemke

title : Datenstrukturen und Algorithmen zur verallgemeinerten Konstellationssuche auf der Basis von Objektrelationen.
year : 2002
author 0 : Dirk Meyer 0002

title : Resource and Location Aware Robust Decentralized Data Management.
year : 2015
author 0 : Elizabeth Ribe-Baumann

title : Erh&ouml;hung der Nebenl&auml;ufigkeit in automatisch entworfenen digitalen Systemen.
year : 1986
author 0 : Taisy Silva Weber

title : Ein EDV-orientiertes Verfahren zur Berechnung der typographischen Reduktion im Hochgebirge mit digitalen Gel&auml;ndemodellen am Beispiel der zentralen Anden.
year : 1999
author 0 : Andreas M&uuml;ller 0017

title : ODMSummary: a tool for automatic structured comparison of multiple medical forms based on semantic annotation with the Unified Medical Language System.
year : 2017
author 0 : Michael Storck

title : Flexible Automatisierung von Konstruktion und Fertigung elektrischer Leitungss&auml;tze.
year : 1987
author 0 : Gunther Reinhart

title : Ein Beitrag zur experimentellen Analyse des statischen Verformungsverhaltens von Werkzeugmaschinenstrukturen.
year : 1983
author 0 : Hannes Jahn

title : Privacy in social networks - economic options for regulation.
year : 2017
author 0 : Claus-Georg Nolte

title : Automated verification of system requirements and software specifications.
year : 2016
author 0 : Daniel Dietsch

title : Entwurf und Realisierung des Aufbaus und der Testumgebung der SB-PRAM.
year : 2000
author 0 : C&eacute;dric Lichtenau

title : Animationen und Explorationstechniken zur Unterst&uuml;tzung der chirurgischen Operationsplanung.
year : 2010
author 0 : Konrad M&uuml;hler

title : Placeable and localizable elements in translation memory systems: a comparative study.
year : 2011
author 0 : Dino Azzano

title : Aufgabenoptimierte Planung kooperierender Sensoren.
year : 1994
author 0 : Gerhard Grunwald

title : Teilefamilienbildung: Vergleich rechnergest&uuml;tzter Verfahren.
year : 1990
author 0 : Andreas G&ouml;ttker

title : On Outlier Detection in Sequences - Finding Anomalies in Mountain Silhouettes.
year : 2020
author 0 : Michael Singhof

title : Contributions to robustness and resource awareness in life-long SLAM.
year : 2011
author 0 : Siegfried Hochdorfer

title : Vision-based representation and recognition of human activities in image sequences.
year : 2013
author 0 : Samy Sadek Mohamed Bakheet

title : Konstruktionswissenschaftliche Untersuchungen zur CAD/CAM-L&ouml;sung Formstoffbrillenfassung.
year : 1989
author 0 : Fritz Richter 0002

title : Web 2.0 in der universit&auml;ren Lehre: ein Handlungsrahmen f&uuml;r die Gestaltung technologiegest&uuml;tzter Lernszenarien.
year : 2012
author 0 : Christian Lehr 0001

title : Spiral-Computertomographie: Evaluation geeigneter Aufnahmeparameter im Rahmen neuer M&ouml;glichkeiten der Kontrastmittelapplikation und Einsatz der softwaregesteuerten R&ouml;hrenstrommodulation "Smart-Scan".
year : 1997
author 0 : Jochen Wild

title : Datenbasierte Gesichtsanimation.
year : 2012
author 0 : Martin Breidt

title : Hartree-Fock-Rechnungen an Atomen in extrem starken magnetischen Feldern.
year : 1982
author 0 : Peter Pr&ouml;schel

title : Experimentiersystem zur Simulation und Programmierung technologischer Prozesse - ein Beitrag zur Erh&ouml;hung der Problemhaftigkeit und Differenzierung im polytechnischen Unterricht der Klassen 9 und 10 sowie in den Arbeitsgemeinschaften nach Rahmenprogramm.
year : 1985
author 0 : Gerald Baumann

title : Ein Beitrag zur Gestaltung von Schnittstellen zum &Uuml;bertragungsmedium in schnellen lokalen Rechnernetzen mit optoelektronischer Informations&uuml;bertragung.
year : 1990
author 0 : Peter Puzich

title : Morphologische Dekomposition als universelle Methodik der medizinischen Bildverarbeitung: Grundlagen und praktische Umsetzung.
year : 2002
author 0 : Volker Metzler

title : Machine Learning on Graphs in the Presence of Noise and Adversaries.
year : 2020
author 0 : Aleksandar Bojchevski

title : Automated test-case generation with symbolic execution.
year : 2019
author 0 : Andreas Fuchs

title : Physical design in databases.
year : 2017
author 0 : Endre Palatinus

title : Watching people fail: fostering diagnostic competences with peer feedback on erroneous cognitive modeling examples.
year : 2017
author 0 : Christian G&uuml;nther Strobel

title : Untersuchung und Weiterentwicklung von Algorithmen zur Regelung von Mehrgr&ouml;ssensystemen.
year : 1984
author 0 : J&uuml;rgen Welzer

title : Optimierung eines Betriebssystems durch Verteilung auf ein lose gekoppeltes Rechnersystem.
year : 1987
author 0 : Christian Roth

title : Die "Aura" des Originals - Wahrheit oder Mythos? : Wahrnehmung, Bewertung und Verarbeitung von authentischen Objekten in Ausstellungen von Wissenschafts- und Technikmuseen.
year : 2014
author 0 : Constanze Hampp

title : Beitr&auml;ge zur algebraischen und arithmetischen Codierungstheorie.
year : 1981
author 0 : Lothar Kreft

title : Optimierung zyklischer Realzeitanwendungen f&uuml;r Mehrrechnersysteme mit verteiltem Speicher.
year : 1997
author 0 : Michael Bartmann

title : Wissensakquisition mithilfe maschineller Lernverfahren auf tiefen semantischen Repr&auml;sentationen.
year : 2012
author 0 : Tim vor der Br&uuml;ck

title : Data Mining Methods for Medical Diagnosis: Test Selection, Subgroup Discovery, and Contrained Clustering.
year : 2012
author 0 : Marianne Mueller

title : Extensible languages for flexible and principled domain abstraction.
year : 2013
author 0 : Sebastian Thore Erdweg

title : Beitrag zur rechnergest&uuml;tzten Erfassung und Auswertung der Nierentransplantation.
year : 1991
author 0 : Erika Eger

title : Word Sense Disambiguation with GermaNet.
year : 2015
author 0 : Verena Henrich

title : Beitr&auml;ge zu Hard- und Software-Komponenten f&uuml;r Lokale Rechnernetze.
year : 1986
author 0 : Rainer Tsch&ouml;pel
author 1 : Siegmar Sommer

title : Ein Berechnungsverfahren zur numerischen Bewertung der Versorgungszuverl&auml;ssigkeit von Mittelspannungsnetzen der &ouml;ffentlichen Energieversorgung mit Hilfe der Monte-Carlo-Simulation.
year : 1981
author 0 : Wolfgang Pfeifer

title : Modell einer mehrstufigen DV-Organisation, dargestellt am Beispiel der Landesforstverwaltung Baden-W&uuml;rttemberg.
year : 1985
author 0 : Georg Bungenstab

title : Zur leistungsber&uuml;cksichtigenden Spezifikation und Verifikation von Kommunikationssystemen.
year : 1984
author 0 : Wulfdieter Lehmann-Bauerfeld

title : Genome signature based sequence comparison for taxonomic assignment and tree inference.
year : 2013
author 0 : Kaustubh R. Patil

title : Ordnen von Werkst&uuml;cken mit programmierbaren Handhabungsger&auml;ten und Werkst&uuml;ckerkennungssensoren.
year : 1985
author 0 : Ingo Schmidt

title : Synchronisationsanalyse zur Multi-Proze&szlig;-Synthese.
year : 2003
author 0 : Oliver Bringmann 0001

title : Bestimmung von Form- und Verteilungsparametern kleiner Objekte in technischen Proben mit Hilfe elektronischer und rechentechnischer Bildauswertung.
year : 1985
author 0 : G&uuml;nter Bretschneider

title : OverlayMeter: Robust System-wide Monitoring and Capacity-based Search in Peer-to-Peer Networks.
year : 2018
author 0 : Andreas Disterh&ouml;ft

title : Modifiziertes Pr&auml;diktionsfehler-Verfahren zur biasfreien Sch&auml;tzung mit Messst&ouml;rungen am Systemein- und -ausgang.
year : 1985
author 0 : Michael Dlabka

title : Learning motor skills: from algorithms to robot experiments (Lernen motorischer F&auml;higkeiten).
year : 2012
author 0 : Jens Kober

title : Numerische Behandlung transienter Bewegungsvorg&auml;nge in Rotationsschalen.
year : 1980
author 0 : Heinrich Kirchh&uuml;bel

title : Wiederholungen in Texten: segmentieren und klassifizieren mit vollst&auml;ndigen Substringfrequenzen.
year : 2013
author 0 : Felix Golcher

title : Statistische Physik des Lernens perzeptronartiger Neuronaler Netzwerke.
year : 1996
author 0 : L&uuml;der Reimers

title : Code Generation for Synchronous Control Asynchronous Dataflow Architectures.
year : 2021
author 0 : Anoop Bhagyanath

title : Recommender Systems.
year : 2012
author 0 : Sophie Ahrens

title : Textprozessierung - Design und Applikation.
year : 2012
author 0 : J&uuml;rgen Hermes

title : Konzeption und Implementierung eines computergest&uuml;tzten Informationssystems als "geplanter Wandel" der Verwaltungsorganisation: Bausteine e. verhaltenswiss. Bezugsrahmens.
year : 1984
author 0 : Christian J&auml;nig

title : FeynCalc, a computer-algebra package for calculations in high energy physics.
year : 1992
author 0 : Rodolfo Mertig

title : Das Verstehen von EDV-Programmen: kognitionspsychologische Theorien und ein experimentelles Verfahren zu deren Pr&uuml;fung.
year : 1995
author 0 : Detlef Widowski

title : Neue Ans&auml;tze zur Speicherzugriffsanalyse paralleler Anwendungen mit gemeinsam genutztem Adressraum.
year : 2018
author 0 : Olaf Krzikalla

title : Static detection of inevitable errors = Statische Erkennung von unvermeidbaren Fehlern.
year : 2011
author 0 : Martin Sch&auml;f

title : Combining Features and Semantics for Low-level Computer Vision.
year : 2018
author 0 : Fatma G&uuml;ney

title : Das akute Atemnotsyndrom (ARDS) im Computerprogramm.
year : 1997
author 0 : Erik Paust

title : Die Haftung des Softwareherstellers im Hinblick auf das ProdHaftG.
year : 1993
author 0 : Giorgos Musulas

title : Wirtschaftlichkeitsanalyse der automatisierten Verwaltung unstrukturierter Daten im Information Lifecycle Management.
year : 2016
author 0 : Mauricio Matthesius

title : Efficient implementation of financial risk management applications on heterogeneous energy-efficient high-performance computing systems (Effiziente Implementierung von Finanzrisikomanagement-Anwendungen auf heterogenen energieeffizienten Hochleistungsrechensysteme).
year : 2018
author 0 : Javier Alejandro Varela

title : Development and assessment of volumetric particle tracking approaches for the analysis of flows in confined geometries.
year : 2018
author 0 : Thomas Fuchs 0002

title : Using Deep Neural Networks for Scene Understanding and Behaviour Prediction in Autonomous Driving.
year : 2020
author 0 : Oliver Scheel

title : On the expressive power of discrete mixture models, restricted Boltzmann machines, and deep belief networks: a unified mathematical treatment.
year : 2012
author 0 : Guido Francisco Mont&uacute;far Cuartas

title : Automated Source Extraction for the Next Generation of Neutral Hydrogen Surveys.
year : 2015
author 0 : Lars Fl&ouml;er

title : Methaphor based user interfaces for information authoring, visualization and navigation in multimedia environments.
year : 1995
author 0 : Kaisa V&auml;&auml;n&auml;nen

title : Detection of moving objects by spatio-temporal motion analysis.
year : 2011
author 0 : Clemens Rabe

title : Analysis of the Cost of Handover in a Mobile Wireless Sensor Network.
year : 2013
author 0 : Qian Dong

title : Enhancing Information Systems with Event-Handling - A Non-Invasive Approach.
year : 2011
author 0 : Michael Guppenberger

title : Methoden und Werkzeuge zur fertigungsnahen Entwurfsverifikation in der Mikrotechnik.
year : 1999
author 0 : Kai Hahn

title : Organization design as a groupware-supported team process: GroupOrga - participative and distributed organization design for office information and workflow management systems.
year : 1998
author 0 : Marcus Ott

title : The product homomorphism method and its applications to learning logic programs.
year : 2000
author 0 : Tam&aacute;s Horv&aacute;th 0003

title : Regelstrategien auf der Basis reduzierter nichtlinearer Modelle.
year : 1993
author 0 : Hans-Uwe Flunkert

title : Die Systemwirtschaftlichkeitsrechnung: Verfahren und Instrumente zur monet&auml;ren Bewertung von Investitionen im Rahmen einer Strategie des Computer Integrated Manufacturing.
year : 1989
author 0 : Hermann Riedel

title : On fault resilient network-on-chip for many core systems.
year : 2018
author 0 : Sadia Moriam

title : Sprachstandardisierung in der Softwaredokumentation: eine Untersuchung von redaktionellen Richtlinien und Schreibregeln.
year : 2015
author 0 : Viktor Frei

title : Quadrilateral mesh generation in computer aided design.
year : 1997
author 0 : Matthias M&uuml;ller-Hannemann

title : Stetige Selektionen bei semi-infiniter Optimierung.
year : 1986
author 0 : Thomas Fischer 0026

title : Virtuelle, private Rechner - eine Software-Architektur f&uuml;r verteilte Anwendungen.
year : 2001
author 0 : Martin Steckermeier

title : Strategisches Management der Informatik als Erfolgsfaktor schweizerischer Speditionsbetriebe: empirische &Uuml;berpr&uuml;fung eines Kausalmodells.
year : 1995
author 0 : Stefan Heierli

title : Information density and phonetic structure: Explaining segmental variability.
year : 2019
author 0 : Erika Brandt

title : Einheitliche Behandlung von Fehlern bez&uuml;glich kontextfreier Semantik f&uuml;r generierte &Uuml;bersetzer.
year : 1993
author 0 : Stefan Krause

title : Beitrag zur Bewertung von Gleisentwicklungen.
year : 1985
author 0 : Nguyen Ngoc Chuong

title : Entwicklung eines Softwaresystems zur Chemotherapieplanung maligner Erkrankungen im Kindesalter (CHEMO-PLAN).
year : 1992
author 0 : Romy Kaulen
author 1 : Frithjof Kaulen

title : Allgemeine Typographie: eine Studie zur Entwicklung von Typographie unter besonderer Ber&uuml;cksichtigung des Einflusses von Desktop Publishing Systemen.
year : 1991
author 0 : Michael Scheidt

title : Rechnergest&uuml;tztes Konstruieren geologischer Fl&auml;chenverb&auml;nde.
year : 1989
author 0 : Otto R&uuml;ber

title : Biometric cryptosystems: authentication, encryption and signature for biometric identities.
year : 2011
author 0 : Neyire Deniz Sarier

title : Beitr&auml;ge zum Entwurf und zur rechnergest&uuml;tzten Projektierung moderner Benutzeroberfl&auml;chen f&uuml;r den Einsatz in computergesteuerten Logikanalysatoren.
year : 1991
author 0 : Falk Ambos

title : Distance approximations for clustering.
year : 2020
author 0 : Thomas Bottesch

title : Integrierte Planung von CAD-Investitionen.
year : 1994
author 0 : Christian M&uuml;ller 0012

title : Eine Methode zur Aktualisierung Aussagenlogischer Wissensbasen.
year : 1987
author 0 : Andreas Weber 0010

title : A gravitational task model for target sensitive real-time applications.
year : 2011
author 0 : Raphael Pereira de Oliveira Guerra

title : Vermittlung handlungsrelevanten Wissens zur Benutzung eines mikroelektronischen bildschirmorientierten Textverarbeitungssystems.
year : 1989
author 0 : Frank Fischer 0003

title : Entwicklung eines strategischen Planungsverfahrens f&uuml;r Informationssystem-Architekturen.
year : 1995
author 0 : Johann H. Strasburger

title : Data mining techniques for improving and enriching cancer epigenetics.
year : 2016
author 0 : Ruslan Akulenko

title : Konzeption und Entwurf eines Anwendersystems f&uuml;r ein lokales Kommunikationssystem.
year : 1989
author 0 : Kamal Kamar

title : Grundlagen zur mathematischen Simulation der Broilerproduktion: ein Beitrag zu einer rechnergest&uuml;tzten Produktionskontrolle und -steuerung in der Tierproduktion.
year : 1989
author 0 : Karlheinz Grosskopf

title : Darstellung von Ver&auml;nderungen im multidimensionalen Datenmodell.
year : 2001
author 0 : Holger G&uuml;nzel

title : Learning 6D Object Pose from Point Clouds.
year : 2021
author 0 : Ge Gao

title : Rahmenwerk f&uuml;r zielgruppenorientiertes Blended E-Learning im MINT-Bereich im Kontext des Lebenslangen Lernens.
year : 2016
author 0 : Daniel Sitzmann

title : ESCAPE: eine graphische Sprache zur Spezikation von Software-Prozessen.
year : 1995
author 0 : Gerald Junkermann

title : Simulationssystem MODS(OS) und seine rechentechnische Implementation.
year : 1987
author 0 : Lothar Kaufmann
author 1 : Rolf Hoffmann

title : Nichtdeterministische algebraische Spezifikationen.
year : 1989
author 0 : Heinrich Hu&szlig;mann

title : Evolution eines DV-gest&uuml;tzten Informations- und Kommunikationssystems zum Instrument einer ganzheitlich ausgerichteten Unternehmensf&uuml;hrung im Industriebetrieb.
year : 1992
author 0 : Ralph-Dieter Schrey

title : Mathematics in independent component analysis.
year : 2003
author 0 : Fabian J. Theis

title : Le droit d'acc&egrave;s et de contestation dans le traitement des donn&eacute;es personnelles: &eacute;tude de base en droit priv&eacute; suisse et am&eacute;ricain.
year : 1983
author 0 : G&eacute;rald Page

title : Parallel fractal based predictive coding of moving images.
year : 1995
author 0 : Sonja Andonova

title : Informationstheoretische Untersuchungen zur semantischen Entropie und ihre Einbeziehung in die technische Optimierung biomedizinischer Ger&auml;te.
year : 1986
author 0 : Otfried R&ouml;her

title : Adaptive Kontrollstrategien f&uuml;r mobile Roboter basierend auf Organic Computing Prinzipien.
year : 2015
author 0 : Raphael Maas

title : Nichtlineare Dynamiken zur Szenenrepr&auml;sentation und Verhaltensgenerierung in einer Architektur zur Fahrerassistenz.
year : 2002
author 0 : Iris Leefken

title : Die optimale Anordnung diskreter Ladungen bei Ladungsverfahren.
year : 1983
author 0 : Manfred Reister

title : Reducing size and complexity of the security-critical code base of file systems.
year : 2014
author 0 : Carsten Weinhold

title : Prototypentwicklung mit Templates in multifunktionalen PC-Werkzeugumgebungen.
year : 1990
author 0 : Matthias Z&uuml;nkler

title : Algorithmic problems in Brunn-Minkowski theory.
year : 1995
author 0 : Alexander Hufnagel

title : Mechanizing the transformation of higher order algebraic specifications for the development of software systems.
year : 2003
author 0 : S&ouml;nke Magnussen

title : Optimale Steuerung eines integrierten hierarchischen Versorgungssystems "Vorfertigung, Transport und Montage" von Betonelementen im komplexen Wohnungsbau.
year : 1982
author 0 : Vitalij Babitsch

title : Weiterentwicklung der Methode der konvexen Zerlegung zur Robustheitsanalyse linearer Regelungssysteme.
year : 1997
author 0 : Andreas Michalske

title : SAT Compilation for Constraints over Structured Finite Domains.
year : 2017
author 0 : Alexander Bau

title : Variational debugging: understandig differences among executions.
year : 2019
author 0 : Jens Meinicke

title : Antibiotika-Resistenzanalyse im Rahmen eines Systems zur Dokumentation und Auswertung bakteriologischer Daten in einem Universit&auml;tsklinikum.
year : 1984
author 0 : Karl Friedrich Trespe

title : IS-gest&uuml;tztes Prozessmanagement.
year : 1999
author 0 : Sebastian Muschter

title : Verfahren zur Unterst&uuml;tzung von Fachexperten bei der Erstellung und &Auml;nderung von Hypertext- und wissensbasiertem Lehrmaterial &uuml;ber Softwarewerkzeuge.
year : 1997
author 0 : Martin Seidel

title : Methods for decomposition of learning in neural networks.
year : 1993
author 0 : Tomas Hrycej

title : Achievement emotions in second language learning.
year : 2018
author 0 : Kaiqi Shao

title : Konstruktion und Evaluation eines kombinierten PET/MRT-Templates unter der Verwendung von DARTEL.
year : 2018
author 0 : Andrea Kronfeld

title : Frequency Selective Reconstruction of Non-Regularly Sampled Image and Video Data.
year : 2018
author 0 : Markus Jonscher

title : Digital transformation: how business and individuals react to, adapt to, and reject digital technology.
year : 2019
author 0 : Christoph Klos

title : Vision guided flame control using fuzzy sets and neural networks.
year : 1997
author 0 : Wenjing Tao

title : Data-driven model order reduction for nonlinear crash and impact simulations.
year : 2020
author 0 : Christopher Bach

title : Dreidimensionale Modellierung bewegter Objekte und Ausnutzung von Helligkeitsver&auml;nderungen zur Formbestimmung.
year : 1984
author 0 : Harald Westphal

title : System- und subjekttheoretisches Denken in der betriebswirtschaftlichen Personallehre: dargestellt am Beispiel des betrieblichen Einsatzes von sogenannter "k&uuml;nstlicher Intelligenz".
year : 1996
author 0 : Robert Holzapfel

title : WCET analysis and optimization for multi-core real-time systems.
year : 2015
author 0 : Timon Kelter

title : Untersuchungen zur Evolution von morphologischer und taxonomischer Diversit&auml;t und Komplexit&auml;t anhand von Computermodellen.
year : 1996
author 0 : Jan Tai Tsung Kim

title : Bearbeitung und Simulation austauschverbreiterter NMR-Spektren unter UNIX.
year : 1995
author 0 : Uwe Seimet

title : Real-time security extensions for EPCglobal networks: case study for the pharmaceutical industry.
year : 2014
author 0 : Matthieu-Patrick Schapranow

title : Graph Models for Rational Social Interaction.
year : 2017
author 0 : Cosmina Croitoru

title : Komplexit&auml;t endlicher Objekte.
year : 1992
author 0 : Michael Speicher

title : On selfish network creation.
year : 2014
author 0 : Pascal Lenzner

title : Automatische Parallelisierung von sequentiellen Programmen unter besonderer Ber&uuml;cksichtigung von Hardware-Beschleunigern.
year : 1996
author 0 : J&ouml;rg Wedeck

title : Systematisches Projektieren und Testen von Steuerungssoftware f&uuml;r Werkzeugmaschinen.
year : 1993
author 0 : Arne Kohring

title : Temporal Lossy In-Situ Compression for Computational Fluid Dynamics Simulations.
year : 2018
author 0 : Henry Lehmann

title : Security for automotive electrical/electronic (E/E) architectures.
year : 2017
author 0 : Philipp Mundhenk

title : Objektorientierte und konventionelle Automatisierungssoftware im Vergleich.
year : 1995
author 0 : Klaus Pirklbauer

title : Generierung und Anwendung schneller Simulatoren komplexer digitaler Systeme auf Basis der Hardwarebeschreibungssprache ISPS.
year : 1989
author 0 : Peter Fenzke

title : Costumizing software engineering experience management systems to organizational needs.
year : 2001
author 0 : Carsten Tautz

title : Digitalisierung von Kiefermodellen und Kieferabformungen im Vergleich.
year : 2015
author 0 : Annike Bianca Vogel

title : Service-oriented Business Model-Framework - die Entwicklung von Gesch&auml;ftsmodellen in digital transformierenden &Ouml;kosystemen am Beispiel der Elektromobilit&auml;t.
year : 2019
author 0 : Andreas Pfeiffer

title : Generic Adaptation Support for Wireless Sensor Networks.
year : 2016
author 0 : Daniel Minder

title : Large-Scale Direct SLAM and 3D Reconstruction in Real-Time.
year : 2017
author 0 : Jakob Engel

title : Automatische Verkehrszeichenerkennung: ein stabiles echtzeitf&auml;higes Verkehrszeichenerkennungssystem basierend auf der Auswertung von digitalen Farbbildern.
year : 1997
author 0 : Werner Ritter

title : Trainingssysteme f&uuml;r bankbetriebliche Entscheidungen.
year : 1996
author 0 : Carsten Weimann

title : Real-time fMRI brain-computer interface for self-regulation of circumscribed brain regions, functional connections and network patterns.
year : 2014
author 0 : Mohit Rana

title : Optimierte stochastische Sprachmodellierung auf linguistischen Klassen: OSLC-Sprachmodellierung.
year : 2001
author 0 : Petra Witschel

title : Multiprozessor Task Scheduling - Entwicklung und Vergleich von Algorithmen zur optimalen Auslastung eines Parallelrechners.
year : 2014
author 0 : Kai Baumgarten

title : Handlungsspielraum, mentale Repr&auml;sentation und Handlungsregulation am Beispiel der Mensch-Computer-Interaktion: Untersuchungen zum Prinzip der differentiellen und dynamischen Arbeitsgestaltung (sensu Ulich).
year : 1987
author 0 : David Ackermann

title : Vergleichende Bewertung von Verfahren zur Benutzerauthentikation.
year : 1998
author 0 : Thomas Hermann 0003

title : Spezielle Anwendung der Zwei-Gitter-Methode in FEM-Programmen zur L&ouml;sung der entstehenden linearen Gleichungssysteme.
year : 1990
author 0 : Ghada Saade

title : Rechtliche Vorgaben f&uuml;r die Weitergabe und Nutzung von Softwareschwachstellen und Exploits.
year : 2020
author 0 : Sebastian-Amadeo Schmolck

title : High Performance Visual Pose Computation.
year : 2021
author 0 : Benjamin Busam

title : Scheduling rechen- und datenintensiver Anwendungen in einem hierarchischen, verteilten Umfeld.
year : 2014
author 0 : Matthias R&ouml;hm

title : Digital assistants in E-Services: Kurzzusammenfassung in deutscher Sprache zur kumulativen Dissertation.
year : 2021
author 0 : Julia Sarah Hagel

title : System Architectures to Improve Trust, Integrity and Resilience of Embedded Systems.
year : 2016
author 0 : Michael Wei&szlig;

title : Leichtgewichtige Betriebssystemdienste f&uuml;r ressourcengewahre Anwendungen gekachelter Vielkernrechner.
year : 2018
author 0 : Benjamin Oechslein

title : Integration von Sprachen f&uuml;r speicherprogrammierbare Steuerungen in die unified modeling language durch Funktionsbausteinadapter.
year : 2003
author 0 : Torsten Heverhagen

title : Direct volume rendering methods for needle insertion simulation.
year : 2016
author 0 : Dirk Fortmeier

title : Multicast MAC extensions for high rate real-time traffic in wireless LANs.
year : 2011
author 0 : Zhao Li 0001

title : Analysen zur "Mutterschaftsvorsorge", Prozesse der Versorgung durch psycho-soziale und bio-medizinische Faktoren.
year : 1984
author 0 : J&uuml;rgen Collatz

title : Ein Werkzeug f&uuml;r den Entwurf verteilter Systeme auf der Basis erweiterter Petri-Netze.
year : 1989
author 0 : Jacques D&auml;hler

title : Vermeidung von Interferenzen bei der Konsolidierung von Diensten auf zeitlich geteilten Ressourcen.
year : 2019
author 0 : Markus H&auml;hnel

title : Fehlerermittlung in digitalen elektronischen Baugruppen durch selbstkontrollierende Pr&uuml;fung unter Einsatz von Mikrorechnern: ein Beitrag zu Theorie und Praxis der Eigenpr&uuml;fung elektronischer Systeme.
year : 1979
author 0 : Gerhard Steger

title : Digitale Bildverarbeitung mit kombinierter Pipeline- und Parallel-Architektur.
year : 1992
author 0 : Bernhard Lang

title : Ein Beitrag zur Erh&ouml;hung der Leistungsf&auml;higkeit und Zuverl&auml;ssigkeit von Mehrprozessorsystemen mit Punkt-zu-Punkt-Verbindungen.
year : 1990
author 0 : Martin Sattelkau

title : Beitrag zur theoretischen Beschreibung der Druck- und Luftmassenstromverteilung in nat&uuml;rlich und maschinell gel&uuml;fteten Geb&auml;uden.
year : 1984
author 0 : Helmut Feustel

title : Zur digitalen Bildverarbeitung bei wasserbaulichen Str&ouml;mungsuntersuchungen.
year : 1987
author 0 : Peter H&auml;nscheid

title : Lattices, modular forms, and local weight enumerators of ternary self-dual codes.
year : 2000
author 0 : Katja Kunitz

title : Computergest&uuml;tzte Hirntumorklassifikation anhand computertomographischer und anamnestischer Daten.
year : 1989
author 0 : Sabine Michalik

title : Ein Beitrag zur numerischen Behandlung der nichtlinearen Filterung.
year : 1986
author 0 : Wolfgang Kiesow

title : Structure-Based Partitioning of Semantic Web Ontologies.
year : 2014
author 0 : G&ouml;khan Coskun

title : Constrained camera motion estimation and 3D reconstruction.
year : 2014
author 0 : Christian Kurz

title : Texte sprachbewusst optimieren: ein linguistisches Kategoriensystem f&uuml;r die computergest&uuml;tzte Revision qualit&auml;tsrelevanter sprachlicher Merkmale in Texten.
year : 2018
author 0 : Thomas Bartz

title : Auszeichnungssprachen f&uuml;r linguistische Korpora : theroretische Grundlagen, De-facto-Standards, Normen.
year : 2012
author 0 : Maik St&uuml;hrenberg

title : Temporal logic as a programming language.
year : 1992
author 0 : Stephan Merz

title : List scheduling algorithms for open distributed real-time embedded systems.
year : 2020
author 0 : Sarah Amin

title : Programmierung einer Klasse von Multiprozessorsystemen mit h&ouml;heren Petri-Netzen.
year : 1988
author 0 : Carl Georg Hartung

title : Modellbasierte Entwicklung kontextsensitiver Benutzungsschnittstellen zur Unterst&uuml;tzung der mobilen Instandhaltung.
year : 2013
author 0 : Marc Sei&szlig;ler

title : On meta modeling for communication in operational process control engineering.
year : 2003
author 0 : Harald Albrecht

title : Adaptierbares Kernsystem zur Interpretation von Zeichnungen: Motivation, Entwurf, Realisierung.
year : 1996
author 0 : Boris Pasternak

title : Deterministische, dynamische Systemstrukturen in der Automatisierungstechnik.
year : 2016
author 0 : Henning Mersch

title : Whole-Body Affordances for Humanoid Robots: A Computational Approach.
year : 2018
author 0 : Peter Kaiser 0001

title : Forensic acquisition and analysis of volatile data in memory=Forensische Sicherung und Auswertung fl&uuml;chtiger Daten im Hauptspeicher.
year : 2013
author 0 : Stefan V&ouml;mel

title : Client-Server-Architekturen: Architekturmodelle f&uuml;r eine neue informationstechnische Infrastruktur.
year : 1993
author 0 : Hans-Jochen Schmitt

title : Spezifikation und Generierung applikationsgesteuerter und strukturorientierter graphischer Editoren: ein Weg zur Integration von Mensch-Maschine-Schnittstellen und Applikationsprogrammen.
year : 1989
author 0 : Anton Seigis

title : Entwicklung und Effektivit&auml;t von CBT im Rahmen der betrieblichen Weiterbildung.
year : 1995
author 0 : Horia Niculescu

title : Modellierung und L&ouml;sung multikriterieller Klausurplanungsprobleme unter Belegungsunsicherheit.
year : 2018
author 0 : Markus Heinemann

title : Designing for Shared Understanding. How Collaboration Engineering can Improve Team Effectiveness of Herterogeneous Groups.
year : 2015
author 0 : Eva A. C. Bittner

title : Die Verwendung von Lagebeschreibungen in Befunden cranialer Computertomographien: Untersuchungen zu einem nat&uuml;rlichsprachlichen Expertensystem.
year : 1995
author 0 : Michael Uder

title : Entwicklung eines Modells zur Verbesserung der Nutzungsregelung in der Forstwirtschaft unter Beachtung von &Uuml;bergangswahrscheinlichkeiten.
year : 1981
author 0 : Bernd Anders

title : Timing model derivation: pipeline analyzer generation from hardware description languages.
year : 2012
author 0 : Markus Pister 0002

title : Human Perception in Using Projection Methods for Multidimensional Data Visualization.
year : 2013
author 0 : Ronak Etemadpour

title : Zuverl&auml;ssigkeit komplexer Systeme.
year : 1993
author 0 : Gert Heinrich 0001

title : Anwendungsm&ouml;glichkeiten von Entscheidungsbaumverfahren zur L&ouml;sung betriebswirtschaftlicher Probleme im Bereich der Eisenh&uuml;ttenindustrie.
year : 1985
author 0 : Wolfgang Sch&uuml;ller

title : Architekturentwurf eines Worst-Case-Testsystems f&uuml;r Standardbusse modularer Mikrorechnersysteme.
year : 1988
author 0 : Wolfgang Ullrich

title : Entwicklung und Implementierung computergest&uuml;tzter Verfahren zur quantitativen Analyse der longitudinalen Entwicklung atherosklerotischer Plaques anhand von MRT- und CT-Bilddaten.
year : 2016
author 0 : Filka Yaneva

title : Ein topologisch strukturiertes Weltmodell als Kern eines Verfahrens zur L&ouml;sung von Navigationsaufgaben bei mobilen Robotern.
year : 1992
author 0 : Peter Kampmann

title : Formalizing Symbolic Decision Procedures for Regular Languages.
year : 2015
author 0 : Dmytro Traytel

title : A playout system for optimized programme delivery in dynamic broadcast.
year : 2016
author 0 : Junge Qi

title : EXOR-basierte Logiksynthese mit Kronecker Functional Decision Diagrams.
year : 2001
author 0 : Harry Hengster

title : Konzipierung und Realisierung eines Verfahrens zum automatischen Kollisionsschutz zwischen kooperierenden Industrierobotern mit gemeinsamen Arbeitsraum.
year : 1991
author 0 : Uwe Reichel

title : Expertensysteme f&uuml;r den Vertriebsbereich in Banken und Versicherungen.
year : 1990
author 0 : Werner J. Sch&ouml;nfeld

title : Kommunikation und Steuerung auf Basis kommunizierender sequentieller Prozesse am Beispiel Stationssteuerung.
year : 1992
author 0 : Andreas Kluge

title : Dilution: a novel approach in preserving privacy.
year : 2013
author 0 : Christian Gorecki

title : F&uuml;r wahr genommene R&auml;ume: zur Geschichte, Theorie und Praxis des gestalteten Raums.
year : 1997
author 0 : Martin Burckhardt

title : Anwendung der Systemtheorie in der Getriebelehre zur Analyse und Optimierung von Kurvengetrieben.
year : 1983
author 0 : Markus Kupka

title : Synthesis and optimization for logic-in-memory computing using memristive devices.
year : 2018
author 0 : Saeideh Shirinzadeh

title : Komplexit&auml;t bei Graph Grammatiken und Graph Automaten.
year : 1996
author 0 : Konstantin Skodinis

title : Machbarkeitsanalyse von Feldbusanwendungen.
year : 1992
author 0 : Axel Funke

title : Beitrag zur Untersuchung des Paketbildungsprozesses in Paketvermittlungsnetzen.
year : 1982
author 0 : Vladimir Kalchev

title : Optimized information discovery in structured peer-to-peer overlay networks.
year : 2012
author 0 : Faraz Ahmed Memon

title : Transparency- and performance-oriented control of haptic teleoperation systems.
year : 2013
author 0 : Carolina Passenberg

title : Ein Analysemodell zur rechnerbasierten Durchf&uuml;hrung von auditiven Sprachqualit&auml;tsme&szlig;verfahren und seine Realisierung.
year : 1998
author 0 : Thomas Hegehofer

title : Segmentierung und Erkennung fliessender Sprache unter Anwendung selbstorganisierender neuronaler Netzwerke in hierarchischer Architektur.
year : 1994
author 0 : Wolf Dieter Brandt

title : JERKPERT - klinischer Einsatz und Evaluation eines Expertensystems zur Differentialdiagnostik von Nystagmen und anderen Augenbewegungsst&ouml;rungen.
year : 1994
author 0 : Lukas Schmitt

title : Rechnerunterst&uuml;tzter Vergleich der Mischbettverfahren mit Simulation der Probennahme.
year : 1984
author 0 : Thomas Koch 0002

title : Haftung f&uuml;r Datenverarbeitung: Anspr&uuml;che d. Betroffenen.
year : 1988
author 0 : Kai Greve

title : Representation and contextualization for document understanding.
year : 2019
author 0 : Nam Khanh Tran

title : Zur Kopplung von FEM- und CAD-Programmen im Bauwesen &uuml;ber neutrale Datenschnittstellen.
year : 1994
author 0 : Hamed Benali

title : Transponder-Kanalzugriffsverfahren und Slotsynchronisation in mobilen Datenfunknetzen.
year : 1993
author 0 : Dirk H&uuml;bner

title : The influence of personality on software quality.
year : 2020
author 0 : Erica Weilemann

title : Rechnergest&uuml;tzte Planung der Ausbildung einer milit&auml;rischen Lehreinrichtung: eine Probleml&ouml;sung.
year : 1984
author 0 : Wolfgang Richter 0002

title : Einsatz von EDV-Anlagen in Hausarztpraxen: eine Repr&auml;sentativbefragung in Niedersachsen.
year : 1997
author 0 : Andreas Buschhorn

title : Computergest&uuml;tzte Personalauswahl: Entwicklung eines Systems zur Erstellung strukturierter Personalauswahlinterviews.
year : 1993
author 0 : Ralf Kl&ouml;ckner

title : A systematic analysis and hardening of the Java security architecture.
year : 2019
author 0 : Philipp Holzinger

title : Architektur eines workflowbasierten Planungsinstruments f&uuml;r die technische Auftragsbearbeitung unter besonderer Ber&uuml;cksichtigung des Einsatzes der Telearbeit.
year : 1999
author 0 : Stephan Kress

title : Ein Beitrag zum Einsatz neuronaler Netze in der Stereobildverarbeitung.
year : 1991
author 0 : Wolfgang Scheunemann

title : Verification of embedded software models by combining abstract interpretation, symbolic execution and stability analysis.
year : 2019
author 0 : Christian Dernehl

title : Betriebsorganisatorische Beherrschung der rechnergest&uuml;tzten Transportoptimierung im sozialistischen Grosshandel.
year : 1988
author 0 : Friedhelm Zedler

title : SAT solving with message passing.
year : 2016
author 0 : Oliver Gableske

title : Multi-Paradigmensystem OOXSDAR VISIS: ein Beitrag zur Entwicklung von Expertensystemen der zweiten Generation.
year : 1995
author 0 : Thomas Flohr 0003

title : Objektorientierte Bearbeitungsmodelierung f&uuml;r Freiformfl&auml;chen: Erstellung und maschinengebundene Modifikation.
year : 1997
author 0 : Claus Itterheim

title : Verbesserung der Dateiverarbeitungskette in Betriebssystemen durch Nutzung der Skalierbarkeit moderner Kompressionsverfahren.
year : 2015
author 0 : Heiko Sparenberg

title : Anwendung von Expertensystemtechniken zur Diagnose und Optimierung komplexer, variantenreicher verfahrenstechnischer Prozesse.
year : 1997
author 0 : Dirk Radtke

title : Beitrag zum systematischen Entwurf von interaktiven Sprachverarbeitungssystemen (Interpretern) f&uuml;r Mikrorechner.
year : 1984
author 0 : Silva Robak

title : On winning Ehrenfeucht games and monadic NP.
year : 1995
author 0 : Thomas Schwentick

title : Semantische Technologien zur dom&auml;nenspezifischen und formalen Beschreibung von Zeitreihen in Datenbanken.
year : 2014
author 0 : Ulf Noyer

title : RISP, eine digitale Signalprozessor-Architektur mit reduziertem Befehlssatz f&uuml;r Wellen-Digitalfilter.
year : 1991
author 0 : Ulrich Kaiser

title : Die System-Implementierungs-Sprache ALICE.
year : 1983
author 0 : Rainer Woitok

title : Ein Beitrag zur rechnerinternen Modellierung technischer Gebilde f&uuml;r das rechnergest&uuml;tzte Konstruieren mit grafischem Dialog.
year : 1981
author 0 : Bernhard Schwulst

title : Ein CAD-System f&uuml;r die Analyse und Strukturoptimierung von paketvermittelten Datennetzen.
year : 1984
author 0 : Rainer Penzel

title : TOGBAD: ein Verfahren zur Erkennung von Routingangriffen in taktischen multi-hop Netzen.
year : 2012
author 0 : Elmar Gerhards-Padilla

title : Evaluating variant calling tools for non-matched next-generation sequencing data.
year : 2017
author 0 : Sarah Sandmann

title : Entwicklung eines Hybriden Tidemodells.
year : 1979
author 0 : Rolf Wundes

title : Diagnosing software configuration errors via static analysis.
year : 2017
author 0 : Zhen Dong 0004

title : Untersuchung von Codierungsverfahren f&uuml;r die Faksimile&uuml;bertragung von Zeitungsseiten.
year : 1980
author 0 : Bernhard H&uuml;lsen

title : Regular datapaths on field programmable gate arrays.
year : 1997
author 0 : Andreas Koch 0001

title : Ein Beitrag zur rechentechnischen L&ouml;sung analytisch formulierter, bin&auml;rer Problemstellungen mit hoher Variablenzahl im Dialog.
year : 1984
author 0 : Joachim Rei&szlig;

title : Shape-based Machine Perception of Man-Made Objects on Underwater Sensor Data.
year : 2018
author 0 : Daniel K&ouml;hntopp

title : Untersuchungen zur Projektierung von Informationsflusssystemen der Produktionssteuerung.
year : 1992
author 0 : Bodo Viergutz

title : Anwendung klassischer Verfahren und Fuzzy-Logik zur Verbesserung der hydrostatischen H&ouml;henstandsmessung.
year : 1992
author 0 : Frank Worlitz

title : Hierarchische Analyse technischer Systeme mit Petri-Netzen.
year : 1995
author 0 : Stefan Wintz

title : Optimale Methoden der Signalverarbeitung und ihre Anwendung in der kosmischen Fourierspektroskopie.
year : 1983
author 0 : Herbert Jahn

title : CMOS-Schaltnetz-Synthese mit Komplexgattern.
year : 1991
author 0 : Christian Wolters

title : Eignung DV-gest&uuml;tzter Verfahren zur bodenkundlichen Datenerhebung in urbanen R&auml;umen: Kartierung gewerblich, industriell und urban &uuml;berpr&auml;gter B&ouml;den im Stadtgebiet von Hannover auf Grundlage einer digitalen Konzeptkarte.
year : 1994
author 0 : J&uuml;rgen Schneider

title : Leitungsorganisation zum Aufbau einer computerassistierten Fertigungsmittelproduktion im Kombinat des Finalproduzenten.
year : 1990
author 0 : Sylvia Meier

title : IC3 software model checking.
year : 2018
author 0 : Tim Felix Lange

title : Exploratory search in time-oriented primary data.
year : 2015
author 0 : J&uuml;rgen Bernard

title : Exploring Subtasks of Scene Understanding: Challenges and Cross-Modal Analysis.
year : 2020
author 0 : Omid Hosseini Jafari

title : Der Einfluss von Steuerstrukturen auf Eigenschaften deterministischer Programmlogiken.
year : 1985
author 0 : Gisela Sch&ouml;pke

title : Automatic extraction and assessment of entities from the Web.
year : 2012
author 0 : David Urbansky

title : Die &Uuml;bermittlung und Ver&ouml;ffentlichung statistischer Daten im Lichte des Rechts auf informationelle Selbstbestimmung.
year : 1995
author 0 : Holger Poppenh&auml;ger

title : Algebraische Dekodierung &uuml;ber die halbe BCH-Grenze hinaus.
year : 1989
author 0 : Egon Schulz

title : &Uuml;ber den Einsatz von CI-Methoden bei der Ressourcen-Verwaltung in Hochgeschwindigkeitsnetzen.
year : 2001
author 0 : Detlef Jensen

title : Static and dynamic data Management in networks.
year : 1998
author 0 : Berthold V&ouml;cking

title : Bildschirmbediensysteme auf Mikrorechnerbasis.
year : 1987
author 0 : Hartmut Haehnel

title : Zur zeitoptimalen Modellierung von Operationswerken durch Mikrorechnerprogramme.
year : 1984
author 0 : Abdellatif Hamdoun

title : Speech Enhancement Exploiting the Source-Filter Model.
year : 2020
author 0 : Samy Elshamy

title : Bin&auml;re Kodierung synthetischer Hologramme durch additive Modulationsverfahren.
year : 1981
author 0 : Burkhard Schnell

title : Visual data mining of graph based data.
year : 2001
author 0 : Oliver Niggemann

title : Mikrorechnergest&uuml;tzte Systeml&ouml;sung f&uuml;r Leistungsvergleiche und Analysen von und zwischen Betrieben, Kooperationen und Territorien auf der Grundlage des Datenfonds "SBW-Analyse" und anderer zentralisierter Datenbasen.
year : 1989
author 0 : Wolfgang Karbe

title : Flexible object recognition based on invariant theory and agent technology.
year : 2000
author 0 : Thorsten Graf 0001

title : Beitrag zur Produktionsorganisation in der polygrafischen Industrie unter Nutzung der EDV.
year : 1983
author 0 : Klaus-Dieter Maudrich

title : Evaluierung der Energie-Effizienz von Sicherheitsmechanismen in drahtlosen Sensornetzen.
year : 2014
author 0 : Christian Haas 0003

title : Evaluating tools for planning and analysis of RNA-seq data = Evaluation von Anwendungen f&uuml;r die Planung und Analyse von RNA-seq Daten.
year : 2017
author 0 : Alicia Poplawski

title : Formale Validierung eines Verfahrens zur konsistenten Master/Shadow-Festlegung in einem verteilten, nicht uhrensynchronen Avioniksystem.
year : 2017
author 0 : Philipp Luithardt

title : Graph-based methods for unsupervised and semi-supervised data analysis.
year : 2016
author 0 : Syama Sundar Rangapuram

title : Modellgetriebene Validierung von System-Architekturen gegen architekturrelevante Anforderungen: ein Ansatz zur Validierung mit Hilfe von Simulationen.
year : 2014
author 0 : Andr&eacute; Pfl&uuml;ger

title : WAL: eine aktorenbasierte Spezifikationssprache f&uuml;r lexikalisch verteilte Grammatiken und Parser.
year : 1999
author 0 : Susanne Schacht

title : Untersuchungen zur Individualisierung im Physikunterricht durch Nutzung eines integrierten Computerlernsystems.
year : 1994
author 0 : Zbigniew Meger

title : Variationelle 3D-Rekonstruktion aus Stereobildpaaren und Stereobildfolgen.
year : 2012
author 0 : Levi Valgaerts

title : Leveraging Logical and Physical Separation for Mobile Security.
year : 2019
author 0 : Julian Maxim Horsch

title : Wissensbasierte &Uuml;berwachung und Planung in der Fertigung.
year : 1990
author 0 : Alfred Huber

title : Implementierung paralleler numerischer Verfahren mit algorithmischen Skeletten.
year : 2001
author 0 : Thomas Richert

title : Wireless Network Localization via Cooperation.
year : 2021
author 0 : Di Jin

title : Analysis and design of machine learning techniques: evolutionary solutions for regression, prediction, and control problems.
year : 2014
author 0 : Patrick O. Stalph

title : Ein System zur Repr&auml;sentation von deklarativem Gebietswissen f&uuml;r intelligente Tutorsysteme.
year : 1991
author 0 : Gunnar Teege

title : Traceability and model management with executable and dynamic hierarchical megamodels.
year : 2013
author 0 : Andreas Seibel

title : Vision based recognition of gestures with context.
year : 2003
author 0 : Jannik Fritsch

title : Effektivierung der Leistungsbewertung von Rechnersystemen mittels hybrider simulativ/analytischer Verfahren.
year : 1988
author 0 : Frank Burghardt

title : Konsistentes Dokumenten-Engineering mit protokollierten Dokumenten.
year : 1998
author 0 : Henning M&ouml;ller

title : Ein neuer Ansatz zur Problematik der Datenbeschaffung, Integration und Modellbildung bei der Simulation von Materialflu&szlig;systemen.
year : 1997
author 0 : Dirk Markert

title : Kollisionsvermeidung in einem Robotersimulationssystem.
year : 1992
author 0 : Markus a Campo

title : Improving and interpreting machine learning algorithms with applications.
year : 2017
author 0 : Marina M.-C. Vidovic

title : Ein Beitrag zum Entwurf und zur Realisierung einer automatisierten Algorithmenauswahl bei der Steuerung von Programmsystemen f&uuml;r wissenschaftlich-technische Berechnungen.
year : 1984
author 0 : Jochen Mette

title : Beitr&auml;ge zur KI-basierten Erkennung menschlicher Aktivit&auml;ten und zum Einsatz generativer Modelle (GANs): Bewegungsklassifikation und Erlernen interpretierbarer Repr&auml;sentationen.
year : 2020
author 0 : Daniel Wagner 0004

title : Ein Basiskalk&uuml;l f&uuml;r die Verifikation von Eigenschaften synchron interagierender Objekte.
year : 1994
author 0 : Stefan Conrad 0001

title : Der Semantic Building Modeler - Ein System zur prozeduralen Erzeugung von 3D-Geb&auml;udemodellen.
year : 2013
author 0 : Patrick Gunia

title : Klassifikation landwirtschaftlicher Kulturen aus ERS-1 SAR Satellitendaten mit Hilfe Neuronaler Netze.
year : 1996
author 0 : Sebastian Carl

title : Consistent Software Cities: supporting comprehension of evolving software systems.
year : 2012
author 0 : Frank Steinbr&uuml;ckner

title : Messwertgewinnung durch Echtzeitauswertung von Bildfolgen.
year : 1982
author 0 : Gerhard Haas

title : Prototypische Passung endlicher Vereinigungen von Hyperebenen.
year : 1999
author 0 : Stefan Kusterer

title : Brain-computer interfaces for cognitive neuroscience and advanced mental state assessment.
year : 2016
author 0 : Matthias Schultze-Kraft

title : Simulation dynamischer Merkmalskopplungen in einem neuronalen Netzwerkmodell.
year : 1992
author 0 : Peter W. Dicke

title : Die wirtschaftliche Bedeutung des stochastischen Reservebedarfs von Kraftwerkssystemen.
year : 1982
author 0 : Klaus Stender

title : Zur objekt-orientierten Datenverwaltung f&uuml;r rechnergest&uuml;tzte Prozesse der Bauwerksplanung.
year : 1991
author 0 : Dirk Ranglack

title : Automatische Erkennung von Redewiedergabe: ein Beitrag zur quantitativen Narratologie.
year : 2015
author 0 : Annelen Brunner

title : Zusammenhang von Twitter-Stimmung und DAX: DAX-Vorhersage mit Twitter?
year : 2019
author 0 : Julian Schr&ouml;ter 0001

title : Beschreibung, Verwaltung und Ausf&uuml;hrung von Arbeitsabl&auml;ufen im autonomen Datenbank-Tuning.
year : 2012
author 0 : Gennadi Rabinovitch

title : Konzepte zur Anpassung bestehender Systemsoftware an die ISO-Normen f&uuml;r Datei&uuml;bertragung und Datendarstellung.
year : 1989
author 0 : Karl Beschoner

title : Aufbau eines rechnergest&uuml;tzten Informationssystems zur Unterst&uuml;tzung von Planung und Leitung des Gesundheits- und Sozialwesens unter besonderer Ber&uuml;cksichtigung der bezirklichen Ebene.
year : 1989
author 0 : Peter Fink

title : Realit&auml;t und Versprechen von F&uuml;hrungsunterst&uuml;tzungssystemen.
year : 1997
author 0 : J&uuml;rgen Swiontek

title : Extraktion von Bremsstrahlungsereignissen in Proton-Proton-Reaktionen durch Anwendung k&uuml;nstlicher neuronaler Netze.
year : 1995
author 0 : Jens S&ouml;ren Lange

title : Echtzeit-Kollisionsschutz an NC-Drehmaschinen.
year : 1986
author 0 : Ulrich Pilland

title : Multidimensionale Datenbanksysteme: Modellierung und Verarbeitung.
year : 1999
author 0 : Wolfgang Lehner

title : Zur adaptiven Fuzzy-Regelung technischer Systeme.
year : 1995
author 0 : Christof Behmenburg

title : Ordnungsrahmen zur prozessorientierten Organisationsgestaltung. Modelle f&uuml;r das Management komplexer Reorganisationsprojekte.
year : 2001
author 0 : Volker Meise

title : Transformation von Protokollspezifikationen in Kommunikationssoftware.
year : 1991
author 0 : Johannes Freudenmann

title : Rough Set theory und &#945;&#946;&#947;-Automaten: eine Formalisierung qualitativer Aspekte des Lernens und Handelns bei der Regelung komplexer Systeme.
year : 1998
author 0 : Peter Hawighorst

title : Entwurf eines Entscheidungsunterst&uuml;tzungssystems f&uuml;r unternehmerische Entscheidungen, dargestellt am Beispiel der Instandhaltung.
year : 1990
author 0 : Kathrin Heise

title : Toward global robust optimization.
year : 2014
author 0 : Markus Beckers

title : Optimierung thermischer Verh&auml;ltnisse bei der Bahnplanung f&uuml;r das thermische Spritzen mit Industrierobotern.
year : 2017
author 0 : Daniel Hegels

title : Realisierung des Komplexes Speicherverwaltung innerhalb des Entwurfssystems SESAD.
year : 1987
author 0 : Manfred Leisenberg

title : Ein Beitrag zur kognitiven Modellierung regelungstechnischer Systeme unter Ber&uuml;cksichtigung heuristischer und analytischer Merkmale.
year : 1995
author 0 : J&ouml;rg F. Wollert

title : Dynamische Implementierung von ICIx-Anfragen.
year : 2019
author 0 : Alexander Adam

title : Ein System zur kompakten und rechenzeiteffizienten VLSI-Layouttranslation unter Ber&uuml;cksichtigung von Regelwissen.
year : 1989
author 0 : Robert Ke&szlig;ler

title : Facilitating Collaborative Ontology-Based Annotations in Communities of Interest.
year : 2014
author 0 : Malte Kiesel

title : Routingprobleme und die gruppenspezifische Simulation von Shared Memory auf verteilten Systemen.
year : 1998
author 0 : Thomas Seifert

title : Enhanced Test Case Generation with the Classification Tree Method.
year : 2014
author 0 : Peter M. Kruse

title : Parallel multi-scale-simulations with octrees and coupled applications = Parallele Multi-Skalen Simulationen mit Octrees und gekoppelte Anwendungen.
year : 2016
author 0 : Harald Klimach

title : Contributions to the integration of tools and techniques for the development of heterogenous embedded real time systems.
year : 1998
author 0 : Johannes Ernst

title : Modellbildung und computergest&uuml;tztes Modellieren in fr&uuml;hen Phasen des architektonischen Entwurfs.
year : 1997
author 0 : Frank Steinmann

title : Untersuchung der Eignung von genetischen Algorithmen zur simultanen Termin- und Kapazit&auml;tsplanung.
year : 1994
author 0 : Ulrich Stache

title : Sustainable trusted computing: a novel approach for a flexible and secure update of cryptographic engines on a trusted platform module.
year : 2013
author 0 : Sunil Dath Kumar Malipatlolla

title : Massiv parallele Str&ouml;mungssimulation mit adaptiver Finite-Elemente-Methode auf unstrukturierten Netzen mit dynamischer Lastverteilung.
year : 1995
author 0 : Frank Lohmeyer

title : "Kritische Grammatik" und K&uuml;nstliche Intelligenz: ein Beitrag zur Bedeutungstheorie.
year : 1989
author 0 : Andreas Baumert

title : System identification of computer networks with random service.
year : 2014
author 0 : Ralf L&uuml;bben

title : Ein Beitrag zur L&ouml;sung schwach strukturierter Entscheidungssituationen in der &Ouml;konomie unter Nutzung mathematischer, statistischer und kybernetischer Methoden sowie der Informatik.
year : 1989
author 0 : Friedrich Hartl

title : Selbst&auml;ndig lernende neuronale Steuerungen.
year : 1997
author 0 : Martin A. Riedmiller

title : Einsatz der Mikrorechentechnik zur Kontrolle und Steuerung von technologischen Spezialausr&uuml;stungen in der Elektronikindustrie.
year : 1985
author 0 : Thomas B&uuml;ttner

title : TIMEA: Time-triggered message-based multicore architecture for AUTOSAR.
year : 2020
author 0 : Mois&eacute;s Ignacio Urbina Fuentes

title : Graphische Beschreibung von objektorientierten Programmen.
year : 1992
author 0 : Bernd Hindel

title : Softwarekonzept f&uuml;r dezentralisierte prozessnahe Automatisierungseinrichtungen insbesondere f&uuml;r das dezentralisierte prozessnahe Automatisierungsger&auml;tesystem DPA 02.
year : 1989
author 0 : Peter Rissling

title : Computergest&uuml;tzte betriebliche Weiterbildung in offenen Kommunikationssystemen.
year : 1991
author 0 : Peter Schn&uuml;ckel

title : Coordination algorithms for supply and demand matching in future power networks.
year : 2016
author 0 : Rashad Badawy

title : Gestikbasierte Mensch-Maschine-Kommunikation auf der Grundlage visueller Aufmerksamkeit und Adaptivit&auml;t.
year : 2000
author 0 : Robert Rae

title : Objektorientierte Konzepte bei der Synthese und Optimierung von Steuerwerksarchitekturen hoher Regularit&auml;t.
year : 1999
author 0 : Karsten Pahnke

title : Zur Benutzbarkeit assoziativer Verkn&uuml;pfungen in verteilten Informationssystemen: Entwicklung und Evaluation von Konzepten zur Optimierung der Navigation in offenen, verteilten Hypertext-Informationssystemen gezeigt am World Wide Web.
year : 2012
author 0 : Harald Weinreich

title : Dynamische Modelle f&uuml;r reaktive Systeme mit Daten.
year : 2000
author 0 : Thomas Gehrke

title : Markov Chain Monte Carlo sampling for dependency trees.
year : 2014
author 0 : Christoph Teichmann

title : Die Dokumentation des Sektionsgutes mit Hilfe eines Computers.
year : 1981
author 0 : Br&uuml;nhild Ulonska

title : Development and Implementation of an Adaptive Human-Machine Interface based on Ear Muscle Signals.
year : 2016
author 0 : Michele Ren&eacute; Tuga

title : Der Einsatz von Data Mining und Machine Learning in der See-&Ouml;kosystem-Modellierung.
year : 2013
author 0 : Marco Brey 0002

title : Quality of service aware routing protocol for a self-organized communication network.
year : 2016
author 0 : Aymen Dawood Salman

title : Gesprochener Mensch-Maschine-Dialog.
year : 1996
author 0 : Wieland Eckert

title : On the security of DES and DES-like block ciphers against differential cryptanalysis.
year : 2000
author 0 : Taraneh Eghlidos

title : Operating Room Specific Domain Model for Usability Evaluations and HCI Design.
year : 2012
author 0 : Ali Bigdelou

title : Complex network embedding in the hyperbolic space using non-linear unsupervised machine learning techniques.
year : 2017
author 0 : Josephine Maria Thomas

title : Ein Beitrag zum rechnergest&uuml;tzten Layoutentwurf integrierter Festk&ouml;rperschaltkreise.
year : 1976
author 0 : Hans-J&ouml;rg Nowottne

title : Ein systematischer Zugang zur hardwarenahen Programmierung in h&ouml;heren Programmiersprachen.
year : 1987
author 0 : Wilfried Grafik

title : Ensemble dependency parsing across languages: methodological perspectives.
year : 2021
author 0 : Agnieszka Falenska

title : Polar Coding: Finite-Length Aspects.
year : 2015
author 0 : Mathis Seidl

title : Schritthaltende Auswertung von EKG-Signalen durch ein symbolisches Klassifikationsverfahren.
year : 1986
author 0 : Horst Ludwig

title : Connectionist choice models: theoretical and empirical aspects of a mathematical model.
year : 1992
author 0 : Hermann Rodenhausen

title : Rechnergest&uuml;tzte Wiederverwendung digitaler Schaltungsmodule.
year : 1999
author 0 : Annette Reutter

title : Entwicklung von Algorithmen zur st&ouml;rfesten Rahmensynchronisation im bin&auml;ren Kanal mit Bitaustausch- und Bittaktfehlern.
year : 1987
author 0 : Peter Lieckfeldt

title : Das Harninkontinenzregister: ein Beispiel f&uuml;r Dokumentation und Auswertung medizinischer Daten unter Nutzung von Personalcomputern.
year : 1990
author 0 : Jan Ilg

title : On the benefits of cooperation for dependable wireless communications.
year : 2021
author 0 : Martin Serror

title : Entwicklung eines Informationssystems zur strategischen Planung des Werkzeugbaus: ein Beitrag zur Strategiefindung auf Basis von Benchmarking-Ergebnissen.
year : 1995
author 0 : Alexander Pollack

title : DNA-basierte Nanonetzwerke.
year : 2021
author 0 : Florian-Lennert Adrian Lau

title : Generative Training and Smoothing of Hierarchical Phrase-Based Translation Models.
year : 2017
author 0 : Stephan Peitz

title : Supervised and semi-supervised statistical models for word-based sentiment analysis.
year : 2014
author 0 : Christian Scheible

title : Markttransparenz in der Telekommunikation: Chancen und Empfehlungen zur Realisierung mittels Internet.
year : 1997
author 0 : Christian Eggenberger

title : Hyperelliptic cryptosystems: efficiency and subexponential attacks.
year : 2000
author 0 : Andreas Enge

title : Kognitive Dynamik: dynamische kognitive Systeme am Beispiel der Textdeixis.
year : 1999
author 0 : Max Horneck

title : Formal methods for automated debugging.
year : 2017
author 0 : Heinz Riener

title : Grundlagen der rechnergest&uuml;tzten Projektierung (CAD) f&uuml;r Anlagen in industriellen Elektroenergiesystemen auf der Basis komplexer Programmsysteme.
year : 1989
author 0 : Hans-Joachim Lorenz

title : Adding value to text with user-generated content.
year : 2018
author 0 : Toni Gr&uuml;tze

title : Design of a Self-Organizing MAC Protocol for Dynamic Multi-Hop Topologies.
year : 2018
author 0 : Clemens M&uuml;hlberger

title : Vorteile der mikroprozessorgesteuerten HPLC bei photokinetischen Untersuchungen.
year : 1984
author 0 : Thomas Klink

title : 3D-Computergraphik zum Visualisieren von geologischen Strukturen und simulierten geologischen Prozessen.
year : 1991
author 0 : Herbert Klein
author 1 : Christoph Ramshorn

title : L&ouml;sung von dynamischen Steuerungsproblemen durch Ein- und Zweiebenen-Optimierungsmethoden mit Anwendungen aus Land- und Wasserwirtschaft.
year : 1987
author 0 : Horst Puta

title : Der Zugriff auf Computerdaten im Strafverfahren.
year : 1992
author 0 : Wolfgang B&auml;r 0003

title : Eine Pr-T-Netz-basierte, durchg&auml;ngige Entwurfsmethodik f&uuml;r eingebettete Realzeitsysteme.
year : 2001
author 0 : J&uuml;rgen Tacken

title : Mustererkennung mit optisch generierten Korrelationssignalen in einem Hybriden optisch-digitalen Prozessor.
year : 1984
author 0 : Thomas Karte

title : Mathematisches Modell zur Simulation von Abflussganglinien in Vorflutern mit schneebedecktem Einzugsgebiet im Mittelgebirge.
year : 1979
author 0 : Carl-Wolfgang Stintzing

title : Analyzing the range barrier to electric vehicle adoption: the case of range anxiety.
year : 2016
author 0 : Matthias Eisel

title : Aufbau und Implementierung eines digitalen Simulationssystems f&uuml;r die Antriebstechnik.
year : 1981
author 0 : Uwe Schelinski

title : Merkmale deutscher Plosive aus der Sicht der automatischen Spracherkennung.
year : 1993
author 0 : J&ouml;rg Helbig

title : Informationssysteme auf der Basis aktiver Hypertextdokumente.
year : 2001
author 0 : Eckhart K&ouml;ppen

title : Datengetriebene Methoden zur Bestimmung von Position und Orientierung in funk- und tr&auml;gheitsbasierter Koppelnavigation.
year : 2021
author 0 : Tobias Feigl

title : Softwareentwurf und dessen Hilfsmittel f&uuml;r die Automatisierung industrieller Elektroenergiesysteme.
year : 1984
author 0 : G&ouml;tz Neumann

title : Linguistic interpretation of visual contents via Deep Learning.
year : 2019
author 0 : Ali Sharifi Boroujerdi

title : Schema-Matching in r&auml;umlichen Datens&auml;tzen durch Zuordnung von Objektinstanzen.
year : 2020
author 0 : Birgit Kieler

title : The cryptographic security of the German electronic identity card.
year : 2013
author 0 : &Ouml;zg&uuml;r Dagdelen

title : Verteilte Prozesskontrolle in ressourcenbasierten Architekturen.
year : 2013
author 0 : Martin Sugioarto

title : Ferocious logics: unmaking the algorithm.
year : 2018
author 0 : Luke Munn

title : Identification of timed behavior models for diagnosis in production systems.
year : 2015
author 0 : Alexander Maier

title : Sensitivit&auml;ts-Analyse von Scheduling-Algorithmen.
year : 1988
author 0 : Horst Steppat

title : Probabilistic learning of indexed families under monotonicity constraints: hierarchy results and complexity aspects.
year : 2001
author 0 : L&eacute;a Meyer

title : Modellbasierte Bewegungssch&auml;tzung in Bildfolgen.
year : 1994
author 0 : Christoph Stiller

title : Provenance-based visual data exploration.
year : 2021
author 0 : Houssem Ben Lahmar

title : Tool construction for process centred software development environments based on object databases.
year : 1995
author 0 : Wolfgang Emmerich

title : Modeling of dynamic systems with Petri nets and fuzzy logic.
year : 2013
author 0 : Lukas Windhager

title : Die Unternehmensarchitektur als Instrument der strategischen Kontrolle.
year : 2014
author 0 : Beate Hartmann

title : Computerunterst&uuml;tzte Planung von chirurgischen Eingriffen in der Orthop&auml;die.
year : 1990
author 0 : Johann Prasch

title : Untersuchungen zur automatischen Sprachen-Identifikation auf der Basis der Phonotaktik, Akustik und Prosodie.
year : 1999
author 0 : Jir&iacute; Navr&aacute;til 0001

title : Studies of the visual orientation behavior of flies using the artificial life approach = Untersuchungen des visuellen Orientierungsverhaltens von Fliegen unter Verwendung des Artificial-Life-Ansatzes.
year : 1997
author 0 : Susanne A. Huber

title : Investigating minimally strict functions in functional programming.
year : 2011
author 0 : Jan Christiansen

title : Dudle: mehrseitig sichere Web 2.0-Terminabstimmung.
year : 2011
author 0 : Benjamin Kellermann

title : Elektronische Handb&uuml;cher zur Unterst&uuml;tzung der wissensbasierten Fehlerdiagnose.
year : 1995
author 0 : Martin Hollender

title : Exploiting background knowledge on evolving objects to identify relevant dimensions for classification.
year : 2019
author 0 : Tommy Hielscher

title : Themenerkennung in Twitter unter Ber&uuml;cksichtigung von Meinungs&auml;usserungen: PoliTwi ; eine Analyse politischer Themen.
year : 2016
author 0 : Sven Rill

title : Signal processing methods for music synchronization, audio matching, and source separation.
year : 2012
author 0 : Sebastian Ewert

title : Ontology-Based Architecture Enforcement: Defining and Enforcing Software Architecture as a Concept Language using Ontologies and a Controlled Natural Language.
year : 2020
author 0 : Sandra Schr&ouml;der

title : Konzeption von Kernnetzknoten: Referenzmodelle f&uuml;r Design und Implementierung.
year : 2001
author 0 : Nicolai A. Kr&auml;mer

title : Construction of a 3D facial model for tracking and animation.
year : 2013
author 0 : Moritz Kaiser

title : Sediment transport computation using a data-driven adaptive neuro-fuzzy modelling approach.
year : 2012
author 0 : Habtamu Gezahegn Tolossa

title : Pr&uuml;fung der Biokompatibilit&auml;t von Implantatwerkstoffen mit Methoden der digitalen Bildverarbeitung.
year : 2015
author 0 : Sven Buhl

title : Towards Immersive Telepresence: Stereoscopic 360-degree Vision in Realtime.
year : 2019
author 0 : Tamay Aykut

title : Parallelisierbare Erkennung trihedraler, starrer und statischer Polyeder in einzelnen hochaufl&ouml;senden Abstandsbildern.
year : 1997
author 0 : Volker G. Vogelgesang

title : Inferring Proteolytic Processes from Mass Spectrometry Time Series Data.
year : 2013
author 0 : Stephan Aiche

title : Robust Scalable Sorting.
year : 2021
author 0 : Michael Axtmann

title : Zur Planbarkeit der Arbeitslast eines Rechnersystems in der Forschung: untersucht im Bereich der molekularbiologischen Grundlagenforschung (Analyse und Vorschlag).
year : 1989
author 0 : Wilfried Moepert

title : Objektorientierter Schemaentwurf: Konzepte und Realisierungen.
year : 1992
author 0 : Martin Nagler

title : New approaches to investigating sex-biased admixture in southern African populations.
year : 2020
author 0 : Vladimir Bajic

title : Ein mathematisches Modell zum thermischen Verhalten einer Flugzeugkabine.
year : 1982
author 0 : Xiugan Yuan

title : Ein mehrstufiger Detektor f&uuml;r Lesesignale von magnetischen Plattenspeichern.
year : 1994
author 0 : Klaus Enk

title : Mapping data and algorithm structures on selected efficient multiprocessor networks.
year : 1993
author 0 : Sabine R. &Ouml;hring

title : Geographische Informationssysteme in der kommunalen Planungspraxis am Beispiel einer stadtklimatologischen Raumanalyse und Raumbewertung.
year : 1993
author 0 : Fabian Dosch

title : Quality of experience-driven multi-dimensional video adaptation.
year : 2014
author 0 : Fan Zhang 0026

title : Datenflusssemantiken f&uuml;r Petrinetze.
year : 1993
author 0 : Robert Gold

title : Datenschutz in Online Social Communities aus Nutzerperspektive.
year : 2012
author 0 : Stefanie P&ouml;tzsch

title : Robustness aspects of signal network simulation.
year : 2008
author 0 : Christian Wawra

title : Attributed algebraic specifications.
year : 1996
author 0 : Bernhard Bauer

title : Citation-based Plagiarism Detection: applying citation pattern analysis to identify currently non-machine-detectible disguised plagiarism in scientific publications.
year : 2013
author 0 : Bela Gipp

title : Spezifikation und Synthese aus taktfreien VHDL Verhaltensbeschreibungen.
year : 1997
author 0 : Peter Gutberlet

title : Strukturelle Untersuchungen im Umfeld der Komplexit&auml;tsklassen P und NP unter besonderer Ber&uuml;cksichtigung nichtuniformer, probabilistischer und disjunktiv selbstreduzierender Algorithmen.
year : 1989
author 0 : J&uuml;rgen K&auml;mper

title : Sicherstellung von Software Qualit&auml;t im Testprozess = Ensuring software quality in the testing process.
year : 2018
author 0 : Vincent von Hof

title : Self-organizing Ad-hoc Mobile Robotic Networks.
year : 2012
author 0 : Emi Mathews

title : Handwriting recognition using neural networks and hidden Markov models.
year : 1995
author 0 : Markus E. Schenkel

title : Stellenbewerbung und Datenschutz.
year : 1997
author 0 : Roger Rudolph

title : Vom Paragraf zum Hypertext: Strategien der globalen Textorganisation in Online-Hilfetexten der Softwaredokumentation.
year : 2002
author 0 : Claudia Villiger

title : CDL: eine Sprache f&uuml;r die Zellularverarbeitung auf verschiedenen Zielplattformen.
year : 1998
author 0 : Christian Hochberger

title : Optimalit&auml;tsaussagen f&uuml;r spezielle stochastische Schedulingprobleme.
year : 1985
author 0 : Thomas K&auml;mpke

title : ISP traffic management via flow optimization.
year : 2019
author 0 : Emmanuel Obi Akonjang

title : Schwache Fragmente der Arithmetik und Schwellwertschaltkreise beschr&auml;nkter Tiefe.
year : 1996
author 0 : Jan Johannsen

title : Complete subgraphs of random graphs.
year : 2002
author 0 : Thomas Schickinger

title : Combining physiological data and context information as an input for mobile applications.
year : 2017
author 0 : Claudia Stockhausen

title : Eine vollst&auml;ndig verifizierte, ausf&uuml;hrbare Formel&uuml;bersetzung &agrave; la SPIN.
year : 2015
author 0 : Alexander Schimpf

title : Strategien zur On-line-Bahnplanung bei Robotern mit 3D-Konturfolgesensoren.
year : 1995
author 0 : Wilhelm Trunzer

title : Entwurf und Implementierung eines graphischen Animationsmoduls f&uuml;r das Simulationssystem AMTOS: ein objektorientiertes Modell unter besonderer Ber&uuml;cksichtigung software-ergonomischer Kriterien.
year : 1994
author 0 : Sven von K&auml;nel

title : Feature Localization and Design Understanding for Hardware Designs.
year : 2016
author 0 : Jan Malburg

title : Hierarchisch strukturiertes Modellsystem zur simulativen Verhaltensanalyse busorientierter, modularer Multi-Mikrorechner-Systeme.
year : 1992
author 0 : Karsten Burges

title : Sicherheitsmanagement in offenen Kommunikationssystemen: Sicherheitsarchitektur f&uuml;r eine electronic Mall.
year : 1995
author 0 : Hans Meli-Isch

title : Statische Programmanalyse zur Unterst&uuml;tzung der Wartung objektorientierter Applikationen.
year : 1999
author 0 : Jinhua Li

title : Petri-Netz-basierte Verifikation von funktionalen Testf&auml;llen.
year : 2012
author 0 : Sebastian Thiel 0001

title : Discourse-Givenness of Noun Phrases: theoretical and computational models.
year : 2014
author 0 : Julia Ritz

title : Mathematische Modellierung des Ammoniumbisulfitaufschlusses von Buchenhackschnitzeln.
year : 1983
author 0 : Herbert Furumoto

title : Multimikrorechnersystem f&uuml;r die innerbetriebliche Rationalisierung.
year : 1988
author 0 : Falk-Dietmar K&uuml;stermann

title : Beitrag zur Kopplung von Oberfl&auml;chen- und Grundwassermodellen.
year : 1985
author 0 : Bernd Rechenberger

title : Entscheidungskriterien bei der Konzipierung von Hardware-Software-Funktionen f&uuml;r mikroprozessorgesteuerte Ger&auml;te.
year : 1989
author 0 : Peter Weber

title : Domain Modeling Using Qualitative Data Analysis.
year : 2021
author 0 : Andreas Kaufmann

title : DV-gest&uuml;tzte F&uuml;hrungsinformationssysteme: konzeptionelle Anforderungen und Gestaltungsm&ouml;glichkeiten.
year : 1999
author 0 : Burkhard Fritz

title : Monte-Carlo-Simulationen stochastischer Transportprozesse unterschiedlicher Dimensionalit&auml;t in biologischen Systemen.
year : 1988
author 0 : Beatrix Kleutsch

title : Graphikbasierte Beweisverfahren f&uuml;r konditionale nichtmonotone Logiken.
year : 1995
author 0 : Panagiotis Papakostas

title : Specification and correct implementation of non-sequential systems combining abstract data types and Petri nets.
year : 1989
author 0 : Heinz W. Schmidt

title : From simulation to reality: migration of humanoid robot control.
year : 2014
author 0 : Yuan Xu 0001

title : Entwurfsszenario f&uuml;r Multimedia-Anwendungen und ihre Implementation mit relationalen und objektorientierten Datenbanksystemen.
year : 1993
author 0 : Carolin Engel

title : Entwurf eines interaktiven, die Wiederverwendung von Software unterst&uuml;tzenden Browser-Werkzeuges.
year : 1993
author 0 : Steffen Klotz

title : Untersuchung diffus spiegelnder Oberfl&auml;chen mittels Infrarotdeflektometrie.
year : 2017
author 0 : Sebastian H&ouml;fer

title : Ereignisfilter: algebraische und topologische Elemente der formalsemantischen Rekonstruktion von Aktionsart und Aspekt.
year : 1989
author 0 : Antje Ro&szlig;deutscher

title : Ein Vergleich verschiedener Verfahren zur Optimierung mehrlagiger Perzeptron-Netze f&uuml;r die Modellierung dynamischer Systeme mit chaotischem Verhalten.
year : 1998
author 0 : Siegfried Ergezinger

title : Sequentielle stochastische Investitionsplanung.
year : 1983
author 0 : Heinrich Haumer

title : Zur Portierung eines C-Compilers auf 16-Bit-Mikroprozessoren.
year : 1987
author 0 : Ingo Schrewe

title : Typerweiterungen im eNF2-Datenmodell.
year : 1995
author 0 : Manfred Paul 0002

title : Modellierung inhomogener sph&auml;risch-symmetrischer Akkretion auf Neutronensterne mit Hilfe zellul&auml;rer Automaten.
year : 1992
author 0 : Valentin Demmel

title : Dezentrale Netzwelten als Interaktions- und Handelsplattformen.
year : 2013
author 0 : Hauke Coltzau

title : Automatic Performance Optimization of Stencil Codes.
year : 2020
author 0 : Stefan Kronawitter

title : Automatic generation of software applications: a platform-based MDA approach.
year : 2014
author 0 : Dong Liang 0003

title : Entwicklung eines rechnergesteuerten Windenergiekonverters f&uuml;r experimentelle Untersuchungen.
year : 1984
author 0 : Manfred M&uuml;ller

title : Ein operatives numerisches System der Kontrolle und Analyse meteorologischer Felder f&uuml;r die numerische Wettervorhersage im Nationalen Meteorologischen Zentrum der DDR.
year : 1983
author 0 : Karl Hartwig Stahnke-Jungheim

title : Digitale Diagnostik und Dokumentation in der Kieferorthop&auml;die: Entwicklung eines Modells mit den derzeit bestehenden technischen M&ouml;glichkeiten.
year : 2003
author 0 : Stephen Marcus Sipeer

title : Anwendung systemtheoretischer Methoden bei der Berechnung der Dynamik chemisch-technologischer Prozesse.
year : 1982
author 0 : Rainer Nieswand

title : Real-time simulation of time-of-flight sensors and accumulation of range camera data.
year : 2016
author 0 : Maik Keller

title : Personal and Password-Based Cryptography.
year : 2018
author 0 : Kai Samelin

title : Supervised machine learning assisted real-time flow classification system: a real-time approach to flow classification.
year : 2010
author 0 : Isara Anantavrasilp

title : Heterogeneous Reconstruction Approaches for Object and Scene Representation.
year : 2016
author 0 : Bernd Krolla

title : Characterizing Load and Communication Imbalance in Parallel Applications.
year : 2014
author 0 : David B&ouml;hme

title : Automatic Extraction and Selection of Workload Specifications for Load Testing and Model-Based Performance Prediction.
year : 2018
author 0 : Christian V&ouml;gele

title : Scaling data mining in massively parallel dataflow systems.
year : 2016
author 0 : Sebastian Schelter

title : Ein Inferenzmechanismus zum beispielbasierten Lernen nat&uuml;rlicher nat&uuml;rlicher Sprache.
year : 1993
author 0 : Thorsten Hasbargen

title : Quantitative Bewertung hochverf&uuml;gbarer Systeme.
year : 2003
author 0 : Max Walter

title : Ein objektorientiertes Interaktionsmodell zur Unterst&uuml;tzung verteilter virtueller Umgebungen.
year : 1998
author 0 : Wolfgang Broll

title : Beitrag zur Erstellung von Steuerprogrammen f&uuml;r speicherprogrammierte Systeme mit Hilfe von petrinetz-unterlegten Funktionspl&auml;nen.
year : 1984
author 0 : Klaus Engelmann

title : Qualit&auml;tsinformationssysteme.
year : 1992
author 0 : Tim Schlange

title : Dynamische Modifikation zur Unterst&uuml;tzung von Programm-Entwicklung und -Ablauf.
year : 1990
author 0 : Heribert Baldus

title : Computational complexity of graph polynomials.
year : 2011
author 0 : Christian Hoffmann 0001

title : Semantischer Assistent f&uuml;r die flexible Modellierung und Echtzeit-Planung von Engineering Change-Prozessen.
year : 2017
author 0 : Youssef Aidi

title : Design Space Exploration for Building Automation Systems.
year : 2013
author 0 : Ali Cemal &Ouml;zl&uuml;k

title : Signature-based algorithms to compute standard bases.
year : 2012
author 0 : Christian Eder

title : Lagrangian feature extraction in two-dimensional unsteady flows : concepts and algorithms.
year : 2012
author 0 : Jens Kasten

title : Steroidrezeptorstatus humaner Tumoren: Entwicklung u. Einsatz e. computergesteuerten Analyse- u. Auswertesystems f&uuml;r zytosol. Steroidrezeptoren.
year : 1984
author 0 : Dieter Petzinna

title : Entwicklung rechnergest&uuml;tzter Informationssysteme zur Leitung, Planung, Abrechnung und Kontrolle der Land-, Forst- und Nahrungsg&uuml;terwirtschaft durch die Fachorgane f&uuml;r Land-, Forst- und Nahrungsg&uuml;terwirtschaft der R&auml;te der Bezirke und durch die Fachorgane f&uuml;r Land- und Nahrungsg&uuml;terwirtschaft der R&auml;te der Kreise.
year : 1988
author 0 : Siegfried Eisold

title : Data fusion and conflict resolution in integrated information systems.
year : 2010
author 0 : Jens Bleiholder

title : Generierung kooperativer nat&uuml;rlichsprachlicher Antworten in einem Dialogsystem mit Zugang zu relationalen Datenbanken.
year : 1988
author 0 : Heinz Marburger

title : Optimierte Selbsttestprogramme f&uuml;r Mikroprozessoren.
year : 1984
author 0 : Axel G&auml;rtner

title : Drawing Dynamic Graphs by Stress Minimization.
year : 2016
author 0 : Martin Mader

title : Systemanalytische Betrachtung der Personalbedarfsermittlung im Normalpflegebereich eines Krankenhausbetriebes.
year : 1984
author 0 : Roland Trill

title : Visualization of Large Document Corpora.
year : 2012
author 0 : Hendrik Strobelt

title : Ein Beitrag zur Verarbeitung von Sprachsymbolketten in phonetischen Kommunikationssystemen.
year : 1977
author 0 : Klaus P&uuml;schel

title : Neue Verfahren zur rechnergesteuerten Bestimmung von Acidit&auml;tskonstanten zweibasiger S&auml;uren aus potentiometrischen Titrationskurven.
year : 1989
author 0 : Udo Kurzknabe

title : Towards realistic and simple models of parallel computation.
year : 1996
author 0 : Rolf Niedermeier

title : Voice over IP capacity of IEEE 802.11 WLAN and IEEE 802.21 based interworking performance of WLAN and mobile LTE networks.
year : 2013
author 0 : Ralf Jennen

title : Planungs- und Steuerungssystem f&uuml;r die Mikromontage mit Mikrorobotern.
year : 2003
author 0 : J&ouml;rg Seyfried

title : Modeling Epistemic and Aleatoric Uncertainty with Bayesian Neural Networks and Latent Variables.
year : 2019
author 0 : Stefan Depeweg

title : Strukturmodell zum Datenaustausch im Facility Management.
year : 2020
author 0 : Niels Bartels

title : Neuartige Algorithmen zur rechnergest&uuml;tzten Segmentierung von Hirntumoren: visual computing in der Lokalisationsdiagnostik.
year : 1997
author 0 : Christoph Busch 0001

title : Prolog.B: Grundlagen, Beschreibung, Handbuch.
year : 1983
author 0 : Ulrich Geske

title : Towards energy aware wireless network operation: analysis and algorithms for load aware network topology control.
year : 2017
author 0 : Emmanuel Pollakis

title : High-dimensional and low-quality visual information processing: from structured sensing and understanding.
year : 2015
author 0 : Yue Deng

title : Cooperative Source Seeking and Level Curve Tracking for Multi-Agent Systems.
year : 2017
author 0 : Esteban Rosero

title : Untersuchungen zum Zusammenhang zwischen dem allgemeinen quadratischen Optimierungsproblem und dem zugeordneten linearen Komplementarit&auml;tsproblem.
year : 1985
author 0 : J&uuml;rgen Sommerschuh

title : Pfadanalyse stochastischer Netzwerke.
year : 1996
author 0 : Bernd Heidergott

title : Actionable Program Analyses for Improving Software Performance.
year : 2019
author 0 : Marija Selakovic

title : Objektorientierte Abstraktionen als gemeinsame Datenstrukturen in massiv parallelen Rechnern.
year : 1996
author 0 : Konstantin Trachos

title : Offen konfigurierbare Kommunikationsankopplungen f&uuml;r vernetzte Steuerungen.
year : 1994
author 0 : Viktor Nikolaus Buding

title : Ein konstruktiver Ansatz f&uuml;r Kommunikations-Transport-Dienste unterschiedlicher Unix-Systeme.
year : 1989
author 0 : Klaus-J&uuml;rgen Schulz

title : Konzeption und Realisierung von Software-Komponenten eines integrierten Entwurfs- und Diagnosesystems f&uuml;r VLSI-Schaltkreise.
year : 1990
author 0 : Torsten Musiol

title : Towards a theory for designing machine learning systems for complex decision making problems.
year : 2020
author 0 : Schahin Tofangchi

title : Designing Attentive Information Dashboards with Eye Tracking Technology.
year : 2020
author 0 : Peyman Toreini

title : Contextual influences in hierarchical motion and form processing - a modeling study in bio-mimetic architecture.
year : 2016
author 0 : Stephan Tschechne

title : Mathematisches Modell zur effektiven Informationsrepr&auml;sentation kausaler medizinischer Zusammenh&auml;nge und seine Anwendung in einem computerunterst&uuml;tzten neurologischen Therapieentscheidungsverfahren.
year : 1985
author 0 : Klaus Spitzer 0001

title : Control Centrality in Non-Linear Biological Networks.
year : 2017
author 0 : Stefan Karl

title : Secure and efficient processing of outsourced data structures using trusted execution environments.
year : 2021
author 0 : Benny Fuhry

title : Konstruktive Datenmodellierung: die Konstruktion von Datenbankstrukturen aus dv-technischer und fachspezifischer Sicht.
year : 1999
author 0 : Gregor Grabenbauer

title : Application mapping methodologies for invasive NoC-based architectures = Methoden zur Anwendungsabbildung auf invasive NoC Architekturen.
year : 2017
author 0 : Andreas Weichslgartner

title : Verteiltes Rechnen in SAC-2.
year : 1990
author 0 : Steffen Seitz 0001

title : Histometrische und histologische Untersuchungen an Gefl&uuml;gelw&uuml;rsten.
year : 1971
author 0 : Klaus-Dieter Kratz

title : Hilfsinformationssysteme zur Unterst&uuml;tzung der Gestaltung betrieblicher Informationssysteme: Entwicklungs- u. Anwendungsm&ouml;glichkeiten von Instrumenten zur computergest&uuml;tzten Aufgabenanalyse, Programmgenerierung u. Datenorgansation.
year : 1977
author 0 : Volker Schaedel

title : Zustandssicherungs- und Wiederanlaufverfahren f&uuml;r verteilte Netzbetriebssysteme mit dynamischer Redundanz.
year : 1981
author 0 : Manfred Patz

title : Bringing Database Management Systems and Video Game Engines Together.
year : 2021
author 0 : Daniel O'Grady

title : Digitale akustische Daten&uuml;bertragung &uuml;ber ein System kontinuierlich ver&auml;nderlicher Frequenzen: Entwicklung und Test eines bionischen Verfahrens f&uuml;r die Unterwasser-Kommunikation.
year : 2000
author 0 : Konstantin G. Kebkal

title : Objektorientierte Referenzmodellierung: theoretische Grundlagen und praktische Anwendung.
year : 1999
author 0 : Ansgar Schwegmann

title : TermPicker: Recommending Vocabulary Terms for Reuse When Modeling Linked Open Data.
year : 2017
author 0 : Johann Schaible

title : Eine Mensch-Maschine-Schnittstelle zur R&uuml;ckf&uuml;hrung der Kippstabilit&auml;t von Arbeitsplattformen.
year : 1993
author 0 : Rolf Kurt Truninger

title : Die Einsatzm&ouml;glichkeiten von Expertensystemen zur Unterst&uuml;tzung von Beschaffungsentscheidungen in Handelsbetrieben.
year : 1992
author 0 : Dirk Mahnkopf

title : Entwicklung und Anwendung eines parallelen direkten Hartree-Fock-Programmes f&uuml;r MIMD-Rechner.
year : 1992
author 0 : Armin Burkhardt

title : Building trust through communication via websites in the context of cloud computing.
year : 2015
author 0 : Ayten &Ouml;ks&uuml;z

title : Grundlagenuntersuchungen zur Entwicklung eines Verdrahtungsroboters.
year : 1986
author 0 : Klaus Sommer

title : Die Entwicklung von Wissensrepr&auml;sentationssprachen mit Prolog, dargestellt an der Implementation einer objektorientierten Sprache.
year : 1989
author 0 : J&uuml;rgen Pitschke

title : Mathematisches Modell zur Ermittlung inkorporierter Radioaktivit&auml;tsmengen aus den Photometermesswerten von Tritium-Autoradiogrammen in der Neuroanatomie.
year : 1981
author 0 : Johann-Josef Jennissen

title : Anwendungsorientierter Entwurf evolution&auml;rer Algorithmen.
year : 2001
author 0 : Dirk Wiesmann

title : Entwurf und Implementierung eines portablen persistenten Objektspeichers f&uuml;r C++ in heterogenen Rechnerumgebungen.
year : 2000
author 0 : Norbert Berzen

title : Beitrag zur Einbeziehung &ouml;konomischer Aussagen in die Wasserg&uuml;tebewirtschaftung (WGB).
year : 1981
author 0 : Hans-Werner Uhlmann

title : A new methodology in network reliability.
year : 2013
author 0 : Roman Messmer

title : Normalwerte und Kriterien der Rechtshypertrophie im computervermessenen EKG bei Kindern.
year : 1981
author 0 : Ulrich Siebenb&uuml;rger

title : Architectures for virtualization and performance evaluation in software defined networks.
year : 2016
author 0 : Zdravko Bozakov

title : Untersuchungen zur Pr&uuml;fstrategie digitaler Komponenten und Systeme im VLSI-Niveau: ein Beitrag zur rechnergesteuerten Mess- und Pr&uuml;ftechnik.
year : 1989
author 0 : Mohamad Ali Ali

title : Empirical analysis of the effects and the mitigation of IPv4 address exhaustion.
year : 2017
author 0 : Philipp Richter

title : Ein Beitrag zur digitalen Regelung einer frequenzgesteuerten Asynchronmaschine mit K&auml;figl&auml;ufer im Rahmen einer Prozesslenkung durch ein Multicomputersystem.
year : 1981
author 0 : Dietmar Dietrich

title : Untersuchungen zur rechnergest&uuml;tzten Liniengl&auml;ttung.
year : 1994
author 0 : Frank Schwarzbach

title : Automation for camera-only 6D object detection.
year : 2021
author 0 : Pavel Rojtberg

title : Three-dimensional magnetohydrodynamic simulations of Io's non-linear interaction with the Jovian magnetosphere.
year : 2011
author 0 : Sven Jacobsen

title : Capturing Hand-Object Interaction and Reconstruction of Manipulated Objects.
year : 2017
author 0 : Dimitrios Tzionas

title : Beitr&auml;ge zur Methodologie f&uuml;r die Entwicklung komplexer Anwendungssoftware.
year : 1990
author 0 : J&uuml;rgen Kahlert

title : Transformationelle Programmentwicklung im Rahmen relationaler und sequentieller Algebren.
year : 1998
author 0 : Ralf Behnke 0003

title : Beitr&auml;ge zur Applikation des Einchip-Mikrorechners U 882 im wissenschaftlichen Ger&auml;tebau am Beispiel eines einfachen Vielkanalanalysators.
year : 1986
author 0 : Matthias K&ouml;hler

title : Answering Conjunctive Queries and FO+MOD Queries under Updates.
year : 2020
author 0 : Jens Keppeler

title : Didaktik der Informationsverarbeitung: eine sprachdidaktisch-semiotische Analyse der Mensch-Maschine-Kommunikation.
year : 1990
author 0 : Wolfram Peters

title : Informationsstrukturen und Verfahren f&uuml;r die getrennte &Uuml;bersetzung von Programmteilen.
year : 1985
author 0 : Manfred Dausmann

title : Eine Beobachtungs-Logik f&uuml;r modulare Sprachen.
year : 1997
author 0 : J&ouml;rg Zeyer

title : Study and Analysis of Knowledgebase of Molecular Systems and to Develop Model for Prediction of Molecular Structure.
year : 2019
author 0 : Binod Kumar 0005

title : Recursive and computable operations over topological structures.
year : 1999
author 0 : Vasco Brattka

title : Konzept einer BIM-basierten smarten Bauablaufplanung unter Ber&uuml;cksichtigung von Lean-Prozessstrategien.
year : 2017
author 0 : Daniel S. Krause

title : Erstellung, Beschreibung und Evaluierung eines wissensbasierten Systems zur Unterst&uuml;tzung der pr&auml;operativen Abkl&auml;rung kardialer Risikofaktoren.
year : 1995
author 0 : J&uuml;rgen Becher 0002

title : On cognitive aspects of human-level artificial intelligence.
year : 2014
author 0 : Tarek Richard Besold

title : Design and development of a VR system for exploration of medical data using haptic rendering and high quality visualization.
year : 2016
author 0 : Roman Vlasov

title : Dokumentations- und Retrievalsystem zur Erfassung des operativ therapierten Patientenkollektivs an der Orthop&auml;dischen Klinik und Poliklinik der Universit&auml;t D&uuml;sseldorf: realisiert auf einem Personalcomputer.
year : 1988
author 0 : Christian Born

title : Replica placement in content delivery networks: model and methods.
year : 2011
author 0 : Andr&eacute; Dahlmann

title : Approximation and Complexity in Algorithmic Mechanism Design.
year : 2010
author 0 : Clemens Thielen

title : Machine learning for end-use electrical energy monitoring.
year : 2021
author 0 : Karim Said Barsim

title : Automatisierung integrierter software-basierter Simulationen von Systemeingaben in verteilten Systemen.
year : 2019
author 0 : Andreas Kurtz 0002

title : Non-rigid multi-frame registration of cell nuclei in live cell microscopy image data.
year : 2018
author 0 : Marco Tektonidis

title : Rapid prototyping heterogener Echtzeitsysteme f&uuml;r die Mechatronik.
year : 1996
author 0 : Hans-J&uuml;rgen Herpel

title : A framework for proactive caching in business process-driven environments.
year : 2011
author 0 : Mathias Kohler

title : Ein Beitrag zur unternehmensweiten Suche in heterogenen Datenbest&auml;nden: Entwurf, Entwicklung und Einsatz einer Referenzarchitektur.
year : 2014
author 0 : Ulf M&uuml;ller

title : Wirtschaftlichkeitsuntersuchungen bei Reihenh&auml;usern.
year : 1985
author 0 : Martin H. Brillinger

title : Neurofuzzy-Hybridsysteme: theoretische Grundlagen, Vergleich mit statistischen Probleml&ouml;sungsklassen und Anwendung im Rahmen leistungsdiagnostischer Fragestellungen.
year : 1999
author 0 : Arno Scharl

title : Entwicklung eines Programmsystems zur numerischen L&ouml;sung von Steuerungsproblemen bei gew&ouml;hnlichen Differentialgleichungen.
year : 1990
author 0 : Marta L. Baguer D&iacute;az-Roma&ntilde;ach

title : Constraintbasierte Refaktorisierung von Deklarationen in JAVA.
year : 2015
author 0 : Andreas Thies

title : St&ouml;rungen in Computerbussystemen.
year : 1993
author 0 : Guy Morbach

title : Procedural content generation for games.
year : 2021
author 0 : Jonas Freiknecht

title : Objektorientierte Simulation: ein neues Konzept zur Simulation diskreter Systeme.
year : 1993
author 0 : Thomas Mochel

title : Knowledge Acquisition for Case-Based Reasoning Systems.
year : 2013
author 0 : Kerstin Bach

title : Ein XML-basiertes Modell zur Modellierung und Strukturierung von Informationen im Kontext eines Medienarchivs f&uuml;r die Lehre.
year : 2000
author 0 : Ralf Behrens

title : Datenbasierte Generierung von relevanten Fuzzy-Regeln zur Modellierung von Prozesszusammenh&auml;ngen und Bedienstrategien.
year : 1999
author 0 : Angelika Krone

title : Wissensbasierte Fehlerdiagnose am Beispiel eines Industrieroboters.
year : 1993
author 0 : Bernd Freyermuth

title : Teilautomatische Generierung von Simulationsmodellen f&uuml;r den entwicklungsbegleitenden Steuerungstest.
year : 2011
author 0 : Alexander Lindworsky

title : Learning comprehensible models for analysis and predictions in scientific databases.
year : 2014
author 0 : Anca Maria Zimmer

title : Effizientes Routing in strukturierten P2P Overlays.
year : 2012
author 0 : Bernhard Heep

title : Bildvorverarbeitung realer Szenen mit dynamischen Modellneuronen zur kontextabh&auml;ngigen Merkmalsextraktion, Merkmalskopplung und Szenensegmentierung.
year : 1996
author 0 : R&uuml;diger Ostkamp

title : Incremental ontology-based integration for translational medical research.
year : 2013
author 0 : Fabian Pra&szlig;er

title : Optimierung schiffbaulicher Konstruktionen mit Hilfe eines gemischten Suchverfahrens auf der Basis der FE-Methode.
year : 1984
author 0 : Chen-Far Hung

title : Spectrum sharing methods in coexisiting wireless networks.
year : 2012
author 0 : Mohammad Muttakin Siddique

title : A precise approach to validating UML models and OCL constraints.
year : 2002
author 0 : Mark Richters

title : Untersuchungen zur Datenbereitstellung von Laboratorien in Informationssystemen unter Ber&uuml;cksichtigung der rechnergest&uuml;tzten Laborautomatisierung.
year : 1981
author 0 : Siegfried Peukert

title : Translating the determination of subjective customer perceptions from the health care sector to the service industry.
year : 2018
author 0 : Stefan Meinzer

title : Physical Computing als Mittel der wissenschaftlichen Erkenntnisgewinnung in der Informatik und als f&auml;cherverbindende MINT-Arbeitsweise.
year : 2019
author 0 : Sandra Schulz

title : Sloth: The Virtue and Vice of Latency Hiding in Hardware-Centric Operating Systems.
year : 2014
author 0 : Wanja Hofer

title : Eine Prolog-Umgebung f&uuml;r die Mikroarchitekturbeschreibung im Firmware-Entwurfssystem MIPES.
year : 1989
author 0 : Andreas Munke

title : BEAR: Bandwidth-estimation-based flow admission control and routing in IEEE 802.15.4-based ad-hoc sensor networks.
year : 2014
author 0 : Muhammad Omer Farooq

title : Die Ermittlung und Beeinflussung der Effektivit&auml;t der Automatisierung informationeller Prozesse im Industriekombinat.
year : 1986
author 0 : Manfred Nitschke

title : Sicherheitsbasierte Testfallpriorisierung.
year : 2013
author 0 : Heiko Stallbaum

title : Die Konstruktion des Selbst unter den Bedingungen computervermittelter Kommunikation.
year : 1999
author 0 : Thomas K&ouml;hler 0001

title : Trennung von Mengen und Dualit&auml;t nichtkonvexer Optimierungsprobleme.
year : 1982
author 0 : Regina Hildenbrandt

title : Energy-aware design of hardware and software for ultra-low-power systems.
year : 2019
author 0 : Markus Buschhoff

title : Simulation der dynamischen Beanspruchungen und rechnerische Betriebsfestigkeit von Bauteilen eines neuartigen Planetenhubwerkes.
year : 1985
author 0 : Joachim Matke

title : Statik r&auml;umlicher Stabtragwerke nach Fliessgelenktheorie II. Ordnung, Beitrag zum Baustein 10 des Programmsystems STATRA.
year : 1984
author 0 : Doris Hedeler

title : Wissensbasierte Systeme f&uuml;r die Konstruktion.
year : 1987
author 0 : Andreas Spielvogel

title : Arbeitsorientierte Gestaltung von Dialogsystemen im B&uuml;ro- und Verwaltungsbereich.
year : 1987
author 0 : Karl-Heinz R&ouml;diger

title : Mentale Modelle dynamischer Systeme: Analyse und Weiterf&uuml;hrung methodischer Grundlagen von psychologischen Experimenten zum Umgang von Personen mit Systemen.
year : 1989
author 0 : Klaus Opwis

title : Simulationssystem zur Untersuchung und Optimierung dispositiver Prozesse in bedarfsgesteuerten Bussystemen.
year : 1985
author 0 : G&uuml;nter Bernd

title : Entwicklung laufzeitoptimierter semantischer Web-Applikationen: Konzepte, L&ouml;sungsans&auml;tze und Anwendungsf&auml;lle.
year : 2014
author 0 : Michael Martin 0001

title : Authentication in Ultra Large Scale REST-based Systems.
year : 2020
author 0 : Hoai Viet Nguyen

title : Direct handling of ordinary differential equations in constraint-solving-based analysis of hybrid systems.
year : 2014
author 0 : Andreas Eggers

title : Untersuchungen &uuml;ber Petrinetze als Hilfsmittel zur Modellierung neurobiologischer Prozesse.
year : 1992
author 0 : Ingo Bettges

title : Transparent and flexible data sharing for synchronous groupware.
year : 2003
author 0 : Stephan G. Lukosch

title : Umsetzung und Erprobung eines Ejektor - Einblasesystems zur Stabilisierung des Niederdruckverdichters am Turbostrahltriebwerk Larzac 04.
year : 2018
author 0 : Marcel St&ouml;&szlig;el

title : Weiterverarbeitung von Konstruktions- zu Fertigungsdaten: ein Beitrag zur Integration von CAD- und CAP-Systemen.
year : 1989
author 0 : Hisham Lamei-Moustafa

title : Modellbasierte Gestaltung der Benutzungsschnittstelle autonomer Produktionszellen.
year : 1999
author 0 : Christopher M. Schlick

title : Reference Architecture for Smart Environmental Information Systems: RefSEISs.
year : 2019
author 0 : Ruthbetha Kateule

title : HotDoc: ein flexibles System f&uuml;r den kooperativen Aufbau zusammengesetzter Dokumentstrukturen.
year : 1998
author 0 : J&uuml;rgen Buchner

title : Ein rechnergeeigneter Matrizencode zur Bewegungs- und Beanspruchungsanalyse allgemeiner Gelenkgetriebe und dessen programmtechnische Realisierung.
year : 1991
author 0 : Lothar Hein

title : Context and implementation of complex interventions: a conceptual framework.
year : 2017
author 0 : Lisa Maria Pfadenhauer

title : Transformationsbasierte temporallogische Programmierung.
year : 1996
author 0 : Klaus Spies

title : Ein Beitrag zur Struktur portabler Echtzeitbetriebssysteme f&uuml;r Handhabungsger&auml;te.
year : 1982
author 0 : Wolfram Rennau

title : Ein wissensbasiertes Verfahren zur formalen Beschreibung und Auswertung von Randbedingungen in Lasten- und Pflichtenheften f&uuml;r Automatisierungssysteme.
year : 1989
author 0 : Bernardo Wagner

title : Domain-independent support for computer-based education of argumentation skills.
year : 2012
author 0 : Frank Loll

title : Bildgraph, stochastische Graphgrammatiken und Erkennungskriterien zur Analyse allgemeiner Druckvorlagen.
year : 1986
author 0 : Wolfgang Scherl

title : Untersuchungen zur Anwendung der Dialogverarbeitung bei der Produktionsplanoptimierung mit dem PS OPSI unter besonderer Nutzung der Komplexmethode und Erarbeitung eines verallgemeinerungsf&auml;higen Informations- und Studienmaterials.
year : 1984
author 0 : Heidrun Bartsch

title : Schnelle, translationsinvariante Transformationen zur Bearbeitung digitaler Grauwertbilder.
year : 1982
author 0 : Xaver M&uuml;ller

title : ISVA - Modell eines Informationssystems f&uuml;r die Versuchsauswertung im FZB M&uuml;ncheberg: ein Beitrag zur Theorie und Praxis der Analyse, Gestaltung und Bewertung von Informationssystemen.
year : 1985
author 0 : Hans-Werner Maye

title : Prozesse der Urteilsrevision: kognitive Modellierung der Verarbeitung unsicheren Wissens.
year : 1998
author 0 : Marcus Plach

title : Entwicklung und Bewertung einer computergest&uuml;tzten Entscheidungshilfe.
year : 1995
author 0 : Pierre Sachse

title : Car detection in low frame-rate aerial imagery of dense urban areas.
year : 2014
author 0 : Sebastian T&uuml;rmer

title : Evaluation interaktiver Informationsvisualisierung: ist Visualisierung n&uuml;tzlich?
year : 2012
author 0 : Andr&eacute; Triebel

title : Konstruktion und Analyse strukturierter Spezifikationen der Benutzeranforderungen bei der Gestaltung rechnergest&uuml;tzter betrieblicher Informationssysteme.
year : 1984
author 0 : Michael Timm

title : Digitale Medien im Schulalltag: eine qualitativ rekonstruktive Studie zum Medienhandeln und berufsbezogenen Orientierungen von Lehrkr&auml;ften.
year : 2013
author 0 : Marion Br&uuml;ggemann

title : Elementare dynamische Logik und eine Boolesche Kontextlogik.
year : 1995
author 0 : Martin Rogge

title : Realizing software-defined wireless networks.
year : 2016
author 0 : Julius Schulz-Zander

title : Qualitative modeling for observer based fault diagnosis.
year : 1999
author 0 : Zhifeng Zhuang

title : CASHPLAN - ein computergest&uuml;tztes Modell f&uuml;r den Unternehmensvorschlag im landwirtschaftlichen Unternehmen.
year : 1986
author 0 : Gunter Simon

title : Nicht-lineares Information-Retrieval in der juristischen Informationssuche.
year : 1997
author 0 : Frank Kr&uuml;ger 0002

title : Ein Beitrag zur Aufwandsoptimierung in Hochgeschwindigkeitsmodems durch den Einsatz adaptiver Vorentzerrer.
year : 1992
author 0 : Mohammed Mazin Machhour

title : Ein Vorschlag zur objektorientierten Modellierung einer dynamischen Systemspezifikation (OOM-DSS).
year : 1996
author 0 : Mahmoud Kwatly

title : Digital centric multi-gigabit SerDes design and verification.
year : 2018
author 0 : Markus Roman M&uuml;ller

title : Die Entwicklung generischer Kontrollstrukturen aus kaskadierten ATNs.
year : 1986
author 0 : Thomas Christaller

title : Point-based visualization of molecular dynamics data sets.
year : 2012
author 0 : Sebastian Grottel

title : Untersuchungen zur Entwicklung eines optischen Speichermediums auf Oxidglasbasis.
year : 1988
author 0 : Martina Feldmann

title : Cryptographic Clocks and Applications.
year : 2019
author 0 : Giulio Malavolta

title : Higher-order contracts for JavaScript.
year : 2018
author 0 : Roman Matthias Keil

title : Flexible Zugriffskonzepte f&uuml;r verteilte Informationssysteme: Anforderungsanalyse, Spezifikation und Bewertung.
year : 2001
author 0 : Elmar Pritsch

title : A new approach to formal language definition and its application to Oberon.
year : 1989
author 0 : Martin Odersky

title : Five Essays in Economic Theory.
year : 2014
author 0 : Moritz A. Drexl

title : Computergest&uuml;tzte, deduktive Suche nach neuen Reaktionen und deren experimentelle Realisierung.
year : 1984
author 0 : Rainer Herges

title : Darstellung, Implementierung und Anwendungen der Hardwarebeschreibungssprache ISPS - ein Werkzeug f&uuml;r den verhaltensorientierten Entwurf komplexer digitaler Systeme.
year : 1987
author 0 : Uwe Crenze

title : Algorithmen zur exakten Planung kollisionsfreier Bewegungen f&uuml;r Objekte mit vier Freiheitsgraden.
year : 1991
author 0 : Ngoc-Minh L&ecirc;

title : Security Mechanisms for Workflows in Service-Oriented Architectures.
year : 2015
author 0 : Jens M&uuml;ller 0002

title : Formalisierung nat&uuml;rlichsprachlicher Auswertungsfragen der medizinischen Basisdokumentation der Universit&auml;tskliniken in M&uuml;nster.
year : 1982
author 0 : Michael Osada

title : Modellbetrachtungen zu nichtlinearen elektrischen Leitungen.
year : 1981
author 0 : Christian Walter Grellmann

title : Automatic task and data mapping in shared memory architectures.
year : 2015
author 0 : Matthias Diener

title : Multi-agent pursuit of a faster evader with application to unmanned aerial vehicles.
year : 2017
author 0 : Alexander Alexopoulos

title : Beitrag zur Verbesserung der numerischen Magnetfeldberechnung durch einen grafikorientierten Preprozessor f&uuml;r das Multigridverfahren.
year : 1988
author 0 : Bernd Fischer 0004

title : Bef&auml;higen zum rechnergest&uuml;tzten Erzeugen und Bearbeiten von Bildern und Geometriemodellen: ein Beitrag zur Validierung des p&auml;dagogischen Gestaltungsprinzips "Berufliche Grundbef&auml;higung".
year : 1989
author 0 : Helmut Pietsch

title : Binary search trees, rectangles and patterns.
year : 2016
author 0 : L&aacute;szl&oacute; Kozma 0002

title : Verkn&uuml;pfung von Anforderungen und Systemausf&uuml;hrungen mithilfe einer Multilevel Markup Language.
year : 2021
author 0 : Florian Pudlitz

title : Magnetic resonance imaging based correction and reconstruction of positron emission tomography images.
year : 2000
author 0 : Jonathan Oakley 0002

title : Smart Game Board: a workbench for game playing programs, with Go and Othello as case studies.
year : 1990
author 0 : Anders Kierulf

title : Collaborative Networking: The Integration of Collaborative Communication into WSN-routing.
year : 2014
author 0 : Behnam Banitalebi

title : Entwicklung, Pr&uuml;fung und Anwendung des Expertensystems Weizenmodell Bayern zur Kontrolle von Pilzkrankheiten an Winterweizen im Rahmen des Integrierten Pflanzenschutzes.
year : 1992
author 0 : Volker Stephan

title : Ein Verfahren der rechnergest&uuml;tzten Instrumentierung von Bin&auml;rsteuerungen aus Baugruppen im Bildschirmdialog.
year : 1984
author 0 : Fritz Richter 0001

title : Bewertungsmechanismen f&uuml;r Reaktionen und Anwendung neuronaler Netze zur Reaktionsvorhersage.
year : 1993
author 0 : Vera Simon

title : Automated management of distributed systems.
year : 1997
author 0 : Thomas Koch 0001

title : Performance analysis of parallel transmission and multipath routing in high-speed network systems.
year : 2014
author 0 : Xiaomin Chen

title : MCTS-based approximate accelerator synthesis.
year : 2021
author 0 : Muhammad Awais 0009

title : Ein wissensbasiertes Dialogsystem f&uuml;r Echtzeitsysteme mit K&uuml;nstlicher Intelligenz.
year : 1990
author 0 : Helmut Geilert

title : Kooperierende Expertensysteme mit Kontraktnetzarchitektur und ihr Einsatz in technischen Anlagen.
year : 1989
author 0 : Gerhard Klett

title : Satellitenfernerkundung im V&ouml;lkerrecht: inwieweit existiert ein v&ouml;lkerrechtlicher Datenschutz?
year : 1989
author 0 : Tilo Klinner

title : Ein Verfahren zur codierten Modulation mit r&uuml;ckgekoppelt decodierten Trelliscodes.
year : 1993
author 0 : G&uuml;nter Hellstern

title : Qualifizierte und rationelle L&ouml;sung von Aufgaben der wissenschaftlichen Arbeitsorganisation unter Verwendung des programmierbaren Rechners K 1003.
year : 1985
author 0 : Claus-Dieter Naumann

title : Workflow generation with planning.
year : 2019
author 0 : Benedict Wright

title : Implicit Incremental Model Analyses and Transformations.
year : 2018
author 0 : Georg Hinkel

title : Degree-constrained editing of small-degree graphs.
year : 2015
author 0 : Andr&eacute; Nichterlein

title : Das Netz als universelle Relation: ein Modell f&uuml;r die integrierte Nutzung von Diensten im Netz.
year : 1998
author 0 : Christine Reck

title : Development of multimodal collaborative robot system using hybrid programming methods.
year : 2018
author 0 : Mayur V. Andulkar

title : Unsupervised Control: Efficient Inference for Time Series Modelling and Intrinsic Motivation.
year : 2020
author 0 : Maximilian Karl

title : ELIS: Lehr- und Informationssystem f&uuml;r die klinische Elektroneurophysiologie ; Evaluation &uuml;ber M&ouml;glichkeiten und Grenzen eines Computerlehrsystems im universit&auml;ren Einsatz.
year : 1997
author 0 : Gabriele We&szlig;ling

title : Die automatische Korregistrierung anhand der Maximierung der Mutual Information.
year : 1999
author 0 : Thomas Christian Br&uuml;ckner

title : Konzepte, Anforderungen und L&ouml;sungsm&ouml;glichkeiten f&uuml;r die Integration von Hypermediakonzepten in Groupwareapplikationen.
year : 1994
author 0 : Olav Max Behrens

title : Fokussierte und verteilte Aufmerksamkeit in der Suche nach CAD-Men&uuml;optionen.
year : 1992
author 0 : Geerd Philipsen

title : Zur Bestimmung von Sicherheitsfaktoren in Berechnungsvorschriften auf zuverl&auml;ssigkeitstheoretischer Grundlage.
year : 1981
author 0 : Gerhard Spaethe

title : Einfluss von handlungsorientierten Lehr-Lernarrangements auf einen kompetenzf&ouml;rdernden, subjekt- und zukunftsorientierten, lebensverbundenen Informatikunterricht an beruflichen Schulen und beruflichen Gymnasien.
year : 2012
author 0 : Wolfgang Peter

title : Reinforcement Learning in Supervised Problem Domains.
year : 2016
author 0 : Thomas Frank R&uuml;ckstie&szlig;

title : Zur Realisierung von Systemen f&uuml;r die Echtzeitverarbeitung von Bildsignalen.
year : 1990
author 0 : Ralf Rieken

title : Medizinische Informatik im Medizinstudium: Umfragen unter Studierenden und Hochschullehrern, internationale Vergleiche und Vorschl&auml;ge f&uuml;r ein zuk&uuml;nftiges Curriculum.
year : 1991
author 0 : Reinhard Busse

title : Virtuelle Realit&auml;t in der Medizin: Stands, Trends, Entwicklung orthop&auml;discher Modelle.
year : 1997
author 0 : Hamid Reza Abbasi

title : Zur Beurteilung des analytischen Informationsgehaltes labordiagnostischer Methoden.
year : 1984
author 0 : Gert Richter

title : Steuerung gest&ouml;rter Elektroenergieversorgungssysteme mit dem Ziel der Prozess-Sicherung.
year : 1979
author 0 : Rolf M&uuml;ller 0004

title : Schaltkreisanalyse mit Worst-Case-Abst&auml;nden.
year : 1994
author 0 : Claudia U. Wieser

title : Ein Beitrag zur inhaltlich-organisatorischen Gestaltung von Dialogsystemen zur Rationalisierung materialwirtschaftlicher Prozesse und Ableitung konzeptioneller Aussagen zur Methodik der Projektierung von Dialogsystemen.
year : 1983
author 0 : Heike Vogler

title : Eine Datenbank zur Erforschung von Personen und Personengruppen des Fr&uuml;h- und Hochmittelalters.
year : 1985
author 0 : Manfred J. Schneider

title : Interactive data annotation for virtual reality applications.
year : 2019
author 0 : Sebastian Pick

title : Maximale Zerlegung von Prozessen.
year : 1997
author 0 : Huu-Trung Do

title : Extrinsic Calibration and Ego-Motion Estimation for Mobile Multi-Sensor Systems.
year : 2018
author 0 : Kaihong Huang

title : Application of graph theory to the topologies of proteins and Hodgkin lymphoma.
year : 2016
author 0 : Tim Sch&auml;fer

title : On-line-Unterschriftenanalyse zur Benutzerverifikation.
year : 1999
author 0 : Christiane Schmidt 0002

title : Weiterentwicklung eines Expertensystems zur Unterst&uuml;tzung der Katalysator-Entwicklung: Wissensakquisition und Anwendung des Expertensystems auf die partielle Oxidation von Propan zu Acrolein.
year : 1997
author 0 : Markus Kubik

title : Algebraische Spezifikation und Modellierung in h&ouml;heren Petri-Netzen mit zustandsabh&auml;ngiger Schaltregel.
year : 1994
author 0 : Clemens D&uuml;pmeier

title : Ein Beitrag zur schnellen Daten&uuml;bertragung &uuml;ber das analoge Fernsprechnetz.
year : 1990
author 0 : Rainer Kaminski

title : User-aware performance evaluation and optimization of parallel job schedulers.
year : 2017
author 0 : Stephan Schlagkamp

title : Ertragsbesteuerung der Internetprovider.
year : 2003
author 0 : J&ouml;rg Thomas Knies

title : Perceived security and usage of a mobile payment application.
year : 2015
author 0 : Hanul Sieger

title : User-Centric Networking: Privacy- and Resource-Awareness in User-to-User Communication.
year : 2017
author 0 : Fabian Hartmann

title : Numerische Untersuchungen zur Kanalisierung der Luftstr&ouml;mungen in T&auml;lern.
year : 1987
author 0 : Bernhard Vogel

title : Sprachliche Navigation im World Wide Web.
year : 2001
author 0 : Ulrich Schweiger

title : Konzepte, Implementierung und Optimierung von Programmen zur zeitlichen Logiksimulation von CMOS-Gate-Array-Schaltungen.
year : 1990
author 0 : Ralf-Dieter Mayas
author 1 : Udo Porsch

title : Increasing model utilization in software engineering: leveraging model-driven techniques for model integration, enhancement, and collaboration.
year : 2019
author 0 : Hendrik B&uuml;nder

title : Untersuchungen zur Anwendung wissensbasierter Methoden f&uuml;r die Beratung und Auswahl von Massnahmen der Wiedernutzbarmachung bergbaulicher Fl&auml;chen.
year : 1996
author 0 : Sylvia Hanusch

title : Konstruktion von Netzwerktopologien mit kleinem Durchmesser, starkem Zusammenhang und grossem Datendurchsatz durch Darstellungen endlicher Gruppen.
year : 1992
author 0 : Holger Schellwat

title : Deep learning and isolation based security for intrusion detection and prevention in grid computing.
year : 2019
author 0 : Andr&eacute;s G&oacute;mez Ram&iacute;rez

title : Dynamischer Lastausgleich in Parallelrechnersystemen: genetische Algorithmen und eine spezielle Rechnerstruktur.
year : 1997
author 0 : Michael Witt

title : Classification for biomarker search - aspects of experimental design and a method extension.
year : 2013
author 0 : Anna Telaar

title : Protein Function Prediction using Phylogenomics, Domain Architecture Analysis, Data Integration, and Lexical Scoring.
year : 2015
author 0 : Asis Hallab

title : Model-based plan assessment for autonomous technical systems.
year : 2012
author 0 : Paul Maier

title : Systematisierte Betrachtungen zur Mass- und Toleranzkettentheorie unter Ber&uuml;cksichtigung rechnergest&uuml;tzter Bearbeitung.
year : 1985
author 0 : Hans-Peter Schneider

title : Konsistenzsicherung durch Verwaltung von Inkonsistenzen.
year : 1990
author 0 : Peter Leikauf

title : Detection of KRAS Synthetic Lethal Partners through Integration of Existing RNAi Screens.
year : 2014
author 0 : Eleni Christodoulou

title : "Exception Handling" in sequentiellen Programmen.
year : 1979
author 0 : Stefan J&auml;hnichen

title : On utilising change over time in data mining.
year : 2013
author 0 : Mirko B&ouml;ttcher

title : A generic scheduling architecture for service oriented distributed computing infrastructures: Introducing new concepts based on automated negotiation of electronic contracts.
year : 2013
author 0 : Philipp Wieder

title : Long-term information storage by the interaction of synaptic and structural plasticity.
year : 2016
author 0 : Michael Fauth

title : Statistische Modellierung von Farbtexturen.
year : 1998
author 0 : Raimund Lakmann

title : Untersuchungen zum Ansatz und zur Ableitung von Energiebedarfswerten bei Masthybridf&auml;rsen.
year : 1981
author 0 : Klaus-Dieter Dobersch&uuml;tz

title : Konzepte und Prototypen f&uuml;r die computergest&uuml;tzte Kommunikation im Hochschulbetrieb.
year : 1995
author 0 : Werner Schmidt 0001

title : Resilient application layer signaling based on supervised Peer-to-Peer (P2P) networks.
year : 2011
author 0 : Ali Fessi

title : Zum Entwurf nichtlinearer zeitdiskreter Beobachter mittels Normalformen.
year : 1999
author 0 : Torsten Lilge

title : Algorithmic curvature theories in 3D image processing.
year : 2019
author 0 : Markus Kronenberger

title : Modellierung und Validierung der Krafterzeugung mit Stick-Slip-Antrieben f&uuml;r nanorobotische Anwendungen.
year : 2011
author 0 : Christoph Edeler

title : Entwicklung eines textilen 12-Kanal-EKGs mit aktiven Elektroden.
year : 2018
author 0 : Anna B&ouml;hm

title : An advanced system for the targeted classification of grassland types with multi-temporal SAR imagery.
year : 2016
author 0 : Annekatrin Metz

title : Towards Bio-inspired solutions for underwater multi-robot communication and exploration.
year : 2015
author 0 : Donny K. Sutantyo

title : Zur Ber&uuml;cksichtigung von nicht oder nur schwer quantifizierbaren Einflussfaktoren bei der Investitionsentscheidung: Beitr. zur Entscheidung &uuml;ber d. Einsatz des hydraulischen Feststofferntransportes.
year : 1985
author 0 : Michael Wandersleb

title : A Brain-Computer Interface for robotic arm control.
year : 2012
author 0 : Alexander Lenhardt

title : ANTARES - das Modell eines softwaretechnologischen Systems f&uuml;r die Entwicklung von Anwendungssystemen.
year : 1986
author 0 : J&uuml;rgen Hackler

title : Ein Beitrag zur Verbesserung der Programmierung von Schweissrobotern unter Verwendung von verfahrensangepassten Modulen.
year : 1988
author 0 : Falko Hammes

title : The Braincon Platform Software - a closed-loop brain-computer interface software for research and medical applications.
year : 2015
author 0 : J&ouml;rg Daniel Fischer

title : Ein Beitrag zur Verwendung rationaler Zahlen in Public-key-Kryptosystemen.
year : 1988
author 0 : Hartmut Isselhorst

title : Konzeption und Anwendung einer Customer-Service-Management-Architektur.
year : 2001
author 0 : Michael Langer

title : Individualisierbare heuristische Einplanung f&uuml;r rechnerbasierte Leitst&auml;nde.
year : 1995
author 0 : Andreas Huthmann

title : Zur modellgest&uuml;tzten Analyse in datenintensiven Produktionsprozessen: mit Expertenwissen und Prozessdaten zum Erkl&auml;rungsmodell.
year : 2015
author 0 : Uwe Wieland

title : Modelling Event-Based Interactions in Component-Based Architectures for Quantitative System Evaluation.
year : 2013
author 0 : Christoph Rathfelder

title : Ein video- und computergest&uuml;tztes diagnostisches Verfahren zur Erfassung des Orientierungsstils von Jugendlichen.
year : 1996
author 0 : Helmut Stauche

title : Die Strukturierung von Flussdiagrammen und ihre Auswirkungen auf die Programmentwicklung.
year : 1984
author 0 : Nicolas Apostolopoulos

title : Ein Schl&uuml;ssel f&uuml;r die computerunterst&uuml;tzte Erfassung und Verarbeitung forensisch-toxikologischer Falldaten.
year : 1985
author 0 : Hans Michael Schulte-Steinberg

title : Einfluss "intelligenter" Maschinen auf menschliches Verhalten.
year : 1994
author 0 : Helmuth Sagawe

title : Recognition and Exploitation of Gate Structure in SAT Solving.
year : 2020
author 0 : Markus Iser

title : Rechtsbeziehung, Rechtsdurchsetzung und Haftung in virtuellen Schlichtungsverfahren: dargestellt am Beispiel "Online Confidence".
year : 2003
author 0 : Tassilo Schiffer

title : Theoretische und praktische Untersuchungen zur Breitband&uuml;bertragung in lokalen Rechnernetzen f&uuml;r CIM.
year : 1989
author 0 : Christian Mittasch

title : Disorder-Based Security Hardware.
year : 2015
author 0 : Ulrich R&uuml;hrmair

title : Managing and Consuming Completeness Information for RDF Data Sources.
year : 2017
author 0 : Fariz Darari

title : Argument-Based and Multi-faceted Rating to Support Large-Scale Deliberation.
year : 2016
author 0 : Sanja Tanasijevic

title : Scalable data profiling: distributed discovery and analysis of structural metadata.
year : 2018
author 0 : Sebastian Kruse 0001

title : Generierung von qualitativ hochwertigen Testmustern f&uuml;r den Selbsttest von digitalen Schaltungen.
year : 1997
author 0 : Birgit Reeb

title : Ein Verfahren zur Flammendiagnose durch Bildauswertung.
year : 1990
author 0 : Andreas Brekenfeld

title : Entwicklung und experimentelle Pr&uuml;fung eines wissensbasierten Systems zur Analyse technischer Reaktionen.
year : 1991
author 0 : Ingmar G. Edel

title : The connection between applicative and procedural languages in an integrated software development and verification system.
year : 1987
author 0 : Walter G. Olthoff

title : Computational methods for designing protein ligand interactions.
year : 2012
author 0 : Christoph Malisi

title : Untersuchungen zur automatisierten Datengenerierung bei Anwendung einer Finite-Streifen/Finite-Elemente-Kombination (FEK) in der Schiffsk&ouml;rperanalyse.
year : 1992
author 0 : Thomas Schulz

title : Ein Experimentiersystem zur automatischen Verarbeitung fliessender Sprache.
year : 1985
author 0 : Volker Paul

title : Aufbau einer medizinischen Faktenbank f&uuml;r Ausk&uuml;nfte einschiesslich Diagnostikunterst&uuml;tzung, Teil: &Ouml;sophagus, Literatur.
year : 1985
author 0 : Rolf Eckel

title : Hand guided 3-D scanning.
year : 2013
author 0 : Patrick Wissmann

title : 3-D-Bildverarbeitung f&uuml;r feste und bewegte Kameras.
year : 1994
author 0 : Andreas Meisel

title : 3D quantitative computed tomography (QCT) of the proximal femur.
year : 2003
author 0 : Yan Kang

title : Beitrag zur Gestaltung von Mikrorechnerkopplungen in hierarchisch strukturierten Automatisierungssystemen auf Schiffen.
year : 1985
author 0 : Klaus-Peter Kirchner

title : Konzeption eines marktorientierten Routingverfahrens f&uuml;r ATM-Netze auf der Basis intelligenter Agenten.
year : 2000
author 0 : Hermann T&ouml;bben

title : Collaborative Reengineering and Modularization of Software Systems.
year : 2021
author 0 : Christian Zirkelbach 0002

title : Market based control: eine neue Methode zur automatisierten Resourcenzuteilung.
year : 2003
author 0 : Holger Voos

title : Konzipierung und Realisierung von Informationssystemen in der naturwissenschaftlich-technischen Forschung und Entwicklung unter Ber&uuml;cksichtigung wesentlicher Gesichtspunkte der Effektivit&auml;t der Leitungst&auml;tigkeit in Wissenschaft und Forschung und des wissenschaftlichen Arbeitsprozesses.
year : 1978
author 0 : Klaus Bernstein

title : Machine learning methods for fuzzy pattern tree induction.
year : 2014
author 0 : Robin Senge

title : Classification of metamorphic malware using value set analysis.
year : 2012
author 0 : Felix Leder

title : Numerische Simulation des Tiefziehprozesses.
year : 1985
author 0 : Albrecht P. Stalmann

title : Analyse und F&ouml;rderung ausgew&auml;hlter psychischer Voraussetzungen f&uuml;r das Aufgabenl&ouml;sen/Programmieren durch Sch&uuml;ler.
year : 1989
author 0 : Gudrun Werner

title : Neue effektive Algorithmen zur Optimierung von Verbindungsstrukturen in Graphen.
year : 1989
author 0 : Peter Richter 0002

title : Objektorientiertes Management von Produktmodellen der Tragwerksplanung.
year : 1994
author 0 : Uwe R&uuml;ppel

title : Autonomous Interconnection of Heterogeneous Networks.
year : 2012
author 0 : Sebastian Mies

title : A fault-tolerant and scalable protocol for replication in distributed file systems.
year : 2012
author 0 : Bj&ouml;rn Kolbeck

title : Zuverl&auml;ssigkeitsuntersuchungen f&uuml;r die Jahres-Kraftwerksbetriebsplanung.
year : 1982
author 0 : Rudolf Danda

title : Extracting Spatial Information from Historical Maps: Algorithms and Interaction.
year : 2018
author 0 : Benedikt Budig

title : Computer in der medizinischen Ausbildung: Erstellung eines Lernsystems f&uuml;r die histologische Pathologie.
year : 1997
author 0 : Bernd Frischauf

title : N&auml;herungsweise Berechnung zweidimensionaler Wasserstr&ouml;mungen im ges&auml;ttigten und unges&auml;ttigten Boden mittels einer Galerkin-Finite-Element-Methode.
year : 1980
author 0 : Gunnar N&uuml;tzmann

title : Simulation von Softwareprojekten: Ein allgemeines Simulationsmodell f&uuml;r Planspiele zu Softwaretechnik und Projektmanagement.
year : 2017
author 0 : Alexander Nassal

title : Aufbau einer medizinischen Faktenbank f&uuml;r Ausk&uuml;nfte, besonders Diagnostikunterst&uuml;tzung, f&uuml;r das Gebiet Gastroenterologie, Teil: Pankreas nach Literatur- und Krankenblattdaten.
year : 1984
author 0 : Ralf Althof

title : Design and Performance Evaluation of Adaptive Critical Infrastructure Communications based on Software-Defined Networking.
year : 2021
author 0 : Fabian Kurtz

title : Rechnerintegrierte Fertigung: eine expertensystembasierte Auswahl von Fertigungsleit- und Werkstattsteuerungs-Systemen.
year : 1997
author 0 : Ina L&ouml;bus

title : Entwicklung und Realisierung einer neuen Selbstteststrategie f&uuml;r Mikrorechnersysteme unter Ber&uuml;cksichtigung der peripheren Moduln.
year : 1987
author 0 : Rainer Parthier

title : ASIP algorithmic/architectural co-exploration based on high level performance estimation.
year : 2019
author 0 : Juan Fernando Eusse Giraldo

title : Human activity analysis in visual surveillance and healthcare.
year : 2018
author 0 : Muhammad Hassan Khan

title : Visuelle Erkennung und Interpretation des Fahrspurverlaufes durch Rechnersehen f&uuml;r ein autonomes Strassenfahrzeug.
year : 1997
author 0 : Reinhold Behringer

title : Planung, Steuerung, G&uuml;tesicherung in kleinen und mittleren Giessereibetrieben mit Hilfe eines rechnerunterst&uuml;tzten Verbundsystems.
year : 1983
author 0 : Reinhard Ebert

title : Abstraction of Bio-Medical Surface Data for Enhanced Comprehension and Analysis.
year : 2020
author 0 : Nils Lichtenberg

title : Instructional awareness: a user-centred approach for risk communication in social network sites.
year : 2019
author 0 : Nicol&aacute;s Emilio D&iacute;az Ferreyra

title : Industrial reinforcement learning with stabilizing gradients.
year : 2020
author 0 : Philipp Ennen

title : Ein Beitrag zum objektorientierten Entwurf komplexer digitaler Systeme mit Sicherheitsverantwortung.
year : 1991
author 0 : Jens W&uuml;lfrath

title : Das logistische Regelfeld Absatz - Best&auml;nde - Fertigung: operative Simultanplanung im dynam. Modell e. konkreten Unternehmung.
year : 1982
author 0 : Andreas Waldraff

title : PC-gest&uuml;tzte Planung und Kontrolle in mittelst&auml;ndischen Unternehmen mit der Planungssprache PdP (Programmierung durch Problemformulierung).
year : 1992
author 0 : Egbert Dittmar

title : Invariant control sets on fibre bundles.
year : 1986
author 0 : Luiz A. B. San Martin

title : Klassifikation von Niederspannungsnetzen mit Support Vector Machines ERZEUGUNGSANLAGEN.Bewertung des Aufnahmeverm&ouml;gens f&uuml;r Dezentrale Erzeugungsanlagen.
year : 2015
author 0 : Sebastian Breker

title : A functional framework for efficient web-based scientific visualization systems.
year : 2000
author 0 : Manfred Brill

title : Hierarchisches perzeptives Gruppieren mit Integration dualer Bildbeschreibungen.
year : 2001
author 0 : Daniel Schl&uuml;ter

title : Problem-specific design of metaheuristics for constrained spanning tree problems.
year : 2013
author 0 : Wolfgang Steitz

title : Die finite Integrationstechnik (FIT) und die Anwendung in der Lithographie-Simulation.
year : 2011
author 0 : Zhabiz Rahimi

title : Pressedatenbanken und Urheberrecht: zur urheberrechtlichen Bewertung der Nutzung von Zeitungsartikeln in Pressedatenbanken.
year : 1999
author 0 : Yvonne Kleinke

title : Global optimization of processes through machine learning.
year : 2021
author 0 : Artur M. Schweidtmann

title : Subtraktive Adaption von modularen neuronalen Netzen.
year : 1994
author 0 : Frank Knauer

title : Der Virtuelle Projektraum: organisatorisches Rapid-Prototyping in einer internetbasierten Telekooperationsplattform f&uuml;r Virtuelle Unternehmen im Bauwesen.
year : 1999
author 0 : Christian M&uuml;ller 0010

title : Ein Simulationsmodell zur technischen Zuverl&auml;ssigkeit flexibler Fertigungssysteme.
year : 1990
author 0 : Wolfgang Gohout 0001

title : Ein Vierphasenmodell des Verkehrsflusses auf Autobahnen.
year : 1982
author 0 : Hans-Joachim Poethke

title : Geometrische und stochastische Modelle zur Verarbeitung von 3D-Kameradaten am Beispiel menschlicher Bewegungsanalysen.
year : 2012
author 0 : Patrick Westfeld

title : The extension of quasi-species to functional evolution = Die Erweiterung des Quasi-Spezies-Modells in Richtung funktionaler Evolution.
year : 1994
author 0 : Uwe Tangen

title : Usability-Patterns f&uuml;r Webanwendungen in Geodateninfrastrukturen.
year : 2017
author 0 : Christin Henzen

title : Mathematical analysis and computational methods for Probabilistic Multi-Hypothesis Tracking (PMHT).
year : 2013
author 0 : Theresa Springer

title : A Development Method for the Conceptual Design of Multi-View Modeling Tools with an Emphasis on Consistency Requirements.
year : 2015
author 0 : Dominik Bork

title : Beitrag zum CAD von Manipuliermoduln f&uuml;r die flexible Elektronikmontage (dargestellt am Beispiel von Greifersystemen).
year : 1986
author 0 : Rolf Pieper

title : Green wave: a semi-custom hardware architecture for reverse time migration.
year : 2012
author 0 : Jens-Thomas Kr&uuml;ger

title : Recommending scientific publications: addressing the one-class problem and concept drift.
year : 2019
author 0 : Anas Alzogbi

title : Makroprogrammierung.
year : 1988
author 0 : Reiner R. Dumke

title : Moderne Informationsverarbeitung - strafrechtlicher Schutz bei Missbrauch?
year : 1989
author 0 : G&uuml;nter Bauer

title : A hybrid framework for prediction problem in large collections of short time series.
year : 2020
author 0 : Truong Son Pham

title : Untersuchung moderner Flugf&uuml;hrungsprobleme im Hinblick auf minimalen Treibstoffverbrauch unter Ber&uuml;cksichtigung von Endzeitschranken, Luftverkehrsdichte und Anbord-Echtzeitberechnung.
year : 1984
author 0 : Pedro Paglione

title : Der Entwurf des verteilten relationalen Datenbanksystems POREL.
year : 1980
author 0 : Ulrich Fauser

title : On recognition of group of human beings in images with navigation strategies: using efficient matching algorithms with parallelization.
year : 2003
author 0 : Douglas Antony Louis Piriyakumar

title : The combinator S.
year : 1998
author 0 : Johannes Waldmann

title : Untersuchungen zur Standardisierung und Rationalisierung bei der Erstellung von &Uuml;bungsprogrammen.
year : 1992
author 0 : Dietmar Deimling

title : Reasoning about systems based on incomplete and uncertain models.
year : 1997
author 0 : Eyke H&uuml;llermeier

title : Shaping the Future - A Control Architecture for Autonomous Landscaping with an Excavator.
year : 2016
author 0 : Daniel Schmidt 0006

title : Expertensysteme f&uuml;r die Konfiguration: Architektur und Implementierung ; eine Analyse bestehender Konzepte und neue L&ouml;sungsvorschl&auml;ge anhand von Aufgabenstellungen der Praxis.
year : 1993
author 0 : Arnold Businger

title : Syntheseverfahren f&uuml;r heterogene Multiprozessorsysteme.
year : 1995
author 0 : Alexander Bachmann 0002

title : Wissensbasierte Pr/T-Netze zur Planungsunterst&uuml;tzung in offenen Systemen und ihre Anwendung im B&uuml;robereich.
year : 1989
author 0 : Frank Victor

title : Automatische und optimierte Konfiguration von Texturanalysesystemen.
year : 1999
author 0 : Christian K&uuml;blbeck

title : Grundfragen einer Ziel-Inhalt-Prozess-Konzeption f&uuml;r den Informatikunterricht der EOS.
year : 1989
author 0 : Michael Wallner

title : The SEMAINE API: a component integration framework for a naturally interacting and emotionally competent embodied conversational agent.
year : 2012
author 0 : Marc Schr&ouml;der 0001

title : Datenstrukturen strategischer Planung.
year : 1994
author 0 : Andreas Gamer

title : Einf&uuml;hrung eines einfachen Systems zur EDV-Befunddokumentation in die Virusdiagnostik.
year : 1979
author 0 : Dorothea Theuer

title : Dual Reality Framework: Basistechnologien zum Monitoring und Steuern von cyber-physischen Umgebungen.
year : 2014
author 0 : Gerrit Kahl

title : Strukturelle und funktionale Aspekte von Fenstersystemen f&uuml;r UNIX-Betriebssysteme.
year : 1989
author 0 : Eckhard Einert

title : Algorithmenauswahl f&uuml;r den adaptiven Sensoreinsatz an Bord unbemannter Luftfahrzeuge.
year : 2019
author 0 : Christian Hellert

title : Buffer analysis and message scheduling for real-time networks.
year : 2017
author 0 : Rodrigo Ferreira Coelho

title : Entwicklung von Optimierungsstrategien f&uuml;r die Optikentwicklung.
year : 1986
author 0 : Karin Pr&uuml;fer

title : Human Robot Interaction Concepts for Human Supervisory Control and Telemaintenance Applications in an Industry 4.0 Environment.
year : 2017
author 0 : Doris Aschenbrenner

title : Programmierung und Simulation von Zellenabl&auml;ufen in der Arbeitsvorbereitung.
year : 1995
author 0 : Peter Raith

title : Typisierung und Modularisierung von Prolog f&uuml;r die Verwirklichung grosser Softwareprojekte.
year : 1993
author 0 : Thomas Philipp

title : Gestaltung eines CNC-Ausbildungsplatzes: Fehlererkennung in NC-Programmen mittels dynamischer grafischer Simulation.
year : 1989
author 0 : Joachim M&uuml;ller 0006

title : Rechnergestuetzte Auslegung mit analytischen Modellen fuer Feldbussysteme in Automatisierungsanlagen.
year : 1989
author 0 : Olaf Schnelle

title : Collaborative Augmented Reality: Designing for Co-located and Distributed Spatial Activities.
year : 2018
author 0 : Jens M&uuml;ller 0001

title : Integration culture in designing groupware applications as contribution to intercultural collaboration technology.
year : 2011
author 0 : Rein Suadamara

title : Markow-Entscheidungsmodelle mit nichtkonvergenten Gesamtkosten.
year : 1985
author 0 : Hans-Heinrich Bodewig

title : Architekturentwicklung von Roadside-Backbone-Netzwerken f&uuml;r landgebundene Verkehrswege.
year : 2013
author 0 : Martin Krohn

title : Wiederverwendung von prozessnaher Software auf der Basis halbformaler Beschreibungsmittel.
year : 1993
author 0 : Matthias Riebisch

title : Ein Verfahren zur schrittweisen Umsetzung hochsprachlich beschriebener Algorithmen in Array-Prozessorstrukturen.
year : 1993
author 0 : Uwe Vehlies

title : Beitr&auml;ge zur Theorie der nichtglatten Optimierung.
year : 1985
author 0 : J&ouml;rg Thierfelder

title : Modelle f&uuml;r die Selbstdiagnose fehlertoleranter Systeme.
year : 1983
author 0 : Eckhard M. Ammann

title : Beitrag zur Simulation integrierter Navigationssysteme mit KALMAN-Filter.
year : 1989
author 0 : Axel Preu&szlig;

title : Das Ermitteln von Lastkollektiven f&uuml;r Radsatzlagergeh&auml;use durch rechentechnische Simulation.
year : 1989
author 0 : Karl-Eberhard Geyer

title : Vision-based methods for evaluating visualizations.
year : 2018
author 0 : Rudolf Netzel

title : Entwurf eines objektorientierten Visualisierungssystems auf der Basis von Raytracing.
year : 1996
author 0 : Alwin Gr&ouml;ne

title : Learning to Hash for Large-Scale Medical Image Retrieval.
year : 2018
author 0 : Sailesh Conjeti

title : Eine Klasse modifizierter Galton-Watson-Prozesse als Modell f&uuml;r Sch&auml;dlingsbek&auml;mpfung mit unfruchtbaren M&auml;nnchen.
year : 1984
author 0 : Wolfgang Hubig

title : Modellierung von kinematischen Rotorblattdeformationen auf Basis sequentiell erfasster Bild- und Oberfl&auml;chendaten.
year : 2019
author 0 : Christian Jepping

title : Aufwandssch&auml;tzung f&uuml;r den Bau von Multimediainformationssystemen.
year : 1998
author 0 : Silke Lechtenberg

title : Anwendungsm&ouml;glichkeiten und ausgew&auml;hlte L&ouml;sungsverfahren der ganzzahligen quadratischen Optimierung.
year : 1983
author 0 : Gerald Sch&auml;fer

title : Der Computer als Medium im Religionsunterricht: ein fachdidaktischer Beitrag zur Mediendidaktik im Zeitalter von Multimedia.
year : 2003
author 0 : Christian Brenner

title : &Uuml;ber Verfahren zur Clusteranalyse und ihre Anwendung beim Layoutentwurf zur Partitionierung mikroelektronischer Schaltkreise.
year : 1984
author 0 : Gabriela von Trzebiatowski

title : Aufgabenbasierte Komposition von User-Interface-Mashups.
year : 2016
author 0 : Vincent Tietz

title : Die Informationstechnische Grundbildung in Reflexion und Analyse: ein Beitrag zur Gestaltung eines ad&auml;quaten Bildungskonzeptes im Land Brandenburg.
year : 1993
author 0 : Holger Kapp

title : Methode zur Modellierung und Analyse von Gesch&auml;ftsprozessen zur Unterst&uuml;tzung des Business process reengineering.
year : 1995
author 0 : Uta Fahrwinkel

title : Automatische Strassenfahrzeugf&uuml;hrung durch Rechnersehen.
year : 1988
author 0 : Alfred Zapp

title : Recommending Tags for Images: Deep Learning Approaches for Personalized Tag Recommendation.
year : 2018
author 0 : Thi Hong Hanh Nguyen

title : Branchenspezifische Gestaltung von rechnergef&uuml;hrten Produktionssystemen am Beispiel der Holz- und M&ouml;belindustrie.
year : 1992
author 0 : Frank Prekwinkel

title : Entwicklung kooperativer graphisch-interaktiver Anwendungen.
year : 1994
author 0 : Torsten Leidig

title : Lernverfahren zur Sprecherverifikation.
year : 2001
author 0 : Guido Kolano

title : Integrating text mining into qualitative data analysis for social sciences.
year : 2016
author 0 : Gregor Wiedemann

title : Modellgest&uuml;tzte Diagnose logistischer Produktionsabl&auml;ufe.
year : 1995
author 0 : Eberhard Ludwig

title : Zum Einfluss partizipativer Entwicklungstechniken auf die Benutzerfreundlichkeit von Programmsystemen: eine Feldstudie.
year : 1995
author 0 : Hubertus Meixner

title : Disk Intersection Graphs: Models, Data Structures, and Algorithms.
year : 2016
author 0 : Paul Seiferth

title : World computer model of oil markets: OPEC pricing strategy model in the short and the long run.
year : 1986
author 0 : Carlos Roberto Giesecke Sara-Lafosse

title : Arbeitsplanerstellung f&uuml;r die Montage, ein Beitrag zur rechnerunterst&uuml;tzten Fertigungsunterlagenerstellung.
year : 1985
author 0 : Helmut Esch

title : Prediction with mixture models.
year : 2013
author 0 : Peter Haider

title : Interaktive Anwendungen kontextbasierter Suchverfahren.
year : 2014
author 0 : Mario Kubek

title : Zuordnung von raumbezogenen Daten: am Beispiel der Datenmodelle ATKIS und GDF.
year : 1997
author 0 : Volker Walter 0001

title : Novel power trace processing methods for side-channel analysis of cryptosystems.
year : 2013
author 0 : Qizhi Tian

title : Beratungs- und Dienstleistungsgesch&auml;ft mittels eines elektronischen Marktes: Konzeption und Realisierung eines virtuellen Adaptionsmarktplatzes f&uuml;r Beratungsunternehmen im SAP-R-3-Markt.
year : 2003
author 0 : Udo Siedler

title : Planung und Einf&uuml;hrung von Online-Systemen zum unternehmens&uuml;bergreifenden Informationsaustausch.
year : 1997
author 0 : Frank Fehler

title : Unitary joint events in multiple neuron spiking activity: detection, significance, and interpretation.
year : 1996
author 0 : Sonja Gr&uuml;n

title : Ein Ansatz zur Integration von Pfadausdr&uuml;cken in Frame-Logik.
year : 1997
author 0 : Heinz Uphoff

title : Optimierung von Pulssequenzen.
year : 1997
author 0 : Tilo Levante

title : Wellentheoretische Behandlung der zweidimensionalen Transfer- und Reflexionsfunktion f&uuml;r ein homogenes Schichtpaket variabler M&auml;chtigkeit.
year : 1981
author 0 : Jochen Rebelsky

title : Ein Konfigurationssystem f&uuml;r Planungsaufgaben in sicherheitskritischen Anwendungen.
year : 1997
author 0 : Harald Feibel

title : Injecting continuous time execution into service-oriented computing.
year : 2016
author 0 : Ning Yu 0003

title : Evolving tools in a collaborative self-supporting development environment / von Dipl.-Ing. Jens Lincke.
year : 2014
author 0 : Jens Lincke

title : Cross-Layer Design of Automotive Cyber-Physical Systems.
year : 2014
author 0 : Reinhard Schneider 0001

title : Rapid prototyping in der Use-Case-zentrierten Anforderungsanalyse.
year : 2013
author 0 : Veit Hoffmann

title : Ein wissensbasiertes System zur biometrischen Planung kontrollierter klinischer Therapiestudien.
year : 1997
author 0 : Uwe Haag

title : Immersive Automotive Stereo Vision.
year : 2021
author 0 : Jonas Haeling

title : Untersuchungen zu Konzentrationsschwingungen in chemischen Reaktionen.
year : 1973
author 0 : Dieter Thoenes

title : Analyse und Vorhersage des Fl&auml;chen- und Energieverbrauches optimaler Hardware Polynom-Multiplizierer f&uuml;r GF(2n) f&uuml;r elliptische Kurven Kryptographie.
year : 2012
author 0 : Zoya Dyka

title : Erstellung differenzierter Datens&auml;tze &uuml;ber die Verf&uuml;gbarkeit von Feldarbeitstagen f&uuml;r den Zeitraum der Fr&uuml;hjahrsbestellung.
year : 1983
author 0 : Karl Manfred Schmalz

title : Mechanisms and engineering of nanobody thermoresistance.
year : 2017
author 0 : Patrick Kunz 0002

title : Ein Beitrag zur rechnergest&uuml;tzten Analyse nichtlinearer periodisch fremderregter dynamischer Systeme.
year : 1980
author 0 : Wolfgang Br&uuml;ckner

title : Zur Theorie der Enumerationen rekursiv-aufz&auml;hlbarer Mengen.
year : 1983
author 0 : Hans-Dietrich Hecker

title : Decision support assistant: ein Konzept f&uuml;r ein Software-Verwaltungssystem, mit dem vorhandene Software effizient zu leistungsf&auml;higen entscheidungsunterst&uuml;tzenden Systemen zusammengestellt werden kann.
year : 1989
author 0 : Ralf Felter

title : Multi-level analysis of non-functional properties.
year : 2014
author 0 : Nadereh Hatami Mazinani

title : The influence of different membrane components on the GpA dimer determined by coarse-grained molecular dynamics simulations.
year : 2015
author 0 : Nadine Flinner

title : An optimization-based approach for continuous map generalization.
year : 2019
author 0 : Dongliang Peng 0002

title : Modellierung und Bewertung der Datenverwaltungskonzepte in UMTS.
year : 1995
author 0 : Damian Robert Lawniczak

title : Komponententechnologien zur Flexibilisierung konventioneller Lernsysteme am Beispiel einer wissensbasierten Erkl&auml;rungskomponente.
year : 2000
author 0 : Ute Trapp

title : Erkennung der Querungsintention von Fu&szlig;g&auml;ngern f&uuml;r das automatisierte Fahren im st&auml;dtischen Umfeld.
year : 2018
author 0 : Friederike Schneemann

title : Edison-16 - ein Beitrag zur Implementierung von Programmiersprachen.
year : 1988
author 0 : Gert Poeschel

title : Detailed Visual Person Analysis based on Attribrute Models learned from Data.
year : 2017
author 0 : Patrick Sudowe

title : Integration applikativer und prozessorientierter Programmierung.
year : 1991
author 0 : Gottfried Egger

title : Numerische L&ouml;sung der Boltzmanngleichung f&uuml;r eindimensionale Probleme bei bin&auml;ren Gasgemischen.
year : 1982
author 0 : Peter Mausbach

title : Auftragskoordination in Produktionsnetzen der Halbleiterindustrie.
year : 1999
author 0 : Hans-Martin Dudenhausen

title : Material Recognition Meets 3D Reconstruction: Novel Tools for Efficient, Automatic Acquisition Systems.
year : 2017
author 0 : Michael Weinmann

title : Mathematische Modellbildung der Dynamik der heterogen katalysierten Oxidation des Methanols: Numerische Behandlung eines diskreten mathematischen Modells von &uuml;ber Diffusion miteinander gekoppelter chemischer Speicher.
year : 1987
author 0 : Heike Schuster

title : New Techniques for Emulating Fault Attacks.
year : 2018
author 0 : Ralph Nyberg

title : Random fields for image registration.
year : 2011
author 0 : Benjamin M. Glocker

title : Debugging im Informatikunterricht.
year : 2021
author 0 : Tilman Michaeli

title : Explanation-based neural network learning a lifelong learning approach.
year : 1995
author 0 : Sebastian Thrun

title : Workflow Extraction from Textual Process Descriptions.
year : 2016
author 0 : Pol Schumacher

title : Articulated people detection and pose estimation in challenging real world environments.
year : 2016
author 0 : Leonid Pishchulin

title : Sind Hyperlinks rechtm&auml;&szlig;ig?: das Setzen von Hyperlinks aus urheber- und wettbewerbsrechtlicher Sicht.
year : 2003
author 0 : Boris B&ouml;rsch

title : Sichere Kommunikation zum Schutz der Privatsph&auml;re durch Identit&auml;tsmanagement.
year : 2003
author 0 : Uwe Jendricke

title : Design and Analysis of Architectures for Stereo Vision.
year : 2013
author 0 : Christian Banz

title : C-XSC: eine objekt-orientierte Programmierumgebung f&uuml;r verifiziertes wissenschaftliches Rechnen.
year : 1992
author 0 : Christian Lawo

title : Repr&auml;sentation, Verarbeitung und Organisation von Webinhalten: Relaunch des Webauftritts der Universit&auml;t Bielefeld.
year : 2003
author 0 : Marc Kupietz

title : Virtuelle Transaktionsgemeinschaften im Electronic Commerce: Management, Marketing und soziale Umwelt.
year : 1999
author 0 : Petra Schubert

title : Thresholds for Matchings in Random Bipartite Graphs with Applications to Hashing-Based Data Structures.
year : 2015
author 0 : Michael Rink 0001

title : General methods for fine-grained morphological and syntactic disambiguation.
year : 2015
author 0 : Thomas M&uuml;ller 0009

title : FORLOG - eine Methode der Wissensverarbeitung zur Entscheidungsfindung bei der L&ouml;sung automatisierungstechnischer Aufgaben.
year : 1991
author 0 : Fred Ross

title : Enabling in-field integration in critical embedded systems.
year : 2021
author 0 : Johannes Schlatow

title : Modeling the unknown using quantification.
year : 2014
author 0 : Christian Miller

title : Rechnergest&uuml;tzte Auftragsabwicklung an einem Praxisbeispiel.
year : 1996
author 0 : Peyman Merat

title : Multiprozessorsysteme im Multiuser-Betrieb: Leistungsbewertung mit analytischen Verfahren.
year : 1992
author 0 : Franz Hartleb

title : Privacy-preserving data processing for real use cases.
year : 2021
author 0 : Louis Tajan

title : Der spatial join in Geo-Datenbanksystemen.
year : 1995
author 0 : Thomas Brinkhoff

title : Untersuchungen zur Verifikation eines Multirechnersystems.
year : 1989
author 0 : Tomasz Stachowiak

title : Datenorientiertes Betriebssystem mit implizitem Synchronisationsverfahren.
year : 1982
author 0 : Hans-Dieter Kippen

title : Berechnung von Gruppenkonstanten im Bereich aufgel&ouml;ster Resonanzen.
year : 1973
author 0 : Werner Gulden

title : Aspekte der Architektur von Systemsoftware-Produktions-Umgebungen exemplarisch dargestellt am CDL(D)-Programmentwicklungsplatz.
year : 1989
author 0 : Manuel Joiko

title : Zum Zusammenhang von Organisation und Flexibilit&auml;t unter den Bedingungen einer flexiblen Automatisierung.
year : 1990
author 0 : Joachim Pampel

title : State-Based Real-Time Analysis of Synchronous Data-flow (SDF) Applications on MPSoCs with Shared Communication Resources.
year : 2016
author 0 : Maher Fakih

title : QoS-Based Optimization of Runtime Management of Sensing Cloud Applications.
year : 2021
author 0 : Manuel Gotin

title : Big data: sublinear algorithms for distributed data streams.
year : 2019
author 0 : Manuel Malatyali

title : Fehler in der signalabh&auml;ngigen FFT: (FFT= Fast Fourier Transform).
year : 1992
author 0 : Stephan Geue

title : Ein Beitrag zur Planung und &Uuml;berwachung gleisloser Transportsysteme im Steinkohlenbergbau unter Tage.
year : 1984
author 0 : Michael Schwenke 0003

title : Beitrag zur Datenverarbeitung grosser globaler Matrizen in der Strukturmechanik.
year : 1984
author 0 : Helmut J. Pradlwarter

title : Untersuchungen der Modulationseigenschaften von Halbleiter-Lasern f&uuml;r die optische Kommunikationstechnik.
year : 1986
author 0 : Rudolf Welter

title : Automated Machine Learning - Bayesian Optimization, Meta-Learning &amp; Applications.
year : 2018
author 0 : Martin Wistuba

title : Beitr&auml;ge zur Entwurfautomatisierung anwendungsspezifischer Schaltkreise (ASIC).
year : 1988
author 0 : Stefan Weisse

title : Zur Testfallgenerierung in der Entwurfsphase.
year : 1983
author 0 : Lothar Gmeiner

title : The complexity of description logics with concrete domains.
year : 2002
author 0 : Carsten Lutz

title : Rechnerunterst&uuml;tzte Konstruktion von Varianten, Entwicklung eines Programmoduls zur Speicherung konstruktiver Abh&auml;ngigkeiten.
year : 1987
author 0 : Georg Buchholz

title : Funktion und Organstruktur von Steuerungsautomaten.
year : 1981
author 0 : Achim Mehlhorn

title : Systematische Online-Literaturrecherchen zur Erfassung toxikologischer Daten.
year : 1994
author 0 : Helga Christine Ludl

title : Light-field imaging and heterogeneous light fields.
year : 2016
author 0 : Maximilian Diebold

title : Interactive Verification of Synchronous Systems.
year : 2015
author 0 : Manuel Gesell

title : Beitrag zur Gestaltung progressiver Arbeitsinhalte in der technologischen Produktionsvorbereitung der polygrafischen Industrie unter dem Aspekt k&uuml;nftiger Bildschirmarbeit.
year : 1985
author 0 : Siegmar Witt

title : Anwendungsorientierte Grundsoftware f&uuml;r schiffsgeometrische Daten als eine Basis f&uuml;r rechnerunterst&uuml;tzten Entwurf.
year : 1984
author 0 : Angelika Ballschmiter

title : Untersuchungen und Messungen zur Entwicklung eines prozessorgesteuerten Infusionsregimes.
year : 1984
author 0 : Gerhard Kultermann

title : Vergleichende Analyse der Entwicklung, der Implementierung und der Testung von Ger&auml;tedrivern in ausgew&auml;hlten Betriebssystemen.
year : 1992
author 0 : Ramona Frank

title : Supporting users in password authentication with persuasive design.
year : 2018
author 0 : Tobias Seitz

title : Frageb&ouml;gen, Beurteilungsgrunds&auml;tze und Auswahlrichtlinien: die Mitbestimmungsrechte aus &#167;&#167;94, 95 BetrVG unter besonderer Beachtung elektronischer Personaldatenverarbeitung.
year : 1984
author 0 : Hansi Stoltenberg

title : Mining big data streams for multiple concepts.
year : 2015
author 0 : Christian Bockermann

title : A domain-specific, model driven engineering approach for systems engineering in the smart grid.
year : 2017
author 0 : Christian Neureiter

title : Cultural usability assessment of B2C e-service using bayesian belief networks.
year : 2018
author 0 : Rasha Tolba

title : Darstellung allgemeing&uuml;ltiger Grundlagen f&uuml;r die rechnergest&uuml;tzte technologische Fertigungsvorbereitung, dargestellt am Automatisierungsvorhaben Ringwalzwerk.
year : 1978
author 0 : Wolfgang Ruschke

title : Inkrementelle Integrit&auml;spr&uuml;fung und Sichtenaktualisierung in SQL.
year : 2001
author 0 : Birgit Pieper

title : Informations- und Kommunikationstechnologie beim Wissensmanagement: Gestaltungsmodell f&uuml;r die industrielle Produktentwicklung.
year : 2002
author 0 : Uwe Heckert

title : Integration vom Wissensmodulen bei der Kreditvergabe.
year : 1997
author 0 : Olaf Weber

title : Quantitative Methods for Uncertainty Visualization.
year : 2021
author 0 : Jochen G&ouml;rtler

title : Personalisierung im Internet: pers&ouml;nliche Empfehlungen mit "collaborative filtering".
year : 2003
author 0 : Jan-Hendrik D&ouml;rner

title : Zugangsberechtigung und besondere Sicherung im Sinne von &#167; 202a StGB: Datensicherung - nicht nur ein juristisches Problem.
year : 1994
author 0 : Ernst Jessen

title : Model checking of duration calculus specifications.
year : 2001
author 0 : Josef Tapken

title : Wordspotting techniques using a multilayer perceptron combined with dynamic time warping and hidden Markov models.
year : 1997
author 0 : Suhardi

title : Needmining: automated analytical support for customer need elicitation.
year : 2017
author 0 : Niklas K&uuml;hl

title : Detektion und Erkennung von Text in Videos mit niedriger Qualit&auml;t.
year : 2015
author 0 : Andreas Cobet

title : Konzept einer Fachsprache-Beschaffung im Rahmen eines intelligenten rechnergest&uuml;tzten Management-Entscheidungssystems.
year : 1991
author 0 : Bernd Markgraf

title : &Uuml;ber spezielle Klassen nichtkonvexer Optimierungsaufgaben, die auf konvexe &uuml;berf&uuml;hrt werden k&ouml;nnen.
year : 1985
author 0 : Monika Kummer

title : Eine Systematik zur Klassifizierung IT-gest&uuml;tzter Ausbildungsumgebungen und ein objektorientiertes Kursmodell f&uuml;r flexibles Lernen.
year : 2001
author 0 : Anette Knierriem-Jasnoch

title : Memory and delay in regular infinite games.
year : 2011
author 0 : Michael Holtmann

title : Higher-order structured presentations in a logical framework.
year : 1994
author 0 : Junbo Liu

title : Human Perception in Objective Video Quality Assessment and Video Coding.
year : 2017
author 0 : Steffen Wulf

title : Relations and Transductions Realized by Restarting Automata.
year : 2013
author 0 : Norbert Hundeshagen

title : Komplexit&auml;tsanalysen und effiziente Algorithmen f&uuml;r kombinatorische Probleme beim Algorithmischen Lernen.
year : 1994
author 0 : Klaus-Uwe H&ouml;ffgen

title : Modellierung, Beobachtung und Steuerung ereignisorientierter verfahrenstechnischer Systeme.
year : 1995
author 0 : Rainer Scheuring

title : A tool for generating programs with mixed task and data parallelism.
year : 2001
author 0 : Ursula Fissgus

title : Design and implementation aspects of open source Next Generation networks (NGN) test-bed software toolkits.
year : 2014
author 0 : Dragos Vingarzan

title : Zur Identifikation bilinearer Modelle in kanonischer Form.
year : 1993
author 0 : Hagen Reuter

title : Struktur und Funktionsweise elektronischer Handelssysteme sowie deren Auswirkungen auf Bankbetriebe.
year : 1994
author 0 : Christoph Weichsler

title : New results on semilinear sets and variants of jumping finite automata.
year : 2020
author 0 : Simon Beier

title : Intensional equality for process calculi based on &#949;-structures.
year : 2000
author 0 : Ladan Pooyan-Weihs

title : Zur Implementierung von sortierenden sequentiellen Detektionsalgorithmen unter Ber&uuml;cksichtigung von teilweise sortierenden Algorithmen.
year : 1995
author 0 : Kai Achtmann

title : Untersuchungen zur Sicherheit und Realisierbarkeit von analogen und digitalen kryptologischen Systemen.
year : 1983
author 0 : Paul Sch&ouml;bi

title : Neuronale Netze zur Steuerung von einbeinigen Bewegungssystemen: Entwurf und optoelektronische Implementierung.
year : 1999
author 0 : Klaus D. Maier 0001

title : Untersuchungen zu grafischen Aufgaben der Biosignalverarbeitung: Entwicklung, Aufbau und Anwendung eines speziellen Grafiksystems.
year : 1993
author 0 : Dieter Schr&ouml;der

title : Study on human-in-the-loop sensing in urban environment analysis.
year : 2019
author 0 : Yuki Matsuda 0001

title : Data-Driven Uncertainty Quantification for Large-Scale Simulations.
year : 2018
author 0 : Fabian Franzelin

title : Einsatz mobiler Agenten zur effizienten Nutzung heterogener Clustersysteme.
year : 2002
author 0 : Claus Grewe

title : Large-scale Live Video Streaming over the Internet - Efficient and Flexible Content Delivery Using Network and Application-Layer Mechanisms.
year : 2016
author 0 : Julius R&uuml;ckert

title : Simple and flexible universal composability: definition of a framework and applications.
year : 2020
author 0 : Daniel Rausch 0001

title : Computergest&uuml;tzte Abschlu&szlig;&uuml;berwachung im Rahmen des Abschlu&szlig;erstellungsprozesses durch den steuerberatenden Berufsstand: beispielhafte Realisierung eines kontenrahmenbasierten &Uuml;berwachungsunterst&uuml;tzungssystems.
year : 1997
author 0 : Lars Meyer-Pries

title : Elektronische Zeitungsproduktion: computergesteuerte Redaktionssysteme und ihre publizistischen Folgen.
year : 1997
author 0 : Knut Krohn

title : Ein systemtheoretischer Ansatz zur computergest&uuml;tzten Prozess- und Projektplanung.
year : 1987
author 0 : Dirk Brinkk&ouml;tter

title : Temporal models for mining, ranking and recommendation in the Web.
year : 2020
author 0 : Tu Nguyen

title : Erfassung der Fl&auml;chennutzung mit Hilfe von LANDSAY/TM-Stichproben.
year : 1993
author 0 : Gerhard Smiatek

title : Planen und die Repr&auml;sentation der realen Welt.
year : 1986
author 0 : Joachim Hertzberg

title : Adaptive measurement plans for software development.
year : 2001
author 0 : Christiane M. Differding

title : Principles of Human Learning.
year : 2021
author 0 : Marcel Binz

title : Exploiting wireless link dynamics.
year : 2012
author 0 : Muhammad Hamad Alizai

title : Polynomially solvable cases of hypergraph transversal and related problems.
year : 2011
author 0 : Imran Rauf

title : Individuelles Planen durch Metawissen f&uuml;r Roboteranwendungen in der Raumfahrt.
year : 1988
author 0 : Osamah el-Zubi

title : Computersimulation zur Entwicklung sportmotorischer Techniken.
year : 1987
author 0 : R&uuml;diger Preiss

title : Entwurf, Realisierung, Programmierung und Anwendung eines Arithmetik-Spezialrechners.
year : 1987
author 0 : Helge Herz

title : Entwicklung von Verfahren zur Auswertung von Me&szlig;daten der Plasmadiagnostik mit Methoden der massiv parallelen Datenverarbeitung.
year : 1997
author 0 : Joachim Wienbeck

title : Zellul&auml;re Automaten und Modelle f&uuml;r Epidemien.
year : 1993
author 0 : Birgitt Sch&ouml;nfisch

title : Beitrag zur Erarbeitung von CAD/CAM-L&ouml;sungen f&uuml;r abwickelbare Bauteile.
year : 1987
author 0 : Peter K&ouml;hler

title : Efficient implementation of resource-constrained cyber-physical systems using multi-core parallelism.
year : 2018
author 0 : Olaf Neugebauer

title : Struktur- und Quantit&auml;tsbezug: Z&auml;hl- und Massangaben in Wissens- und Sprachverarbeitung.
year : 1994
author 0 : Carola Eschenbach

title : PAC-Bayesian pattern classification with kernels: theory, algorithms, and an application to the game of Go.
year : 2002
author 0 : Thore Graepel

title : A Reference Model for Integrated Energy and Power Management of HPC Systems.
year : 2021
author 0 : Matthias Maiterth

title : Cryptographic foundations of modern stateful and continuous key exchange primitives.
year : 2021
author 0 : Paul R&ouml;sler

title : Algorithmen zur L&ouml;sung des 0-1-Knapsackproblems.
year : 1989
author 0 : Cebel K&uuml;&ccedil;&uuml;kkaraca

title : Improving coverage in simulation-based verification.
year : 2014
author 0 : Shuo Yang

title : Predictive and cooperative online motion planning: a contribution to networked mobile robot navigation in industrial applications.
year : 2019
author 0 : Felipe Garcia Lopez

title : Rechnergest&uuml;tzte Simulationswerkzeuge zur Effizienzsteigerung des Industrierobotereinsatzes.
year : 1993
author 0 : Rainer Stetter

title : Ein allgemeiner Ansatz zur Metadaten-Verwaltung.
year : 2019
author 0 : Frank Friedhelm Kramer

title : Rekonstruktion phylogenetischer B&auml;ume mit Hilfe von Varianten der Vier-Punkt-Bedingung.
year : 1988
author 0 : Arndt von Haeseler

title : Ein Konzept f&uuml;r dreidimensionales Maschinensehen durch aktive Objektextraktion mittels kreisrasterf&ouml;rmiger strukturierter Beleuchtung.
year : 1997
author 0 : Markus M&uuml;ller 0003

title : Ein Architekturmodell f&uuml;r eine generische Datenbankanwendung im Intranet und seine prototypische Realisierung.
year : 1998
author 0 : Achim Selz

title : Konzeption, Entwicklung und Implementierung eines computergest&uuml;tzten B&uuml;rovorgangssystemes zur Modellierung von Vorgangsklassen und Abwicklung und &Uuml;berwachung von Vorg&auml;ngen.
year : 1993
author 0 : Klaus Schwab

title : Ressourcenplanung, Ressourceneinsatz und Ressourcenverwaltung bei der "Rechnergest&uuml;tzten Bauleitung" im Strassenbahngleisbau: ein Beitrag zur CAD/CAM-Technologie im Bauwesen.
year : 1988
author 0 : Peter Gro&szlig;er

title : Practical 3D Reconstruction of Non-Rigid Objects and Surface Reflectance.
year : 2021
author 0 : Matthias Innmann

title : 3D Global Shape Descriptors Applied in Scan Registration.
year : 2015
author 0 : Bo Sun 0009

title : Strategic Black-Box Testing of Automotive Safety Electronic Control Units.
year : 2014
author 0 : Philipp Luchscheider

title : Knochenmodellherstellung in der Medizin anhand von sonographischen Daten: unter Anwendung von Computer Aided Design (CAD) und Stereolithographie als Computer Aided Manufacturing (CAM).
year : 1997
author 0 : J&uuml;rgen Erich Zenzinger

title : Requirements engineering: artefact-based customisation.
year : 2011
author 0 : Daniel M&eacute;ndez Fern&aacute;ndez

title : Intra-operative visualization and assessment of articular surfaces in C-arm computed tomography images.
year : 2015
author 0 : Michael Brehler

title : Handskizzeneingabe von Freiformgeometrien f&uuml;r CAD-Modelle.
year : 1995
author 0 : Jun Liu 0045

title : Grundlagen eines Informationssystems f&uuml;r die langfristige Absatzf&uuml;hrung in mittelst&auml;ndischen Betrieben der Konsumg&uuml;terindustrie.
year : 1984
author 0 : Andreas Paffhausen

title : Wissensbasierte Unternehmensstrategieentwicklung: Perspektiven f&uuml;r die Architektur integrierter, computergest&uuml;tzter F&uuml;hrungssysteme.
year : 1991
author 0 : Michael M&uuml;ller-W&uuml;nsch

title : Knowledge engineering f&uuml;r betriebliche Expertensysteme: Erhebung, Analyse und Modellierung von Wissen.
year : 1991
author 0 : Andreas Lenz

title : Entwurfsmethode f&uuml;r selbstgetaktete VLSI-Datenpfadarchitekturen.
year : 1995
author 0 : Christoph Heer

title : Aufbau und Leistungsverhalten eines modularen Multiprozessor-Systems mit dezentral gesteuertem Kreuzschienenschalter.
year : 1982
author 0 : Hans-Walter B&uuml;denbender

title : Dynamic routing optimization using traffic prediction.
year : 2014
author 0 : Abutaleb Turky

title : Informationstexte verstehen: individuell und computational ; eine sprachzeichenzentrierte Studie im Lichte der Cognitive Science und der Hermeneutischen Semiologie.
year : 1993
author 0 : Jutta N&uuml;bel

title : Krankenh&auml;user und neuere technische Kommunikationsmittel: zur kommunikationstechnolog. veranlassten Ver&auml;nderung d. optimalen Betriebsgr&ouml;ssen von Krankenh&auml;usern.
year : 1984
author 0 : Klaus Schreier

title : Modell eines Simulators f&uuml;r verteilte Datenbanksysteme.
year : 1988
author 0 : Ernst Isensee

title : Imaginale Prototypen als analogische Formrepr&auml;sentation dreidimensionaler Objekte.
year : 2000
author 0 : Martin Hoffhenke

title : Computerunterst&uuml;tzte histologische Diagnostik am Beispiel der Differenzierung der von Astrozyten und Oligodendrogliazellen ausgehenden Tumoren (Programmsystem f&uuml;r Personal-Computer).
year : 1989
author 0 : F. Christoph B. Brinnel

title : Management von IT-Agilit&auml;t: Entwicklung eines Kennzahlensystems zur Messung der Agilit&auml;t von Anwendungslandschaften.
year : 2015
author 0 : Alexander von Rennenkampff

title : Rechnergest&uuml;tzte Analyse von hierarchischen Automatennetzen.
year : 1989
author 0 : Waleri Blochin

title : Koordination von Informations-Management und Unternehmungsf&uuml;hrung: Entwicklung eines Ansatzes zum innerbetrieblichen Informations-Marketing.
year : 1988
author 0 : Hanspeter Leutenegger

title : Die Konstruktion eines Programmgenerators f&uuml;r die Auswertung von relationalen Datenbanken.
year : 1990
author 0 : Gabriele Erler

title : Funk&uuml;bertragung von Audiosignalen mit pr&auml;diktiver Soft-Decision-Dekodierung.
year : 2013
author 0 : Florian Pflug

title : Connectivity Map: Pr&auml;diktion von Konnektivit&auml;t in zellul&auml;rer Fahrzeugkommunikation.
year : 2014
author 0 : Tobias P&ouml;gel

title : Messung und Modellierung von lichtstreuenden Materialien zur Computer-Simulation von Tageslichtbeleuchtung.
year : 1995
author 0 : Peter Apian-Bennewitz

title : Metamorphosen, Unifikation und linguistische Merkmalbeschreibungen: Theorie und Implementierungstechniken.
year : 1990
author 0 : Wolfgang G. Kreitmair-Steck

title : Exploring Scheduling for On-demand File Systems and Data Management within HPC Environments.
year : 2021
author 0 : Mehmet Soysal

title : Interactive physically-based image synthesis.
year : 2011
author 0 : Jakob B&auml;rz

title : Applications of automata learning in verification and synthesis.
year : 2014
author 0 : Daniel Neider

title : Unterst&uuml;tzung der Entscheidungsfindung in der Fahrzeugentwicklung durch den Einsatz von Fingertracking in der CAVE.
year : 2019
author 0 : Markus Blumenthal

title : Die Rolle des Informationsmanagements beim Aufbau strategischer Erfolgspositionen: eine Untersuchung in Dienstleistungsunternehmen.
year : 1995
author 0 : Marc-Andr&eacute; Pradervand

title : Analytische Netzwerksynthese: neue Methoden zur Approximation u. Realisierung.
year : 1985
author 0 : Lothar Thiele

title : Application of Deep Learning for Inspection in Industrial Overhaul Processes.
year : 2020
author 0 : Benjamin Taheri

title : Eine algebraische Beschreibung planarer Graphen und ihre Anwendung auf Petri-Netze.
year : 1997
author 0 : Andreas St&uuml;binger

title : Control algorithms for mobile agents.
year : 1999
author 0 : Joachim Baumann 0001

title : Video-to-Video Face Recognition for Low-Quality Surveillance Data.
year : 2018
author 0 : Christian Herrmann 0001

title : Informatives Feedback: Wirkung auf Lernerfolg und Motivation bei computergest&uuml;tztem Training sprachrezeptiver F&auml;higkeiten.
year : 2003
author 0 : Mona Pommer

title : Untersuchungen zu einem selektiven digitalen Demodulationsverfahren amplitudenmodulierter Sinustr&auml;ger.
year : 1981
author 0 : Peter D&uuml;ngel

title : Blockchain-basiertes virtuelles Geld.
year : 2020
author 0 : Alexandra Spiegel

title : Feature Transfer Learning for Speech Emotion Recognition.
year : 2016
author 0 : Jun Deng

title : Modeling and simulation of invasive applications and architectures = Modellierung und Simulation von invasiven Anwendungen und Architekturen.
year : 2018
author 0 : Sascha Roloff

title : Zur algorithmischen Synthese von schnellen Programmen.
year : 1983
author 0 : Thomas Zeugmann

title : Proaktive modellbasierte Performance-Analyse und -Vorhersage f&uuml;r relationale Datenbankanwendungen.
year : 2016
author 0 : Christoph Koch 0005

title : Automatisierte Anbindung von Simulations- und Optimierungssoftware zur parallelen L&ouml;sung inverser Problemklassen.
year : 2020
author 0 : Ralf Seidler

title : PPS als CIM-Baustein: Gestaltung d. Produktionsplanung u. -steuerung f&uuml;r d. computerintegrierte Produktion.
year : 1987
author 0 : Peter Helberg

title : Machine learning in advanced driver-assistance systems.
year : 2019
author 0 : Farzin Ghorban

title : Mutating runtime architectures as a countermeasure against power analysis attacks.
year : 2012
author 0 : Marc St&ouml;ttinger

title : Informationsaustausch in der maritimen Transportkette: Untersuchung der Prozessleistung im Datenfluss und der Kapazit&auml;tsauslastung.
year : 2015
author 0 : Fabian Walter

title : Modellierung kategorialer Paneldaten: empirische Analysen zum IFO-Konjunkturtest.
year : 1993
author 0 : Harald Nase

title : Wissensbasierte Leistungsbewertung von Rechnerarchitekturen.
year : 1989
author 0 : Burkhard Scherf

title : Domain models of typed lambda calculi: towards a theory of concurrency in typed functional setting.
year : 1998
author 0 : Claudio Dupr&eacute;

title : Machine learning in cardiac CT image reconstruction.
year : 2020
author 0 : Tanja Lossau

title : Agenten in Raum und Zeit: diskrete Simulation mit Multiagentensystemen und expliziter Raumrepr&auml;sentation.
year : 2014
author 0 : Ruth Meyer

title : Architecture-aware online failure prediction for software systems.
year : 2018
author 0 : Teerat Pitakrat

title : Verarbeitung von unsicherem Wissen in CAD-Prozessen.
year : 1994
author 0 : Mohammad Abuosba

title : Design support for performance- and cost-efficient (re)distribution of cloud applications.
year : 2019
author 0 : Santiago G&oacute;mez S&aacute;ez

title : Informationsmanagement und Unternehmenskultur: Untersuchung der wechselseitigen Beziehung des betrieblichen Informationsmanagements und der Unternehmenskultur.
year : 1995
author 0 : Stefan Grudowski

title : Developing distributed applications by semantics based automatic replication.
year : 1995
author 0 : Sumin Huang

title : Interaktives Geb&auml;ude-Energiemanagement.
year : 2014
author 0 : Birger Becker

title : Lineare Lernregeln zur Sch&auml;tzung zeitlich variabler Parameter in einem Hilbertraum.
year : 1988
author 0 : J&uuml;rgen Schnerring

title : Learning to segment in images and videos with different forms of supervision.
year : 2017
author 0 : Anna Khoreva

title : Strukturelle Konsistenz und Regularisierung von VHDL-AMS-Modellen.
year : 2003
author 0 : Jochen Mades

title : Computergraphische Methoden f&uuml;r molekulare Strukturen in der Protein-Biosynthese.
year : 1997
author 0 : Tarik Erdemir

title : Big Data: Potential und Barrieren der Nutzung im Unternehmenskontext.
year : 2014
author 0 : Stefanie King

title : Data Protection in Personalized AI Services: A Decentralized Approach.
year : 2021
author 0 : Christian Meurisch

title : Einsatzm&ouml;glichkeiten ausgew&auml;hlter Standardsoftware der Betriebssysteme CP, M und UNIX in sprachwissenschaftlichen Untersuchungen anhand der Erzeugung eines lemmatisierten Index zur ersten vollst&auml;ndigen Verdeutschung von Francesco Petrarcas 'De remediis utriusque fortunae', Augsburg 1532.
year : 1989
author 0 : Stephan Dicke

title : Fault-injection-driven development.
year : 2019
author 0 : Lena Feinbube

title : P.S., eine Prolog-basierte Expertensystemshell auf der Grundlage von Metainterpretation und partieller Evaluation.
year : 1991
author 0 : Kai-Uwe Scherer

title : Bildgest&uuml;tzte deiktische Interaktionsr&auml;ume f&uuml;r mobile Dokumentation und Kollaboration bei Innenraumszenarien.
year : 2015
author 0 : J&ouml;rg Schweitzer

title : Aufbau und Einf&uuml;hrung strategischer Informationssysteme: dargestellt am Beispiel deutscher Grossbanken.
year : 1993
author 0 : Dietmar Wurst

title : Eine Methodik zur Entwicklung von Multiagenten-Systemen auf Basis von Gesch&auml;ftsprozess-Modellen.
year : 2017
author 0 : Tobias K&uuml;ster

title : Fair and Square: Issues of Fairness and Computation in Partition Problems.
year : 2018
author 0 : Nhan-Tam Nguyen

title : Enhanced Insights from Vehicle Simulation by Analysis of Parametric Uncertainties.
year : 2020
author 0 : Simon Schmeiler

title : Schnelle Polynomarithmetik zur exakten L&ouml;sung des Fermat-Weber-Problems.
year : 1993
author 0 : J&uuml;rgen Klose

title : Mathematische Modellierung von ZTU-Schaubildern f&uuml;r Einsatz- und Verg&uuml;tungsst&auml;hle.
year : 1991
author 0 : Niels Vieweg

title : Kriterien zur Wahl von Regressionsmodellen.
year : 1983
author 0 : Bernd Droge

title : Eine Architektur zur "optimistischen Integration" von KMU-Wertsch&ouml;pfungsnetzwerken.
year : 2011
author 0 : Jochen Kokem&uuml;ller

title : Erarbeitung einer organisatorischen L&ouml;sung zum Aufbau einer Fertigungsdatenbank in Maschinenbauunternehmen.
year : 1992
author 0 : Rolf-J&uuml;rgen Schlenkrich

title : Metaphern in der Informatik: Modellbildung, Formalisierung, Anwendung.
year : 1998
author 0 : Carsten Busch

title : Rechnerinterne Objektdarstellungen als Basis integrierter CAD-Systeme.
year : 1982
author 0 : G&uuml;nter Pohlmann

title : Computereinsatz bei Befragungen.
year : 1994
author 0 : Gert Hoepner

title : On Workload-driven Router Designs.
year : 2012
author 0 : Nadi Sarrar

title : Qualit&auml;tskriterien f&uuml;r interaktive &auml;rztliche Fortbildung unter Verwendung des Internets.
year : 2003
author 0 : Michael Knieling 0001

title : Integrating aggregational and probabilistic approaches to dialectology and language variation = Die Integration aggregativer und probabilistischer Zug&auml;nge zur Dialektologie und Sprachvariation.
year : 2014
author 0 : Christoph Wolk

title : Informationsverarbeitung durch koh&auml;rente Aktivit&auml;t in neuronalen Systemen.
year : 1995
author 0 : Raphael Ritz

title : Lokale St&uuml;tzstrukturen zur Transformationspassung von Bildern.
year : 2003
author 0 : Georg Pisinger

title : Hebung des Abstraktionsniveaus der prozeduralorientierten Programmpakete mit der Objektschalenmethode zur flexiblen Verkn&uuml;pfung der Prozesse am Beispiel des Strassenentwurfs.
year : 1993
author 0 : Danijel Rebolj

title : Rekonstruktion dreidimensionaler Oberfl&auml;chenmodelle aus Sequenzen segmenturverrauschter Tiefenbilder.
year : 1999
author 0 : Daniel Fischer 0002

title : DRUM: Modellkonzept zur dynamischen Routensuche und Umlegung.
year : 1994
author 0 : Dirk Serwill

title : Beitrag zur Realisierung eines portablen, fehlertoleranten Mehrrechner-Betriebssystems zur Prozessautomatisierung.
year : 1989
author 0 : Ralf Scharnow

title : Erstellung und Diskussion einer Checkliste f&uuml;r Unterrichtssoftware und speziell f&uuml;r Lernprogramme.
year : 1989
author 0 : Andreas Otto Freitag

title : Der urheberrechtliche Schutz elektronischer Printmedien: unter besonderer Ber&uuml;cksichtigung der Privilegierungstatbest&auml;nde &#167;&#167; 49, 53 UrhG.
year : 1999
author 0 : Michael Zahrt

title : Entwicklung und Anwendung eines Softwaresystems zur Simulation des Wasserhaushalts und Stofftransports in variabel ges&auml;ttigten B&ouml;den.
year : 2019
author 0 : Ren&eacute; Blankenburg

title : Konzeption eines rechnergest&uuml;tzten Werkzeuges zur objektorientierten Erfassung, Modellierung und Simulation von Wissensstrukturen.
year : 1992
author 0 : J&ouml;rg Papke

title : Safe template processing of XML documents.
year : 2011
author 0 : Falk Hartmann

title : Der Entscheidungsprozess bei der Beschaffung innovativer Software: dargestellt am Beispiel von CASE-Software.
year : 1993
author 0 : Axel Keller

title : DeskVR: seamless integration of virtual reality into desk-based data analysis workflows.
year : 2020
author 0 : Daniel Zielasko

title : Intelligent Single-Channel Methods for Multi-Source Audio Analysis.
year : 2015
author 0 : Felix Weninger

title : Rechnergest&uuml;tzte Systemanalyse: ein objektorientierter Ansatz zur Unternehmensmodellierung.
year : 1995
author 0 : Frauke Weichhardt

title : Untersuchungen zur Entwicklung modularer Strukturen industrieller Bildverarbeitungssysteme auf der Basis von Personalcomputern.
year : 1989
author 0 : Dieter Vyhnal

title : Semantic navigation in digital media.
year : 2013
author 0 : Thorsten Karrer

title : Wegedatenaufbereitung f&uuml;r technologische Industrieroboter mit direkter Teach-in-Programmierung durch digitale Signalverarbeitung.
year : 1986
author 0 : Joachim Geiler

title : Bestimmung des Energiebedarfs von Rechenzentren: non-deterministic resource framework.
year : 2012
author 0 : Niko Zenker

title : Die Vorausbestimmung der Kraftwerksverf&uuml;gbarkeit als komplexes betriebswirtschaftliches Problem.
year : 1985
author 0 : Otto Schweicke

title : Netzwerkmanagement mit programmierbaren, kooperierenden Agenten.
year : 1996
author 0 : J&uuml;rgen Sch&ouml;nw&auml;lder

title : Hardware- und Software-Kompatibilit&auml;tstests f&uuml;r den Bordrechner eines Kleinsatelliten.
year : 2013
author 0 : Michael Fritz

title : Erarbeitung von Strategien zur &Uuml;bersetzung und effektiven Abarbeitung von SPS-Anwenderprogrammen mit Ablaufstruktur als Grundlage f&uuml;r die Entwicklung entsprechender Softwarekomponenten.
year : 1993
author 0 : Reinhard Brunner

title : Multimediale Lehr- und Lernsysteme: effiziente Aufgaben- und Animationserstellung.
year : 2002
author 0 : Christian Weidauer

title : Ein dreidimensionales Bildverarbeitungssystem f&uuml;r die Automatisierung visueller Pr&uuml;fvorg&auml;nge: mit 2 Tab.
year : 1993
author 0 : Jianzhong Lu

title : Ein Beitrag zur steuerbaren Interpolation von Kurven und Fl&auml;chen.
year : 1982
author 0 : Serge Cohen 0003

title : Rechnerunterst&uuml;tztes Konstruieren von Werkzeugmaschinenantrieben: Dialogsystem zur Variation u. zum Optimieren von Hauptantrieben spanender Werkzeugmaschinen.
year : 1982
author 0 : Rolf Streller

title : Comparing classical and embodied multimodal fusion for human-robot interaction.
year : 2011
author 0 : Manuel Giuliani

title : The HyperView approach to the integration of semistructured data.
year : 2000
author 0 : Lukas C. Faulstich

title : Diagnoseunterst&uuml;tzung durch Selbsttestverfahren in Mikrorechnerbaugruppen.
year : 1987
author 0 : Stephan Rupf

title : Algebraic, logical and stochastic reasoning for the automatic prediction of 3d building structures.
year : 2021
author 0 : Sandra Loch-Dehbi

title : Entwurf und Implementierung eines Expertensystemprototypen zur strategischen Analyse von Luftverkehrsm&auml;rkten auf der Grundlage der unscharfen Logik.
year : 1994
author 0 : Wolfgang Busch

title : Schranken f&uuml;r die durchschnittliche Laufzeit des Simplexverfahrens und von Innere-Punkte-Verfahren.
year : 1997
author 0 : Petra Huhn

title : Die Entwicklung von Mikroprozessorsystemen unter besonderer Ber&uuml;cksichtigung der Unterst&uuml;tzung durch rechentechnische Hilfsmittel.
year : 1987
author 0 : Joachim Gurtler

title : Der Computer als Lernmittel im rehabilitationsp&auml;dagogischen Prozess von Kindern mit Lese-Rechtschreib-Schw&auml;che.
year : 1990
author 0 : Kathrin Herrmann

title : Robust Vision-based Vehicle Driver Monitoring.
year : 2016
author 0 : Xiangpeng Liu

title : Automating User-Centered Design of Data-Intensive Processes.
year : 2017
author 0 : Vasileios Theodorou

title : Software engineering perspectives on physiological computing.
year : 2011
author 0 : Andreas Schroeder

title : Ein wissensbasiertes Bildverarbeitungssystem zur rechnerunterst&uuml;tzten Erfassung und Interpretation technischer Zeichnungen.
year : 1992
author 0 : Thomas Bartsch

title : Sch&uuml;lergerechter Datenverarbeitungs-Unterricht an Kaufm&auml;nnischen Schulen, am Beispiel der H&ouml;heren Handelsschule.
year : 1992
author 0 : Georg Pancratz

title : Untersuchungen zur Gestaltung und Verifikation von Betriebssystemkomponenten f&uuml;r Mehrmikrorechnersysteme.
year : 1988
author 0 : Bernd Kl&uuml;he

title : Konzept eines freiprogrammierbaren Mikrorechnerreglers und die Realisierung seiner Softwarekomponenten.
year : 1983
author 0 : Wolf-R&uuml;diger M&uuml;ller

title : Dygest: neural architectures for visual-based dynamic gesture recognition.
year : 2000
author 0 : Andrea Corradini 0002

title : Fundierung der Konstruktion agiler Methoden: Anpassung, Instanziierung und Evaluation der Methode PiK-AS.
year : 2015
author 0 : Tobias Trepper

title : Werkzeugunterst&uuml;tzte effiziente Nutzung von Hochleistungsrechnern.
year : 2000
author 0 : Jens Simon

title : Modulare Programmierung als ein Konzept zur methodischen Softwareentwicklung in der Strukturmechanik.
year : 1981
author 0 : Burkhard Weber

title : I.D.E.A. - ein Datenflusskonzept zur Verarbeitung, Speicherung und Darstellung digitaler Bilder.
year : 1990
author 0 : Wolfgang Winkler

title : Programmierschnittstellen f&uuml;r eingebettete Netzwerke in Mehrbenutzerbetriebssystemen am Beispiel des controller area network.
year : 2011
author 0 : Oliver Hartkopp

title : &Uuml;ber lokale Optimierungsverfahren und deren Kopplung mit global konvergenten Verfahren.
year : 1989
author 0 : Klaus Sch&ouml;nefeld

title : Ein Konzept f&uuml;r ein modular aufgebautes, graphikf&auml;higes taktiles Anzeigeger&auml;t f&uuml;r blinde Rechnerbenutzer.
year : 1994
author 0 : Bertold Schulz

title : Automatische Testmustergenerierung in synchronen sequentiellen Schaltungen.
year : 1992
author 0 : Elisabeth Auth

title : All your System Memory are belong to us: From Low-Level Memory Acquisition to High-Level Forensic Event Reconstruction.
year : 2021
author 0 : Tobias Latzo

title : A linear scaling change impact analysis based on a formal safety model for automotive embedded systems.
year : 2016
author 0 : Markus Oertel

title : Inset-Informationsmasse.
year : 1993
author 0 : Heiko Gross

title : Mining User Reviews from Mobile Applications for Software Evolution.
year : 2015
author 0 : Adriana Emitz&aacute; Guzm&aacute;n Ortega

title : Ein Informationssystem f&uuml;r Instandhaltungsleitstellen.
year : 1992
author 0 : Wilfried Sihn

title : Statistische Speicherung grosser Datenmengen in Matrizenstrukturen bei konstantem Speicherbedarf.
year : 1988
author 0 : Gerhard Pfeffer

title : Coordination of autonomic function execution in Self-Organizing Networks.
year : 2013
author 0 : Tobias Bandh

title : Anpassung von Alignments an Ver&auml;nderungen in Ontologien.
year : 2021
author 0 : Matthias Jurisch

title : Computerunterst&uuml;tzte Arrhythmieanalyse, Prinzipien der Realisierung auf Microcomputer.
year : 1984
author 0 : Manfred Fleck

title : Externe Integration der Datenverarbeitung: unternehmens&uuml;bergreifende Konzepte f&uuml;r Handelsunternehmen.
year : 1990
author 0 : Christian Petri

title : Universal Workload-based Graph Partitioning and Storage Adaption for Distributed RDF Stores.
year : 2021
author 0 : Ahmed Imad Aziz Al-Ghezi

title : Advanced methods for fusion of fuzzy systems and neural networks in intelligent data processing.
year : 1996
author 0 : Saman K. Halgamuge

title : Real-time endoscopic image stitching for cystoscopy.
year : 2017
author 0 : Tobias Bergen

title : Visualisierung des Systemzustandes und Situationserfassung in gro&szlig;r&auml;umigen elektrischen &Uuml;bertragungsnetzen.
year : 2014
author 0 : Christoph Schneiders

title : Visualisierung in der Relativit&auml;tstheorie.
year : 1997
author 0 : Bernd Lehle

title : Situation- and user-adaptive dialogue management.
year : 2015
author 0 : Gregor Bertrand

title : Contact Modeling Algorithms for Fiber Dynamics Simulations.
year : 2016
author 0 : Andre Schmei&szlig;er

title : Termin- und Ablaufplanung: ein analytischer Zugang.
year : 1992
author 0 : Helmut G. Kahlbacher

title : Das Recht auf freie Meinungs&auml;u&szlig;erung im Internet: ein Vergleich der Rechtslage in der Bundesrepublik Deutschland und den Vereinigten Staaten von Amerika.
year : 1999
author 0 : Georg F. Schr&ouml;der

title : Prozessf&uuml;hrung f&uuml;r das Walzrunden auf der Basis neuronaler Netze.
year : 1996
author 0 : Thomas Strassmann

title : Attribution von Verantwortung durch Metapheranalyse.
year : 1998
author 0 : Johannes Busse

title : Petri-Netz-basierte Simulation von Gesch&auml;ftsprozessen: Einsatzm&ouml;glichkeiten und Vorgehensmethodik.
year : 1999
author 0 : Roland K&uuml;ll

title : One-way delay measurement based on flow data in large enterprise networks.
year : 2013
author 0 : Jochen K&ouml;gel

title : Kooperatives Lernen im Internet: qualitative Analyse einer Community of Practice im Fernstudium.
year : 2003
author 0 : Patricia Arnold

title : Event correlation using conditional exponential models with tolerant pattern matching applied to incident detection.
year : 2014
author 0 : Carsten Elfers

title : Quantisierermodelle und Rundungsrauschen in digitalen Filtern.
year : 1997
author 0 : Frank Hartwig

title : A continuous-time field programmable analog array using floating gates for high resolution tuning.
year : 2010
author 0 : Fabian Henrici

title : &Uuml;ber M&ouml;glichkeiten einer maschinellen Nacherz&auml;hlung mit einem konnektionistischen System aus neuronalen Sprachnetzwerken.
year : 2002
author 0 : Thomas Ries

title : Stereoscopic depth estimation for online vision systems.
year : 2012
author 0 : Nils Einecke

title : Rechnergest&uuml;tzte Vergabe von Fahrplantrassen bei Eisenbahnen.
year : 1996
author 0 : Christian Kuhn 0003

title : Ein Beitrag zur Gestaltung von Benutzeroberfl&auml;chen in Bibliotheks-Informationssystemen (BIS).
year : 1994
author 0 : Bouakeo Vimalavong

title : Entwurf und Implementierung einer stack-basierten parallelen abstrakten Maschine f&uuml;r funktionale Programmiersprachen.
year : 1995
author 0 : Guido Hogen

title : Die neuen M&ouml;glichkeiten des Einsatzes von Informations- und Kommunikationstechnologien in Beh&ouml;rden als Herausforderung f&uuml;r die kommunale Verwaltungsf&uuml;hrung: Problemfelder, Entwicklungslinien und Perspektiven.
year : 1990
author 0 : Olaf Winkel

title : Parallel Re-Initialization of Level Set Functions and Load Balancing for Two-Phase Flow Simulations.
year : 2011
author 0 : Oliver Christian Fortmeier

title : The Oz virtual machine: records, transients and deep guards.
year : 1999
author 0 : Michael Mehl

title : A novel service-oriented software platform: facilitating medical workflow assistance systems.
year : 2013
author 0 : Sascha Zelzer

title : Maximum-A-Posteriori-Restauration von Bildern mit endlichem Grauwertevorrat.
year : 1986
author 0 : Herbert Schorb

title : Printed Electronics-Based Physically Unclonable Functions for Lightweight Security in the Internet of Things.
year : 2020
author 0 : Lukas Zimmermann

title : Entscheidungen unter Risiko: Bernoulliprinzip und duale Theorie.
year : 1991
author 0 : Ralf Trost

title : Beitr&auml;ge zur Qualit&auml;tssicherung durch CAD-unterst&uuml;tzte bausteininterne Charakterisierungsmessungen.
year : 1997
author 0 : Claus Kuntzsch

title : Beitr&auml;ge zur Analyse und Modellierung nichtlinearer komplexer Systeme.
year : 1997
author 0 : Ralph Stemler

title : Planning and Optimization During the Life-Cycle of Service Level Agreements for Cloud Computing.
year : 2015
author 0 : Kuan Lu

title : High-throughput HEVC CABAC decoding.
year : 2020
author 0 : Philipp Habermann

title : Computergest&uuml;tzte Unternehmensberatung: M&ouml;glichkeiten und Grenzen der Computerunterst&uuml;tzung unter besonderer Ber&uuml;cksichtigung der Strategieberatung.
year : 1990
author 0 : Ulrich W. Neuert

title : Endbenutzerwerkzeuge und berufsbezogene Aus- und Weiterbildung.
year : 1992
author 0 : Elisabeth Katzlinger-Felhofer

title : Die entscheidungstheoretisch fundierte Organisation der Investitionsentscheidung im Industrieunternehmen.
year : 1983
author 0 : Detlef May

title : Beitrag zur Entwicklung eines Projektierungsbausteines (CAD-Bausteines) f&uuml;r das gesteuerte Entwerfen der funktionellen L&ouml;sung mehrgeschossiger Mehrzweckgeb&auml;ude bei der Minimierung des Energieverbrauchs f&uuml;r die L&uuml;ftung.
year : 1989
author 0 : Sergej Alexejew

title : Free theorems in languages with real-world programming features.
year : 2013
author 0 : Daniel Seidel

title : Real-world deployment and evaluation of synchronous programming in reactive embedded systems.
year : 2018
author 0 : Matthias Terber

title : Methoden der digitalen Bildverarbeitung zur computergest&uuml;tzten Gewebecharakterisierung mit Ultraschall unter besonderer Ber&uuml;cksichtigung der hierarchischen Texturanalyse.
year : 1994
author 0 : Thomas Greiner

title : Techniques for real world ground penetrating radar data analysis.
year : 2014
author 0 : Andr&eacute; Busche

title : Topology of the moduli space for reachable linear dynamical systems: the complex case.
year : 1984
author 0 : Uwe Helmke

title : Ein heuristisch-numerischer Ansatz zum systematischen Entwurf und Design von Absorptionsverfahren.
year : 1999
author 0 : Axel Kobus

title : Untersuchungen zur Implementation des automatentheoretischen Modellkonzeptes f&uuml;r fachgebietsbezogene Simulationssysteme, dargestellt am Simulationssystem TOMAS.
year : 1984
author 0 : Stephan Neuthe

title : Operation-Based Model Recommenders.
year : 2018
author 0 : Andreas Ganser

title : Rescued from a sea of queries: Exact inference in probabilistic relational models.
year : 2020
author 0 : Tanya Braun

title : Softwarewerkzeuge f&uuml;r den phasen- und dom&auml;nen&uuml;bergreifenden Entwurf.
year : 2017
author 0 : Michael Ree&szlig;ing

title : Eine Dekompositionstheorie f&uuml;r mehrstellige Funktionen mit Anwendungen in Systemtheorie und Operations Research.
year : 1991
author 0 : Bernhard von Stengel

title : Greedy algorithms for max sat and maximum matching: their power and limitations.
year : 2012
author 0 : Matthias Poloczek

title : Auswertung von Simulationsdaten in einer verteilten Virtuellen-Realit&auml;ts-Umgebung.
year : 2003
author 0 : Dirk Rantzau

title : Der Einsatz einer Expertensystemshell im Gesetzgebungsverfahren: dargestellt am Beispiel des ProdHaftG.
year : 1993
author 0 : Angelika Niebler

title : Source Code Transformation based on Architecture Implementation Patterns.
year : 2019
author 0 : Malte Brunnlieb

title : Interplay of local neuronal heterogeneities and global network dynamics.
year : 2015
author 0 : Ajith Sahasranamam Padmanabhan

title : Kollaboratives IT-Sicherheitsmanagement: technische L&ouml;sungen zum unternehmens&uuml;bergreifenden und sicheren Datenaustausch im IT-Sicherheitsmanagement.
year : 2014
author 0 : Christoph Gerber

title : Entwicklung eines hochaufl&ouml;senden Bildverarbeitungssystems auf Basis eines Parallelrechners zur Bestimmung von Diffusionskoeffizienten durch holographische Interferometrie.
year : 1995
author 0 : Martin Gollbach

title : Fallstudie zur Nutzungsbedeutung von WebMapping-Anwendungen innerhalb eines Webportals: eine empirische Untersuchung eines Open-Source-Gastronomieportals f&uuml;r die Stadt Osnabr&uuml;ck.
year : 2011
author 0 : Kai Behncke

title : Rechnergest&uuml;tzte Operative Produktionsplanung f&uuml;r einen Produktionsprozess der II. [zweiten] Verarbeitungsstufe in der NE-Metallurgie.
year : 1981
author 0 : Arwin Kahn
author 1 : Uwe L&ouml;ffler

title : Untersuchung und Integration von Berechnungsverfahren elementarer Funktionen auf CORDIC-Basis mit Anwendungen in der adaptiven Signalverarbeitung.
year : 1991
author 0 : Helmut Hahn

title : The Role of Emotional Intelligence on Productivity Among the Software Professionals: A Study With Respect to the Employees Working at the Trivandrum Techno Park Campus Kerala.
year : 2019
author 0 : Sanjay Bhaskaran

title : Automatisierung des Preprocessings f&uuml;r lokal strukturierte Gitter.
year : 2015
author 0 : Ulrich Falk

title : D&auml;mpfung der Tidebewegung in einem Polder.
year : 1996
author 0 : Timm St&uuml;ckrath
author 1 : Manfred Heinl

title : Spherical tangible user interfaces in mixed reality.
year : 2021
author 0 : David Englmeier

title : Knowledge base construction with machine learning methods.
year : 2021
author 0 : Michael Loster

title : Experten parsing: parsing u. Wissensrepr&auml;sentation im texttheoret. Rahmen.
year : 1987
author 0 : J&ouml;rg Kindermann

title : Einsatz semantischer Technologien f&uuml;r die Anforderungsanalyse.
year : 2014
author 0 : Simone Krug

title : Improving the Error-Floor Behavior of Low-Density Parity-Check Codes.
year : 2011
author 0 : Stefan L&auml;ndner

title : Rechenverfahren zur Dosierungskalkulation renal eliminierter Pharmaka beim Kind.
year : 1981
author 0 : Walter Brinker

title : Integration management: a virtualization architecture for adapter technologies.
year : 2015
author 0 : Ralf Wagner 0002

title : Kooperierende Objektsysteme: Betrieb und Entwicklung.
year : 1999
author 0 : Gerald Schr&ouml;der

title : SVOX: the implementation of a text-to-speech system for German.
year : 1995
author 0 : Christof Traber

title : Deduction-based software component retrieval.
year : 2002
author 0 : Bernd Fischer 0002

title : Independent component analysis of biomedical signals: modern data analysis techniques can assist medical decision making.
year : 2001
author 0 : Christoph Bauer

title : Interaktion und Transparenz im Kontext computergest&uuml;tzter kooperativer Verwaltungsumgebungen.
year : 1999
author 0 : Ralph Peters

title : Context-Centric Design of Automotive Human-Machine Interfaces.
year : 2014
author 0 : Ljubo Mercep

title : Resource efficient processing and communication in sensor/actuator environments.
year : 2012
author 0 : Constantin Timm

title : Methods and semantics for telecommunications systems engineering.
year : 2015
author 0 : Stefan Leue

title : Beitr&auml;ge zur Erzeugung weicher Schatten in der fotorealistischen Bildsynthese.
year : 1991
author 0 : Urs Meyer

title : Paralleles Theorembeweisen: Leistungssteigerung, Kooperation und Beweistransformation.
year : 1999
author 0 : Andreas Wolf 0005

title : Dot-depth and monadic quantifier alternation over pictures.
year : 1999
author 0 : Oliver Matz

title : Model driven development and maintenance of business logic for information systems.
year : 2010
author 0 : Tobias Br&uuml;ckmann

title : Nonlinear system identification with local linear neuro-fuzzy models.
year : 1999
author 0 : Oliver Nelles

title : Epistemic Reasoning in OWL 2 DL.
year : 2014
author 0 : Anees ul Mehdi

title : Towards efficient analysis of Markov automata.
year : 2020
author 0 : Yuliya Butkova

title : Long-term prediction using grid based environment models for urban autonomous driving.
year : 2020
author 0 : Stefan H&ouml;rmann

title : Der Anspruch auf Domain-&Uuml;bertragung: nach b&uuml;rgerlichem Recht, Markenrecht und Patentrecht.
year : 2003
author 0 : Darius Kulejewski

title : Zur strukturellen und funktionellen Gestaltung des prozessnahen Bereiches perspektivischer Mikrorechner-Automatisierungsanlagen.
year : 1987
author 0 : Bernd D&auml;hmlow

title : Heuristische Diagnose mit Assoziationsregeln.
year : 2001
author 0 : Uwe Husemeyer

title : Die Entwicklung einer arbeitswissenschaftlichen Wissensbasis f&uuml;r ein CAD-System.
year : 1993
author 0 : Jinxiang Yu

title : Mechanismen zur Leistungsregelung von Rechensystemen.
year : 1990
author 0 : Martin Haas 0001

title : Die stilbasierte Architekturpr&uuml;fung: ein Ansatz zur Pr&uuml;fung implementierter Softwarearchitekturen auf Architekturstil-Konformanz.
year : 2016
author 0 : Petra Becker-Pechau

title : Handling variants and adaption along the life cycle of event-aware workflows.
year : 2012
author 0 : Markus D&ouml;hring

title : Efficient surface reconstruction for SPH fluids = Effiziente Oberfl&auml;chenrekonstruktion f&uuml;r SPH Fl&uuml;ssigkeiten.
year : 2014
author 0 : Gizem Akinci

title : Software-Ergonomie und benutzerangemessene Auswahl von Werkzeugen bei der Dialoggestaltung.
year : 1991
author 0 : Waldemar Urbanek

title : Optimal operators in digital image processing.
year : 2000
author 0 : Hanno Scharr

title : Beitr&auml;ge zur automatischen Erkennung von Kindersprache.
year : 2014
author 0 : Felix Claus

title : Kybernetische Analyse und Synthese, ein Mittel zur Untersuchung und effektiveren Gestaltung finanz&ouml;konomischer Prozesse.
year : 1986
author 0 : Wolfgang Heidrich

title : Analyse eines morphologischen Teilgebietes der SNOMED International und Entwicklung einer deutschen Version.
year : 1999
author 0 : Andreas Meyer 0007

title : The transformational derivation of parallel programs using data distribution algebras and skeletons.
year : 1997
author 0 : Mario S&uuml;dholt

title : Sensitivit&auml;tsanalyse bez&uuml;glich der &Auml;nderung der Dominanzstruktur bei linearen Vektormaximumproblemen.
year : 1989
author 0 : Karin Wolf

title : Integrierte Informationssystemarchitekturen in dynamischen Kooperationen: Entwicklung und Implementierung einer Architektur zur Integration und Prozessunterst&uuml;tzung in dynamischen Unternehmensnetzwerken.
year : 2009
author 0 : Thomas Theling

title : Grundlagen der Automatisierbarkeit phonetischer Transkription: eine theoretische und praktische Untersuchung.
year : 1988
author 0 : Reinhold Greisbach

title : Objektlokalisation: ein System zur sprachlichen Raumbeschreibung.
year : 1997
author 0 : Klaus-Peter Gapp

title : Zusammenf&uuml;hren und Verfolgen von Zeiteigenschaften f&uuml;r eingebettete Systeme &uuml;ber heterogene Modelldom&auml;nen.
year : 2019
author 0 : Arne Noyer

title : Symmetry in 3D shapes - analysis and applications to model synthesis.
year : 2011
author 0 : Martin Bokeloh

title : Entwicklung einer Aufmerksamkeitssteuerung f&uuml;r ein aktives Sehsystem.
year : 1999
author 0 : Maik Bollmann

title : Auswertung von epidemiologischen Fall-Kontroll-Studien mit k&uuml;nstlichen neuronalen Netzen.
year : 2001
author 0 : Karin Bammann

title : Information privacy disclosure detection and protection: towards an integrated privacy-enhancing framework for internet services users.
year : 2019
author 0 : Welderufael Berhane Tesfay

title : Resource-optimized verification planning for mechatronic systems in the virtual stage of product creation.
year : 2017
author 0 : Frank Gerhorst

title : Ein paralleles Transportsubsystem f&uuml;r zellenbasierte Hochgeschwindigkeitsnetze.
year : 1993
author 0 : Torsten Braun

title : Deep anomaly detection in distributed software systems.
year : 2021
author 0 : Sasho Nedelkoski

title : DNN-based artificial bandwidth extension - enhancement and instrumental assessment of speech quality.
year : 2021
author 0 : Johannes Abel

title : Phonsegmentierte, nichtlineare Zeitskalierung von Sprache: Algorithmen und Anwendung auf Wahrnehmungsuntersuchungen sehbehinderter Probanden.
year : 2014
author 0 : Dirk H&ouml;pfner

title : Transaction management in multidatabase systems.
year : 1999
author 0 : Angelo Brayner

title : Interaktive Rastergraphik in der Umgebung graphischer Standards.
year : 1988
author 0 : Heidrun Schumann

title : Strommessung in einer vernetzten Welt = Entwicklung minimalinvasiver Methoden zur feingranularen Approximation von Stromfl&uuml;ssen in intelligenten Umgebungen.
year : 2016
author 0 : Frank Englert

title : Object-oriented graph grammars for computational design synthesis.
year : 2013
author 0 : Bergen Helms

title : Analytic and Learned Footstep Control for Robust Bipedal Walking.
year : 2016
author 0 : Marcell Missura

title : Zum Aufbau und zur softwarem&auml;ssigen Gestaltung von Arbeitsplatzcomputern im Krankenhaus unter Ber&uuml;cksichtigung der Nutzer- und Bedienerakzeptanz.
year : 1987
author 0 : Holger Sasse

title : Eine Architektur f&uuml;r ein Software-Wartungssystem.
year : 1992
author 0 : Toni B&uuml;nter

title : Querying semistructured data based on schema matching.
year : 2000
author 0 : Andr&eacute; Bergholz

title : Random search Optimierungsverfahren f&uuml;r Parallelprozessorsysteme.
year : 1989
author 0 : Alexander Karavas

title : Zur Anwendung der Wirbelstrommethode f&uuml;r die transiente und quasistation&auml;re Str&ouml;mungsrechnung in Hochtemperaturreaktoren mit kugelf&ouml;rmigen Brennelementen.
year : 1980
author 0 : Immanuel H&ouml;fer

title : Image-based Characterization of Thrombus Formation in Time-lapse DIC Microscopy: Segmentation under Low Contrast and Highly Dynamic Imaging Conditions.
year : 2012
author 0 : Nicolas Brieu

title : Robust speech recognition using articulatory information.
year : 1999
author 0 : Katrin Kirchhoff

title : Dynamische Nutzwert- und Wirtschaftlichkeitsanalyse von Informationssystemen: dargestellt am Beispiel des Bild- und Befundmanagementsystems Sienet.
year : 1997
author 0 : Volker Wetekam

title : Methodische Beitr&auml;ge zur Realisierung einer zentralisierten Server-Client-Architektur f&uuml;r eine sichere IP-basierte Fahrzeugdiagnose am Beispiel einer Service-Werkstatt.
year : 2014
author 0 : Pedro Sebasti&atilde;o Correia

title : Kamerabasierte Egomotion-Bestimmung mit nat&uuml;rlichen Merkmalen zur Unterst&uuml;tzung von Augmented-Reality-Systemen.
year : 2014
author 0 : Sven Wursthorn

title : System-wide, fault-tolerant state agreement protocol for time-triggered MPSoC.
year : 2020
author 0 : Alina Lenz

title : Ein Zuteilungsmodell f&uuml;r Multiprozessor-Echtzeitsysteme.
year : 1986
author 0 : Gerhard Schrott

title : Modelbasiertes security-engineering in der Softwareentwicklung.
year : 2018
author 0 : Armin Lunkeit

title : Medizinisch-diagnostische Anwendung neuronaler Netzwerke zur Analyse NMR-spektroskopischer Daten von K&ouml;rperfl&uuml;ssigkeiten.
year : 1997
author 0 : Torsten Derr

title : Agiles Software Quality Function Deployment.
year : 2017
author 0 : Sixten Schockert

title : Rechnergest&uuml;tzte Simulation und Optimierung schneller Datenmodems.
year : 1989
author 0 : Thomas Werner

title : Untersuchungen zur Lehrdisziplin Informatik unter dem Aspekt der K&ouml;nnensentwicklung im Diplomlehrerstudium Polytechnik.
year : 1988
author 0 : Sigrid E. Schubert

title : Der Nutzen informetrischer Analysen und nicht-textueller Dokumentattribute f&uuml;r das Information Retrieval in digitalen Bibliotheken.
year : 2013
author 0 : Philipp Schaer

title : Justiz und Algorithmen: &uuml;ber die Schw&auml;chen menschlicher Entscheidungsfindung und die M&ouml;glichkeiten neuer Technologien in der Rechtsprechung.
year : 2021
author 0 : David Nink

title : Methodische Entwicklung und rollenbasierte Integration von Komponentenframeworks.
year : 2001
author 0 : Marc Sihling

title : Zur Problematik der Mehrfachnutzung von Anwendungsprogrammen der automatisierten Informationsverarbeitung unter besonderer Ber&uuml;cksichtigung der Bedingungen in der biomedizinischen Forschung.
year : 1983
author 0 : Margrit Falck

title : Intelligente Kamerasysteme im Anwendungsfeld mobiler Service-Roboter.
year : 2014
author 0 : Hannes Bistry

title : Medien- und Online-Technologien im Industrial-Design: Theorie und Praxis der neuen Medien im Industrial-Design unter besonderer Ber&uuml;cksichtigung der Entwicklungs- und Anwendungsperspektiven von Online-Technologien im Automobildesign.
year : 1999
author 0 : Gerhard M. Buurman

title : Access Manager: A DBMS Framework for Extensible Access Methods.
year : 2011
author 0 : Ralph Acker

title : Hardwarenahe Simulation in SystemC zur Analyse dynamisch rekonfigurierbarer Systeme.
year : 2012
author 0 : Matthias K&uuml;hnle

title : Tangible interaction with anthropomorphic smart objects in instrumented environments.
year : 2011
author 0 : Michael Schmitz 0001

title : Adaptive Locomotion of Modular Reconfigurable Robotic Systems.
year : 2013
author 0 : Eugen Meister

title : Generierung von Texten aus semantischen Strukturen im Proze&szlig; der maschinellen &Uuml;bersetzung.
year : 1999
author 0 : Lutz Rosenpflanzer

title : Managing digital transformation in the process industries.
year : 2019
author 0 : Marius Stoffels

title : Entwicklung und effektive Nutzung regionaler Datenfernverarbeitungssysteme: e. Beitr. zur weiteren Vervollkommnung automatisierter Leitungssysteme in Kombinaten.
year : 1984
author 0 : Eberhard B&ouml;rner
author 1 : Klaus-Dieter Krebs

title : M&ouml;glichkeiten der Nutzung lernf&auml;higer Algorithmen bei der Modellierung und Simulation &ouml;konomischer Prozesse.
year : 1988
author 0 : Winfried Haemmerling

title : Ereignisdiskrete Zustandsrekonstruktion auf der Grundlage objektorientierter Petri-Netz-Modelle am Beispiel flexibler Fertigungssysteme.
year : 1998
author 0 : Markus A. Stulle

title : Adaptive learning of neural networks and its application to identification of dynamical systems: one example of a chemical process.
year : 1993
author 0 : Su Zhou

title : Beitr&auml;ge zur Theorie der Numerierungen: eindeutige Numerierungen.
year : 1989
author 0 : Martin Kummer

title : Beitrag zur rechnerorientierten Modellierung technischer Gebilde des Maschinenbaus.
year : 1984
author 0 : Ralph Stelzer

title : Ein Modellierungsansatz f&uuml;r die Umgestaltung von Anwendungslandschaften.
year : 2017
author 0 : Stefan Hofer

title : Dienstvermittlung in verteilten Systemen: Dienstalgebra, Dienstmanagement und Dienstanfrageanalyse.
year : 1995
author 0 : Claudia Linnhoff-Popien

title : Security and privacy in user modeling.
year : 2001
author 0 : J&ouml;rg Schreck

title : Das argumentum a fortiori: eine Pilot-Studie anhand der Praxis von Entscheidungsbegr&uuml;ndungen.
year : 1990
author 0 : Thomas Kyrill Grabenhorst

title : Beitrag zu Entwurf und Gestaltung von Dialogsystemen f&uuml;r die rechnergest&uuml;tzte Anlagenprojektierung.
year : 1986
author 0 : Stephan Paarmann

title : Strafbarkeit rechts motivierter Cyberkriminalit&auml;t in sozialen Netzwerken.
year : 2019
author 0 : Martin Wiacek

title : Entwurf eines adaptiven Zustands-Beobachters.
year : 1984
author 0 : Andreas Suhl

title : Autonomous and robust components for security in network domains.
year : 2013
author 0 : Holger Kinkelin

title : Robust Forensic Analysis of Strongly Compressed Images.
year : 2021
author 0 : Benjamin Hadwiger

title : Enriched service descriptions: sources, approaches, and usages.
year : 2011
author 0 : Mohammed Abu Jarour

title : From handcrafted features to handcrafted neural networks.
year : 2020
author 0 : S&ouml;ren Klemm

title : Beschreibung und Analyse r&auml;umlicher kinetischer Strukturen.
year : 1994
author 0 : Ulrich Gengenbach

title : Entwicklung eines virtuellen Mikroskops f&uuml;r die studentische Lehre - Pate.
year : 2015
author 0 : Hinrich Boy Martin Winther

title : Knowledge transfer in cognitive systems theory: models, computation, and explanation.
year : 2021
author 0 : Cameron Beebe

title : Learning-based face reconstruction and editing.
year : 2019
author 0 : Hyeongwoo Kim

title : N-GUIDE: ein System zur Erstellung grafischer Benutzeroberfl&auml;chen.
year : 1998
author 0 : J&ouml;rg Nilson

title : Power-Efficient Tightly-Coupled Processor Arrays for Digital Signal Processing.
year : 2012
author 0 : Dmitrij Kissler

title : Konkurrenzanalyse mit Hilfe multivariater Verfahren, dargestellt am Softwaremarkt f&uuml;r rechnerunterst&uuml;tzten Leiterplattenentwurf.
year : 1984
author 0 : Ursula Schmied

title : Electronic data interchange: Einsatzm&ouml;glichkeiten und &ouml;konomische Auswirkungen.
year : 1994
author 0 : Rahild Neuburger

title : Generalization and constraints in learning machines.
year : 1998
author 0 : Daniel Christoph Meier

title : Erweiterung von Petri-Netzen f&uuml;r den Einsatz in der Wissensverarbeitung.
year : 1995
author 0 : Michael R&ouml;bbecke

title : Flexible Kopplung von Mikrorechnern f&uuml;r den Laboreinsatz.
year : 1987
author 0 : Helmut B&auml;hring

title : Tableaukalk&uuml;l und entscheidbare Formelklassen: ein Beitrag zum Entscheidungsproblem der Logik.
year : 1988
author 0 : Stephan H. A. Bayerl

title : Ein Beitrag zur rechnerunterst&uuml;tzten Konstruktionsoptimierung der Querfestigkeitsverb&auml;nde von Ro-Ro-Schiffen.
year : 1982
author 0 : Jens Erk Bartels

title : Skelettierung und Segmentierung handgeschriebener Zeichen.
year : 1998
author 0 : Barthel Steckemetz

title : Evaluating demand response opportunities for data centers.
year : 2020
author 0 : Sonja Klingert

title : Softwareentwicklung mit Hilfe von Spezifikationssystemen unter besonderer Beachtung attributierter Grammatiken.
year : 1987
author 0 : Peter Forbrig

title : Untersuchung von rechnergesteuerten periodisch-zeitvariablen Systemen.
year : 1983
author 0 : Kamal El-Nahla

title : Systematische Gestaltung und kontinuierliche Anpassung von Organisationsstrukturen bei der Anwendung betriebswirtschaftlicher Softwarebibliotheken: Organisationsgestaltung und dynamische Adaption.
year : 1999
author 0 : Christian B&auml;tz

title : Designing deep neural networks for continual learning in an open world.
year : 2021
author 0 : Martin Mundt

title : Mathematische Modellierung und Optimierung von technischen Systemen der Abwasserbehandlung als Beitrag zur Entwicklung eines CAD-Systems.
year : 1989
author 0 : Hartmut Lopp

title : Entwicklung und Anwendung von rechnergest&uuml;tzten Projektierungssystemen f&uuml;r automatisierte integrierte Fertigungen.
year : 1983
author 0 : J&uuml;rgen Erkmann

title : HMM-basierte Online Handschrifterkennung: ein integrierter Ansatz zur Text- und Formelerkennung.
year : 2000
author 0 : Andreas Kosmala

title : Modellierung und vektoroptimale Steuerung von Verfahren der Erd&ouml;lverarbeitung.
year : 1987
author 0 : Ingolf Petrick

title : Beitr&auml;ge zur Gestaltung und Funktion flexibler Softwaresysteme f&uuml;r den Einsatz von Mikrorechnern in der technologischen Vorbereitung, dargestellt am Beispiel eines Technologenarbeitsplatzes zur Erstellung der technologischen Fertigungsunterlagen.
year : 1987
author 0 : Uwe Siefke

title : Scheduling multiprocessor tasks on dedicated processors.
year : 1995
author 0 : Andreas Kr&auml;mer

title : NeOn methodology for building ontology networks: specification, scheduling and reuse.
year : 2012
author 0 : Mari Carmen Su&aacute;rez-Figueroa

title : Ein Beitrag zur L&ouml;sung der Auswertungsproblematik vorwiegend medizinisch orientierter Datenbest&auml;nde auf der Basis des SKR unter besonderer Ber&uuml;cksichtigung der Anforderungen medizinischer Hochschuleinrichtungen, dargestellt am Beispiel der Medizinischen Akademie Erfurt.
year : 1984
author 0 : Michael Knorr
author 1 : Gerd Schmerbauch

title : Elektronisches Handeln mit Rechenleistung.
year : 1999
author 0 : Annja Zahn

title : Die intravaskul&auml;ren und alveol&auml;ren Makrophagen im Gef&uuml;ge der alveolo-kapill&auml;ren Membran: eine ultrastrukturell-morphometrische Analyse mit Erstellung eines Computerprogramms.
year : 1991
author 0 : Thilo Stumpf

title : Eine Methodik f&uuml;r den effizienten Entwurf von Festkommasystemen.
year : 1998
author 0 : Markus Willems

title : Ein denotationales Modell f&uuml;r parallele objektbasierte Systeme.
year : 1997
author 0 : Holger Naundorf

title : Simulation neuronaler Netze: Stabilit&auml;t, Plastizit&auml;t und Konnektivit&auml;t.
year : 1992
author 0 : Michael Erb

title : Aufbau eines Experten- und Informationssystems der Raumfahrt.
year : 1999
author 0 : J&uuml;rgen A. Leppich

title : Zur Analyse und Optimierung des Bewegungsablaufs in r&auml;umlichen Mechanismen, speziell in Roboterf&uuml;hrungsgetrieben.
year : 1984
author 0 : J&uuml;rgen Sch&ouml;nherr

title : Zielorientierter Entwurf korrekter Kommunikationssoftware.
year : 1993
author 0 : Peter Ullrich

title : Mensch-Maschine-Kommunikation in der Prozesssteuerung.
year : 1985
author 0 : Wolfgang Haselbauer

title : Aufz&auml;hlung von kurzen Gittervektoren in allgemeiner Norm.
year : 1997
author 0 : Harald Ritter

title : Sichere Ausf&uuml;hrungsumgebungen f&uuml;r Objekte.
year : 1996
author 0 : Karin Vosseberg

title : Systematische Erstellung adaptierbarer Leitsteuerungssoftware am Beispiel der Durchsetzungsplanung.
year : 1994
author 0 : Uwe Siewert

title : Cost-based optimization of graph queries in relational database management systems.
year : 2012
author 0 : Silke Tri&szlig;l

title : Automatic Performance Engineering Workflows for High Performance Computing.
year : 2014
author 0 : Ventsislav Petkov

title : Analyse des Frobenius-Perron-Operators und Korrelationstheorie st&uuml;ckweise linearer zeitdiskreter chaotischer Systeme.
year : 1998
author 0 : Marco G&ouml;tz

title : Anwendung nichtlinearer Codes zur Fehlererkennung und -korrektur.
year : 2011
author 0 : Michael Richter 0002

title : SECUSI: ein Verfahren zur EDV-gest&uuml;tzten Durchf&uuml;hrung von Sensitivit&auml;ts- und Curve-Fitting-Analysen an dynamischen, sozio-&ouml;konomischen Modellen.
year : 1983
author 0 : Bernd Schreiber

title : Bestandsmanagement f&uuml;r Unternehmen mit Kleinserienfertigung.
year : 1997
author 0 : Karl Reinitzhuber

title : Time-Dependent Route Planning with Contraction Hierarchies.
year : 2014
author 0 : Gernot Veit Eberhard Batz

title : Statische Lastverteilung in verteilten Systemen.
year : 1995
author 0 : Marek Krajewski

title : Computergest&uuml;tzte Finanzprognosen f&uuml;r mittelgrosse Industriebetriebe.
year : 1982
author 0 : Karl-Walter Braun

title : Echtzeitplanung bei Altersanforderungen.
year : 1998
author 0 : Wolfgang Albrecht

title : Ein Echtzeit-Multitask-Betriebssystem f&uuml;r Industrierobotersteuerungen auf Mikrorechnerbasis.
year : 1983
author 0 : J&uuml;rgen Ruck

title : Binary Analysis using On-Demand Tabulation of Function Summaries.
year : 2019
author 0 : Julian Kranz

title : Technologische Anforderungen an Programmiersysteme f&uuml;r flexibel automatisierte Montagezellen.
year : 1987
author 0 : Dirk Nauroschat

title : Automatische Layout-Methoden f&uuml;r transparente Standardzellen.
year : 1993
author 0 : Attila T. T&eacute;by

title : Hochgenaue photogrammetrische on-line Objekterfassung.
year : 1992
author 0 : Wolfgang Riechmann

title : Rechnerunterst&uuml;tztes Planungssystem zur Auslegung von Fertigungsanlagen.
year : 1987
author 0 : Burghilde Wieneke-Toutaoui

title : Unsichere topologische Beziehungen zwischen ungenauen Fl&auml;chen.
year : 1996
author 0 : Stephan Winter 0001

title : Physical-layer security architectures for the internet of things.
year : 2018
author 0 : Christopher Huth

title : Fairness in Netzwerken am Beispiel einer elektronischen B&ouml;rse.
year : 1997
author 0 : Alain Gut

title : Astrophysical-oriented computational multi-architectural framework.
year : 2017
author 0 : Dzmitry Razmyslovich

title : Privatheit und Datenschutz in der intelligenten &Uuml;berwachung: Ein datenschutzgew&auml;hrendes System, entworfen nach dem "Privacy by Design" Prinzip.
year : 2013
author 0 : Hauke Vagts

title : Fast simulation of fixed point digital signal processing systems.
year : 2003
author 0 : Holger Keding

title : Efficient evolution algorithms for embedded interfaces: from inverse parameter estimation to a level set method for ductile fracture.
year : 2013
author 0 : Jan Hegemann

title : Zur verifizierten L&ouml;sung grosser linearer Gleichungssysteme mit sp&auml;rlich besetzten Matrizen beliebiger Bandbreite.
year : 1999
author 0 : Christof Sinn

title : Hybrid architecture for hardware-accelerated query processing in semantic web databases based on runtime reconfigurable FPGAs.
year : 2017
author 0 : Stefan Werner 0002

title : Models for the design of distributed telepresence systems.
year : 2017
author 0 : Stephan Ohl

title : Realisierung asynchroner Automaten.
year : 1975
author 0 : Wolfgang Assmus

title : On right conjugacy closed loops and right conjugacy closed loop folders.
year : 2017
author 0 : Katharina Artic

title : Simulation des Interaktionsverhaltens von Senioren bei der Benutzung von mobilen Endger&auml;ten.
year : 2016
author 0 : Matthias Schulz 0002

title : Modellgetriebener Einsatz von Softwareentwurfsmustern.
year : 2018
author 0 : Dietrich Travkin

title : Haptic Material Acquisition, Modeling, and Display.
year : 2021
author 0 : Matti Strese

title : Modellierung und Erkennung von technischen Fehlern mittels linearer und nichtlinearer Codes.
year : 2016
author 0 : G&uuml;nther Nie&szlig;

title : Auswertung rechtsmedizinischer Obduktionsdaten: Entwicklung eines spezifischen Computerprogramms.
year : 1997
author 0 : Teja Alexander Maria M&uuml;ller

title : L&ouml;sungsans&auml;tze der mehrdimensionalen Skalierung mit Ber&uuml;cksichtigung unterschiedlicher Datenniveaus.
year : 1985
author 0 : Leo Schubert

title : Ein wissensbasiertes System zur automatischen Extraktion von semantischen Informationen aus digitalen Fernerkundungsdaten.
year : 2003
author 0 : J&uuml;rgen B&uuml;ckner

title : Wissensbasierte Pr-T-Netze zur Planungsunterst&uuml;tzung in offenen Systemen.
year : 1992
author 0 : Frank Victor

title : Eine objektorientierte Softwarearchitektur f&uuml;r Multimedia-Kommunikationssysteme.
year : 1997
author 0 : Daniel P. Ingold

title : Parallele Berechnung der inversiven Dynamik f&uuml;r Robotermanipulatoren durch heuristisches Scheduling.
year : 1996
author 0 : Tsantung Chen

title : A User-Centered Approach to Solving the Tourist Trip Design Problem for Individuals and Groups.
year : 2020
author 0 : Daniel Herzog

title : Dynamische Simulation des Gasaustauschs in der menschlichen Lunge.
year : 1984
author 0 : Hermann Grohs

title : Parallele Simulation der globalen Beleuchtung in komplexen Architekturmodellen.
year : 2000
author 0 : Olaf Schmidt

title : Objektorientierter Entwurf verteilter eingebetteter Echtzeitsysteme auf Basis h&ouml;herer Petri-Netze.
year : 1999
author 0 : J&uuml;rgen N&uuml;tzel

title : Analysis of attacks and defenses in the context of web services.
year : 2011
author 0 : Meiko Jensen

title : Optimierung tippverhaltensbasierter, biometrischer Verfahren im Umfeld kurzer Eingabetexte.
year : 2012
author 0 : Andreas Beer

title : Compiler implementation verification through rigorous syntactical code inspection.
year : 1998
author 0 : Ulrich Hoffmann 0002

title : Performance analysis of complex systems by deterministic and stochastic Petri Net models.
year : 1992
author 0 : Christoph Lindemann

title : Simulation von Time-Sharing-Systemen unter besonderer Ber&uuml;cksichtigung des Nutzerprofils.
year : 1979
author 0 : Eberhard Lipski

title : Zur CAD-gest&uuml;tzter Modellierung von Mehrk&ouml;rpersystemen.
year : 1993
author 0 : Andreas Daberkow

title : Probleme l&ouml;sen - Entscheidungen treffen.
year : 1991
author 0 : Michael F. Wolf

title : Methodik zur Quantifizierung von Stofffl&uuml;ssen im System Boden - Pflanze - Tier und Ableitung von Parametern des nat&uuml;rlichen Reproduktionsprozesses als Grundlage rechnergest&uuml;tzter Analysen in Landwirtschaftsbetrieben.
year : 1990
author 0 : Kurt-J&uuml;rgen H&uuml;lsbergen

title : Entwicklung eines Information-Retrieval-Systems zur Unterst&uuml;tzung von Gef&auml;hrdungs- und Risikoanalysen.
year : 2019
author 0 : Kerstin Hartig

title : Neuronale Netze mit vorgepr&auml;gten Kopplungen.
year : 1990
author 0 : Dismas Widmaier

title : Entwicklung eines flexiblen, nutzerfreundlichen Programmsystems f&uuml;r thermodynamische Berechnungen und Modellierungen an Elektrolytl&ouml;sungen.
year : 1995
author 0 : J&uuml;rgen Thomas K&ouml;nnecke

title : Konzeption einer Anfragesprache f&uuml;r ein Ingenieur-Informationssystem.
year : 1991
author 0 : Bernd Markscheffel

title : Untersuchungen zu typischen Unterrichtsabl&auml;ufen - ein Beitrag zur Erh&ouml;hung der Qualit&auml;t und Effektivit&auml;t des berufstheoretischen Datenverarbeitungsunterrichts f&uuml;r kaufm&auml;nnisch-&ouml;konomische Facharbeiter.
year : 1986
author 0 : Kristine G&ouml;ring

title : Efficient Dependability Assessment of Systems Software.
year : 2020
author 0 : Nicolas Coppik

title : Informations- und kommunikationstechnische Grundbildung in einem forschenden Mathematikunterricht.
year : 1994
author 0 : Ute Mehlhase

title : Domain adaptation for statistical machine translation.
year : 2017
author 0 : Saab Mansour

title : Koordinierung in nebenl&auml;ufigen, objektorientierten Systemen.
year : 1999
author 0 : Stephan Reitzner

testRead
Done

*************************************Debut de la fonction graphe*************************************

[?25l[[0;35m#[0m[0;35m#[0m[0;35m#[0m[0;35m#[0m[0;35m#[0m[0;35m#[0m[0;35m#[0m[0;35m#[0m[0;35m#[0m[0;35m#[0m[0;35m#[0m[0;35m#[0m[0;35m#[0m[0;35m#[0m[0;35m#[0m[0;35m#[0m[0;35m#[0m[0;35m#[0m[0;35m#[0m[0;35m#[0m[0;35m#[0m[0;35m#[0m[0;35m#[0m[0;35m#[0m[0;35m#[0m[0;35m#[0m[0;35m#[0m[0;35m#[0m[0;35m#[0m[0;35m#[0m[0;35m#[0m[0;35m#[0m[0;35m#[0m[0;35m#[0m[0;35m#[0m[0;35m#[0m[0;35m#[0m[0;35m#[0m[0;35m#[0m[0;35m#[0m[0;35m#[0m[0;35m#[0m[0;35m#[0m[0;35m#[0m[0;35m#[0m[0;35m#[0m[0;35m#[0m[0;35m#[0m[0;35m#[0m[0;35m#[0m[0;35m#[0m[0;35m#[0m[0;35m#[0m[0;35m#[0m[0;35m#[0m[0;35m#[0m[0;35m#[0m[0;35m#[0m[0;35m#[0m[0;35m#[0m[0;35m#[0m[0;35m#[0m[0;35m#[0m[0;35m#[0m[0;35m#[0m[0;35m#[0m[0;35m#[0m[0;35m#[0m[0;35m#[0m[0;35m#[0m[0;35m#[0m[0;35m#[0m[0;35m#[0m[0;35m#[0m[0;35m#[0m[0;35m#[0m[0;35m#[0m[0;35m#[0m[0;35m#[0m[0;35m#[0m[0;35m#[0m[0;35m#[0m[0;35m#[0m[0;35m#[0m[0;35m#[0m[0;35m#[0m[0;35m#[0m[0;35m#[0m[0;35m#[0m[0;35m#[0m[0;35m#[0m[0;35m#[0m[0;35m#[0m[0;35m#[0m[0;35m#[0m[0;35m#[0m[0;35m#[0m[0;35m#[0m[0;35m#[0m[0;35m#[0m][?25h

**************************************Fin de la fonction graphe**************************************

testGraph
Done

*************************************Debut de la fonction graphe*************************************

[?25l[[0;35m#[0m[0;35m#[0m[0;35m#[0m[0;35m#[0m[0;35m#[0m[0;35m#[0m[0;35m#[0m[0;35m#[0m[0;35m#[0m[0;35m#[0m[0;35m#[0m[0;35m#[0m[0;35m#[0m[0;35m#[0m[0;35m#[0m[0;35m#[0m[0;35m#[0m[0;35m#[0m[0;35m#[0m[0;35m#[0m[0;35m#[0m[0;35m#[0m[0;35m#[0m[0;35m#[0m[0;35m#[0m[0;35m#[0m[0;35m#[0m[0;35m#[0m[0;35m#[0m[0;35m#[0m[0;35m#[0m[0;35m#[0m[0;35m#[0m[0;35m#[0m[0;35m#[0m[0;35m#[0m[0;35m#[0m[0;35m#[0m[0;35m#[0m[0;35m#[0m[0;35m#[0m[0;35m#[0m[0;35m#[0m[0;35m#[0m[0;35m#[0m[0;35m#[0m[0;35m#[0m[0;35m#[0m[0;35m#[0m[0;35m#[0m[0;35m#[0m[0;35m#[0m[0;35m#[0m[0;35m#[0m[0;35m#[0m[0;35m#[0m[0;35m#[0m[0;35m#[0m[0;35m#[0m[0;35m#[0m[0;35m#[0m[0;35m#[0m[0;35m#[0m[0;35m#[0m[0;35m#[0m[0;35m#[0m[0;35m#[0m[0;35m#[0m[0;35m#[0m[0;35m#[0m[0;35m#[0m[0;35m#[0m[0;35m#[0m[0;35m#[0m[0;35m#[0m[0;35m#[0m[0;35m#[0m[0;35m#[0m[0;35m#[0m[0;35m#[0m[0;35m#[0m[0;35m#[0m[0;35m#[0m[0;35m#[0m[0;35m#[0m[0;35m#[0m[0;35m#[0m[0;35m#[0m[0;35m#[0m[0;35m#[0m[0;35m#[0m[0;35m#[0m[0;35m#[0m[0;35m#[0m[0;35m#[0m[0;35m#[0m[0;35m#[0m[0;35m#[0m[0;35m#[0m[0;35m#[0m][?25h

**************************************Fin de la fonction graphe**************************************

Searching...

Authors containing "Russell Turpin" in their name : 
 - Russell Turpin



Articles of Russell Turpin : 
 - Programming Data Structures in Logic.


[0;32mComplete ! [0m
testArticles
Done
lcov -d obj -c -o rapport.info
Capturing coverage data from obj
Found gcov version: 9.3.0
Using intermediate gcov format
Scanning obj for .gcda files ...
Found 8 data files in obj
Processing obj/searchingFunctions.gcda
Processing obj/fonctionsMatricesHash.gcda
Processing obj/baseParser.gcda
Processing obj/argsParser.gcda
Processing obj/io-utils.gcda
Processing obj/fonctionsMatrice.gcda
Processing obj/readFunctions.gcda
Processing obj/tests.gcda
Finished .info-file creation
genhtml -o rapport -t "Couverture" rapport.info
Reading data file rapport.info
Found 10 entries.
Found common filename prefix "/home/felixlusseau/Documents/Cours/ProjetProgrammation2021"
Writing .css and .png files.
Generating output.
Processing file src/readFunctions.c
Processing file src/searchingFunctions.c
Processing file src/fonctionsMatrice.c
Processing file src/baseParser.c
Processing file src/io-utils.c
Processing file src/argsParser.c
Processing file src/fonctionsMatricesHash.c
Processing file tests/tests.c
Processing file /usr/include/stdlib.h
Processing file /usr/include/x86_64-linux-gnu/bits/stdio2.h
Writing directory view page.
Overall coverage rate:
  lines......: 54.8% (440 of 803 lines)
  functions..: 62.0% (31 of 50 functions)
