read :
author 0 : Guido Frisch
author 1 : 
title : Using open source software to develop E-business applications for medium- and small-sized enterprises.
year : 2009

read :
author 0 : Alessia Amelio
author 1 : 
title : Pattern extraction from data with application to image processing.
year : 2012

read :
author 0 : Razvan Andrei Popescu
author 1 : 
title : Aggregation and adaptation of web services: a semi-automated methodology for the aggregation and adaption of web services.
year : 2008

read :
author 0 : Giulio Ermanno Pibiri
author 1 : Moi
title : Space and Time-Efficient Data Structures for Massive Datasets.
year : 2018

read :
author 0 : Giacomo Bergami
author 1 : 
title : A new Nested Graph Model for Data Integration
year : 2018

read :
author 0 : Antonio Gull&igrave;
author 1 : 
title : Clustering and ranking for web information retrieval: methodologies for searching the web.
year : 2008

read :
author 0 : Davide Chicco
author 1 : 
title : Computational Prediction of Gene Functions through Machine Learning methods and Multiple Validation Procedures
year : 2014

read :
author 0 : Daniel F. Lieuwen
author 1 : 
title : Optimizing and Parallelizing Loops in Object-Oriented Database Programming Languages.
year : 1992

read :
author 0 : Herman Hartmann
author 1 : 
title : Software product line engineering for consumer electronics: Keeping up with the speed of innovation.ring-for-consumer-electronics%286aa1ffab-abf6-4d3e-97cb-1e23daed93c5%29.html>
year : 2015

read :
author 0 : Russell Turpin
author 1 : 
title : Programming Data Structures in Logic.
year : 1992

read :
author 0 : Frank Olken
author 1 : 
title : Random Sampling from Databases
year : 1993

read :
author 0 : Guido Frisch
author 1 : 
title : Using open source software to develop E-business applications for medium- and small-sized enterprises.
year : 2009

read :
author 0 : Alessia Amelio
author 1 : 
title : Pattern extraction from data with application to image processing.
year : 2012

read :
author 0 : Razvan Andrei Popescu
author 1 : 
title : Aggregation and adaptation of web services: a semi-automated methodology for the aggregation and adaption of web services.
year : 2008

read :
author 0 : Giulio Ermanno Pibiri
author 1 : 
title : Space and Time-Efficient Data Structures for Massive Datasets.
year : 2018

read :
author 0 : Giacomo Bergami
author 1 : 
title : A new Nested Graph Model for Data Integration
year : 2018

read :
author 0 : Antonio Gull&igrave;
author 1 : 
title : Clustering and ranking for web information retrieval: methodologies for searching the web.
year : 2008

read :
author 0 : Davide Chicco
author 1 : 
title : Computational Prediction of Gene Functions through Machine Learning methods and Multiple Validation Procedures
year : 2014

read :
author 0 : Daniel F. Lieuwen
author 1 : 
title : Optimizing and Parallelizing Loops in Object-Oriented Database Programming Languages.
year : 1992

read :
author 0 : Herman Hartmann
author 1 : 
title : Software product line engineering for consumer electronics: Keeping up with the speed of innovation.ring-for-consumer-electronics%286aa1ffab-abf6-4d3e-97cb-1e23daed93c5%29.html>
year : 2015

read :
author 0 : Kenneth Rohde Christiansen
author 1 : 
title : Grid-enabling a software product: integration of grid resources in the RCE environment.
year : 2008

read :
author 0 : Marcel Kyas
author 1 : 
title : Verifying OCL specifications of UML models: tool support and compositionakity.
year : 2006

read :
author 0 : Sebastian Denef
author 1 : 
title : A Pattern Language of Firefighting Frontline Practice to Inform the Design of Ubiquitous Computing.
year : 2011

read :
author 0 : Alexander Bucksch
author 1 : 
title : Revealing the skeleton from imperfect point clouds.
year : 2011

read :
author 0 : Lacramioara Astefanoaei
author 1 : 
title : An executable theory of multi-agent systems refinement
year : 2011

read :
author 0 : Maurice H. ter Beek
author 1 : 
title : Team Automata: A Formal Approach to the Modeling of Collaboration Between System Components.
year : 2003

read :
author 0 : Jan Martijn E. M. van der Werf
author 1 : 
title : Compositional design and verification of component-based information systems.
year : 2011

read :
author 0 : Andreas G&uuml;ner
author 1 : 
title : Testing Object Interactions.
year : 2010

read :
author 0 : Hein Philipp R&ouml;hrig
author 1 : 
title : Quantum query: complexity and distributed computing.
year : 2003

read :
author 0 : Asit Dan
author 1 : 
title : Performance Analysis of Data Sharing Environments
year : 1990

read :
author 0 : David B. Kemp
author 1 : 
title : On the Foundations of Query Evaluation in Deductive Databases
year : 1992

read :
author 0 : Ernst Georg Haffner
author 1 : 
title : Request-Prediction and Hyperlink-Proposals
year : 2001

read :
author 0 : Aviad Rubinstein
author 1 : 
title : Hardness of Approximation Between P and NP.
year : 2017

read :
author 0 : Andreas Heuer 0002
author 1 : 
title : Web-Pr&auml;senz-Management im Unternehmen: Entwicklung und Einsatz eines Java-basierten Online-Redaktionssystems.
year : 2002

read :
author 0 : Christian Stangier
author 1 : 
title : High-level Methods for OBDD-based Sequential Verification
year : 2002

read :
author 0 : Andreas Neumann 0001
author 1 : 
title : Parsing and Quering XML Documents in SML.
year : 2000

read :
author 0 : Leo Mark
author 1 : 
title : Self-Describing Database Systems - Formalization and Realization
year : 1985

read :
author 0 : Edsger W. Dijkstra
author 1 : 
title : Communication with an Automatic Computer
year : 1959

read :
author 0 : Francisco Reverbel
author 1 : 
title : Persistence in Distributed Object Systems: ORB/ODBMS Integration.
year : 1996

read :
author 0 : Heping Shang
author 1 : 
title : Trie Methods for Text and Spatial Data on Secondary Storage.
year : 1994

read :
author 0 : Alan M. Turing
author 1 : 
title : Systems of Logic Based on Ordinals.
year : 1938

read :
author 0 : Harald Sack
author 1 : 
title : Improving the Power of Ordered Binary Decision Diagrams by Integrating Parity Nodes
year : 2002

read :
author 0 : Dietmar Seipel
author 1 : 
title : Decomposition in Database and Knowledge-Base Systems.
year : 1989

read :
author 0 : Craig Chambers
author 1 : 
title : The Design and Implementation of the SELF Compiler, an Optimizing Compilet for Object-Oriented Programming Languages
year : 1992

read :
author 0 : Inderpal Singh Mumick
author 1 : 
title : Query Optimization in Deductive and Relational Databases
year : 1991

read :
author 0 : G&uuml;nther Specht
author 1 : 
title : Source-to-Source Transformationen zur Erkl&auml;rung des Programmverhaltens bei deduktiven Datenbanken.
year : 1992

read :
author 0 : Tep P. Dobry
author 1 : 
title : A High Performance Architecture For Prolog
year : 1987

read :
author 0 : Peter Van Roy
author 1 : 
title : Can Logic Programming Execute as Fast as Imperative Programming?
year : 1990

read :
author 0 : Sergey Khludov
author 1 : 
title : Entwicklung von Algorithmen und Programmen f&uuml;r ein Archivierungs- und Kommunikationssystem zur internetbasierten Verwaltung medizinischer Bildertle>
year : 2000

read :
author 0 : Sumit Ganguly
author 1 : 
title : Parallel Evaluation of Deductive Database Queries.
year : 1992

read :
author 0 : Tatu Yl&ouml;nen
author 1 : 
title : Shadow Paging Is Feasible.
year : 1994

read :
author 0 : Peter Van Roy
author 1 : 
title : A Prolog Compiler for the PLM.
year : 1984

read :
author 0 : Praveen Seshadri
author 1 : 
title : Management of Sequence Data
year : 1996

read :
author 0 : Marshall K. McKusick
author 1 : 
title : Register Allocation and Data Conversion in Machine Independent Code Generators
year : 1984

read :
author 0 : Margo I. Seltzer
author 1 : 
title : File System Performance and Transaction Support.
year : 1992

read :
author 0 : Gert Smolka
author 1 : 
title : Logic Programming over Polymorphically Order-Sorted Types.
year : 1989

read :
author 0 : Todd A. Proebsting
author 1 : 
title : Code Generation Techniques.
year : 1992

read :
author 0 : Antonin Guttman
author 1 : 
title : New Features for Relational Database Systems to Support CAD Applications
year : 1984

read :
author 0 : Kjell Post
author 1 : 
title : Analysis and Transformation of Logic Programs.
year : 1994

read :
author 0 : Seth J. White
author 1 : 
title : Pointer Swizzling Techniques for Object-Oriented Database Systems
year : 1994

read :
author 0 : Xueying Zhang
author 1 : 
title : Rough set theory based automatic text categorization and the handling of semantic heterogeneity.
year : 2006

read :
author 0 : Mark A. Friedman
author 1 : 
title : A Characterization of Prolog Execution
year : 1992

read :
author 0 : Ferdinand Emanuel Schwenkert
author 1 : 
title : K&auml;uferverhalten bei legalen Musikdownloads: Auswahlverfahren, Qualit&auml;tsbeurteilung und Kundenbindung.
year : 2006

read :
author 0 : Bernadette Emsenhuber
author 1 : 
title : Der riechende Computer: Geruch als altes/neues Medium.
year : 2010

read :
author 0 : Stephan Lechner
author 1 : 
title : Defining web scheme transformers by-example.
year : 2005

read :
author 0 : Manuel Wimmer
author 1 : 
title : From mining to mapping and roundtrip transformations: a systematic approach to model-based tool integration.
year : 2010

read :
author 0 : Josef Kolbitsch
author 1 : 
title : Recent developments in digital libraries: how Web 2.0 changes our libraries.
year : 2008

read :
author 0 : Robert Brummayer
author 1 : 
title : Efficient SMT solving for bit vectors and the extensional theory of arrays.
year : 2010

read :
author 0 : P&eacute;ter K&aacute;rp&aacute;ti
author 1 : 
title : Designing and scaling proactive, self-organizing video servers: a formal and a simulation model.
year : 2008

read :
author 0 : Clemens Holzmann
author 1 : 
title : Spatial awareness of autonomous embedded systems.
year : 2009

read :
author 0 : Fabian H&ouml;ss
author 1 : 
title : Die Einbeziehung von AGB beim Vertragsabschluss im Internet: Grundlagen f&uuml;r den &ouml;sterreichisch-deutschen Online-Rechtsverkehr.
year : 2007

read :
author 0 : Dietmar Bruckner
author 1 : 
title : Probabilistic models in building automation: recognizing scenarios with statistical methods.
year : 2008

read :
author 0 : Susanne Guth
author 1 : 
title : Interoperability of DRM systems: exchanging and processing XML based rights expressions.
year : 2006

read :
author 0 : Michael Derntl
author 1 : 
title : Patterns for person centered e-learning.
year : 2006

read :
author 0 : Philipp Peti
author 1 : 
title : Diagnosis and maintenance in an integrated time triggered architecture: tackling the trouble identified phenomenon.
year : 2008

read :
author 0 : Klaus M&uuml;hlmann
author 1 : 
title : Datenschutz im Internet unter besonderer Ber&uuml;cksichtigung von Datensicherheitsaspekten: der "gl&auml;serne" Internetuser?; rechtliche und technische M&ouml;glichkeiten der Gefahrenabwehr.
year : 2002

read :
author 0 : Maximilian Kobler
author 1 : 
title : Qualit&auml;t von Prozessmodellen: Kennzahlen zur analytischen Qualit&auml;tssicherung bei der Prozessmodellierung.
year : 2010

read :
author 0 : Masoom Alam
author 1 : 
title : Model driven security for the realization of dynamic security requirements in collaborative systems.
year : 2008

read :
author 0 : Josef Langer
author 1 : 
title : Testing, tracing und debugging bei embedded systems.
year : 2008

read :
author 0 : Thomas Weish&auml;upl
author 1 : 
title : Business and the grid: economic and transparent utilization of virtual resources.
year : 2006

read :
author 0 : Frank Spie&szlig;
author 1 : 
title : Zum Bildungsbedarf f&uuml;r Datensicherheit: Konzeption und Entwicklung einer Lernumgebung mit Moodle und Flash.
year : 2008

read :
author 0 : Ralf Blaha
author 1 : 
title : Trusted computing auf dem Pr&uuml;fstand des kartellrechtlichen Missbrauchsverbotes.
year : 2006

read :
author 0 : Dieter Altenburger
author 1 : 
title : Hyperlinks: Haftung f&uuml;r fremde Inhalte.
year : 2004

read :
author 0 : Marek Lehmann
author 1 : 
title : Data access in workflow management systems.
year : 2006

read :
author 0 : Daniel Ritter 0001
author 1 : 
title : Application integration patterns and their compositions.
year : 2019

read :
author 0 : Richard J. Fuchs
author 1 : 
title : Die strafrechtliche Verantwortlichkeit der Internet-Provider.
year : 2003

read :
author 0 : Janette F. Walde
author 1 : 
title : Design k&uuml;nstlicher neuronaler Netze: ein Leitfaden zur effizienten Handhabung mehrschichtiger Perzeptrone.
year : 2005

read :
author 0 : Marianna Obrist
author 1 : 
title : DIY HCI: do-it-yourself human computer interaction.
year : 2008

read :
author 0 : Thomas Kottke
author 1 : 
title : Untersuchung von fehlertoleranten Prozessorarchitekturen f&uuml;r sicherheitsrelevante Automobilanwendungen.
year : 2006

read :
author 0 : Terje T&uuml;&uuml;r-Fr&ouml;hlich
author 1 : 
title : The Non-trivial Effects of Trivial Errors in Scientific Communication and Evaluation.t
year : 2016

